gc 1 @0.016s 2%: 0.030+0.95+0.21 ms clock, 0.12+0.16/0.55/0.97+0.87 ms cpu, 3->4->1 MB, 4 MB goal, 0 MB stacks, 0 MB globals, 4 P
gc 2 @0.025s 2%: 0.035+0.67+0.005 ms clock, 0.14+0.54/0.50/0.88+0.022 ms cpu, 101->101->101 MB, 4 MB goal, 0 MB stacks, 0 MB globals, 4 P
I0131 13:46:37.600874 4140312 main.go:74] starting repo tuner
gc 3 @7.692s 0%: 0.64+1.0+0.004 ms clock, 2.5+1.2/0.86/0+0.016 ms cpu, 182->192->101 MB, 203 MB goal, 0 MB stacks, 0 MB globals, 4 P
gc 4 @7.708s 0%: 0.40+1.7+0.031 ms clock, 1.6+1.4/0.81/0+0.12 ms cpu, 192->192->131 MB, 204 MB goal, 0 MB stacks, 0 MB globals, 4 P
gc 5 @7.714s 0%: 0.24+4.3+0.008 ms clock, 0.98+1.6/1.3/0+0.032 ms cpu, 232->252->131 MB, 264 MB goal, 0 MB stacks, 0 MB globals, 4 P
gc 6 @7.730s 0%: 0.71+3.8+0.049 ms clock, 2.8+1.4/3.3/0+0.19 ms cpu, 242->262->141 MB, 264 MB goal, 0 MB stacks, 0 MB globals, 4 P
gc 7 @7.739s 0%: 0.17+3.8+0.25 ms clock, 0.69+0.38/2.1/0+1.0 ms cpu, 242->312->202 MB, 284 MB goal, 0 MB stacks, 0 MB globals, 4 P
gc 8 @7.754s 0%: 0.39+3.4+0.028 ms clock, 1.5+2.4/1.3/0+0.11 ms cpu, 372->422->242 MB, 404 MB goal, 0 MB stacks, 0 MB globals, 4 P
gc 9 @7.767s 0%: 0.42+4.4+0.044 ms clock, 1.6+0.35/4.3/1.4+0.17 ms cpu, 422->422->132 MB, 485 MB goal, 0 MB stacks, 0 MB globals, 4 P
gc 10 @8.720s 0%: 0.61+4.8+0.036 ms clock, 2.4+5.2/2.7/0+0.14 ms cpu, 262->262->122 MB, 265 MB goal, 0 MB stacks, 0 MB globals, 4 P
gc 11 @8.731s 0%: 0.60+1.6+0.056 ms clock, 2.4+1.8/1.0/0+0.22 ms cpu, 212->242->172 MB, 245 MB goal, 0 MB stacks, 0 MB globals, 4 P
gc 12 @8.754s 0%: 3.3+5.3+1.8 ms clock, 13+1.0/1.3/0+7.3 ms cpu, 302->342->172 MB, 345 MB goal, 0 MB stacks, 0 MB globals, 4 P
gc 13 @8.777s 0%: 1.2+7.3+0.034 ms clock, 5.0+2.2/4.0/0+0.13 ms cpu, 302->352->172 MB, 345 MB goal, 0 MB stacks, 0 MB globals, 4 P
gc 14 @8.797s 0%: 0.19+9.6+0.038 ms clock, 0.77+1.5/3.7/0+0.15 ms cpu, 322->362->162 MB, 345 MB goal, 0 MB stacks, 0 MB globals, 4 P
gc 15 @8.818s 0%: 0.23+4.1+0.056 ms clock, 0.93+2.5/4.0/0+0.22 ms cpu, 282->322->152 MB, 325 MB goal, 0 MB stacks, 0 MB globals, 4 P
gc 16 @9.702s 0%: 0.19+4.7+0.066 ms clock, 0.76+3.2/2.7/0.063+0.26 ms cpu, 262->292->142 MB, 305 MB goal, 0 MB stacks, 0 MB globals, 4 P
gc 17 @9.709s 0%: 0.053+1.7+0.003 ms clock, 0.21+0.18/1.4/3.8+0.015 ms cpu, 142->142->102 MB, 155 MB goal, 0 MB stacks, 0 MB globals, 4 P
gc 18 @9.730s 0%: 0.71+2.9+0.33 ms clock, 2.8+1.6/1.9/0+1.3 ms cpu, 152->162->122 MB, 150 MB goal, 0 MB stacks, 0 MB globals, 4 P
gc 19 @9.734s 0%: 0.16+2.8+0.077 ms clock, 0.65+1.3/1.8/0+0.30 ms cpu, 142->162->152 MB, 150 MB goal, 0 MB stacks, 0 MB globals, 4 P
gc 20 @9.738s 0%: 0.53+2.5+0.35 ms clock, 2.1+1.8/1.0/0+1.4 ms cpu, 152->152->132 MB, 155 MB goal, 0 MB stacks, 0 MB globals, 4 P
gc 21 @9.742s 0%: 0.47+2.3+0.030 ms clock, 1.8+1.5/1.5/0.002+0.12 ms cpu, 152->152->122 MB, 155 MB goal, 0 MB stacks, 0 MB globals, 4 P
gc 22 @9.746s 0%: 0.56+2.6+0.005 ms clock, 2.2+1.9/2.5/0+0.023 ms cpu, 152->152->112 MB, 155 MB goal, 0 MB stacks, 0 MB globals, 4 P
gc 23 @9.752s 0%: 0.14+2.1+0.76 ms clock, 0.58+1.4/1.4/0+3.0 ms cpu, 152->162->122 MB, 149 MB goal, 0 MB stacks, 0 MB globals, 4 P
gc 24 @9.756s 0%: 0.15+1.5+0.060 ms clock, 0.61+1.3/1.3/0+0.24 ms cpu, 152->162->132 MB, 149 MB goal, 0 MB stacks, 0 MB globals, 4 P
gc 25 @9.758s 0%: 0.11+2.9+0.005 ms clock, 0.44+0.36/2.4/0+0.021 ms cpu, 152->152->132 MB, 155 MB goal, 0 MB stacks, 0 MB globals, 4 P
gc 26 @9.763s 0%: 0.13+2.4+0.050 ms clock, 0.53+1.7/1.7/0+0.20 ms cpu, 162->162->132 MB, 149 MB goal, 0 MB stacks, 0 MB globals, 4 P
gc 27 @9.766s 0%: 0.29+2.4+0.066 ms clock, 1.1+2.3/2.1/0+0.26 ms cpu, 152->162->122 MB, 149 MB goal, 0 MB stacks, 0 MB globals, 4 P
gc 28 @9.772s 0%: 0.24+2.1+0.026 ms clock, 0.97+1.3/1.4/0+0.10 ms cpu, 152->162->132 MB, 149 MB goal, 0 MB stacks, 0 MB globals, 4 P
gc 29 @9.775s 0%: 0.58+1.9+0.064 ms clock, 2.3+1.4/1.4/0+0.25 ms cpu, 152->162->142 MB, 149 MB goal, 0 MB stacks, 0 MB globals, 4 P
gc 30 @9.780s 0%: 0.89+2.2+0.58 ms clock, 3.5+2.2/1.5/0+2.3 ms cpu, 162->162->112 MB, 149 MB goal, 0 MB stacks, 0 MB globals, 4 P
gc 31 @9.789s 0%: 0.65+2.9+0.10 ms clock, 2.6+1.2/1.3/0+0.41 ms cpu, 162->192->152 MB, 119 MB goal, 0 MB stacks, 0 MB globals, 4 P
gc 32 @9.793s 0%: 0.53+4.4+0.53 ms clock, 2.1+1.6/1.9/0+2.1 ms cpu, 152->162->152 MB, 152 MB goal, 0 MB stacks, 0 MB globals, 4 P
gc 33 @9.799s 0%: 0.087+1.4+0.69 ms clock, 0.34+2.5/1.1/0+2.7 ms cpu, 152->162->112 MB, 152 MB goal, 0 MB stacks, 0 MB globals, 4 P
gc 34 @9.806s 0%: 0.58+1.0+0.63 ms clock, 2.3+1.4/0.78/0+2.5 ms cpu, 142->182->162 MB, 129 MB goal, 0 MB stacks, 0 MB globals, 4 P
gc 35 @9.814s 0%: 0.71+2.3+0.029 ms clock, 2.8+2.4/1.0/0+0.11 ms cpu, 182->192->172 MB, 162 MB goal, 0 MB stacks, 0 MB globals, 4 P
gc 36 @9.818s 0%: 0.54+5.9+0.035 ms clock, 2.1+2.1/1.5/0+0.14 ms cpu, 172->192->132 MB, 172 MB goal, 0 MB stacks, 0 MB globals, 4 P
gc 37 @9.825s 0%: 0.52+2.2+0.67 ms clock, 2.1+2.1/1.0/0+2.6 ms cpu, 132->162->142 MB, 149 MB goal, 0 MB stacks, 0 MB globals, 4 P
gc 38 @9.829s 0%: 0.45+0.82+0.047 ms clock, 1.8+2.0/0.70/0+0.18 ms cpu, 172->172->162 MB, 142 MB goal, 0 MB stacks, 0 MB globals, 4 P
gc 39 @9.830s 0%: 0.52+2.1+0.34 ms clock, 2.0+1.2/1.3/0+1.3 ms cpu, 162->162->152 MB, 162 MB goal, 0 MB stacks, 0 MB globals, 4 P
gc 40 @9.834s 0%: 0.44+3.2+0.58 ms clock, 1.7+0.14/2.8/0+2.3 ms cpu, 152->172->162 MB, 152 MB goal, 0 MB stacks, 0 MB globals, 4 P
gc 41 @9.839s 0%: 0.65+3.5+0.027 ms clock, 2.6+2.2/1.7/0+0.11 ms cpu, 162->172->122 MB, 162 MB goal, 0 MB stacks, 0 MB globals, 4 P
gc 42 @9.845s 0%: 0.12+1.9+0.58 ms clock, 0.50+1.4/1.2/0+2.3 ms cpu, 152->172->132 MB, 139 MB goal, 0 MB stacks, 0 MB globals, 4 P
gc 43 @9.849s 0%: 0.50+5.7+0.004 ms clock, 2.0+1.7/5.6/0.079+0.018 ms cpu, 152->172->132 MB, 139 MB goal, 0 MB stacks, 0 MB globals, 4 P
gc 44 @9.856s 0%: 0.13+1.5+0.065 ms clock, 0.55+1.1/1.3/0+0.26 ms cpu, 162->162->132 MB, 149 MB goal, 0 MB stacks, 0 MB globals, 4 P
gc 45 @9.859s 0%: 0.14+3.2+0.046 ms clock, 0.56+1.7/1.0/0+0.18 ms cpu, 152->162->132 MB, 149 MB goal, 0 MB stacks, 0 MB globals, 4 P
gc 46 @9.863s 0%: 0.40+1.9+0.062 ms clock, 1.6+1.3/1.2/0+0.25 ms cpu, 152->162->132 MB, 149 MB goal, 0 MB stacks, 0 MB globals, 4 P
gc 47 @10.699s 0%: 0.24+2.9+0.044 ms clock, 0.96+2.4/2.5/0+0.17 ms cpu, 152->162->122 MB, 149 MB goal, 0 MB stacks, 0 MB globals, 4 P
gc 48 @10.704s 0%: 0.14+1.4+0.061 ms clock, 0.56+1.2/1.1/0.62+0.24 ms cpu, 152->152->112 MB, 155 MB goal, 0 MB stacks, 0 MB globals, 4 P
gc 49 @10.710s 0%: 0.10+1.0+0.060 ms clock, 0.40+0/0.97/1.7+0.24 ms cpu, 152->152->112 MB, 155 MB goal, 0 MB stacks, 0 MB globals, 4 P
gc 50 @10.732s 0%: 0.069+1.3+0.004 ms clock, 0.27+0/1.1/3.0+0.016 ms cpu, 152->152->102 MB, 155 MB goal, 0 MB stacks, 0 MB globals, 4 P
gc 51 @10.743s 0%: 0.14+8.3+0.005 ms clock, 0.57+0.16/2.4/0+0.022 ms cpu, 162->172->132 MB, 139 MB goal, 0 MB stacks, 0 MB globals, 4 P
gc 52 @10.752s 0%: 0.10+2.3+0.11 ms clock, 0.43+2.1/1.3/0+0.44 ms cpu, 162->162->132 MB, 149 MB goal, 0 MB stacks, 0 MB globals, 4 P
gc 53 @10.756s 0%: 0.40+3.0+0.31 ms clock, 1.6+1.5/2.1/0+1.2 ms cpu, 152->162->142 MB, 149 MB goal, 0 MB stacks, 0 MB globals, 4 P
gc 54 @10.761s 0%: 0.11+5.4+0.026 ms clock, 0.44+2.7/4.9/0+0.10 ms cpu, 152->172->142 MB, 142 MB goal, 0 MB stacks, 0 MB globals, 4 P
gc 55 @10.767s 0%: 0.64+1.2+0.67 ms clock, 2.5+1.7/0.91/0+2.6 ms cpu, 142->172->142 MB, 142 MB goal, 0 MB stacks, 0 MB globals, 4 P
gc 56 @10.770s 0%: 0.39+6.0+0.056 ms clock, 1.5+1.8/1.6/0+0.22 ms cpu, 142->162->152 MB, 149 MB goal, 0 MB stacks, 0 MB globals, 4 P
gc 57 @10.777s 0%: 0.25+2.3+0.61 ms clock, 1.0+1.8/1.5/0+2.4 ms cpu, 172->172->142 MB, 152 MB goal, 0 MB stacks, 0 MB globals, 4 P
gc 58 @10.781s 0%: 0.62+2.2+0.079 ms clock, 2.4+2.3/2.1/0+0.31 ms cpu, 142->152->122 MB, 155 MB goal, 0 MB stacks, 0 MB globals, 4 P
gc 59 @10.785s 0%: 0.62+3.0+0.56 ms clock, 2.4+2.1/2.2/0+2.2 ms cpu, 152->162->142 MB, 149 MB goal, 0 MB stacks, 0 MB globals, 4 P
gc 60 @10.790s 0%: 0.43+2.6+0.24 ms clock, 1.7+1.4/1.6/0+0.98 ms cpu, 152->192->162 MB, 142 MB goal, 0 MB stacks, 0 MB globals, 4 P
gc 61 @10.794s 0%: 0.44+3.6+0.069 ms clock, 1.7+1.8/2.7/0+0.27 ms cpu, 162->172->152 MB, 162 MB goal, 0 MB stacks, 0 MB globals, 4 P
gc 62 @10.800s 0%: 0.20+1.5+0.058 ms clock, 0.80+2.1/1.1/0+0.23 ms cpu, 172->182->132 MB, 152 MB goal, 0 MB stacks, 0 MB globals, 4 P
gc 63 @10.802s 0%: 0.38+2.0+0.054 ms clock, 1.5+1.3/1.4/0+0.21 ms cpu, 132->142->132 MB, 155 MB goal, 0 MB stacks, 0 MB globals, 4 P
gc 64 @10.805s 0%: 0.29+1.4+0.076 ms clock, 1.1+1.7/1.1/0+0.30 ms cpu, 152->152->132 MB, 155 MB goal, 0 MB stacks, 0 MB globals, 4 P
gc 65 @10.808s 0%: 0.091+2.7+0.37 ms clock, 0.36+1.7/1.9/0+1.5 ms cpu, 152->172->142 MB, 139 MB goal, 0 MB stacks, 0 MB globals, 4 P
gc 66 @10.812s 0%: 0.12+2.6+0.050 ms clock, 0.48+0.92/2.3/0+0.20 ms cpu, 152->162->132 MB, 149 MB goal, 0 MB stacks, 0 MB globals, 4 P
gc 67 @10.817s 0%: 0.10+3.3+0.046 ms clock, 0.40+2.5/2.2/0+0.18 ms cpu, 162->162->122 MB, 149 MB goal, 0 MB stacks, 0 MB globals, 4 P
gc 68 @10.822s 0%: 0.26+0.96+0.23 ms clock, 1.0+1.5/0.84/0+0.93 ms cpu, 152->152->132 MB, 155 MB goal, 0 MB stacks, 0 MB globals, 4 P
gc 69 @10.825s 0%: 0.69+3.1+0.49 ms clock, 2.7+1.5/0.78/0+1.9 ms cpu, 152->172->132 MB, 139 MB goal, 0 MB stacks, 0 MB globals, 4 P
gc 70 @10.830s 0%: 0.10+2.4+0.041 ms clock, 0.41+0.14/2.1/0.69+0.16 ms cpu, 152->152->132 MB, 155 MB goal, 0 MB stacks, 0 MB globals, 4 P
gc 71 @10.837s 0%: 0.62+2.2+0.70 ms clock, 2.4+1.5/1.4/0+2.8 ms cpu, 142->162->122 MB, 149 MB goal, 0 MB stacks, 0 MB globals, 4 P
gc 72 @10.842s 0%: 0.14+2.8+0.055 ms clock, 0.59+0.42/2.3/0+0.22 ms cpu, 152->162->132 MB, 149 MB goal, 0 MB stacks, 0 MB globals, 4 P
gc 73 @10.853s 0%: 0.76+2.0+0.036 ms clock, 3.0+2.5/1.3/0+0.14 ms cpu, 172->172->122 MB, 139 MB goal, 0 MB stacks, 0 MB globals, 4 P
gc 74 @10.858s 1%: 0.12+2.0+0.072 ms clock, 0.49+1.6/1.3/0+0.28 ms cpu, 152->162->132 MB, 149 MB goal, 0 MB stacks, 0 MB globals, 4 P
gc 75 @10.860s 1%: 0.45+1.4+0.53 ms clock, 1.8+1.3/1.1/0+2.1 ms cpu, 152->162->142 MB, 149 MB goal, 0 MB stacks, 0 MB globals, 4 P
gc 76 @10.863s 1%: 0.56+3.4+0.028 ms clock, 2.2+0.91/1.8/0+0.11 ms cpu, 152->162->152 MB, 149 MB goal, 0 MB stacks, 0 MB globals, 4 P
gc 77 @10.867s 1%: 0.63+5.8+0.036 ms clock, 2.5+1.1/1.2/0+0.14 ms cpu, 162->182->142 MB, 152 MB goal, 0 MB stacks, 0 MB globals, 4 P
gc 78 @10.874s 1%: 0.063+1.8+0.029 ms clock, 0.25+2.3/1.0/0+0.11 ms cpu, 142->152->112 MB, 155 MB goal, 0 MB stacks, 0 MB globals, 4 P
gc 79 @10.880s 1%: 0.52+2.4+0.030 ms clock, 2.1+0/1.9/1.3+0.12 ms cpu, 162->162->122 MB, 149 MB goal, 0 MB stacks, 0 MB globals, 4 P
gc 80 @11.705s 0%: 0.45+1.4+0.005 ms clock, 1.8+1.1/1.2/0+0.020 ms cpu, 152->152->112 MB, 155 MB goal, 0 MB stacks, 0 MB globals, 4 P
gc 81 @11.709s 1%: 0.38+2.4+0.44 ms clock, 1.5+2.6/1.3/0+1.7 ms cpu, 152->152->122 MB, 134 MB goal, 0 MB stacks, 0 MB globals, 4 P
gc 82 @11.714s 1%: 0.61+3.0+0.030 ms clock, 2.4+0.25/2.4/1.1+0.12 ms cpu, 142->142->122 MB, 143 MB goal, 0 MB stacks, 0 MB globals, 4 P
gc 83 @11.719s 1%: 0.059+1.0+0.003 ms clock, 0.23+0/0.96/2.6+0.013 ms cpu, 122->122->102 MB, 130 MB goal, 0 MB stacks, 0 MB globals, 4 P
gc 84 @11.729s 1%: 0.043+1.2+0.008 ms clock, 0.17+1.7/1.0/0.82+0.035 ms cpu, 102->102->102 MB, 105 MB goal, 0 MB stacks, 0 MB globals, 4 P
gc 85 @11.731s 1%: 0.16+3.1+0.35 ms clock, 0.65+1.9/2.2/0+1.4 ms cpu, 102->132->132 MB, 102 MB goal, 0 MB stacks, 0 MB globals, 4 P
gc 86 @11.735s 1%: 0.57+6.6+0.021 ms clock, 2.2+1.2/1.8/0.12+0.085 ms cpu, 132->142->122 MB, 132 MB goal, 0 MB stacks, 0 MB globals, 4 P
gc 87 @11.744s 1%: 0.15+1.5+0.032 ms clock, 0.60+2.1/1.2/0+0.12 ms cpu, 142->142->112 MB, 122 MB goal, 0 MB stacks, 0 MB globals, 4 P
gc 88 @11.747s 1%: 0.096+1.2+0.004 ms clock, 0.38+1.8/1.0/0.013+0.017 ms cpu, 112->112->102 MB, 112 MB goal, 0 MB stacks, 0 MB globals, 4 P
gc 89 @11.748s 1%: 0.61+5.7+0.008 ms clock, 2.4+1.3/1.3/0+0.032 ms cpu, 122->132->132 MB, 102 MB goal, 0 MB stacks, 0 MB globals, 4 P
gc 90 @11.755s 1%: 0.045+1.5+0.014 ms clock, 0.18+1.8/1.4/0.23+0.057 ms cpu, 132->132->102 MB, 132 MB goal, 0 MB stacks, 0 MB globals, 4 P
gc 91 @11.757s 1%: 0.21+1.6+0.058 ms clock, 0.87+1.9/1.4/0+0.23 ms cpu, 102->132->132 MB, 102 MB goal, 0 MB stacks, 0 MB globals, 4 P
gc 92 @11.759s 1%: 0.42+2.9+0.045 ms clock, 1.6+1.7/1.8/0+0.18 ms cpu, 132->132->122 MB, 132 MB goal, 0 MB stacks, 0 MB globals, 4 P
gc 93 @11.763s 1%: 0.22+2.4+0.026 ms clock, 0.89+1.6/1.6/0+0.10 ms cpu, 122->142->122 MB, 122 MB goal, 0 MB stacks, 0 MB globals, 4 P
gc 94 @11.766s 1%: 0.53+1.7+0.30 ms clock, 2.1+1.8/1.0/0+1.2 ms cpu, 122->142->132 MB, 122 MB goal, 0 MB stacks, 0 MB globals, 4 P
gc 95 @11.769s 1%: 0.71+2.5+0.46 ms clock, 2.8+2.1/1.4/0+1.8 ms cpu, 132->142->132 MB, 132 MB goal, 0 MB stacks, 0 MB globals, 4 P
gc 96 @11.773s 1%: 0.66+2.8+0.005 ms clock, 2.6+1.4/2.3/0+0.023 ms cpu, 132->142->122 MB, 132 MB goal, 0 MB stacks, 0 MB globals, 4 P
gc 97 @11.777s 1%: 0.18+1.1+0.049 ms clock, 0.75+0.99/0.90/0.54+0.19 ms cpu, 122->132->112 MB, 122 MB goal, 0 MB stacks, 0 MB globals, 4 P
gc 98 @11.779s 1%: 0.26+1.4+0.062 ms clock, 1.0+1.0/1.2/0.10+0.25 ms cpu, 112->122->122 MB, 112 MB goal, 0 MB stacks, 0 MB globals, 4 P
gc 99 @11.781s 1%: 0.18+2.2+0.027 ms clock, 0.74+0.18/1.3/1.5+0.11 ms cpu, 122->132->112 MB, 122 MB goal, 0 MB stacks, 0 MB globals, 4 P
gc 100 @11.783s 1%: 0.75+1.9+0.049 ms clock, 3.0+0.97/1.7/0.075+0.19 ms cpu, 112->122->122 MB, 112 MB goal, 0 MB stacks, 0 MB globals, 4 P
gc 101 @11.787s 1%: 0.46+1.5+0.54 ms clock, 1.8+1.2/1.1/0.10+2.1 ms cpu, 132->132->122 MB, 122 MB goal, 0 MB stacks, 0 MB globals, 4 P
gc 102 @11.789s 1%: 0.20+5.3+0.007 ms clock, 0.83+1.3/1.3/0+0.028 ms cpu, 122->152->142 MB, 122 MB goal, 0 MB stacks, 0 MB globals, 4 P
gc 103 @11.795s 1%: 0.12+0.92+0.003 ms clock, 0.50+2.2/0.84/0+0.015 ms cpu, 142->142->102 MB, 142 MB goal, 0 MB stacks, 0 MB globals, 4 P
gc 104 @11.797s 1%: 0.21+1.3+0.058 ms clock, 0.87+1.3/1.1/0+0.23 ms cpu, 102->132->132 MB, 102 MB goal, 0 MB stacks, 0 MB globals, 4 P
gc 105 @11.798s 1%: 0.39+2.5+0.37 ms clock, 1.5+1.2/1.4/0+1.4 ms cpu, 132->142->132 MB, 132 MB goal, 0 MB stacks, 0 MB globals, 4 P
gc 106 @11.802s 1%: 0.28+1.8+0.057 ms clock, 1.1+1.5/0.83/0+0.22 ms cpu, 142->142->122 MB, 132 MB goal, 0 MB stacks, 0 MB globals, 4 P
gc 107 @11.805s 1%: 0.13+1.5+0.064 ms clock, 0.52+1.5/0.87/0+0.25 ms cpu, 132->142->132 MB, 122 MB goal, 0 MB stacks, 0 MB globals, 4 P
gc 108 @11.807s 1%: 0.74+3.3+0.033 ms clock, 2.9+1.7/0.93/0+0.13 ms cpu, 132->142->132 MB, 132 MB goal, 0 MB stacks, 0 MB globals, 4 P
gc 109 @11.812s 1%: 0.25+2.3+0.046 ms clock, 1.0+1.1/1.2/0+0.18 ms cpu, 162->162->132 MB, 132 MB goal, 0 MB stacks, 0 MB globals, 4 P
gc 110 @11.816s 1%: 0.11+3.6+0.004 ms clock, 0.46+1.3/1.3/0+0.019 ms cpu, 132->142->122 MB, 132 MB goal, 0 MB stacks, 0 MB globals, 4 P
gc 111 @11.820s 1%: 0.18+1.4+0.60 ms clock, 0.73+1.7/0.97/0+2.4 ms cpu, 122->132->112 MB, 122 MB goal, 0 MB stacks, 0 MB globals, 4 P
gc 112 @11.823s 1%: 0.69+1.6+0.042 ms clock, 2.7+1.4/1.4/0+0.17 ms cpu, 112->132->122 MB, 112 MB goal, 0 MB stacks, 0 MB globals, 4 P
gc 113 @11.825s 1%: 0.63+2.5+0.057 ms clock, 2.5+1.9/2.0/0+0.22 ms cpu, 122->142->132 MB, 122 MB goal, 0 MB stacks, 0 MB globals, 4 P
gc 114 @11.829s 1%: 0.45+2.6+0.046 ms clock, 1.8+1.0/1.1/0+0.18 ms cpu, 132->142->132 MB, 132 MB goal, 0 MB stacks, 0 MB globals, 4 P
gc 115 @11.832s 1%: 0.18+1.3+0.048 ms clock, 0.72+1.0/1.0/0+0.19 ms cpu, 132->142->122 MB, 132 MB goal, 0 MB stacks, 0 MB globals, 4 P
gc 116 @11.834s 1%: 0.22+2.8+0.028 ms clock, 0.90+1.2/1.1/0+0.11 ms cpu, 122->142->132 MB, 122 MB goal, 0 MB stacks, 0 MB globals, 4 P
gc 117 @11.838s 1%: 0.69+2.2+0.034 ms clock, 2.7+1.9/1.4/0+0.13 ms cpu, 132->152->132 MB, 132 MB goal, 0 MB stacks, 0 MB globals, 4 P
gc 118 @11.841s 1%: 0.51+2.6+0.025 ms clock, 2.0+1.6/1.9/0+0.10 ms cpu, 132->142->122 MB, 132 MB goal, 0 MB stacks, 0 MB globals, 4 P
gc 119 @11.844s 1%: 0.69+1.7+0.062 ms clock, 2.7+1.6/1.5/0+0.24 ms cpu, 122->132->122 MB, 122 MB goal, 0 MB stacks, 0 MB globals, 4 P
gc 120 @11.848s 1%: 0.66+3.9+0.46 ms clock, 2.6+1.2/1.4/0+1.8 ms cpu, 142->152->132 MB, 122 MB goal, 0 MB stacks, 0 MB globals, 4 P
gc 121 @11.853s 1%: 0.53+3.2+0.033 ms clock, 2.1+3.3/2.8/0+0.13 ms cpu, 132->142->122 MB, 132 MB goal, 0 MB stacks, 0 MB globals, 4 P
gc 122 @11.857s 1%: 0.68+2.9+0.053 ms clock, 2.7+1.1/1.1/0+0.21 ms cpu, 122->132->122 MB, 122 MB goal, 0 MB stacks, 0 MB globals, 4 P
gc 123 @11.863s 1%: 0.62+2.9+0.41 ms clock, 2.4+1.3/1.7/0+1.6 ms cpu, 152->162->152 MB, 122 MB goal, 0 MB stacks, 0 MB globals, 4 P
gc 124 @11.868s 1%: 0.68+1.7+0.024 ms clock, 2.7+1.7/1.1/0+0.099 ms cpu, 152->152->112 MB, 152 MB goal, 0 MB stacks, 0 MB globals, 4 P
gc 125 @11.870s 1%: 0.40+1.3+0.052 ms clock, 1.6+1.6/1.2/0+0.21 ms cpu, 112->132->122 MB, 112 MB goal, 0 MB stacks, 0 MB globals, 4 P
gc 126 @11.872s 1%: 0.10+4.9+0.007 ms clock, 0.42+2.2/1.3/0+0.029 ms cpu, 122->132->112 MB, 122 MB goal, 0 MB stacks, 0 MB globals, 4 P
gc 127 @11.878s 1%: 0.31+1.5+0.63 ms clock, 1.2+1.8/0.95/0+2.5 ms cpu, 112->162->152 MB, 112 MB goal, 0 MB stacks, 0 MB globals, 4 P
gc 128 @11.880s 1%: 0.46+1.6+0.048 ms clock, 1.8+1.6/1.4/0+0.19 ms cpu, 152->172->172 MB, 152 MB goal, 0 MB stacks, 0 MB globals, 4 P
gc 129 @11.883s 1%: 0.63+1.6+0.068 ms clock, 2.5+1.9/1.0/0+0.27 ms cpu, 172->182->182 MB, 172 MB goal, 0 MB stacks, 0 MB globals, 4 P
gc 130 @11.887s 1%: 0.58+1.0+0.52 ms clock, 2.3+1.7/0.91/0+2.0 ms cpu, 202->202->192 MB, 182 MB goal, 0 MB stacks, 0 MB globals, 4 P
gc 131 @11.890s 1%: 0.66+9.1+0.006 ms clock, 2.6+1.1/1.1/0+0.026 ms cpu, 192->192->192 MB, 192 MB goal, 0 MB stacks, 0 MB globals, 4 P
gc 132 @11.900s 1%: 0.10+0.92+0.005 ms clock, 0.40+2.0/0.76/0+0.021 ms cpu, 192->192->102 MB, 192 MB goal, 0 MB stacks, 0 MB globals, 4 P
gc 133 @11.901s 1%: 0.30+1.9+0.084 ms clock, 1.2+1.2/1.2/0+0.33 ms cpu, 102->132->132 MB, 102 MB goal, 0 MB stacks, 0 MB globals, 4 P
gc 134 @11.904s 1%: 0.11+2.2+0.031 ms clock, 0.47+1.5/1.6/0+0.12 ms cpu, 132->142->122 MB, 132 MB goal, 0 MB stacks, 0 MB globals, 4 P
gc 135 @11.906s 1%: 0.66+3.6+0.20 ms clock, 2.6+1.2/1.8/0+0.83 ms cpu, 122->162->152 MB, 122 MB goal, 0 MB stacks, 0 MB globals, 4 P
gc 136 @11.911s 1%: 0.55+5.0+0.036 ms clock, 2.2+1.2/4.3/0+0.14 ms cpu, 152->172->142 MB, 152 MB goal, 0 MB stacks, 0 MB globals, 4 P
gc 137 @11.917s 1%: 0.42+1.5+0.050 ms clock, 1.6+1.2/1.3/0+0.20 ms cpu, 142->162->142 MB, 142 MB goal, 0 MB stacks, 0 MB globals, 4 P
gc 138 @11.920s 1%: 0.23+3.4+0.005 ms clock, 0.94+1.2/1.4/0+0.021 ms cpu, 142->152->142 MB, 142 MB goal, 0 MB stacks, 0 MB globals, 4 P
gc 139 @11.924s 1%: 0.18+1.9+0.037 ms clock, 0.75+1.5/1.4/0+0.15 ms cpu, 142->162->122 MB, 142 MB goal, 0 MB stacks, 0 MB globals, 4 P
gc 140 @11.926s 1%: 0.51+2.2+0.065 ms clock, 2.0+1.7/1.0/0+0.26 ms cpu, 122->142->132 MB, 122 MB goal, 0 MB stacks, 0 MB globals, 4 P
gc 141 @11.929s 1%: 1.0+3.7+0.039 ms clock, 4.2+0.045/2.2/0+0.15 ms cpu, 132->142->132 MB, 132 MB goal, 0 MB stacks, 0 MB globals, 4 P
gc 142 @11.934s 1%: 0.54+1.5+0.002 ms clock, 2.1+0.37/1.0/1.4+0.010 ms cpu, 132->132->102 MB, 132 MB goal, 0 MB stacks, 0 MB globals, 4 P
gc 143 @12.707s 1%: 0.13+1.4+0.004 ms clock, 0.53+1.6/1.2/1.7+0.019 ms cpu, 102->102->102 MB, 105 MB goal, 0 MB stacks, 0 MB globals, 4 P
gc 144 @12.709s 1%: 0.19+2.7+0.23 ms clock, 0.79+2.2/1.8/0+0.92 ms cpu, 102->132->132 MB, 102 MB goal, 0 MB stacks, 0 MB globals, 4 P
gc 145 @12.712s 1%: 0.53+3.9+0.53 ms clock, 2.1+1.6/1.9/0+2.1 ms cpu, 132->162->162 MB, 149 MB goal, 0 MB stacks, 0 MB globals, 4 P
gc 146 @12.718s 1%: 0.56+1.9+0.52 ms clock, 2.2+1.1/1.3/0+2.0 ms cpu, 162->172->142 MB, 162 MB goal, 0 MB stacks, 0 MB globals, 4 P
gc 147 @12.721s 1%: 0.62+3.3+0.066 ms clock, 2.4+1.5/2.2/0+0.26 ms cpu, 142->162->142 MB, 149 MB goal, 0 MB stacks, 0 MB globals, 4 P
gc 148 @12.739s 1%: 0.60+1.7+0.051 ms clock, 2.4+0.18/1.2/2.2+0.20 ms cpu, 162->162->112 MB, 149 MB goal, 0 MB stacks, 0 MB globals, 4 P
gc 149 @12.748s 1%: 0.11+1.7+0.062 ms clock, 0.46+0.18/1.0/2.1+0.24 ms cpu, 152->152->112 MB, 155 MB goal, 0 MB stacks, 0 MB globals, 4 P
gc 150 @12.762s 1%: 0.12+1.9+0.029 ms clock, 0.48+0.82/1.1/1.1+0.11 ms cpu, 152->162->122 MB, 149 MB goal, 0 MB stacks, 0 MB globals, 4 P
gc 151 @12.771s 1%: 0.17+1.8+0.004 ms clock, 0.70+1.0/1.8/2.9+0.016 ms cpu, 152->152->102 MB, 155 MB goal, 0 MB stacks, 0 MB globals, 4 P
gc 152 @12.779s 1%: 0.14+1.3+0.006 ms clock, 0.56+0/1.1/1.5+0.024 ms cpu, 142->142->112 MB, 155 MB goal, 0 MB stacks, 0 MB globals, 4 P
gc 153 @12.792s 1%: 0.18+0.96+0.003 ms clock, 0.72+0.14/0.86/1.5+0.013 ms cpu, 152->152->102 MB, 155 MB goal, 0 MB stacks, 0 MB globals, 4 P
gc 154 @12.797s 1%: 0.053+1.2+0.004 ms clock, 0.21+1.9/1.1/0+0.019 ms cpu, 102->102->102 MB, 105 MB goal, 0 MB stacks, 0 MB globals, 4 P
gc 155 @12.799s 1%: 0.46+2.9+0.66 ms clock, 1.8+2.6/2.8/0+2.6 ms cpu, 112->122->122 MB, 102 MB goal, 0 MB stacks, 0 MB globals, 4 P
gc 156 @12.803s 1%: 0.58+1.3+0.023 ms clock, 2.3+2.1/1.0/0+0.094 ms cpu, 122->122->112 MB, 122 MB goal, 0 MB stacks, 0 MB globals, 4 P
gc 157 @12.805s 1%: 0.52+1.4+0.58 ms clock, 2.0+1.7/1.3/0+2.3 ms cpu, 142->142->132 MB, 112 MB goal, 0 MB stacks, 0 MB globals, 4 P
gc 158 @12.808s 1%: 0.54+2.2+0.52 ms clock, 2.1+1.8/1.7/0+2.0 ms cpu, 132->142->132 MB, 132 MB goal, 0 MB stacks, 0 MB globals, 4 P
gc 159 @12.812s 1%: 0.55+2.4+0.058 ms clock, 2.2+1.9/1.7/0+0.23 ms cpu, 142->152->122 MB, 132 MB goal, 0 MB stacks, 0 MB globals, 4 P
gc 160 @12.815s 1%: 0.54+2.8+0.029 ms clock, 2.1+1.5/1.5/0.38+0.11 ms cpu, 122->132->122 MB, 122 MB goal, 0 MB stacks, 0 MB globals, 4 P
gc 161 @12.819s 1%: 0.66+5.2+0.006 ms clock, 2.6+1.1/0.91/0+0.024 ms cpu, 122->142->132 MB, 122 MB goal, 0 MB stacks, 0 MB globals, 4 P
gc 162 @12.825s 1%: 0.054+4.9+0.034 ms clock, 0.21+2.0/4.7/0.015+0.13 ms cpu, 132->152->122 MB, 132 MB goal, 0 MB stacks, 0 MB globals, 4 P
gc 163 @12.831s 1%: 0.086+1.3+0.003 ms clock, 0.34+2.8/0.82/0+0.015 ms cpu, 122->122->112 MB, 122 MB goal, 0 MB stacks, 0 MB globals, 4 P
gc 164 @12.832s 1%: 0.29+2.0+0.49 ms clock, 1.1+1.7/0.87/0+1.9 ms cpu, 112->152->142 MB, 112 MB goal, 0 MB stacks, 0 MB globals, 4 P
gc 165 @12.835s 1%: 0.68+3.5+0.060 ms clock, 2.7+1.2/1.3/0+0.24 ms cpu, 142->152->152 MB, 142 MB goal, 0 MB stacks, 0 MB globals, 4 P
gc 166 @12.840s 1%: 0.65+5.4+0.006 ms clock, 2.6+2.1/1.1/0+0.024 ms cpu, 152->172->132 MB, 152 MB goal, 0 MB stacks, 0 MB globals, 4 P
gc 167 @12.846s 1%: 0.33+2.6+0.084 ms clock, 1.3+1.6/0.86/0+0.33 ms cpu, 132->142->112 MB, 132 MB goal, 0 MB stacks, 0 MB globals, 4 P
gc 168 @12.850s 1%: 0.34+2.9+0.035 ms clock, 1.3+1.8/1.6/0+0.14 ms cpu, 112->132->122 MB, 112 MB goal, 0 MB stacks, 0 MB globals, 4 P
gc 169 @12.853s 1%: 0.50+1.6+0.004 ms clock, 2.0+2.0/1.4/0+0.018 ms cpu, 122->122->102 MB, 122 MB goal, 0 MB stacks, 0 MB globals, 4 P
gc 170 @12.856s 1%: 0.21+2.7+0.046 ms clock, 0.87+2.4/2.1/0+0.18 ms cpu, 102->132->122 MB, 102 MB goal, 0 MB stacks, 0 MB globals, 4 P
gc 171 @12.859s 1%: 0.51+2.2+0.52 ms clock, 2.0+1.8/1.5/0+2.1 ms cpu, 122->132->122 MB, 122 MB goal, 0 MB stacks, 0 MB globals, 4 P
gc 172 @12.863s 1%: 0.096+3.0+0.49 ms clock, 0.38+1.3/2.8/0+1.9 ms cpu, 132->132->122 MB, 122 MB goal, 0 MB stacks, 0 MB globals, 4 P
gc 173 @12.867s 1%: 0.22+1.7+0.053 ms clock, 0.91+1.3/1.6/0+0.21 ms cpu, 122->132->112 MB, 122 MB goal, 0 MB stacks, 0 MB globals, 4 P
gc 174 @12.869s 1%: 0.22+2.2+0.55 ms clock, 0.88+1.5/1.2/0+2.2 ms cpu, 112->142->132 MB, 112 MB goal, 0 MB stacks, 0 MB globals, 4 P
gc 175 @12.873s 1%: 0.60+3.2+0.037 ms clock, 2.4+2.2/1.9/0+0.15 ms cpu, 132->142->132 MB, 132 MB goal, 0 MB stacks, 0 MB globals, 4 P
gc 176 @12.877s 1%: 0.61+2.1+0.42 ms clock, 2.4+1.4/1.4/0+1.6 ms cpu, 132->152->132 MB, 132 MB goal, 0 MB stacks, 0 MB globals, 4 P
gc 177 @12.880s 1%: 0.62+3.6+0.010 ms clock, 2.5+2.2/1.8/0+0.040 ms cpu, 132->142->132 MB, 132 MB goal, 0 MB stacks, 0 MB globals, 4 P
gc 178 @12.885s 1%: 0.25+1.6+0.048 ms clock, 1.0+1.6/0.99/0+0.19 ms cpu, 142->152->122 MB, 132 MB goal, 0 MB stacks, 0 MB globals, 4 P
gc 179 @12.887s 1%: 0.70+2.6+0.067 ms clock, 2.8+1.4/1.7/0+0.27 ms cpu, 122->142->132 MB, 122 MB goal, 0 MB stacks, 0 MB globals, 4 P
gc 180 @12.891s 1%: 0.72+2.5+0.051 ms clock, 2.9+0.73/1.8/0.12+0.20 ms cpu, 132->142->122 MB, 132 MB goal, 0 MB stacks, 0 MB globals, 4 P
gc 181 @12.894s 1%: 0.25+1.4+0.054 ms clock, 1.0+1.9/1.1/0.25+0.21 ms cpu, 122->132->112 MB, 122 MB goal, 0 MB stacks, 0 MB globals, 4 P
gc 182 @12.896s 1%: 0.26+3.0+0.025 ms clock, 1.0+1.2/2.4/0+0.10 ms cpu, 112->132->132 MB, 112 MB goal, 0 MB stacks, 0 MB globals, 4 P
gc 183 @12.900s 1%: 0.44+4.8+0.004 ms clock, 1.7+1.8/4.5/0+0.016 ms cpu, 132->142->112 MB, 132 MB goal, 0 MB stacks, 0 MB globals, 4 P
gc 184 @12.905s 1%: 0.25+0.98+0.038 ms clock, 1.0+1.5/0.80/0+0.15 ms cpu, 112->132->122 MB, 112 MB goal, 0 MB stacks, 0 MB globals, 4 P
gc 185 @12.907s 1%: 0.062+1.9+0.003 ms clock, 0.24+1.3/1.7/0+0.014 ms cpu, 122->122->122 MB, 122 MB goal, 0 MB stacks, 0 MB globals, 4 P
gc 186 @12.909s 1%: 0.18+1.8+0.23 ms clock, 0.72+1.2/1.2/0+0.92 ms cpu, 122->142->122 MB, 122 MB goal, 0 MB stacks, 0 MB globals, 4 P
gc 187 @12.912s 1%: 0.64+2.3+0.058 ms clock, 2.5+1.6/2.1/0+0.23 ms cpu, 122->122->122 MB, 122 MB goal, 0 MB stacks, 0 MB globals, 4 P
gc 188 @12.915s 1%: 0.19+3.0+0.51 ms clock, 0.78+2.1/1.6/0+2.0 ms cpu, 122->172->152 MB, 122 MB goal, 0 MB stacks, 0 MB globals, 4 P
gc 189 @12.919s 1%: 0.56+5.3+0.038 ms clock, 2.2+1.2/4.7/0+0.15 ms cpu, 152->162->162 MB, 152 MB goal, 0 MB stacks, 0 MB globals, 4 P
gc 190 @12.925s 2%: 0.70+2.4+0.36 ms clock, 2.8+1.6/1.3/0+1.4 ms cpu, 162->192->132 MB, 162 MB goal, 0 MB stacks, 0 MB globals, 4 P
gc 191 @12.929s 2%: 0.69+1.6+0.84 ms clock, 2.7+2.0/1.0/0+3.3 ms cpu, 132->142->142 MB, 132 MB goal, 0 MB stacks, 0 MB globals, 4 P
gc 192 @12.933s 2%: 0.65+2.4+0.64 ms clock, 2.6+1.2/1.2/0+2.5 ms cpu, 142->162->142 MB, 142 MB goal, 0 MB stacks, 0 MB globals, 4 P
gc 193 @12.937s 2%: 0.80+2.1+0.20 ms clock, 3.2+1.0/1.6/0+0.82 ms cpu, 142->152->132 MB, 142 MB goal, 0 MB stacks, 0 MB globals, 4 P
gc 194 @12.940s 2%: 0.18+2.5+0.061 ms clock, 0.75+1.9/2.0/0+0.24 ms cpu, 132->162->132 MB, 132 MB goal, 0 MB stacks, 0 MB globals, 4 P
gc 195 @12.943s 2%: 0.63+2.1+0.050 ms clock, 2.5+2.4/1.8/0+0.20 ms cpu, 132->142->132 MB, 132 MB goal, 0 MB stacks, 0 MB globals, 4 P
gc 196 @12.946s 2%: 0.45+3.1+0.57 ms clock, 1.8+1.7/1.9/0+2.3 ms cpu, 132->152->132 MB, 132 MB goal, 0 MB stacks, 0 MB globals, 4 P
gc 197 @12.951s 2%: 0.79+2.0+0.047 ms clock, 3.1+0.074/1.6/0.64+0.18 ms cpu, 142->142->122 MB, 132 MB goal, 0 MB stacks, 0 MB globals, 4 P
gc 198 @12.955s 2%: 0.021+1.0+0.003 ms clock, 0.087+0/0.93/1.8+0.012 ms cpu, 122->122->102 MB, 122 MB goal, 0 MB stacks, 0 MB globals, 4 P
gc 199 @13.717s 1%: 0.56+2.0+0.027 ms clock, 2.2+1.6/1.6/0+0.10 ms cpu, 122->122->122 MB, 102 MB goal, 0 MB stacks, 0 MB globals, 4 P
gc 200 @13.720s 1%: 0.062+1.2+0.003 ms clock, 0.24+0.95/1.0/0.45+0.013 ms cpu, 122->122->102 MB, 130 MB goal, 0 MB stacks, 0 MB globals, 4 P
gc 201 @13.724s 1%: 0.10+1.8+0.034 ms clock, 0.40+0.97/1.1/0.86+0.13 ms cpu, 132->142->122 MB, 119 MB goal, 0 MB stacks, 0 MB globals, 4 P
gc 202 @13.729s 2%: 0.10+1.4+0.003 ms clock, 0.40+1.9/1.2/0.35+0.015 ms cpu, 122->122->112 MB, 130 MB goal, 0 MB stacks, 0 MB globals, 4 P
gc 203 @13.731s 2%: 1.2+3.7+0.004 ms clock, 5.0+1.7/3.6/0+0.017 ms cpu, 132->142->132 MB, 119 MB goal, 0 MB stacks, 0 MB globals, 4 P
gc 204 @13.737s 2%: 0.029+1.2+0.002 ms clock, 0.11+0.71/1.0/1.2+0.011 ms cpu, 132->132->102 MB, 132 MB goal, 0 MB stacks, 0 MB globals, 4 P
gc 205 @13.744s 2%: 0.11+1.1+0.065 ms clock, 0.44+0.62/0.98/1.0+0.26 ms cpu, 122->132->112 MB, 129 MB goal, 0 MB stacks, 0 MB globals, 4 P
gc 206 @13.751s 2%: 0.056+1.6+0.036 ms clock, 0.22+1.0/0.88/1.3+0.14 ms cpu, 132->142->112 MB, 119 MB goal, 0 MB stacks, 0 MB globals, 4 P
gc 207 @13.760s 2%: 0.45+1.3+0.049 ms clock, 1.8+1.5/0.93/0.11+0.19 ms cpu, 142->142->112 MB, 119 MB goal, 0 MB stacks, 0 MB globals, 4 P
gc 208 @13.763s 2%: 0.041+1.0+0.004 ms clock, 0.16+0.19/0.94/2.2+0.017 ms cpu, 112->112->102 MB, 118 MB goal, 0 MB stacks, 0 MB globals, 4 P
gc 209 @13.772s 2%: 0.30+1.2+0.004 ms clock, 1.2+1.9/1.1/0.79+0.017 ms cpu, 122->122->102 MB, 114 MB goal, 0 MB stacks, 0 MB globals, 4 P
gc 210 @13.774s 2%: 0.13+1.9+0.28 ms clock, 0.52+1.1/1.2/0+1.1 ms cpu, 132->132->132 MB, 105 MB goal, 0 MB stacks, 0 MB globals, 4 P
gc 211 @13.777s 2%: 0.58+2.6+0.038 ms clock, 2.3+1.3/1.3/0+0.15 ms cpu, 132->132->112 MB, 132 MB goal, 0 MB stacks, 0 MB globals, 4 P
gc 212 @13.781s 2%: 0.26+1.6+0.049 ms clock, 1.0+1.5/1.4/0+0.19 ms cpu, 112->132->122 MB, 112 MB goal, 0 MB stacks, 0 MB globals, 4 P
gc 213 @13.783s 2%: 0.32+2.7+0.045 ms clock, 1.2+2.2/2.0/0+0.18 ms cpu, 122->132->122 MB, 122 MB goal, 0 MB stacks, 0 MB globals, 4 P
gc 214 @13.786s 2%: 0.57+1.8+0.58 ms clock, 2.2+1.4/1.5/0+2.3 ms cpu, 132->132->122 MB, 122 MB goal, 0 MB stacks, 0 MB globals, 4 P
gc 215 @13.790s 2%: 0.20+1.4+0.61 ms clock, 0.80+1.9/1.3/0+2.4 ms cpu, 122->142->122 MB, 122 MB goal, 0 MB stacks, 0 MB globals, 4 P
gc 216 @13.792s 2%: 0.55+2.6+0.076 ms clock, 2.2+2.0/1.6/0+0.30 ms cpu, 122->132->132 MB, 122 MB goal, 0 MB stacks, 0 MB globals, 4 P
gc 217 @13.796s 2%: 0.59+4.2+0.041 ms clock, 2.3+0.12/2.1/2.0+0.16 ms cpu, 142->142->122 MB, 132 MB goal, 0 MB stacks, 0 MB globals, 4 P
gc 218 @13.803s 2%: 0.034+1.0+0.003 ms clock, 0.13+0.33/0.95/2.1+0.015 ms cpu, 122->122->102 MB, 122 MB goal, 0 MB stacks, 0 MB globals, 4 P
gc 219 @13.806s 2%: 0.081+1.5+0.023 ms clock, 0.32+0/1.0/1.8+0.094 ms cpu, 122->122->112 MB, 114 MB goal, 0 MB stacks, 0 MB globals, 4 P
gc 220 @13.811s 2%: 0.082+1.4+0.027 ms clock, 0.33+0.93/0.93/0.82+0.10 ms cpu, 122->122->112 MB, 114 MB goal, 0 MB stacks, 0 MB globals, 4 P
gc 221 @13.813s 2%: 0.14+1.8+0.031 ms clock, 0.59+0.097/1.1/1.3+0.12 ms cpu, 122->122->112 MB, 114 MB goal, 0 MB stacks, 0 MB globals, 4 P
gc 222 @13.816s 2%: 0.057+1.2+0.059 ms clock, 0.22+0.12/1.1/1.7+0.23 ms cpu, 122->122->112 MB, 114 MB goal, 0 MB stacks, 0 MB globals, 4 P
gc 223 @13.818s 2%: 0.47+1.6+0.042 ms clock, 1.8+1.3/0.83/0+0.16 ms cpu, 132->132->122 MB, 112 MB goal, 0 MB stacks, 0 MB globals, 4 P
gc 224 @13.821s 2%: 0.53+2.6+0.068 ms clock, 2.1+1.2/1.5/0.12+0.27 ms cpu, 122->132->132 MB, 143 MB goal, 0 MB stacks, 0 MB globals, 4 P
gc 225 @13.827s 2%: 0.17+3.3+0.003 ms clock, 0.69+1.1/3.3/0+0.015 ms cpu, 152->152->112 MB, 134 MB goal, 0 MB stacks, 0 MB globals, 4 P
gc 226 @13.834s 2%: 0.074+1.1+0.004 ms clock, 0.29+0/1.0/3.0+0.019 ms cpu, 142->142->102 MB, 143 MB goal, 0 MB stacks, 0 MB globals, 4 P
gc 227 @13.842s 2%: 0.10+1.0+0.003 ms clock, 0.43+1.6/0.92/0.69+0.013 ms cpu, 102->102->102 MB, 105 MB goal, 0 MB stacks, 0 MB globals, 4 P
gc 228 @13.844s 2%: 0.16+2.8+0.46 ms clock, 0.66+1.5/1.5/0+1.8 ms cpu, 112->122->122 MB, 102 MB goal, 0 MB stacks, 0 MB globals, 4 P
gc 229 @13.848s 2%: 0.91+1.5+0.005 ms clock, 3.6+2.0/1.1/0.001+0.021 ms cpu, 122->122->112 MB, 122 MB goal, 0 MB stacks, 0 MB globals, 4 P
gc 230 @13.850s 2%: 0.18+2.1+0.091 ms clock, 0.75+1.7/0.85/0+0.36 ms cpu, 112->142->132 MB, 112 MB goal, 0 MB stacks, 0 MB globals, 4 P
gc 231 @13.853s 2%: 0.57+4.1+0.46 ms clock, 2.3+0.99/1.3/0+1.8 ms cpu, 132->152->152 MB, 132 MB goal, 0 MB stacks, 0 MB globals, 4 P
gc 232 @13.859s 2%: 0.60+1.1+0.12 ms clock, 2.4+1.8/1.1/0+0.51 ms cpu, 152->152->122 MB, 152 MB goal, 0 MB stacks, 0 MB globals, 4 P
gc 233 @13.861s 2%: 0.65+1.2+0.51 ms clock, 2.6+1.8/1.0/0+2.0 ms cpu, 122->142->132 MB, 122 MB goal, 0 MB stacks, 0 MB globals, 4 P
gc 234 @13.863s 2%: 0.23+1.9+0.066 ms clock, 0.95+1.4/1.7/0+0.26 ms cpu, 132->132->132 MB, 132 MB goal, 0 MB stacks, 0 MB globals, 4 P
gc 235 @13.866s 2%: 0.54+1.7+0.037 ms clock, 2.1+1.9/0.99/0+0.15 ms cpu, 132->142->122 MB, 132 MB goal, 0 MB stacks, 0 MB globals, 4 P
gc 236 @13.869s 2%: 0.65+6.8+0.57 ms clock, 2.6+0.005/3.0/0+2.3 ms cpu, 122->162->152 MB, 122 MB goal, 0 MB stacks, 0 MB globals, 4 P
gc 237 @13.877s 2%: 0.50+1.5+0.51 ms clock, 2.0+1.9/1.4/0+2.0 ms cpu, 152->162->122 MB, 152 MB goal, 0 MB stacks, 0 MB globals, 4 P
gc 238 @13.880s 2%: 0.53+1.9+0.086 ms clock, 2.1+1.6/1.6/0+0.34 ms cpu, 122->142->132 MB, 122 MB goal, 0 MB stacks, 0 MB globals, 4 P
gc 239 @13.883s 2%: 0.63+1.0+0.036 ms clock, 2.5+1.9/0.91/0+0.14 ms cpu, 132->132->112 MB, 132 MB goal, 0 MB stacks, 0 MB globals, 4 P
gc 240 @13.886s 2%: 0.66+4.7+0.030 ms clock, 2.6+1.7/0.84/0+0.12 ms cpu, 132->142->132 MB, 112 MB goal, 0 MB stacks, 0 MB globals, 4 P
gc 241 @13.891s 2%: 0.11+1.4+0.047 ms clock, 0.46+1.9/1.1/0+0.18 ms cpu, 132->132->102 MB, 132 MB goal, 0 MB stacks, 0 MB globals, 4 P
gc 242 @13.893s 2%: 0.22+5.1+0.55 ms clock, 0.90+1.6/1.1/0+2.2 ms cpu, 102->142->142 MB, 102 MB goal, 0 MB stacks, 0 MB globals, 4 P
gc 243 @13.899s 2%: 0.11+4.1+0.030 ms clock, 0.47+3.7/1.3/0+0.12 ms cpu, 142->152->132 MB, 142 MB goal, 0 MB stacks, 0 MB globals, 4 P
gc 244 @13.904s 2%: 0.66+1.9+0.041 ms clock, 2.6+1.9/0.73/0+0.16 ms cpu, 132->162->132 MB, 132 MB goal, 0 MB stacks, 0 MB globals, 4 P
gc 245 @13.907s 2%: 0.56+2.6+0.059 ms clock, 2.2+1.0/1.7/0+0.23 ms cpu, 132->142->132 MB, 132 MB goal, 0 MB stacks, 0 MB globals, 4 P
gc 246 @13.910s 2%: 0.56+2.3+0.047 ms clock, 2.2+1.7/1.1/0+0.18 ms cpu, 132->152->122 MB, 132 MB goal, 0 MB stacks, 0 MB globals, 4 P
gc 247 @13.914s 2%: 0.82+2.2+0.12 ms clock, 3.2+2.0/1.4/0+0.48 ms cpu, 122->142->132 MB, 122 MB goal, 0 MB stacks, 0 MB globals, 4 P
gc 248 @13.917s 2%: 0.060+1.8+0.031 ms clock, 0.24+2.1/1.0/0.039+0.12 ms cpu, 132->142->112 MB, 132 MB goal, 0 MB stacks, 0 MB globals, 4 P
gc 249 @13.921s 2%: 0.55+1.0+0.003 ms clock, 2.2+1.5/0.80/0.23+0.013 ms cpu, 132->132->102 MB, 112 MB goal, 0 MB stacks, 0 MB globals, 4 P
gc 250 @13.923s 2%: 0.22+1.8+0.043 ms clock, 0.89+2.1/1.1/0+0.17 ms cpu, 102->122->122 MB, 102 MB goal, 0 MB stacks, 0 MB globals, 4 P
gc 251 @13.926s 2%: 0.54+2.4+0.51 ms clock, 2.1+1.8/1.6/0+2.0 ms cpu, 122->132->132 MB, 122 MB goal, 0 MB stacks, 0 MB globals, 4 P
gc 252 @13.929s 2%: 0.65+3.5+0.53 ms clock, 2.6+1.4/2.3/0+2.1 ms cpu, 132->162->152 MB, 132 MB goal, 0 MB stacks, 0 MB globals, 4 P
gc 253 @13.935s 2%: 0.63+1.7+0.025 ms clock, 2.5+1.8/1.2/0+0.10 ms cpu, 152->152->112 MB, 152 MB goal, 0 MB stacks, 0 MB globals, 4 P
gc 254 @13.938s 2%: 0.55+1.0+0.050 ms clock, 2.2+1.6/0.92/0+0.20 ms cpu, 132->132->122 MB, 112 MB goal, 0 MB stacks, 0 MB globals, 4 P
gc 255 @13.940s 2%: 0.46+1.8+0.029 ms clock, 1.8+1.7/0.95/0+0.11 ms cpu, 122->122->112 MB, 122 MB goal, 0 MB stacks, 0 MB globals, 4 P
gc 256 @13.943s 2%: 0.10+1.3+0.050 ms clock, 0.42+1.4/0.95/0+0.20 ms cpu, 142->142->132 MB, 112 MB goal, 0 MB stacks, 0 MB globals, 4 P
gc 257 @13.945s 2%: 0.50+3.1+0.49 ms clock, 2.0+1.5/1.7/0+1.9 ms cpu, 132->142->132 MB, 132 MB goal, 0 MB stacks, 0 MB globals, 4 P
gc 258 @13.949s 2%: 0.18+1.4+0.060 ms clock, 0.73+2.1/1.0/0+0.24 ms cpu, 132->142->122 MB, 132 MB goal, 0 MB stacks, 0 MB globals, 4 P
gc 259 @13.951s 2%: 0.63+1.6+0.087 ms clock, 2.5+1.3/1.0/0+0.34 ms cpu, 122->142->132 MB, 122 MB goal, 0 MB stacks, 0 MB globals, 4 P
gc 260 @13.954s 2%: 0.64+1.8+0.54 ms clock, 2.5+0.96/1.6/0+2.1 ms cpu, 132->152->142 MB, 132 MB goal, 0 MB stacks, 0 MB globals, 4 P
gc 261 @13.957s 2%: 0.55+1.8+0.51 ms clock, 2.2+1.9/1.6/0+2.0 ms cpu, 142->152->132 MB, 142 MB goal, 0 MB stacks, 0 MB globals, 4 P
gc 262 @13.960s 2%: 0.45+2.1+0.078 ms clock, 1.8+1.1/1.5/0+0.31 ms cpu, 132->142->122 MB, 132 MB goal, 0 MB stacks, 0 MB globals, 4 P
gc 263 @13.964s 2%: 0.075+1.7+0.049 ms clock, 0.30+0.12/1.5/1.1+0.19 ms cpu, 132->132->112 MB, 122 MB goal, 0 MB stacks, 0 MB globals, 4 P
gc 264 @13.966s 2%: 0.022+1.0+0.002 ms clock, 0.088+0.31/0.96/1.5+0.010 ms cpu, 112->112->102 MB, 112 MB goal, 0 MB stacks, 0 MB globals, 4 P
gc 265 @14.724s 2%: 0.63+2.1+0.005 ms clock, 2.5+1.7/1.7/0+0.022 ms cpu, 122->122->122 MB, 102 MB goal, 0 MB stacks, 0 MB globals, 4 P
gc 266 @14.727s 2%: 0.11+1.5+0.10 ms clock, 0.46+1.8/1.0/0.022+0.40 ms cpu, 122->122->102 MB, 122 MB goal, 0 MB stacks, 0 MB globals, 4 P
gc 267 @14.729s 2%: 0.61+2.9+0.057 ms clock, 2.4+1.7/1.0/0+0.23 ms cpu, 122->122->122 MB, 102 MB goal, 0 MB stacks, 0 MB globals, 4 P
gc 268 @14.733s 2%: 0.090+1.1+0.002 ms clock, 0.36+2.1/1.0/0.41+0.011 ms cpu, 122->122->102 MB, 130 MB goal, 0 MB stacks, 0 MB globals, 4 P
gc 269 @14.736s 2%: 0.11+2.0+0.027 ms clock, 0.46+1.4/1.4/0.99+0.11 ms cpu, 122->132->122 MB, 129 MB goal, 0 MB stacks, 0 MB globals, 4 P
gc 270 @14.739s 2%: 0.61+3.5+0.074 ms clock, 2.4+2.3/2.3/0+0.29 ms cpu, 122->142->132 MB, 122 MB goal, 0 MB stacks, 0 MB globals, 4 P
gc 271 @14.743s 2%: 0.60+1.1+0.004 ms clock, 2.4+0.35/1.0/1.8+0.018 ms cpu, 132->132->102 MB, 132 MB goal, 0 MB stacks, 0 MB globals, 4 P
gc 272 @14.748s 2%: 0.29+2.6+0.057 ms clock, 1.1+3.9/1.8/0+0.22 ms cpu, 122->132->122 MB, 129 MB goal, 0 MB stacks, 0 MB globals, 4 P
gc 273 @14.752s 2%: 0.14+3.4+0.050 ms clock, 0.56+1.4/2.0/0.25+0.20 ms cpu, 132->142->132 MB, 122 MB goal, 0 MB stacks, 0 MB globals, 4 P
gc 274 @14.756s 2%: 0.13+2.7+0.029 ms clock, 0.55+1.3/1.9/0+0.11 ms cpu, 132->142->122 MB, 132 MB goal, 0 MB stacks, 0 MB globals, 4 P
gc 275 @14.759s 2%: 0.57+2.8+0.032 ms clock, 2.3+0.55/1.6/1.5+0.13 ms cpu, 122->122->112 MB, 130 MB goal, 0 MB stacks, 0 MB globals, 4 P
gc 276 @14.765s 2%: 0.25+1.7+0.027 ms clock, 1.0+1.4/1.3/0.64+0.10 ms cpu, 132->132->112 MB, 129 MB goal, 0 MB stacks, 0 MB globals, 4 P
gc 277 @14.772s 2%: 0.051+1.1+0.004 ms clock, 0.20+0.23/1.0/2.3+0.018 ms cpu, 132->132->102 MB, 129 MB goal, 0 MB stacks, 0 MB globals, 4 P
gc 278 @14.780s 2%: 0.15+1.2+0.006 ms clock, 0.60+1.1/1.1/1.0+0.024 ms cpu, 122->122->112 MB, 130 MB goal, 0 MB stacks, 0 MB globals, 4 P
gc 279 @14.786s 2%: 0.26+2.3+0.021 ms clock, 1.0+2.3/1.7/0.068+0.087 ms cpu, 142->142->122 MB, 119 MB goal, 0 MB stacks, 0 MB globals, 4 P
gc 280 @14.789s 2%: 0.033+1.4+0.004 ms clock, 0.13+1.1/1.3/0.81+0.017 ms cpu, 122->122->102 MB, 130 MB goal, 0 MB stacks, 0 MB globals, 4 P
gc 281 @14.795s 2%: 0.66+2.7+0.54 ms clock, 2.6+1.3/2.5/0.68+2.1 ms cpu, 122->132->122 MB, 129 MB goal, 0 MB stacks, 0 MB globals, 4 P
gc 282 @14.799s 2%: 0.63+1.8+0.053 ms clock, 2.5+1.5/1.0/0+0.21 ms cpu, 142->142->132 MB, 122 MB goal, 0 MB stacks, 0 MB globals, 4 P
gc 283 @14.802s 2%: 0.81+2.5+0.023 ms clock, 3.2+1.6/1.7/0.89+0.095 ms cpu, 132->142->122 MB, 132 MB goal, 0 MB stacks, 0 MB globals, 4 P
gc 284 @14.808s 2%: 0.61+1.8+0.75 ms clock, 2.4+1.3/1.0/1.0+3.0 ms cpu, 132->142->112 MB, 122 MB goal, 0 MB stacks, 0 MB globals, 4 P
gc 285 @14.817s 2%: 0.087+0.96+0.005 ms clock, 0.35+0.81/0.93/1.0+0.022 ms cpu, 132->132->102 MB, 129 MB goal, 0 MB stacks, 0 MB globals, 4 P
gc 286 @14.824s 2%: 0.56+1.1+0.005 ms clock, 2.2+1.8/1.0/0.007+0.020 ms cpu, 122->122->112 MB, 114 MB goal, 0 MB stacks, 0 MB globals, 4 P
gc 287 @14.826s 2%: 0.13+2.3+0.026 ms clock, 0.54+1.6/1.6/0+0.10 ms cpu, 122->132->122 MB, 112 MB goal, 0 MB stacks, 0 MB globals, 4 P
gc 288 @14.829s 2%: 0.46+2.3+0.030 ms clock, 1.8+1.7/1.5/0.60+0.12 ms cpu, 122->132->122 MB, 122 MB goal, 0 MB stacks, 0 MB globals, 4 P
gc 289 @14.832s 2%: 0.77+1.7+0.057 ms clock, 3.0+1.6/1.5/0+0.23 ms cpu, 122->132->122 MB, 122 MB goal, 0 MB stacks, 0 MB globals, 4 P
gc 290 @14.834s 2%: 0.67+1.3+0.055 ms clock, 2.6+2.1/0.72/0+0.22 ms cpu, 122->142->122 MB, 122 MB goal, 0 MB stacks, 0 MB globals, 4 P
gc 291 @14.837s 2%: 0.42+3.9+0.036 ms clock, 1.6+0.92/1.5/0+0.14 ms cpu, 122->132->132 MB, 122 MB goal, 0 MB stacks, 0 MB globals, 4 P
gc 292 @14.842s 2%: 0.76+3.0+0.033 ms clock, 3.0+0/2.4/2.7+0.13 ms cpu, 132->142->122 MB, 132 MB goal, 0 MB stacks, 0 MB globals, 4 P
gc 293 @14.846s 2%: 0.37+1.4+0.003 ms clock, 1.4+0.35/1.2/2.1+0.015 ms cpu, 122->122->102 MB, 122 MB goal, 0 MB stacks, 0 MB globals, 4 P
gc 294 @14.851s 2%: 0.091+3.2+0.006 ms clock, 0.36+0.17/1.6/4.2+0.025 ms cpu, 122->122->112 MB, 114 MB goal, 0 MB stacks, 0 MB globals, 4 P
gc 295 @14.860s 2%: 0.43+1.1+0.004 ms clock, 1.7+1.3/0.98/0.89+0.019 ms cpu, 122->122->102 MB, 114 MB goal, 0 MB stacks, 0 MB globals, 4 P
gc 296 @14.862s 2%: 0.66+2.9+0.031 ms clock, 2.6+1.6/1.6/0.033+0.12 ms cpu, 122->122->122 MB, 115 MB goal, 0 MB stacks, 0 MB globals, 4 P
gc 297 @14.866s 2%: 0.66+2.2+0.030 ms clock, 2.6+1.0/1.6/0.50+0.12 ms cpu, 122->132->112 MB, 122 MB goal, 0 MB stacks, 0 MB globals, 4 P
gc 298 @14.870s 2%: 0.65+2.0+0.14 ms clock, 2.6+1.6/1.2/0+0.58 ms cpu, 112->122->122 MB, 115 MB goal, 0 MB stacks, 0 MB globals, 4 P
gc 299 @14.873s 2%: 0.16+4.6+0.042 ms clock, 0.65+1.5/3.1/0+0.17 ms cpu, 122->142->122 MB, 122 MB goal, 0 MB stacks, 0 MB globals, 4 P
gc 300 @14.878s 2%: 0.029+2.6+0.041 ms clock, 0.11+1.3/1.1/1.6+0.16 ms cpu, 122->132->112 MB, 122 MB goal, 0 MB stacks, 0 MB globals, 4 P
gc 301 @14.883s 2%: 0.64+2.7+0.071 ms clock, 2.5+2.4/1.6/0+0.28 ms cpu, 142->142->132 MB, 112 MB goal, 0 MB stacks, 0 MB globals, 4 P
gc 302 @14.887s 2%: 0.083+1.9+0.049 ms clock, 0.33+1.6/1.4/0.074+0.19 ms cpu, 132->142->112 MB, 132 MB goal, 0 MB stacks, 0 MB globals, 4 P
gc 303 @14.892s 2%: 0.20+1.4+0.060 ms clock, 0.82+1.6/1.1/0+0.24 ms cpu, 132->132->112 MB, 112 MB goal, 0 MB stacks, 0 MB globals, 4 P
gc 304 @14.894s 2%: 0.080+1.3+0.54 ms clock, 0.32+2.5/1.1/0+2.1 ms cpu, 112->122->112 MB, 114 MB goal, 0 MB stacks, 0 MB globals, 4 P
gc 305 @14.897s 2%: 0.67+2.2+0.060 ms clock, 2.6+2.0/1.5/0+0.24 ms cpu, 132->132->132 MB, 112 MB goal, 0 MB stacks, 0 MB globals, 4 P
gc 306 @14.900s 2%: 0.60+2.6+0.23 ms clock, 2.4+0.99/1.8/0+0.94 ms cpu, 132->142->122 MB, 132 MB goal, 0 MB stacks, 0 MB globals, 4 P
gc 307 @14.904s 2%: 0.66+1.8+0.59 ms clock, 2.6+1.4/1.6/0+2.3 ms cpu, 122->142->132 MB, 122 MB goal, 0 MB stacks, 0 MB globals, 4 P
gc 308 @14.907s 2%: 0.66+4.8+0.027 ms clock, 2.6+1.7/0.90/0+0.11 ms cpu, 132->152->132 MB, 132 MB goal, 0 MB stacks, 0 MB globals, 4 P
gc 309 @14.913s 2%: 0.11+2.0+0.024 ms clock, 0.47+1.9/1.1/0+0.097 ms cpu, 132->142->112 MB, 132 MB goal, 0 MB stacks, 0 MB globals, 4 P
gc 310 @14.916s 2%: 0.66+2.3+0.070 ms clock, 2.6+1.5/1.9/0+0.28 ms cpu, 112->142->142 MB, 112 MB goal, 0 MB stacks, 0 MB globals, 4 P
gc 311 @14.919s 2%: 0.56+4.3+0.033 ms clock, 2.2+1.1/1.2/0+0.13 ms cpu, 142->152->132 MB, 142 MB goal, 0 MB stacks, 0 MB globals, 4 P
gc 312 @14.925s 2%: 0.30+2.9+0.061 ms clock, 1.2+1.3/1.3/0+0.24 ms cpu, 132->142->122 MB, 132 MB goal, 0 MB stacks, 0 MB globals, 4 P
gc 313 @14.928s 2%: 0.26+1.1+0.037 ms clock, 1.0+1.6/0.99/0+0.15 ms cpu, 122->132->112 MB, 122 MB goal, 0 MB stacks, 0 MB globals, 4 P
gc 314 @14.930s 2%: 0.20+2.8+0.37 ms clock, 0.80+1.7/1.9/0+1.5 ms cpu, 112->142->132 MB, 112 MB goal, 0 MB stacks, 0 MB globals, 4 P
gc 315 @14.934s 2%: 0.72+2.4+0.051 ms clock, 2.9+1.9/1.9/0+0.20 ms cpu, 132->142->122 MB, 132 MB goal, 0 MB stacks, 0 MB globals, 4 P
gc 316 @14.937s 2%: 0.17+1.6+0.064 ms clock, 0.71+1.2/1.2/0+0.25 ms cpu, 122->142->132 MB, 122 MB goal, 0 MB stacks, 0 MB globals, 4 P
gc 317 @14.939s 2%: 0.12+1.6+0.052 ms clock, 0.50+2.1/1.0/0+0.21 ms cpu, 132->142->112 MB, 132 MB goal, 0 MB stacks, 0 MB globals, 4 P
gc 318 @14.942s 2%: 0.13+2.2+0.34 ms clock, 0.53+1.7/0.86/0+1.3 ms cpu, 122->132->132 MB, 112 MB goal, 0 MB stacks, 0 MB globals, 4 P
gc 319 @14.946s 2%: 0.56+1.7+0.023 ms clock, 2.2+3.1/1.5/0.024+0.092 ms cpu, 132->132->102 MB, 132 MB goal, 0 MB stacks, 0 MB globals, 4 P
gc 320 @14.950s 2%: 0.52+1.0+0.70 ms clock, 2.1+1.8/0.85/0+2.8 ms cpu, 142->162->142 MB, 102 MB goal, 0 MB stacks, 0 MB globals, 4 P
gc 321 @14.953s 2%: 0.52+1.5+0.047 ms clock, 2.0+1.3/1.3/0+0.18 ms cpu, 142->142->142 MB, 142 MB goal, 0 MB stacks, 0 MB globals, 4 P
gc 322 @14.957s 2%: 0.27+5.5+0.024 ms clock, 1.1+2.2/5.1/0+0.098 ms cpu, 142->152->132 MB, 142 MB goal, 0 MB stacks, 0 MB globals, 4 P
gc 323 @14.964s 2%: 0.16+3.2+0.30 ms clock, 0.67+1.7/2.2/0+1.2 ms cpu, 152->162->132 MB, 132 MB goal, 0 MB stacks, 0 MB globals, 4 P
gc 324 @14.968s 2%: 0.66+1.9+0.003 ms clock, 2.6+1.6/1.6/0+0.015 ms cpu, 132->132->112 MB, 132 MB goal, 0 MB stacks, 0 MB globals, 4 P
gc 325 @14.972s 2%: 0.68+2.4+0.10 ms clock, 2.7+1.4/1.8/0+0.40 ms cpu, 152->162->142 MB, 112 MB goal, 0 MB stacks, 0 MB globals, 4 P
gc 326 @14.976s 2%: 0.32+2.9+0.016 ms clock, 1.3+1.8/1.6/0.35+0.067 ms cpu, 142->152->112 MB, 142 MB goal, 0 MB stacks, 0 MB globals, 4 P
gc 327 @14.982s 2%: 0.057+1.0+0.004 ms clock, 0.23+0.13/1.0/2.3+0.016 ms cpu, 112->112->102 MB, 118 MB goal, 0 MB stacks, 0 MB globals, 4 P
gc 328 @15.732s 2%: 0.44+1.1+0.006 ms clock, 1.7+1.7/1.0/0.98+0.025 ms cpu, 122->122->112 MB, 114 MB goal, 0 MB stacks, 0 MB globals, 4 P
gc 329 @15.737s 2%: 0.51+1.2+0.055 ms clock, 2.0+2.0/0.88/0+0.22 ms cpu, 132->132->112 MB, 112 MB goal, 0 MB stacks, 0 MB globals, 4 P
gc 330 @15.739s 2%: 0.088+1.4+0.003 ms clock, 0.35+1.9/1.2/0.19+0.015 ms cpu, 112->112->102 MB, 118 MB goal, 0 MB stacks, 0 MB globals, 4 P
gc 331 @15.744s 2%: 0.39+1.7+0.005 ms clock, 1.5+1.5/1.6/0.70+0.022 ms cpu, 122->122->112 MB, 114 MB goal, 0 MB stacks, 0 MB globals, 4 P
gc 332 @15.746s 2%: 0.093+1.5+0.050 ms clock, 0.37+1.4/0.91/0.16+0.20 ms cpu, 122->122->112 MB, 130 MB goal, 0 MB stacks, 0 MB globals, 4 P
gc 333 @15.748s 2%: 0.18+2.3+0.55 ms clock, 0.75+0.12/2.0/0.24+2.2 ms cpu, 132->142->132 MB, 119 MB goal, 0 MB stacks, 0 MB globals, 4 P
gc 334 @15.752s 2%: 0.57+3.0+0.040 ms clock, 2.3+2.1/1.7/0.37+0.16 ms cpu, 132->142->122 MB, 132 MB goal, 0 MB stacks, 0 MB globals, 4 P
gc 335 @15.758s 2%: 0.23+1.7+0.031 ms clock, 0.94+1.0/1.0/0.81+0.12 ms cpu, 132->142->112 MB, 122 MB goal, 0 MB stacks, 0 MB globals, 4 P
gc 336 @15.766s 2%: 0.081+1.2+0.003 ms clock, 0.32+0/1.1/3.1+0.013 ms cpu, 132->132->102 MB, 129 MB goal, 0 MB stacks, 0 MB globals, 4 P
gc 337 @15.769s 2%: 0.13+1.4+0.20 ms clock, 0.53+1.2/1.2/1.2+0.82 ms cpu, 122->132->122 MB, 129 MB goal, 0 MB stacks, 0 MB globals, 4 P
gc 338 @15.774s 2%: 0.12+1.6+0.003 ms clock, 0.50+0.11/1.3/2.7+0.014 ms cpu, 132->132->102 MB, 129 MB goal, 0 MB stacks, 0 MB globals, 4 P
gc 339 @15.786s 2%: 0.10+1.1+0.003 ms clock, 0.40+0.21/1.0/2.5+0.013 ms cpu, 132->132->102 MB, 129 MB goal, 0 MB stacks, 0 MB globals, 4 P
gc 340 @15.792s 2%: 0.14+1.4+0.005 ms clock, 0.57+0.099/1.3/3.3+0.021 ms cpu, 122->122->102 MB, 130 MB goal, 0 MB stacks, 0 MB globals, 4 P
gc 341 @15.797s 2%: 0.052+1.3+0.004 ms clock, 0.20+1.1/1.1/2.1+0.017 ms cpu, 102->102->102 MB, 105 MB goal, 0 MB stacks, 0 MB globals, 4 P
gc 342 @15.799s 2%: 0.14+6.6+0.026 ms clock, 0.57+0.92/1.4/1.0+0.10 ms cpu, 112->132->132 MB, 104 MB goal, 0 MB stacks, 0 MB globals, 4 P
gc 343 @15.806s 2%: 0.56+1.4+0.032 ms clock, 2.2+1.6/1.1/0.098+0.12 ms cpu, 132->132->112 MB, 132 MB goal, 0 MB stacks, 0 MB globals, 4 P
gc 344 @15.809s 2%: 0.73+2.9+0.028 ms clock, 2.9+1.8/1.0/0+0.11 ms cpu, 112->132->122 MB, 112 MB goal, 0 MB stacks, 0 MB globals, 4 P
gc 345 @15.813s 2%: 0.14+1.6+0.036 ms clock, 0.56+1.7/0.89/0.015+0.14 ms cpu, 122->132->112 MB, 122 MB goal, 0 MB stacks, 0 MB globals, 4 P
gc 346 @15.815s 2%: 0.68+2.5+0.027 ms clock, 2.7+2.0/1.9/0+0.11 ms cpu, 112->122->122 MB, 114 MB goal, 0 MB stacks, 0 MB globals, 4 P
gc 347 @15.818s 2%: 0.24+2.7+0.029 ms clock, 0.98+1.6/1.6/0.005+0.11 ms cpu, 122->142->122 MB, 122 MB goal, 0 MB stacks, 0 MB globals, 4 P
gc 348 @15.822s 2%: 0.53+2.0+0.038 ms clock, 2.1+1.7/1.3/0.18+0.15 ms cpu, 122->132->112 MB, 122 MB goal, 0 MB stacks, 0 MB globals, 4 P
gc 349 @15.826s 2%: 0.11+2.3+0.025 ms clock, 0.47+1.7/1.8/0.85+0.10 ms cpu, 122->122->112 MB, 114 MB goal, 0 MB stacks, 0 MB globals, 4 P
gc 350 @15.829s 2%: 0.21+6.1+0.062 ms clock, 0.85+1.6/2.7/0+0.25 ms cpu, 122->132->122 MB, 112 MB goal, 0 MB stacks, 0 MB globals, 4 P
gc 351 @15.836s 2%: 0.075+1.8+0.029 ms clock, 0.30+1.2/0.97/0.82+0.11 ms cpu, 122->132->112 MB, 122 MB goal, 0 MB stacks, 0 MB globals, 4 P
gc 352 @15.839s 2%: 0.36+1.8+0.004 ms clock, 1.4+1.6/1.5/0+0.019 ms cpu, 122->122->122 MB, 114 MB goal, 0 MB stacks, 0 MB globals, 4 P
gc 353 @15.841s 2%: 0.20+2.6+0.17 ms clock, 0.80+1.5/1.5/0+0.70 ms cpu, 122->142->122 MB, 122 MB goal, 0 MB stacks, 0 MB globals, 4 P
gc 354 @15.847s 2%: 0.075+1.3+0.004 ms clock, 0.30+2.5/1.0/0+0.016 ms cpu, 122->122->122 MB, 122 MB goal, 0 MB stacks, 0 MB globals, 4 P
gc 355 @15.848s 2%: 0.11+2.1+0.036 ms clock, 0.47+1.3/1.5/0+0.14 ms cpu, 122->142->122 MB, 122 MB goal, 0 MB stacks, 0 MB globals, 4 P
gc 356 @15.851s 2%: 0.51+2.1+0.004 ms clock, 2.0+0.86/2.0/0.088+0.018 ms cpu, 122->122->112 MB, 122 MB goal, 0 MB stacks, 0 MB globals, 4 P
gc 357 @15.855s 2%: 0.20+2.1+0.025 ms clock, 0.83+1.8/1.6/0.071+0.10 ms cpu, 132->132->122 MB, 112 MB goal, 0 MB stacks, 0 MB globals, 4 P
gc 358 @15.858s 2%: 0.050+2.5+0.040 ms clock, 0.20+1.1/1.3/0.18+0.16 ms cpu, 122->132->112 MB, 122 MB goal, 0 MB stacks, 0 MB globals, 4 P
gc 359 @15.862s 2%: 0.36+0.97+0.003 ms clock, 1.4+0.81/0.86/1.1+0.014 ms cpu, 112->112->102 MB, 118 MB goal, 0 MB stacks, 0 MB globals, 4 P
gc 360 @15.868s 2%: 0.44+1.6+0.042 ms clock, 1.7+1.0/1.0/1.0+0.17 ms cpu, 122->122->112 MB, 114 MB goal, 0 MB stacks, 0 MB globals, 4 P
gc 361 @15.871s 2%: 0.10+1.5+0.052 ms clock, 0.40+0.30/1.3/1.8+0.21 ms cpu, 122->122->112 MB, 114 MB goal, 0 MB stacks, 0 MB globals, 4 P
gc 362 @15.876s 2%: 0.33+1.5+0.033 ms clock, 1.3+0.83/1.1/1.1+0.13 ms cpu, 132->132->112 MB, 112 MB goal, 0 MB stacks, 0 MB globals, 4 P
gc 363 @15.878s 2%: 0.097+1.7+0.045 ms clock, 0.38+1.0/1.0/0.83+0.18 ms cpu, 112->122->112 MB, 114 MB goal, 0 MB stacks, 0 MB globals, 4 P
gc 364 @15.883s 2%: 0.37+1.2+0.004 ms clock, 1.4+0/1.2/2.1+0.016 ms cpu, 122->122->112 MB, 114 MB goal, 0 MB stacks, 0 MB globals, 4 P
gc 365 @15.888s 2%: 0.15+2.0+0.49 ms clock, 0.61+1.4/1.4/0+1.9 ms cpu, 122->132->122 MB, 112 MB goal, 0 MB stacks, 0 MB globals, 4 P
gc 366 @15.891s 2%: 0.64+2.1+0.031 ms clock, 2.5+1.7/1.5/0.036+0.12 ms cpu, 122->132->122 MB, 122 MB goal, 0 MB stacks, 0 MB globals, 4 P
gc 367 @15.896s 2%: 0.62+1.0+0.047 ms clock, 2.4+1.8/0.91/0+0.18 ms cpu, 142->142->122 MB, 122 MB goal, 0 MB stacks, 0 MB globals, 4 P
gc 368 @15.898s 2%: 0.49+1.3+0.003 ms clock, 1.9+1.3/1.2/0+0.015 ms cpu, 122->122->102 MB, 122 MB goal, 0 MB stacks, 0 MB globals, 4 P
gc 369 @15.900s 2%: 0.098+2.7+0.031 ms clock, 0.39+0.20/1.8/1.3+0.12 ms cpu, 122->122->122 MB, 114 MB goal, 0 MB stacks, 0 MB globals, 4 P
gc 370 @15.903s 2%: 0.69+2.6+0.24 ms clock, 2.7+1.1/1.6/0+0.96 ms cpu, 122->142->132 MB, 122 MB goal, 0 MB stacks, 0 MB globals, 4 P
gc 371 @15.907s 2%: 0.60+1.8+0.029 ms clock, 2.4+1.0/1.1/0+0.11 ms cpu, 132->142->122 MB, 143 MB goal, 0 MB stacks, 0 MB globals, 4 P
gc 372 @15.914s 2%: 0.063+0.92+0.003 ms clock, 0.25+1.5/0.83/0+0.013 ms cpu, 142->142->112 MB, 143 MB goal, 0 MB stacks, 0 MB globals, 4 P
gc 373 @15.919s 2%: 0.047+0.82+0.004 ms clock, 0.19+0.090/0.71/1.9+0.017 ms cpu, 142->142->102 MB, 143 MB goal, 0 MB stacks, 0 MB globals, 4 P
gc 374 @15.925s 2%: 0.10+1.4+0.055 ms clock, 0.41+0.16/1.2/1.9+0.22 ms cpu, 142->142->112 MB, 143 MB goal, 0 MB stacks, 0 MB globals, 4 P
gc 375 @15.927s 3%: 0.098+0.90+0.003 ms clock, 0.39+0.78/0.84/1.4+0.013 ms cpu, 112->112->102 MB, 118 MB goal, 0 MB stacks, 0 MB globals, 4 P
gc 376 @15.932s 3%: 0.12+1.6+0.022 ms clock, 0.50+1.2/1.5/0.49+0.091 ms cpu, 122->122->112 MB, 114 MB goal, 0 MB stacks, 0 MB globals, 4 P
gc 377 @15.934s 3%: 0.10+2.4+0.003 ms clock, 0.43+0.37/1.2/0.74+0.015 ms cpu, 122->122->112 MB, 114 MB goal, 0 MB stacks, 0 MB globals, 4 P
gc 378 @15.938s 3%: 0.44+1.5+0.024 ms clock, 1.7+1.7/1.2/0+0.096 ms cpu, 132->132->112 MB, 112 MB goal, 0 MB stacks, 0 MB globals, 4 P
gc 379 @15.941s 3%: 0.13+2.0+0.029 ms clock, 0.54+1.7/1.2/0.32+0.11 ms cpu, 122->122->112 MB, 114 MB goal, 0 MB stacks, 0 MB globals, 4 P
gc 380 @15.944s 3%: 0.61+4.3+0.005 ms clock, 2.4+1.6/4.3/0+0.022 ms cpu, 142->142->132 MB, 112 MB goal, 0 MB stacks, 0 MB globals, 4 P
gc 381 @15.949s 3%: 0.069+1.9+0.029 ms clock, 0.27+1.7/1.0/0.099+0.11 ms cpu, 132->142->112 MB, 132 MB goal, 0 MB stacks, 0 MB globals, 4 P
gc 382 @15.951s 3%: 0.75+2.3+0.003 ms clock, 3.0+0.56/2.3/0.001+0.012 ms cpu, 112->132->132 MB, 112 MB goal, 0 MB stacks, 0 MB globals, 4 P
gc 383 @15.954s 3%: 0.030+0.97+0.002 ms clock, 0.12+0.47/0.87/1.4+0.010 ms cpu, 132->132->102 MB, 132 MB goal, 0 MB stacks, 0 MB globals, 4 P
gc 384 @15.960s 3%: 0.35+1.5+0.025 ms clock, 1.4+1.0/1.1/0+0.10 ms cpu, 122->122->112 MB, 114 MB goal, 0 MB stacks, 0 MB globals, 4 P
gc 385 @15.962s 3%: 0.17+1.3+0.086 ms clock, 0.69+1.4/0.76/0+0.34 ms cpu, 132->142->132 MB, 112 MB goal, 0 MB stacks, 0 MB globals, 4 P
gc 386 @15.964s 3%: 0.48+2.9+0.027 ms clock, 1.9+0.94/1.8/0+0.10 ms cpu, 132->142->132 MB, 132 MB goal, 0 MB stacks, 0 MB globals, 4 P
gc 387 @15.968s 3%: 0.53+1.5+0.026 ms clock, 2.1+1.5/0.89/0+0.10 ms cpu, 132->132->112 MB, 132 MB goal, 0 MB stacks, 0 MB globals, 4 P
gc 388 @15.970s 3%: 0.80+1.3+0.054 ms clock, 3.2+1.5/0.69/0+0.21 ms cpu, 112->132->132 MB, 112 MB goal, 0 MB stacks, 0 MB globals, 4 P
gc 389 @15.973s 3%: 0.48+3.0+0.032 ms clock, 1.9+1.1/2.1/0.057+0.13 ms cpu, 132->142->122 MB, 132 MB goal, 0 MB stacks, 0 MB globals, 4 P
gc 390 @15.977s 3%: 0.62+2.1+0.003 ms clock, 2.5+0/1.7/2.3+0.013 ms cpu, 122->132->122 MB, 122 MB goal, 0 MB stacks, 0 MB globals, 4 P
gc 391 @15.979s 3%: 0.18+1.3+0.060 ms clock, 0.75+1.3/0.83/0+0.24 ms cpu, 122->142->122 MB, 122 MB goal, 0 MB stacks, 0 MB globals, 4 P
gc 392 @15.981s 3%: 0.49+1.5+0.23 ms clock, 1.9+1.6/0.89/0+0.92 ms cpu, 122->142->132 MB, 122 MB goal, 0 MB stacks, 0 MB globals, 4 P
gc 393 @15.984s 3%: 0.60+2.5+0.054 ms clock, 2.4+1.2/1.8/0+0.21 ms cpu, 132->142->132 MB, 132 MB goal, 0 MB stacks, 0 MB globals, 4 P
gc 394 @15.988s 3%: 0.096+1.3+0.051 ms clock, 0.38+0.16/1.1/1.3+0.20 ms cpu, 142->142->122 MB, 132 MB goal, 0 MB stacks, 0 MB globals, 4 P
gc 395 @15.989s 3%: 0.042+0.97+0.002 ms clock, 0.16+0.28/0.85/1.2+0.011 ms cpu, 122->122->102 MB, 122 MB goal, 0 MB stacks, 0 MB globals, 4 P
gc 396 @16.738s 2%: 0.10+1.0+0.004 ms clock, 0.41+0.24/0.93/2.0+0.018 ms cpu, 122->122->102 MB, 130 MB goal, 0 MB stacks, 0 MB globals, 4 P
gc 397 @16.741s 2%: 0.040+1.0+0.004 ms clock, 0.16+1.6/0.91/0.80+0.017 ms cpu, 102->102->102 MB, 105 MB goal, 0 MB stacks, 0 MB globals, 4 P
gc 398 @16.742s 2%: 0.18+3.6+0.040 ms clock, 0.72+1.7/2.4/0+0.16 ms cpu, 112->122->122 MB, 102 MB goal, 0 MB stacks, 0 MB globals, 4 P
gc 399 @16.746s 2%: 0.075+0.97+0.004 ms clock, 0.30+1.7/0.95/0.093+0.017 ms cpu, 122->122->112 MB, 122 MB goal, 0 MB stacks, 0 MB globals, 4 P
gc 400 @16.748s 3%: 0.57+2.9+0.034 ms clock, 2.3+2.6/2.1/0.083+0.13 ms cpu, 132->132->122 MB, 112 MB goal, 0 MB stacks, 0 MB globals, 4 P
gc 401 @16.752s 3%: 0.86+2.3+0.028 ms clock, 3.4+1.8/1.4/0.056+0.11 ms cpu, 122->132->122 MB, 122 MB goal, 0 MB stacks, 0 MB globals, 4 P
gc 402 @16.757s 3%: 0.49+1.2+0.028 ms clock, 1.9+2.0/1.0/0+0.11 ms cpu, 142->142->122 MB, 122 MB goal, 0 MB stacks, 0 MB globals, 4 P
gc 403 @16.759s 3%: 0.62+2.0+0.059 ms clock, 2.5+1.4/1.3/0+0.23 ms cpu, 122->132->122 MB, 122 MB goal, 0 MB stacks, 0 MB globals, 4 P
gc 404 @16.762s 3%: 0.50+2.8+0.005 ms clock, 2.0+1.0/1.1/0+0.021 ms cpu, 132->132->122 MB, 122 MB goal, 0 MB stacks, 0 MB globals, 4 P
gc 405 @16.766s 3%: 0.25+2.0+0.016 ms clock, 1.0+1.2/1.2/0.070+0.065 ms cpu, 122->132->112 MB, 122 MB goal, 0 MB stacks, 0 MB globals, 4 P
gc 406 @16.770s 3%: 0.37+1.2+0.060 ms clock, 1.5+1.6/0.87/0+0.24 ms cpu, 142->142->132 MB, 112 MB goal, 0 MB stacks, 0 MB globals, 4 P
gc 407 @16.772s 3%: 0.43+2.1+0.023 ms clock, 1.7+2.0/1.4/0.034+0.093 ms cpu, 132->142->122 MB, 132 MB goal, 0 MB stacks, 0 MB globals, 4 P
gc 408 @16.776s 3%: 0.20+2.1+0.085 ms clock, 0.80+1.1/1.1/0+0.34 ms cpu, 122->142->132 MB, 122 MB goal, 0 MB stacks, 0 MB globals, 4 P
gc 409 @16.779s 3%: 0.090+1.2+0.002 ms clock, 0.36+2.1/1.2/0.66+0.010 ms cpu, 132->132->102 MB, 132 MB goal, 0 MB stacks, 0 MB globals, 4 P
gc 410 @16.781s 3%: 0.17+1.6+0.061 ms clock, 0.71+1.5/1.4/0+0.24 ms cpu, 102->122->122 MB, 102 MB goal, 0 MB stacks, 0 MB globals, 4 P
gc 411 @16.783s 3%: 0.071+1.2+0.003 ms clock, 0.28+0.14/1.0/1.3+0.014 ms cpu, 122->122->112 MB, 122 MB goal, 0 MB stacks, 0 MB globals, 4 P
gc 412 @16.785s 3%: 0.017+1.3+0.025 ms clock, 0.068+0.61/0.63/1.1+0.10 ms cpu, 112->122->112 MB, 112 MB goal, 0 MB stacks, 0 MB globals, 4 P
gc 413 @16.787s 3%: 0.51+1.6+0.023 ms clock, 2.0+0.60/1.1/1.2+0.093 ms cpu, 112->112->112 MB, 118 MB goal, 0 MB stacks, 0 MB globals, 4 P
gc 414 @16.790s 3%: 0.072+2.4+0.61 ms clock, 0.29+0.098/2.3/1.7+2.4 ms cpu, 122->122->112 MB, 114 MB goal, 0 MB stacks, 0 MB globals, 4 P
gc 415 @16.795s 3%: 0.11+2.3+0.56 ms clock, 0.47+1.3/1.7/0+2.2 ms cpu, 132->132->122 MB, 112 MB goal, 0 MB stacks, 0 MB globals, 4 P
gc 416 @16.798s 3%: 0.55+1.4+0.003 ms clock, 2.2+0.35/1.2/1.8+0.012 ms cpu, 122->122->112 MB, 122 MB goal, 0 MB stacks, 0 MB globals, 4 P
gc 417 @16.810s 3%: 0.49+1.2+0.032 ms clock, 1.9+1.1/1.1/0+0.13 ms cpu, 132->132->112 MB, 112 MB goal, 0 MB stacks, 0 MB globals, 4 P
gc 418 @16.812s 3%: 0.68+2.3+0.065 ms clock, 2.7+2.5/1.6/0+0.26 ms cpu, 112->122->122 MB, 114 MB goal, 0 MB stacks, 0 MB globals, 4 P
gc 419 @16.815s 3%: 0.63+2.7+0.69 ms clock, 2.5+1.5/1.5/0+2.7 ms cpu, 142->142->132 MB, 122 MB goal, 0 MB stacks, 0 MB globals, 4 P
gc 420 @16.820s 3%: 0.11+3.1+0.58 ms clock, 0.44+2.2/2.6/0.94+2.3 ms cpu, 132->152->132 MB, 155 MB goal, 0 MB stacks, 0 MB globals, 4 P
gc 421 @16.825s 3%: 0.45+4.0+0.035 ms clock, 1.8+0.15/2.7/0.70+0.14 ms cpu, 152->162->142 MB, 149 MB goal, 0 MB stacks, 0 MB globals, 4 P
gc 422 @16.830s 3%: 0.12+3.4+0.041 ms clock, 0.50+0.14/2.0/1.8+0.16 ms cpu, 152->152->122 MB, 155 MB goal, 0 MB stacks, 0 MB globals, 4 P
gc 423 @16.844s 3%: 0.055+0.94+0.003 ms clock, 0.22+0.53/0.79/1.7+0.014 ms cpu, 152->152->102 MB, 155 MB goal, 0 MB stacks, 0 MB globals, 4 P
gc 424 @16.855s 3%: 0.72+2.4+0.035 ms clock, 2.8+0/1.7/2.5+0.14 ms cpu, 152->152->112 MB, 155 MB goal, 0 MB stacks, 0 MB globals, 4 P
gc 425 @16.868s 3%: 0.067+1.2+0.006 ms clock, 0.27+0.17/1.0/2.8+0.024 ms cpu, 152->152->102 MB, 155 MB goal, 0 MB stacks, 0 MB globals, 4 P
gc 426 @16.881s 3%: 0.072+0.88+0.004 ms clock, 0.28+0/0.83/2.2+0.019 ms cpu, 142->142->102 MB, 155 MB goal, 0 MB stacks, 0 MB globals, 4 P
gc 427 @16.885s 3%: 0.046+2.3+0.004 ms clock, 0.18+1.5/1.0/2.1+0.019 ms cpu, 102->102->102 MB, 105 MB goal, 0 MB stacks, 0 MB globals, 4 P
gc 428 @16.888s 3%: 0.15+2.3+0.039 ms clock, 0.63+1.4/1.6/0+0.15 ms cpu, 112->122->122 MB, 102 MB goal, 0 MB stacks, 0 MB globals, 4 P
gc 429 @16.891s 3%: 0.60+3.1+0.033 ms clock, 2.4+0.57/1.6/1.2+0.13 ms cpu, 122->132->122 MB, 122 MB goal, 0 MB stacks, 0 MB globals, 4 P
gc 430 @16.897s 3%: 0.10+1.3+0.004 ms clock, 0.41+1.2/1.2/1.0+0.019 ms cpu, 132->132->112 MB, 122 MB goal, 0 MB stacks, 0 MB globals, 4 P
gc 431 @16.899s 3%: 0.79+2.5+0.60 ms clock, 3.1+2.0/1.1/0+2.4 ms cpu, 122->122->112 MB, 112 MB goal, 0 MB stacks, 0 MB globals, 4 P
gc 432 @16.906s 3%: 0.23+1.2+0.006 ms clock, 0.93+2.2/1.1/0+0.025 ms cpu, 132->132->122 MB, 112 MB goal, 0 MB stacks, 0 MB globals, 4 P
gc 433 @16.908s 3%: 0.092+4.8+0.004 ms clock, 0.36+1.1/1.1/0.33+0.018 ms cpu, 122->132->112 MB, 122 MB goal, 0 MB stacks, 0 MB globals, 4 P
gc 434 @16.924s 3%: 0.55+2.0+0.026 ms clock, 2.2+1.9/1.0/0+0.10 ms cpu, 132->132->122 MB, 112 MB goal, 0 MB stacks, 0 MB globals, 4 P
gc 435 @16.927s 3%: 0.53+1.4+0.095 ms clock, 2.1+1.3/1.2/0+0.38 ms cpu, 122->122->112 MB, 122 MB goal, 0 MB stacks, 0 MB globals, 4 P
gc 436 @16.929s 3%: 0.068+3.1+0.59 ms clock, 0.27+1.5/0.83/0+2.3 ms cpu, 132->132->122 MB, 112 MB goal, 0 MB stacks, 0 MB globals, 4 P
gc 437 @16.933s 3%: 0.52+1.0+0.021 ms clock, 2.0+1.5/0.86/0+0.086 ms cpu, 122->122->102 MB, 122 MB goal, 0 MB stacks, 0 MB globals, 4 P
gc 438 @16.937s 3%: 0.61+2.9+0.53 ms clock, 2.4+1.8/1.9/0+2.1 ms cpu, 142->142->142 MB, 102 MB goal, 0 MB stacks, 0 MB globals, 4 P
gc 439 @16.941s 3%: 0.43+2.6+0.035 ms clock, 1.7+2.0/1.1/0+0.14 ms cpu, 142->152->122 MB, 142 MB goal, 0 MB stacks, 0 MB globals, 4 P
gc 440 @16.945s 3%: 0.71+1.8+0.044 ms clock, 2.8+1.5/1.6/0+0.17 ms cpu, 122->132->122 MB, 122 MB goal, 0 MB stacks, 0 MB globals, 4 P
gc 441 @16.947s 3%: 0.27+1.2+0.049 ms clock, 1.1+1.6/1.0/0+0.19 ms cpu, 122->142->122 MB, 122 MB goal, 0 MB stacks, 0 MB globals, 4 P
gc 442 @16.956s 3%: 0.041+1.5+0.006 ms clock, 0.16+1.2/1.1/0+0.024 ms cpu, 122->122->122 MB, 122 MB goal, 0 MB stacks, 0 MB globals, 4 P
gc 443 @16.958s 3%: 0.25+8.0+0.008 ms clock, 1.0+1.9/8.0/0+0.033 ms cpu, 122->152->132 MB, 122 MB goal, 0 MB stacks, 0 MB globals, 4 P
gc 444 @16.966s 3%: 0.063+1.9+0.033 ms clock, 0.25+1.1/1.1/0+0.13 ms cpu, 132->142->112 MB, 132 MB goal, 0 MB stacks, 0 MB globals, 4 P
gc 445 @16.969s 3%: 0.69+2.7+0.028 ms clock, 2.7+1.7/2.3/0+0.11 ms cpu, 112->132->132 MB, 112 MB goal, 0 MB stacks, 0 MB globals, 4 P
gc 446 @16.973s 3%: 0.54+1.9+0.030 ms clock, 2.1+1.2/1.2/0+0.12 ms cpu, 132->132->112 MB, 132 MB goal, 0 MB stacks, 0 MB globals, 4 P
gc 447 @16.975s 3%: 0.23+2.7+0.060 ms clock, 0.92+1.6/1.8/0+0.24 ms cpu, 112->142->132 MB, 112 MB goal, 0 MB stacks, 0 MB globals, 4 P
gc 448 @16.979s 3%: 0.59+2.7+0.79 ms clock, 2.3+2.6/1.9/0+3.1 ms cpu, 132->152->132 MB, 132 MB goal, 0 MB stacks, 0 MB globals, 4 P
gc 449 @16.984s 3%: 0.63+2.7+0.042 ms clock, 2.5+2.6/1.7/0+0.16 ms cpu, 132->142->132 MB, 132 MB goal, 0 MB stacks, 0 MB globals, 4 P
gc 450 @16.988s 3%: 0.66+1.5+0.56 ms clock, 2.6+1.0/1.1/0+2.2 ms cpu, 132->142->122 MB, 132 MB goal, 0 MB stacks, 0 MB globals, 4 P
gc 451 @16.991s 3%: 0.20+2.9+0.006 ms clock, 0.83+1.3/1.5/0+0.025 ms cpu, 122->132->122 MB, 122 MB goal, 0 MB stacks, 0 MB globals, 4 P
gc 452 @16.994s 3%: 0.18+1.6+0.079 ms clock, 0.75+1.6/0.90/0+0.31 ms cpu, 122->142->122 MB, 122 MB goal, 0 MB stacks, 0 MB globals, 4 P
gc 453 @16.997s 3%: 0.21+3.0+0.55 ms clock, 0.87+1.6/2.2/0+2.2 ms cpu, 122->152->142 MB, 122 MB goal, 0 MB stacks, 0 MB globals, 4 P
gc 454 @17.001s 3%: 0.66+3.6+0.027 ms clock, 2.6+3.2/2.9/0+0.10 ms cpu, 142->152->132 MB, 142 MB goal, 0 MB stacks, 0 MB globals, 4 P
gc 455 @17.005s 3%: 0.69+2.9+0.028 ms clock, 2.7+1.2/2.1/0+0.11 ms cpu, 132->152->122 MB, 132 MB goal, 0 MB stacks, 0 MB globals, 4 P
gc 456 @17.011s 3%: 0.15+2.7+0.17 ms clock, 0.62+2.5/1.3/0+0.70 ms cpu, 152->162->132 MB, 122 MB goal, 0 MB stacks, 0 MB globals, 4 P
gc 457 @17.014s 3%: 0.59+3.0+0.059 ms clock, 2.3+1.5/2.7/0+0.23 ms cpu, 132->142->132 MB, 132 MB goal, 0 MB stacks, 0 MB globals, 4 P
gc 458 @17.018s 3%: 0.19+4.6+0.004 ms clock, 0.79+1.5/4.3/0.14+0.017 ms cpu, 132->152->132 MB, 132 MB goal, 0 MB stacks, 0 MB globals, 4 P
gc 459 @17.023s 3%: 0.025+0.89+0.004 ms clock, 0.10+0.66/0.86/1.4+0.016 ms cpu, 132->132->102 MB, 132 MB goal, 0 MB stacks, 0 MB globals, 4 P
gc 460 @17.025s 3%: 0.019+1.1+0.003 ms clock, 0.076+0.24/0.94/2.0+0.013 ms cpu, 102->102->102 MB, 105 MB goal, 0 MB stacks, 0 MB globals, 4 P
gc 461 @17.743s 3%: 0.65+0.91+0.003 ms clock, 2.6+0.83/0.80/1.3+0.015 ms cpu, 122->122->112 MB, 102 MB goal, 0 MB stacks, 0 MB globals, 4 P
gc 462 @17.745s 3%: 0.060+1.4+0.003 ms clock, 0.24+0.24/1.2/1.8+0.014 ms cpu, 112->112->102 MB, 118 MB goal, 0 MB stacks, 0 MB globals, 4 P
gc 463 @17.751s 3%: 0.36+1.0+0.005 ms clock, 1.4+2.7/1.0/0.061+0.020 ms cpu, 122->122->102 MB, 114 MB goal, 0 MB stacks, 0 MB globals, 4 P
gc 464 @17.755s 3%: 0.56+1.5+0.014 ms clock, 2.2+0.15/1.1/2.0+0.059 ms cpu, 122->122->112 MB, 114 MB goal, 0 MB stacks, 0 MB globals, 4 P
gc 465 @17.761s 3%: 0.082+0.94+0.003 ms clock, 0.33+0.14/0.78/2.1+0.013 ms cpu, 122->122->102 MB, 114 MB goal, 0 MB stacks, 0 MB globals, 4 P
gc 466 @17.765s 3%: 0.068+0.91+0.004 ms clock, 0.27+0.17/0.81/2.1+0.016 ms cpu, 102->102->102 MB, 105 MB goal, 0 MB stacks, 0 MB globals, 4 P
gc 467 @17.766s 3%: 0.14+2.3+0.048 ms clock, 0.57+1.6/1.5/0+0.19 ms cpu, 112->122->122 MB, 102 MB goal, 0 MB stacks, 0 MB globals, 4 P
gc 468 @17.769s 3%: 0.41+1.8+0.002 ms clock, 1.6+1.4/1.7/0.16+0.011 ms cpu, 122->122->112 MB, 122 MB goal, 0 MB stacks, 0 MB globals, 4 P
gc 469 @17.773s 3%: 0.58+1.0+0.016 ms clock, 2.3+1.6/0.86/0+0.066 ms cpu, 132->132->112 MB, 112 MB goal, 0 MB stacks, 0 MB globals, 4 P
gc 470 @17.775s 3%: 0.41+1.3+0.57 ms clock, 1.6+2.0/1.2/0+2.3 ms cpu, 112->122->122 MB, 112 MB goal, 0 MB stacks, 0 MB globals, 4 P
gc 471 @17.778s 3%: 0.69+2.8+0.58 ms clock, 2.7+2.4/1.9/0+2.3 ms cpu, 132->142->132 MB, 122 MB goal, 0 MB stacks, 0 MB globals, 4 P
gc 472 @17.782s 3%: 0.55+2.4+0.038 ms clock, 2.2+1.9/1.4/0+0.15 ms cpu, 132->132->122 MB, 132 MB goal, 0 MB stacks, 0 MB globals, 4 P
gc 473 @17.786s 3%: 0.76+5.3+0.030 ms clock, 3.0+1.8/4.7/0+0.12 ms cpu, 142->172->152 MB, 122 MB goal, 0 MB stacks, 0 MB globals, 4 P
gc 474 @17.793s 3%: 0.53+2.9+0.041 ms clock, 2.1+1.4/1.2/0+0.16 ms cpu, 152->162->122 MB, 152 MB goal, 0 MB stacks, 0 MB globals, 4 P
gc 475 @17.797s 3%: 0.59+2.3+0.037 ms clock, 2.3+0.041/2.1/2.2+0.15 ms cpu, 122->132->122 MB, 122 MB goal, 0 MB stacks, 0 MB globals, 4 P
gc 476 @17.800s 3%: 0.096+1.3+0.003 ms clock, 0.38+1.7/1.1/0.15+0.015 ms cpu, 122->122->102 MB, 130 MB goal, 0 MB stacks, 0 MB globals, 4 P
gc 477 @17.803s 3%: 0.47+2.5+0.003 ms clock, 1.8+0.43/2.3/1.7+0.014 ms cpu, 132->132->112 MB, 130 MB goal, 0 MB stacks, 0 MB globals, 4 P
gc 478 @17.816s 3%: 0.11+1.6+0.027 ms clock, 0.47+0.19/1.2/0.94+0.11 ms cpu, 132->132->112 MB, 129 MB goal, 0 MB stacks, 0 MB globals, 4 P
gc 479 @17.820s 3%: 0.039+1.0+0.004 ms clock, 0.15+0.89/0.95/0.84+0.017 ms cpu, 112->112->102 MB, 118 MB goal, 0 MB stacks, 0 MB globals, 4 P
gc 480 @17.821s 3%: 0.095+2.9+0.043 ms clock, 0.38+0.47/2.1/1.4+0.17 ms cpu, 122->122->122 MB, 114 MB goal, 0 MB stacks, 0 MB globals, 4 P
gc 481 @17.825s 3%: 0.13+2.3+0.023 ms clock, 0.53+0.074/1.3/1.8+0.093 ms cpu, 122->132->112 MB, 122 MB goal, 0 MB stacks, 0 MB globals, 4 P
gc 482 @17.829s 3%: 0.63+1.5+0.66 ms clock, 2.5+1.3/1.4/0+2.6 ms cpu, 142->142->132 MB, 112 MB goal, 0 MB stacks, 0 MB globals, 4 P
gc 483 @17.832s 3%: 0.48+2.8+0.030 ms clock, 1.9+0.92/1.3/0+0.12 ms cpu, 132->142->142 MB, 132 MB goal, 0 MB stacks, 0 MB globals, 4 P
gc 484 @17.838s 3%: 0.57+2.5+0.033 ms clock, 2.2+1.1/1.1/0+0.13 ms cpu, 162->162->122 MB, 142 MB goal, 0 MB stacks, 0 MB globals, 4 P
gc 485 @17.841s 3%: 0.075+2.1+0.026 ms clock, 0.30+2.3/1.2/0.14+0.10 ms cpu, 122->132->112 MB, 122 MB goal, 0 MB stacks, 0 MB globals, 4 P
gc 486 @17.845s 3%: 0.078+2.8+0.096 ms clock, 0.31+2.2/2.1/0+0.38 ms cpu, 122->122->112 MB, 114 MB goal, 0 MB stacks, 0 MB globals, 4 P
gc 487 @17.849s 3%: 0.24+1.6+0.31 ms clock, 0.98+1.6/0.84/0+1.2 ms cpu, 112->132->122 MB, 112 MB goal, 0 MB stacks, 0 MB globals, 4 P
gc 488 @17.851s 3%: 0.58+3.1+0.030 ms clock, 2.3+1.5/2.2/0.60+0.12 ms cpu, 122->132->132 MB, 122 MB goal, 0 MB stacks, 0 MB globals, 4 P
gc 489 @17.857s 3%: 0.37+1.7+0.025 ms clock, 1.4+1.1/1.1/0.63+0.10 ms cpu, 142->142->112 MB, 132 MB goal, 0 MB stacks, 0 MB globals, 4 P
gc 490 @17.860s 3%: 0.31+1.3+0.048 ms clock, 1.2+0.88/1.1/0.84+0.19 ms cpu, 112->122->112 MB, 114 MB goal, 0 MB stacks, 0 MB globals, 4 P
gc 491 @17.862s 3%: 0.63+2.6+0.18 ms clock, 2.5+1.2/1.6/0+0.75 ms cpu, 132->142->132 MB, 112 MB goal, 0 MB stacks, 0 MB globals, 4 P
gc 492 @17.866s 3%: 0.60+2.6+0.079 ms clock, 2.4+1.8/1.9/0+0.31 ms cpu, 132->142->132 MB, 132 MB goal, 0 MB stacks, 0 MB globals, 4 P
gc 493 @17.870s 3%: 0.075+2.4+0.52 ms clock, 0.30+1.0/1.7/0.68+2.1 ms cpu, 132->142->122 MB, 132 MB goal, 0 MB stacks, 0 MB globals, 4 P
gc 494 @17.873s 3%: 0.64+1.8+0.56 ms clock, 2.5+1.1/1.4/1.5+2.2 ms cpu, 122->132->122 MB, 122 MB goal, 0 MB stacks, 0 MB globals, 4 P
gc 495 @17.877s 3%: 0.10+2.4+0.023 ms clock, 0.42+2.8/2.0/0.42+0.095 ms cpu, 122->122->112 MB, 122 MB goal, 0 MB stacks, 0 MB globals, 4 P
gc 496 @17.880s 3%: 0.58+3.0+0.57 ms clock, 2.3+1.1/2.8/0.83+2.2 ms cpu, 122->122->112 MB, 114 MB goal, 0 MB stacks, 0 MB globals, 4 P
gc 497 @17.885s 3%: 0.37+1.8+0.042 ms clock, 1.4+1.4/1.6/0+0.17 ms cpu, 132->132->122 MB, 112 MB goal, 0 MB stacks, 0 MB globals, 4 P
gc 498 @17.888s 3%: 0.46+1.4+0.003 ms clock, 1.8+0.24/1.3/1.4+0.015 ms cpu, 122->122->112 MB, 122 MB goal, 0 MB stacks, 0 MB globals, 4 P
gc 499 @17.895s 3%: 0.62+1.5+0.034 ms clock, 2.5+1.1/1.2/1.2+0.13 ms cpu, 122->122->112 MB, 114 MB goal, 0 MB stacks, 0 MB globals, 4 P
gc 500 @17.899s 3%: 0.068+3.2+0.004 ms clock, 0.27+1.2/1.2/0.002+0.017 ms cpu, 122->122->112 MB, 130 MB goal, 0 MB stacks, 0 MB globals, 4 P
gc 501 @17.906s 3%: 0.054+0.90+0.003 ms clock, 0.21+0.25/0.83/1.8+0.013 ms cpu, 132->132->102 MB, 129 MB goal, 0 MB stacks, 0 MB globals, 4 P
gc 502 @17.911s 3%: 0.32+1.0+0.004 ms clock, 1.3+0.51/1.0/1.8+0.017 ms cpu, 132->132->102 MB, 129 MB goal, 0 MB stacks, 0 MB globals, 4 P
gc 503 @17.928s 3%: 0.058+1.0+0.004 ms clock, 0.23+0/0.97/2.5+0.016 ms cpu, 122->122->102 MB, 130 MB goal, 0 MB stacks, 0 MB globals, 4 P
gc 504 @17.935s 3%: 0.036+1.2+0.003 ms clock, 0.14+0.88/1.0/1.7+0.012 ms cpu, 102->102->102 MB, 105 MB goal, 0 MB stacks, 0 MB globals, 4 P
gc 505 @17.937s 3%: 0.21+2.3+0.077 ms clock, 0.84+1.5/1.6/0+0.30 ms cpu, 112->122->122 MB, 102 MB goal, 0 MB stacks, 0 MB globals, 4 P
gc 506 @17.940s 3%: 0.67+2.1+0.004 ms clock, 2.6+1.8/1.5/0+0.018 ms cpu, 122->122->112 MB, 122 MB goal, 0 MB stacks, 0 MB globals, 4 P
gc 507 @17.943s 3%: 0.23+4.0+0.037 ms clock, 0.92+1.3/3.4/0+0.14 ms cpu, 132->142->122 MB, 112 MB goal, 0 MB stacks, 0 MB globals, 4 P
gc 508 @17.948s 3%: 0.088+1.2+0.003 ms clock, 0.35+2.0/1.0/0+0.013 ms cpu, 122->122->102 MB, 130 MB goal, 0 MB stacks, 0 MB globals, 4 P
gc 509 @17.951s 3%: 0.34+1.9+0.003 ms clock, 1.3+0.30/1.7/1.3+0.012 ms cpu, 132->132->122 MB, 129 MB goal, 0 MB stacks, 0 MB globals, 4 P
gc 510 @17.961s 3%: 0.076+0.87+0.005 ms clock, 0.30+1.0/0.75/0.73+0.021 ms cpu, 142->142->102 MB, 122 MB goal, 0 MB stacks, 0 MB globals, 4 P
gc 511 @17.965s 3%: 0.047+0.86+0.003 ms clock, 0.19+0.77/0.76/1.4+0.015 ms cpu, 102->102->102 MB, 105 MB goal, 0 MB stacks, 0 MB globals, 4 P
gc 512 @17.966s 3%: 0.097+3.7+0.004 ms clock, 0.39+4.2/1.1/0.74+0.016 ms cpu, 112->112->112 MB, 102 MB goal, 0 MB stacks, 0 MB globals, 4 P
gc 513 @17.974s 3%: 0.041+1.0+0.003 ms clock, 0.16+1.3/0.81/0.60+0.013 ms cpu, 122->122->112 MB, 112 MB goal, 0 MB stacks, 0 MB globals, 4 P
gc 514 @17.976s 3%: 0.14+1.3+0.057 ms clock, 0.59+1.6/0.83/0+0.23 ms cpu, 112->132->122 MB, 112 MB goal, 0 MB stacks, 0 MB globals, 4 P
gc 515 @17.977s 3%: 0.53+2.4+0.031 ms clock, 2.1+1.1/1.2/0.84+0.12 ms cpu, 122->132->122 MB, 122 MB goal, 0 MB stacks, 0 MB globals, 4 P
gc 516 @17.981s 3%: 0.69+2.4+0.57 ms clock, 2.7+1.4/2.3/0+2.3 ms cpu, 122->132->122 MB, 122 MB goal, 0 MB stacks, 0 MB globals, 4 P
gc 517 @17.984s 3%: 0.18+1.5+0.056 ms clock, 0.74+1.0/1.0/0+0.22 ms cpu, 122->142->132 MB, 122 MB goal, 0 MB stacks, 0 MB globals, 4 P
gc 518 @17.987s 3%: 0.55+2.3+0.063 ms clock, 2.2+1.3/1.6/0+0.25 ms cpu, 132->142->122 MB, 132 MB goal, 0 MB stacks, 0 MB globals, 4 P
gc 519 @17.990s 3%: 0.20+2.1+0.042 ms clock, 0.83+1.0/0.92/0+0.16 ms cpu, 122->142->122 MB, 122 MB goal, 0 MB stacks, 0 MB globals, 4 P
gc 520 @17.992s 3%: 0.50+2.0+0.004 ms clock, 2.0+1.0/1.3/0+0.018 ms cpu, 122->122->112 MB, 122 MB goal, 0 MB stacks, 0 MB globals, 4 P
gc 521 @17.998s 3%: 0.25+0.87+0.003 ms clock, 1.0+1.0/0.81/0.70+0.012 ms cpu, 122->122->102 MB, 112 MB goal, 0 MB stacks, 0 MB globals, 4 P
gc 522 @18.000s 3%: 0.23+2.8+0.025 ms clock, 0.93+1.4/2.2/0+0.10 ms cpu, 102->122->122 MB, 102 MB goal, 0 MB stacks, 0 MB globals, 4 P
gc 523 @18.003s 3%: 0.61+1.9+0.023 ms clock, 2.4+0.30/1.1/1.6+0.092 ms cpu, 122->132->112 MB, 122 MB goal, 0 MB stacks, 0 MB globals, 4 P
gc 524 @18.008s 3%: 0.25+1.2+0.55 ms clock, 1.0+1.9/1.1/0+2.2 ms cpu, 132->132->112 MB, 112 MB goal, 0 MB stacks, 0 MB globals, 4 P
gc 525 @18.011s 3%: 0.10+4.7+0.083 ms clock, 0.43+1.0/1.0/0.78+0.33 ms cpu, 112->122->112 MB, 112 MB goal, 0 MB stacks, 0 MB globals, 4 P
gc 526 @18.016s 3%: 0.25+1.9+0.59 ms clock, 1.0+2.0/1.0/0+2.3 ms cpu, 112->132->122 MB, 112 MB goal, 0 MB stacks, 0 MB globals, 4 P
gc 527 @18.019s 3%: 0.58+3.1+0.22 ms clock, 2.3+1.8/1.6/0+0.91 ms cpu, 122->152->152 MB, 134 MB goal, 0 MB stacks, 0 MB globals, 4 P
gc 528 @18.025s 3%: 0.26+2.2+0.027 ms clock, 1.0+1.9/1.6/0+0.11 ms cpu, 162->162->112 MB, 152 MB goal, 0 MB stacks, 0 MB globals, 4 P
gc 529 @18.030s 3%: 0.40+2.1+0.38 ms clock, 1.6+1.4/0.95/0+1.5 ms cpu, 142->162->132 MB, 125 MB goal, 0 MB stacks, 0 MB globals, 4 P
gc 530 @18.033s 3%: 0.51+2.5+0.049 ms clock, 2.0+1.1/1.1/0+0.19 ms cpu, 132->142->132 MB, 143 MB goal, 0 MB stacks, 0 MB globals, 4 P
gc 531 @18.750s 3%: 0.22+1.1+0.006 ms clock, 0.89+1.3/1.0/1.0+0.025 ms cpu, 152->152->112 MB, 135 MB goal, 0 MB stacks, 0 MB globals, 4 P
gc 532 @18.754s 3%: 0.037+1.0+0.004 ms clock, 0.14+1.7/0.91/0.78+0.016 ms cpu, 112->112->102 MB, 118 MB goal, 0 MB stacks, 0 MB globals, 4 P
gc 533 @18.756s 3%: 0.11+3.1+0.69 ms clock, 0.47+0.59/2.7/0+2.7 ms cpu, 122->122->122 MB, 114 MB goal, 0 MB stacks, 0 MB globals, 4 P
gc 534 @18.760s 3%: 0.13+2.1+0.56 ms clock, 0.53+1.6/1.3/0.068+2.2 ms cpu, 122->132->112 MB, 122 MB goal, 0 MB stacks, 0 MB globals, 4 P
gc 535 @18.763s 3%: 0.74+2.0+0.003 ms clock, 2.9+1.6/1.9/0.39+0.013 ms cpu, 112->122->122 MB, 114 MB goal, 0 MB stacks, 0 MB globals, 4 P
gc 536 @18.766s 3%: 0.19+2.1+0.028 ms clock, 0.76+0.10/1.1/2.0+0.11 ms cpu, 122->132->112 MB, 143 MB goal, 0 MB stacks, 0 MB globals, 4 P
gc 537 @18.778s 3%: 0.29+0.84+0.003 ms clock, 1.1+0.81/0.75/0.95+0.012 ms cpu, 142->142->102 MB, 143 MB goal, 0 MB stacks, 0 MB globals, 4 P
gc 538 @18.786s 3%: 0.12+2.1+0.003 ms clock, 0.48+0.19/2.0/1.9+0.012 ms cpu, 132->132->112 MB, 143 MB goal, 0 MB stacks, 0 MB globals, 4 P
gc 539 @18.795s 3%: 0.15+1.2+0.072 ms clock, 0.61+1.1/1.1/0+0.28 ms cpu, 142->142->132 MB, 143 MB goal, 0 MB stacks, 0 MB globals, 4 P
gc 540 @18.798s 3%: 0.13+1.9+0.045 ms clock, 0.55+1.6/1.5/0+0.18 ms cpu, 142->162->132 MB, 149 MB goal, 0 MB stacks, 0 MB globals, 4 P
gc 541 @18.802s 3%: 0.23+3.1+0.38 ms clock, 0.94+0/2.1/2.4+1.5 ms cpu, 152->172->152 MB, 140 MB goal, 0 MB stacks, 0 MB globals, 4 P
gc 542 @18.808s 3%: 0.52+3.2+0.003 ms clock, 2.0+0/3.2/2.6+0.014 ms cpu, 162->162->122 MB, 152 MB goal, 0 MB stacks, 0 MB globals, 4 P
gc 543 @18.826s 3%: 0.12+1.1+0.003 ms clock, 0.50+0.98/0.95/0.87+0.014 ms cpu, 152->152->112 MB, 155 MB goal, 0 MB stacks, 0 MB globals, 4 P
gc 544 @18.839s 3%: 0.63+1.5+0.045 ms clock, 2.5+0.21/1.4/2.2+0.18 ms cpu, 162->162->112 MB, 149 MB goal, 0 MB stacks, 0 MB globals, 4 P
gc 545 @18.850s 3%: 0.12+1.6+0.022 ms clock, 0.51+0/1.1/2.0+0.090 ms cpu, 162->162->112 MB, 149 MB goal, 0 MB stacks, 0 MB globals, 4 P
gc 546 @18.853s 3%: 0.084+1.0+0.003 ms clock, 0.33+0.26/0.83/2.0+0.015 ms cpu, 112->112->102 MB, 118 MB goal, 0 MB stacks, 0 MB globals, 4 P
gc 547 @18.854s 3%: 0.069+0.79+0.003 ms clock, 0.27+1.3/0.70/0.69+0.014 ms cpu, 102->102->102 MB, 105 MB goal, 0 MB stacks, 0 MB globals, 4 P
gc 548 @18.856s 3%: 0.15+2.2+0.046 ms clock, 0.63+1.7/1.6/0+0.18 ms cpu, 112->122->122 MB, 102 MB goal, 0 MB stacks, 0 MB globals, 4 P
gc 549 @18.858s 3%: 0.49+2.0+0.004 ms clock, 1.9+1.0/1.0/0+0.017 ms cpu, 122->122->122 MB, 122 MB goal, 0 MB stacks, 0 MB globals, 4 P
gc 550 @18.864s 3%: 0.087+0.79+0.003 ms clock, 0.35+1.2/0.73/0.46+0.012 ms cpu, 142->142->102 MB, 122 MB goal, 0 MB stacks, 0 MB globals, 4 P
gc 551 @18.866s 3%: 0.024+1.1+0.002 ms clock, 0.096+0.83/0.97/1.4+0.011 ms cpu, 102->102->102 MB, 105 MB goal, 0 MB stacks, 0 MB globals, 4 P
gc 552 @18.868s 3%: 0.069+1.5+0.023 ms clock, 0.27+1.4/0.98/0+0.093 ms cpu, 112->112->112 MB, 102 MB goal, 0 MB stacks, 0 MB globals, 4 P
gc 553 @18.870s 3%: 0.16+2.1+0.059 ms clock, 0.66+1.3/1.2/0+0.23 ms cpu, 112->132->132 MB, 112 MB goal, 0 MB stacks, 0 MB globals, 4 P
gc 554 @18.873s 3%: 0.43+2.5+0.055 ms clock, 1.7+0.81/1.6/0.27+0.22 ms cpu, 132->142->122 MB, 132 MB goal, 0 MB stacks, 0 MB globals, 4 P
gc 555 @18.878s 3%: 0.32+1.3+0.003 ms clock, 1.2+1.1/1.1/0.70+0.015 ms cpu, 132->132->112 MB, 122 MB goal, 0 MB stacks, 0 MB globals, 4 P
gc 556 @18.880s 3%: 0.26+1.1+0.062 ms clock, 1.0+0.063/0.93/1.7+0.25 ms cpu, 112->122->112 MB, 112 MB goal, 0 MB stacks, 0 MB globals, 4 P
gc 557 @18.882s 3%: 0.086+1.1+0.002 ms clock, 0.34+0.89/1.0/0.84+0.011 ms cpu, 112->112->112 MB, 118 MB goal, 0 MB stacks, 0 MB globals, 4 P
gc 558 @18.886s 3%: 0.50+0.86+0.003 ms clock, 2.0+0.77/0.83/1.1+0.013 ms cpu, 122->122->102 MB, 114 MB goal, 0 MB stacks, 0 MB globals, 4 P
gc 559 @18.889s 3%: 0.082+1.3+0.024 ms clock, 0.33+1.1/1.0/0.58+0.096 ms cpu, 122->122->112 MB, 114 MB goal, 0 MB stacks, 0 MB globals, 4 P
gc 560 @18.891s 3%: 0.10+1.1+0.054 ms clock, 0.43+0.089/0.92/1.7+0.21 ms cpu, 122->122->112 MB, 114 MB goal, 0 MB stacks, 0 MB globals, 4 P
gc 561 @18.902s 3%: 0.11+1.1+0.025 ms clock, 0.46+0/0.99/1.6+0.10 ms cpu, 122->122->102 MB, 114 MB goal, 0 MB stacks, 0 MB globals, 4 P
gc 562 @18.909s 3%: 0.20+1.1+0.034 ms clock, 0.82+0.89/1.0/0.86+0.13 ms cpu, 132->132->112 MB, 104 MB goal, 0 MB stacks, 0 MB globals, 4 P
gc 563 @18.911s 3%: 0.042+2.2+0.032 ms clock, 0.17+1.4/1.3/0.71+0.13 ms cpu, 112->122->112 MB, 114 MB goal, 0 MB stacks, 0 MB globals, 4 P
gc 564 @18.916s 3%: 0.21+1.8+0.041 ms clock, 0.85+1.6/1.7/0+0.16 ms cpu, 132->132->122 MB, 112 MB goal, 0 MB stacks, 0 MB globals, 4 P
gc 565 @18.919s 3%: 0.041+2.0+0.030 ms clock, 0.16+1.6/1.3/0.97+0.12 ms cpu, 122->132->112 MB, 122 MB goal, 0 MB stacks, 0 MB globals, 4 P
gc 566 @18.925s 3%: 0.046+0.97+0.003 ms clock, 0.18+0.34/0.83/1.7+0.012 ms cpu, 112->112->102 MB, 118 MB goal, 0 MB stacks, 0 MB globals, 4 P
gc 567 @18.946s 3%: 0.26+1.1+0.021 ms clock, 1.0+1.4/1.0/1.1+0.085 ms cpu, 132->132->102 MB, 104 MB goal, 0 MB stacks, 0 MB globals, 4 P
gc 568 @18.949s 3%: 0.10+0.93+0.003 ms clock, 0.41+2.1/0.82/0+0.013 ms cpu, 102->102->102 MB, 105 MB goal, 0 MB stacks, 0 MB globals, 4 P
gc 569 @18.951s 3%: 0.32+2.9+0.65 ms clock, 1.3+2.1/2.0/0+2.6 ms cpu, 112->132->132 MB, 102 MB goal, 0 MB stacks, 0 MB globals, 4 P
gc 570 @18.955s 3%: 0.52+2.4+0.026 ms clock, 2.0+1.8/1.6/0+0.10 ms cpu, 132->142->122 MB, 143 MB goal, 0 MB stacks, 0 MB globals, 4 P
gc 571 @18.960s 3%: 0.55+1.4+0.62 ms clock, 2.2+0.24/1.1/1.7+2.5 ms cpu, 142->152->122 MB, 134 MB goal, 0 MB stacks, 0 MB globals, 4 P
gc 572 @18.974s 3%: 0.084+0.96+0.005 ms clock, 0.33+0.18/0.80/2.1+0.023 ms cpu, 142->142->102 MB, 143 MB goal, 0 MB stacks, 0 MB globals, 4 P
gc 573 @18.976s 3%: 0.033+1.0+0.002 ms clock, 0.13+0.95/1.0/1.6+0.011 ms cpu, 102->102->102 MB, 105 MB goal, 0 MB stacks, 0 MB globals, 4 P
gc 574 @18.977s 3%: 0.52+2.6+0.025 ms clock, 2.1+0.65/1.4/1.0+0.10 ms cpu, 112->112->112 MB, 118 MB goal, 0 MB stacks, 0 MB globals, 4 P
gc 575 @18.982s 3%: 0.090+2.3+0.030 ms clock, 0.36+0.36/1.2/1.8+0.12 ms cpu, 122->122->112 MB, 114 MB goal, 0 MB stacks, 0 MB globals, 4 P
gc 576 @18.985s 3%: 0.68+4.3+0.025 ms clock, 2.7+1.7/3.9/0+0.10 ms cpu, 122->132->122 MB, 112 MB goal, 0 MB stacks, 0 MB globals, 4 P
gc 577 @18.990s 3%: 0.038+1.2+0.003 ms clock, 0.15+1.3/0.92/0.16+0.015 ms cpu, 122->122->102 MB, 122 MB goal, 0 MB stacks, 0 MB globals, 4 P
gc 578 @18.993s 3%: 0.11+1.9+0.039 ms clock, 0.45+1.2/1.1/0+0.15 ms cpu, 122->122->112 MB, 115 MB goal, 0 MB stacks, 0 MB globals, 4 P
gc 579 @18.996s 3%: 0.14+1.5+0.079 ms clock, 0.59+1.5/0.89/0+0.31 ms cpu, 132->142->132 MB, 112 MB goal, 0 MB stacks, 0 MB globals, 4 P
gc 580 @18.998s 3%: 0.62+2.0+0.10 ms clock, 2.4+1.3/1.4/0+0.40 ms cpu, 132->132->122 MB, 132 MB goal, 0 MB stacks, 0 MB globals, 4 P
gc 581 @19.001s 3%: 0.60+1.6+0.067 ms clock, 2.4+1.3/1.5/0+0.27 ms cpu, 122->142->132 MB, 122 MB goal, 0 MB stacks, 0 MB globals, 4 P
gc 582 @19.004s 3%: 0.28+2.3+0.25 ms clock, 1.1+1.6/1.6/0+1.0 ms cpu, 132->142->132 MB, 132 MB goal, 0 MB stacks, 0 MB globals, 4 P
gc 583 @19.007s 3%: 0.17+9.2+0.006 ms clock, 0.70+0.13/2.0/8.7+0.025 ms cpu, 132->142->122 MB, 132 MB goal, 0 MB stacks, 0 MB globals, 4 P
gc 584 @19.017s 3%: 0.11+2.3+0.025 ms clock, 0.47+2.1/1.8/0+0.10 ms cpu, 142->142->112 MB, 122 MB goal, 0 MB stacks, 0 MB globals, 4 P
gc 585 @19.020s 3%: 0.54+1.7+0.005 ms clock, 2.1+1.6/1.4/0+0.021 ms cpu, 112->112->112 MB, 118 MB goal, 0 MB stacks, 0 MB globals, 4 P
gc 586 @19.026s 3%: 0.65+1.2+0.044 ms clock, 2.6+1.9/1.1/0.004+0.17 ms cpu, 152->152->112 MB, 112 MB goal, 0 MB stacks, 0 MB globals, 4 P
gc 587 @19.028s 3%: 0.11+1.5+0.004 ms clock, 0.47+2.9/1.4/0+0.016 ms cpu, 112->112->102 MB, 118 MB goal, 0 MB stacks, 0 MB globals, 4 P
gc 588 @19.030s 3%: 0.70+2.5+0.36 ms clock, 2.8+1.6/1.7/0+1.4 ms cpu, 122->132->132 MB, 105 MB goal, 0 MB stacks, 0 MB globals, 4 P
gc 589 @19.034s 3%: 0.59+1.4+0.003 ms clock, 2.3+0.68/1.3/1.1+0.014 ms cpu, 132->132->112 MB, 132 MB goal, 0 MB stacks, 0 MB globals, 4 P
gc 590 @19.037s 3%: 0.12+1.1+0.082 ms clock, 0.50+1.5/0.83/0+0.32 ms cpu, 122->122->112 MB, 114 MB goal, 0 MB stacks, 0 MB globals, 4 P
gc 591 @19.039s 3%: 0.14+2.0+0.49 ms clock, 0.59+1.2/0.92/0+1.9 ms cpu, 122->152->142 MB, 112 MB goal, 0 MB stacks, 0 MB globals, 4 P
gc 592 @19.041s 3%: 0.59+2.8+0.21 ms clock, 2.3+0.87/1.4/0+0.85 ms cpu, 142->142->142 MB, 142 MB goal, 0 MB stacks, 0 MB globals, 4 P
gc 593 @19.045s 3%: 0.74+3.2+0.43 ms clock, 2.9+0.14/1.9/1.3+1.7 ms cpu, 142->162->122 MB, 142 MB goal, 0 MB stacks, 0 MB globals, 4 P
gc 594 @19.051s 3%: 0.57+1.4+0.005 ms clock, 2.3+0.44/1.2/1.7+0.020 ms cpu, 122->122->102 MB, 122 MB goal, 0 MB stacks, 0 MB globals, 4 P
gc 595 @19.754s 3%: 0.53+1.8+0.022 ms clock, 2.1+0.12/1.4/2.3+0.091 ms cpu, 122->122->112 MB, 114 MB goal, 0 MB stacks, 0 MB globals, 4 P
gc 596 @19.761s 3%: 0.10+1.7+0.024 ms clock, 0.43+1.3/1.3/1.2+0.099 ms cpu, 122->122->112 MB, 114 MB goal, 0 MB stacks, 0 MB globals, 4 P
gc 597 @19.764s 3%: 0.24+1.1+0.057 ms clock, 0.98+0.080/1.0/1.7+0.22 ms cpu, 122->122->112 MB, 114 MB goal, 0 MB stacks, 0 MB globals, 4 P
gc 598 @19.767s 3%: 0.10+2.8+0.030 ms clock, 0.41+0.23/1.0/2.7+0.12 ms cpu, 122->132->112 MB, 112 MB goal, 0 MB stacks, 0 MB globals, 4 P
gc 599 @19.770s 3%: 0.58+2.9+0.024 ms clock, 2.3+1.5/1.9/0.070+0.099 ms cpu, 112->122->122 MB, 114 MB goal, 0 MB stacks, 0 MB globals, 4 P
gc 600 @19.774s 3%: 0.90+2.7+0.023 ms clock, 3.6+2.1/2.6/0+0.094 ms cpu, 122->122->112 MB, 122 MB goal, 0 MB stacks, 0 MB globals, 4 P
gc 601 @19.779s 3%: 0.24+2.1+0.22 ms clock, 0.96+1.2/1.2/0+0.88 ms cpu, 132->132->122 MB, 112 MB goal, 0 MB stacks, 0 MB globals, 4 P
gc 602 @19.782s 3%: 0.59+1.7+0.087 ms clock, 2.3+1.9/1.0/0.25+0.34 ms cpu, 122->142->132 MB, 143 MB goal, 0 MB stacks, 0 MB globals, 4 P
gc 603 @19.789s 3%: 0.049+0.86+0.003 ms clock, 0.19+0.53/0.77/1.5+0.012 ms cpu, 142->142->102 MB, 143 MB goal, 0 MB stacks, 0 MB globals, 4 P
gc 604 @19.800s 3%: 0.13+1.3+0.006 ms clock, 0.55+1.2/1.3/0.18+0.024 ms cpu, 142->142->132 MB, 143 MB goal, 0 MB stacks, 0 MB globals, 4 P
gc 605 @19.802s 3%: 0.10+2.1+0.006 ms clock, 0.41+0.71/1.3/1.1+0.026 ms cpu, 142->142->112 MB, 143 MB goal, 0 MB stacks, 0 MB globals, 4 P
gc 606 @19.805s 3%: 0.10+2.0+0.062 ms clock, 0.43+1.1/1.8/0+0.24 ms cpu, 142->142->132 MB, 143 MB goal, 0 MB stacks, 0 MB globals, 4 P
gc 607 @19.808s 3%: 0.26+2.6+0.059 ms clock, 1.0+0.13/2.5/1.8+0.23 ms cpu, 142->152->122 MB, 155 MB goal, 0 MB stacks, 0 MB globals, 4 P
gc 608 @19.822s 3%: 0.049+1.1+0.003 ms clock, 0.19+0.12/1.0/2.6+0.013 ms cpu, 152->152->102 MB, 155 MB goal, 0 MB stacks, 0 MB globals, 4 P
gc 609 @19.839s 3%: 0.14+1.1+0.003 ms clock, 0.57+0.24/0.93/2.2+0.012 ms cpu, 152->152->102 MB, 155 MB goal, 0 MB stacks, 0 MB globals, 4 P
gc 610 @19.841s 3%: 0.033+1.2+0.003 ms clock, 0.13+1.1/1.1/1.0+0.014 ms cpu, 102->102->102 MB, 105 MB goal, 0 MB stacks, 0 MB globals, 4 P
gc 611 @19.842s 3%: 0.24+4.3+0.041 ms clock, 0.96+2.1/2.9/0+0.16 ms cpu, 122->122->122 MB, 102 MB goal, 0 MB stacks, 0 MB globals, 4 P
gc 612 @19.847s 3%: 0.039+1.7+0.005 ms clock, 0.15+2.6/1.5/0.43+0.023 ms cpu, 122->122->102 MB, 122 MB goal, 0 MB stacks, 0 MB globals, 4 P
gc 613 @19.849s 3%: 0.35+1.8+0.052 ms clock, 1.4+1.4/1.4/0+0.21 ms cpu, 102->122->122 MB, 102 MB goal, 0 MB stacks, 0 MB globals, 4 P
gc 614 @19.852s 3%: 0.60+2.1+0.60 ms clock, 2.4+2.4/1.9/0+2.4 ms cpu, 122->122->112 MB, 122 MB goal, 0 MB stacks, 0 MB globals, 4 P
gc 615 @19.856s 3%: 0.11+2.3+0.023 ms clock, 0.47+2.2/2.1/0.005+0.094 ms cpu, 132->132->122 MB, 112 MB goal, 0 MB stacks, 0 MB globals, 4 P
gc 616 @19.859s 3%: 0.51+2.2+0.026 ms clock, 2.0+1.3/1.6/0.65+0.10 ms cpu, 122->132->122 MB, 122 MB goal, 0 MB stacks, 0 MB globals, 4 P
gc 617 @19.862s 3%: 0.60+1.7+0.028 ms clock, 2.4+1.7/0.87/0+0.11 ms cpu, 122->122->112 MB, 122 MB goal, 0 MB stacks, 0 MB globals, 4 P
gc 618 @19.864s 3%: 0.78+1.5+0.056 ms clock, 3.1+1.9/1.0/0+0.22 ms cpu, 112->132->122 MB, 112 MB goal, 0 MB stacks, 0 MB globals, 4 P
gc 619 @19.867s 3%: 0.46+3.4+0.044 ms clock, 1.8+2.3/1.7/0+0.17 ms cpu, 122->132->132 MB, 122 MB goal, 0 MB stacks, 0 MB globals, 4 P
gc 620 @19.874s 3%: 0.099+1.8+0.030 ms clock, 0.39+1.4/1.2/0.37+0.12 ms cpu, 142->142->112 MB, 132 MB goal, 0 MB stacks, 0 MB globals, 4 P
gc 621 @19.877s 3%: 0.37+1.2+0.057 ms clock, 1.4+1.6/0.84/0+0.23 ms cpu, 112->132->122 MB, 112 MB goal, 0 MB stacks, 0 MB globals, 4 P
gc 622 @19.879s 3%: 0.46+2.8+0.17 ms clock, 1.8+1.6/1.6/0+0.70 ms cpu, 122->132->122 MB, 122 MB goal, 0 MB stacks, 0 MB globals, 4 P
gc 623 @19.882s 3%: 0.53+2.7+0.12 ms clock, 2.1+1.8/1.9/0+0.49 ms cpu, 122->142->122 MB, 122 MB goal, 0 MB stacks, 0 MB globals, 4 P
gc 624 @19.886s 3%: 0.48+2.5+0.025 ms clock, 1.9+1.0/1.6/0+0.10 ms cpu, 122->132->122 MB, 122 MB goal, 0 MB stacks, 0 MB globals, 4 P
gc 625 @19.890s 3%: 0.48+2.3+0.051 ms clock, 1.9+1.1/1.1/0.52+0.20 ms cpu, 122->132->122 MB, 122 MB goal, 0 MB stacks, 0 MB globals, 4 P
gc 626 @19.893s 3%: 0.70+4.1+0.004 ms clock, 2.8+1.9/4.0/0+0.017 ms cpu, 122->132->112 MB, 122 MB goal, 0 MB stacks, 0 MB globals, 4 P
gc 627 @19.898s 3%: 0.75+2.3+0.045 ms clock, 3.0+1.8/2.2/0+0.18 ms cpu, 112->132->122 MB, 112 MB goal, 0 MB stacks, 0 MB globals, 4 P
gc 628 @19.901s 3%: 0.37+1.2+0.003 ms clock, 1.4+0.17/1.0/1.4+0.013 ms cpu, 122->122->112 MB, 122 MB goal, 0 MB stacks, 0 MB globals, 4 P
gc 629 @19.903s 3%: 0.025+0.77+0.003 ms clock, 0.10+0.63/0.71/1.4+0.013 ms cpu, 112->112->102 MB, 112 MB goal, 0 MB stacks, 0 MB globals, 4 P
gc 630 @19.904s 3%: 0.23+1.5+0.087 ms clock, 0.92+0.072/0.92/1.8+0.34 ms cpu, 102->112->112 MB, 102 MB goal, 0 MB stacks, 0 MB globals, 4 P
gc 631 @19.906s 3%: 0.56+2.1+0.004 ms clock, 2.2+1.2/1.9/1.3+0.016 ms cpu, 112->112->112 MB, 118 MB goal, 0 MB stacks, 0 MB globals, 4 P
gc 632 @19.913s 3%: 0.074+1.2+0.005 ms clock, 0.29+2.0/1.1/0+0.020 ms cpu, 122->122->102 MB, 114 MB goal, 0 MB stacks, 0 MB globals, 4 P
gc 633 @19.914s 3%: 0.12+2.4+0.054 ms clock, 0.49+0.072/1.8/1.5+0.21 ms cpu, 122->122->122 MB, 114 MB goal, 0 MB stacks, 0 MB globals, 4 P
gc 634 @19.917s 3%: 0.27+2.0+0.029 ms clock, 1.1+0.73/1.3/1.2+0.11 ms cpu, 122->132->122 MB, 122 MB goal, 0 MB stacks, 0 MB globals, 4 P
gc 635 @19.920s 3%: 0.069+4.1+0.028 ms clock, 0.27+6.2/3.1/0.13+0.11 ms cpu, 122->132->112 MB, 122 MB goal, 0 MB stacks, 0 MB globals, 4 P
gc 636 @19.924s 3%: 0.78+1.8+0.60 ms clock, 3.1+0.070/1.3/1.2+2.4 ms cpu, 112->132->132 MB, 112 MB goal, 0 MB stacks, 0 MB globals, 4 P
gc 637 @19.929s 3%: 0.59+1.9+0.057 ms clock, 2.3+0.31/1.3/1.9+0.22 ms cpu, 132->132->112 MB, 132 MB goal, 0 MB stacks, 0 MB globals, 4 P
gc 638 @19.932s 3%: 0.061+1.2+0.004 ms clock, 0.24+1.1/1.1/1.6+0.019 ms cpu, 112->112->102 MB, 118 MB goal, 0 MB stacks, 0 MB globals, 4 P
gc 639 @19.951s 3%: 0.59+1.2+0.005 ms clock, 2.3+0.82/1.2/1.5+0.023 ms cpu, 132->132->102 MB, 104 MB goal, 0 MB stacks, 0 MB globals, 4 P
gc 640 @19.956s 3%: 0.038+0.88+0.003 ms clock, 0.15+0.75/0.85/1.4+0.012 ms cpu, 102->102->102 MB, 105 MB goal, 0 MB stacks, 0 MB globals, 4 P
gc 641 @19.958s 3%: 0.13+2.3+0.47 ms clock, 0.52+1.6/1.5/0+1.9 ms cpu, 122->122->122 MB, 102 MB goal, 0 MB stacks, 0 MB globals, 4 P
gc 642 @19.961s 3%: 0.44+5.3+0.032 ms clock, 1.7+5.1/1.4/0.019+0.12 ms cpu, 122->132->132 MB, 129 MB goal, 0 MB stacks, 0 MB globals, 4 P
gc 643 @19.967s 3%: 0.46+1.2+0.65 ms clock, 1.8+1.9/1.0/0+2.6 ms cpu, 142->142->112 MB, 132 MB goal, 0 MB stacks, 0 MB globals, 4 P
gc 644 @19.971s 3%: 0.13+2.4+0.058 ms clock, 0.54+1.5/1.8/0+0.23 ms cpu, 132->142->142 MB, 119 MB goal, 0 MB stacks, 0 MB globals, 4 P
gc 645 @19.974s 3%: 0.63+4.6+0.026 ms clock, 2.5+2.1/4.5/0+0.10 ms cpu, 142->152->132 MB, 142 MB goal, 0 MB stacks, 0 MB globals, 4 P
gc 646 @19.979s 3%: 0.26+1.3+0.063 ms clock, 1.0+0.066/1.1/1.7+0.25 ms cpu, 132->142->112 MB, 132 MB goal, 0 MB stacks, 0 MB globals, 4 P
gc 647 @19.994s 3%: 0.26+1.9+0.035 ms clock, 1.0+1.4/1.4/0.004+0.14 ms cpu, 152->152->122 MB, 112 MB goal, 0 MB stacks, 0 MB globals, 4 P
gc 648 @19.996s 3%: 0.040+2.1+0.032 ms clock, 0.16+3.9/1.3/0+0.12 ms cpu, 122->132->112 MB, 129 MB goal, 0 MB stacks, 0 MB globals, 4 P
gc 649 @20.004s 3%: 0.49+2.2+0.035 ms clock, 1.9+1.3/1.6/0.053+0.14 ms cpu, 142->142->122 MB, 119 MB goal, 0 MB stacks, 0 MB globals, 4 P
gc 650 @20.007s 3%: 0.56+1.3+0.004 ms clock, 2.2+1.8/1.0/0+0.017 ms cpu, 122->122->102 MB, 130 MB goal, 0 MB stacks, 0 MB globals, 4 P
gc 651 @20.010s 3%: 0.46+2.4+0.52 ms clock, 1.8+1.5/1.5/0+2.0 ms cpu, 122->132->132 MB, 129 MB goal, 0 MB stacks, 0 MB globals, 4 P
gc 652 @20.014s 3%: 0.57+2.7+0.015 ms clock, 2.2+0.15/1.9/0.49+0.063 ms cpu, 132->142->122 MB, 132 MB goal, 0 MB stacks, 0 MB globals, 4 P
gc 653 @20.018s 3%: 0.081+0.96+0.002 ms clock, 0.32+0.89/0.88/0.83+0.010 ms cpu, 122->122->112 MB, 130 MB goal, 0 MB stacks, 0 MB globals, 4 P
gc 654 @20.026s 3%: 0.60+0.86+0.003 ms clock, 2.4+1.3/0.81/0.55+0.014 ms cpu, 142->142->102 MB, 119 MB goal, 0 MB stacks, 0 MB globals, 4 P
gc 655 @20.029s 3%: 0.11+1.6+0.056 ms clock, 0.47+1.1/1.1/0.10+0.22 ms cpu, 122->142->122 MB, 119 MB goal, 0 MB stacks, 0 MB globals, 4 P
gc 656 @20.031s 3%: 0.42+2.8+0.023 ms clock, 1.7+0.13/1.6/1.7+0.094 ms cpu, 122->122->122 MB, 130 MB goal, 0 MB stacks, 0 MB globals, 4 P
gc 657 @20.036s 3%: 0.16+2.3+0.52 ms clock, 0.66+1.5/1.5/0.053+2.0 ms cpu, 132->142->122 MB, 122 MB goal, 0 MB stacks, 0 MB globals, 4 P
gc 658 @20.039s 3%: 0.64+1.7+0.028 ms clock, 2.5+1.3/1.0/0.46+0.11 ms cpu, 122->132->112 MB, 129 MB goal, 0 MB stacks, 0 MB globals, 4 P
gc 659 @20.045s 3%: 0.090+1.1+0.002 ms clock, 0.36+1.5/1.1/0.49+0.011 ms cpu, 122->122->102 MB, 114 MB goal, 0 MB stacks, 0 MB globals, 4 P
gc 660 @20.047s 3%: 0.096+2.0+0.025 ms clock, 0.38+0.54/1.6/0.89+0.10 ms cpu, 122->122->122 MB, 114 MB goal, 0 MB stacks, 0 MB globals, 4 P
gc 661 @20.057s 3%: 0.052+1.0+0.004 ms clock, 0.21+1.7/0.87/0+0.017 ms cpu, 132->132->102 MB, 122 MB goal, 0 MB stacks, 0 MB globals, 4 P
gc 662 @20.059s 3%: 0.12+1.8+0.23 ms clock, 0.51+1.1/1.1/0+0.93 ms cpu, 132->132->132 MB, 104 MB goal, 0 MB stacks, 0 MB globals, 4 P
gc 663 @20.061s 3%: 0.54+2.1+0.059 ms clock, 2.1+0.092/1.4/2.1+0.23 ms cpu, 132->132->112 MB, 132 MB goal, 0 MB stacks, 0 MB globals, 4 P
gc 664 @20.064s 3%: 0.033+0.82+0.003 ms clock, 0.13+0/0.78/1.9+0.014 ms cpu, 112->112->102 MB, 118 MB goal, 0 MB stacks, 0 MB globals, 4 P
gc 665 @20.758s 3%: 0.13+1.8+0.088 ms clock, 0.52+1.3/1.3/1.0+0.35 ms cpu, 112->112->112 MB, 102 MB goal, 0 MB stacks, 0 MB globals, 4 P
gc 666 @20.760s 3%: 1.0+3.9+0.059 ms clock, 4.2+0.076/2.7/2.4+0.23 ms cpu, 112->122->122 MB, 130 MB goal, 0 MB stacks, 0 MB globals, 4 P
gc 667 @20.767s 3%: 0.56+3.0+0.52 ms clock, 2.2+0.19/2.3/2.3+2.0 ms cpu, 132->142->122 MB, 122 MB goal, 0 MB stacks, 0 MB globals, 4 P
gc 668 @20.771s 3%: 0.53+1.9+0.034 ms clock, 2.1+1.6/1.5/0.32+0.13 ms cpu, 122->122->112 MB, 130 MB goal, 0 MB stacks, 0 MB globals, 4 P
gc 669 @20.777s 3%: 0.10+2.2+0.11 ms clock, 0.40+0.77/1.4/0.55+0.46 ms cpu, 132->142->122 MB, 119 MB goal, 0 MB stacks, 0 MB globals, 4 P
gc 670 @20.780s 3%: 0.47+2.2+0.041 ms clock, 1.9+0.47/1.2/1.5+0.16 ms cpu, 122->122->112 MB, 130 MB goal, 0 MB stacks, 0 MB globals, 4 P
gc 671 @20.786s 3%: 0.10+2.5+0.061 ms clock, 0.43+0.19/1.1/2.5+0.24 ms cpu, 132->152->132 MB, 112 MB goal, 0 MB stacks, 0 MB globals, 4 P
gc 672 @20.789s 3%: 0.080+6.3+0.17 ms clock, 0.32+1.2/3.5/0+0.68 ms cpu, 132->142->132 MB, 132 MB goal, 0 MB stacks, 0 MB globals, 4 P
gc 673 @20.796s 3%: 0.17+1.6+0.064 ms clock, 0.69+0.32/1.3/1.3+0.25 ms cpu, 132->142->112 MB, 132 MB goal, 0 MB stacks, 0 MB globals, 4 P
gc 674 @20.804s 3%: 0.47+2.1+0.030 ms clock, 1.8+1.3/1.3/0.20+0.12 ms cpu, 142->142->122 MB, 119 MB goal, 0 MB stacks, 0 MB globals, 4 P
gc 675 @20.807s 3%: 0.080+1.3+0.005 ms clock, 0.32+1.8/1.0/0.30+0.021 ms cpu, 122->122->102 MB, 130 MB goal, 0 MB stacks, 0 MB globals, 4 P
gc 676 @20.809s 3%: 1.1+4.9+0.008 ms clock, 4.5+1.4/1.5/0+0.032 ms cpu, 122->132->132 MB, 129 MB goal, 0 MB stacks, 0 MB globals, 4 P
gc 677 @20.816s 3%: 0.56+1.8+0.049 ms clock, 2.2+1.7/1.6/0+0.19 ms cpu, 142->142->112 MB, 132 MB goal, 0 MB stacks, 0 MB globals, 4 P
gc 678 @20.820s 3%: 0.56+1.8+0.042 ms clock, 2.2+1.4/1.2/0+0.16 ms cpu, 142->152->142 MB, 112 MB goal, 0 MB stacks, 0 MB globals, 4 P
gc 679 @20.822s 3%: 0.74+3.3+0.074 ms clock, 2.9+0.25/2.4/0+0.29 ms cpu, 142->152->132 MB, 142 MB goal, 0 MB stacks, 0 MB globals, 4 P
gc 680 @20.827s 3%: 0.067+3.6+0.032 ms clock, 0.26+1.3/2.9/1.0+0.13 ms cpu, 132->142->122 MB, 132 MB goal, 0 MB stacks, 0 MB globals, 4 P
gc 681 @20.832s 3%: 0.17+2.5+0.31 ms clock, 0.70+1.1/1.1/1.3+1.2 ms cpu, 122->132->122 MB, 129 MB goal, 0 MB stacks, 0 MB globals, 4 P
gc 682 @20.835s 3%: 0.45+3.7+0.005 ms clock, 1.8+0.095/2.2/0.88+0.020 ms cpu, 122->132->122 MB, 129 MB goal, 0 MB stacks, 0 MB globals, 4 P
gc 683 @20.842s 3%: 0.50+2.3+0.026 ms clock, 2.0+1.1/2.2/1.8+0.10 ms cpu, 142->142->112 MB, 122 MB goal, 0 MB stacks, 0 MB globals, 4 P
gc 684 @20.851s 3%: 0.36+1.5+0.004 ms clock, 1.4+0.27/1.0/2.5+0.019 ms cpu, 132->132->112 MB, 129 MB goal, 0 MB stacks, 0 MB globals, 4 P
gc 685 @20.855s 3%: 0.041+0.85+0.002 ms clock, 0.16+0.76/0.78/1.5+0.011 ms cpu, 112->112->102 MB, 118 MB goal, 0 MB stacks, 0 MB globals, 4 P
gc 686 @20.863s 3%: 0.29+1.6+0.003 ms clock, 1.1+1.6/1.5/0.12+0.015 ms cpu, 142->142->122 MB, 102 MB goal, 0 MB stacks, 0 MB globals, 4 P
gc 687 @20.865s 3%: 0.024+1.5+0.002 ms clock, 0.099+0.24/1.4/2.3+0.011 ms cpu, 122->122->102 MB, 122 MB goal, 0 MB stacks, 0 MB globals, 4 P
gc 688 @20.875s 3%: 0.22+1.6+0.025 ms clock, 0.90+1.5/1.3/0.17+0.10 ms cpu, 132->132->122 MB, 104 MB goal, 0 MB stacks, 0 MB globals, 4 P
gc 689 @20.877s 3%: 0.076+1.0+0.003 ms clock, 0.30+1.5/1.0/0.25+0.012 ms cpu, 122->122->102 MB, 130 MB goal, 0 MB stacks, 0 MB globals, 4 P
gc 690 @20.880s 3%: 0.27+2.1+0.057 ms clock, 1.0+1.1/1.2/0.43+0.23 ms cpu, 122->132->122 MB, 129 MB goal, 0 MB stacks, 0 MB globals, 4 P
gc 691 @20.886s 3%: 0.11+1.9+0.026 ms clock, 0.47+1.1/1.4/0+0.10 ms cpu, 132->142->122 MB, 122 MB goal, 0 MB stacks, 0 MB globals, 4 P
gc 692 @20.888s 3%: 0.49+2.5+0.54 ms clock, 1.9+1.3/1.5/0.26+2.1 ms cpu, 122->132->122 MB, 129 MB goal, 0 MB stacks, 0 MB globals, 4 P
gc 693 @20.894s 3%: 0.62+2.1+0.005 ms clock, 2.4+1.6/1.6/0+0.021 ms cpu, 132->132->112 MB, 129 MB goal, 0 MB stacks, 0 MB globals, 4 P
gc 694 @20.900s 3%: 0.25+2.5+0.005 ms clock, 1.0+3.5/2.5/1.0+0.021 ms cpu, 142->142->112 MB, 119 MB goal, 0 MB stacks, 0 MB globals, 4 P
gc 695 @20.904s 3%: 0.64+2.2+0.044 ms clock, 2.5+0.064/2.0/1.8+0.17 ms cpu, 132->132->122 MB, 143 MB goal, 0 MB stacks, 0 MB globals, 4 P
gc 696 @20.916s 3%: 0.050+0.83+0.003 ms clock, 0.20+0.14/0.75/1.8+0.013 ms cpu, 142->142->102 MB, 143 MB goal, 0 MB stacks, 0 MB globals, 4 P
gc 697 @20.926s 3%: 0.081+1.0+0.003 ms clock, 0.32+0/0.87/2.4+0.015 ms cpu, 132->132->102 MB, 143 MB goal, 0 MB stacks, 0 MB globals, 4 P
gc 698 @20.930s 3%: 0.065+1.0+0.003 ms clock, 0.26+1.5/0.92/0.70+0.014 ms cpu, 102->102->102 MB, 105 MB goal, 0 MB stacks, 0 MB globals, 4 P
gc 699 @20.940s 3%: 0.093+0.91+0.004 ms clock, 0.37+1.3/0.71/0.61+0.016 ms cpu, 122->122->112 MB, 102 MB goal, 0 MB stacks, 0 MB globals, 4 P
gc 700 @20.941s 3%: 0.11+1.3+0.003 ms clock, 0.46+1.6/1.0/0.32+0.015 ms cpu, 112->112->102 MB, 112 MB goal, 0 MB stacks, 0 MB globals, 4 P
gc 701 @20.945s 3%: 0.37+1.7+0.034 ms clock, 1.5+0.92/1.1/1.0+0.13 ms cpu, 122->122->112 MB, 102 MB goal, 0 MB stacks, 0 MB globals, 4 P
gc 702 @20.947s 3%: 0.11+1.0+0.003 ms clock, 0.44+0.80/0.89/1.3+0.014 ms cpu, 112->112->102 MB, 112 MB goal, 0 MB stacks, 0 MB globals, 4 P
gc 703 @20.952s 3%: 0.031+0.96+0.003 ms clock, 0.12+0.80/0.83/1.6+0.014 ms cpu, 102->102->102 MB, 105 MB goal, 0 MB stacks, 0 MB globals, 4 P
gc 704 @20.953s 3%: 0.11+1.4+0.030 ms clock, 0.46+0.081/1.0/1.9+0.12 ms cpu, 112->112->112 MB, 102 MB goal, 0 MB stacks, 0 MB globals, 4 P
gc 705 @20.955s 4%: 0.68+2.4+0.054 ms clock, 2.7+0.066/1.9/1.5+0.21 ms cpu, 112->122->122 MB, 130 MB goal, 0 MB stacks, 0 MB globals, 4 P
gc 706 @20.967s 4%: 0.065+1.0+0.003 ms clock, 0.26+0/0.96/2.5+0.015 ms cpu, 132->132->102 MB, 129 MB goal, 0 MB stacks, 0 MB globals, 4 P
gc 707 @20.978s 4%: 0.53+1.9+0.033 ms clock, 2.1+0.90/1.0/1.5+0.13 ms cpu, 132->142->112 MB, 119 MB goal, 0 MB stacks, 0 MB globals, 4 P
gc 708 @20.981s 4%: 0.14+3.0+0.064 ms clock, 0.57+1.1/1.9/0+0.25 ms cpu, 132->142->142 MB, 143 MB goal, 0 MB stacks, 0 MB globals, 4 P
gc 709 @20.985s 4%: 0.13+2.9+0.058 ms clock, 0.54+1.3/1.4/0+0.23 ms cpu, 152->152->122 MB, 142 MB goal, 0 MB stacks, 0 MB globals, 4 P
gc 710 @20.999s 4%: 0.11+2.3+0.031 ms clock, 0.45+1.6/1.7/0.39+0.12 ms cpu, 152->152->112 MB, 134 MB goal, 0 MB stacks, 0 MB globals, 4 P
gc 711 @21.009s 4%: 0.20+2.3+0.57 ms clock, 0.80+1.6/1.6/0+2.2 ms cpu, 142->152->122 MB, 134 MB goal, 0 MB stacks, 0 MB globals, 4 P
gc 712 @21.017s 4%: 0.15+2.2+0.029 ms clock, 0.62+1.6/1.5/0.075+0.11 ms cpu, 152->152->112 MB, 134 MB goal, 0 MB stacks, 0 MB globals, 4 P
gc 713 @21.024s 4%: 0.059+1.2+0.004 ms clock, 0.23+0/1.1/2.9+0.019 ms cpu, 142->142->102 MB, 143 MB goal, 0 MB stacks, 0 MB globals, 4 P
gc 714 @21.027s 4%: 0.044+1.0+0.003 ms clock, 0.17+1.5/0.93/0.77+0.015 ms cpu, 102->102->102 MB, 105 MB goal, 0 MB stacks, 0 MB globals, 4 P
gc 715 @21.029s 4%: 0.13+4.6+0.028 ms clock, 0.52+1.5/1.5/0+0.11 ms cpu, 122->122->122 MB, 102 MB goal, 0 MB stacks, 0 MB globals, 4 P
gc 716 @21.034s 4%: 0.20+2.3+0.031 ms clock, 0.81+1.7/1.3/0.18+0.12 ms cpu, 122->132->112 MB, 122 MB goal, 0 MB stacks, 0 MB globals, 4 P
gc 717 @21.037s 4%: 0.46+2.7+0.059 ms clock, 1.8+1.9/1.9/0+0.23 ms cpu, 112->132->132 MB, 112 MB goal, 0 MB stacks, 0 MB globals, 4 P
gc 718 @21.041s 4%: 0.36+2.4+0.094 ms clock, 1.4+2.1/1.2/0+0.37 ms cpu, 132->142->122 MB, 132 MB goal, 0 MB stacks, 0 MB globals, 4 P
gc 719 @21.044s 4%: 0.81+2.9+0.67 ms clock, 3.2+1.1/1.3/0+2.6 ms cpu, 122->142->132 MB, 122 MB goal, 0 MB stacks, 0 MB globals, 4 P
gc 720 @21.049s 4%: 0.64+1.4+0.004 ms clock, 2.5+1.9/1.2/0+0.018 ms cpu, 132->132->102 MB, 132 MB goal, 0 MB stacks, 0 MB globals, 4 P
gc 721 @21.053s 4%: 0.22+1.5+0.023 ms clock, 0.91+1.8/0.98/0.034+0.092 ms cpu, 132->132->112 MB, 102 MB goal, 0 MB stacks, 0 MB globals, 4 P
gc 722 @21.055s 4%: 0.025+1.2+0.002 ms clock, 0.10+0.83/1.1/1.3+0.009 ms cpu, 112->112->102 MB, 112 MB goal, 0 MB stacks, 0 MB globals, 4 P
gc 723 @21.058s 4%: 0.039+0.85+0.003 ms clock, 0.15+1.3/0.72/0+0.013 ms cpu, 102->102->102 MB, 105 MB goal, 0 MB stacks, 0 MB globals, 4 P
gc 724 @21.059s 4%: 0.12+3.8+0.025 ms clock, 0.50+1.0/0.97/0+0.10 ms cpu, 102->122->122 MB, 102 MB goal, 0 MB stacks, 0 MB globals, 4 P
gc 725 @21.063s 4%: 0.76+2.8+0.47 ms clock, 3.0+2.0/1.4/0+1.8 ms cpu, 122->132->122 MB, 122 MB goal, 0 MB stacks, 0 MB globals, 4 P
gc 726 @21.068s 4%: 0.81+1.9+0.34 ms clock, 3.2+1.1/1.1/0+1.3 ms cpu, 122->142->132 MB, 122 MB goal, 0 MB stacks, 0 MB globals, 4 P
gc 727 @21.071s 4%: 0.56+1.7+0.016 ms clock, 2.2+0.20/1.6/2.1+0.064 ms cpu, 132->132->112 MB, 132 MB goal, 0 MB stacks, 0 MB globals, 4 P
gc 728 @21.074s 4%: 0.036+1.0+0.004 ms clock, 0.14+0.17/0.87/1.9+0.016 ms cpu, 112->112->102 MB, 112 MB goal, 0 MB stacks, 0 MB globals, 4 P
gc 729 @21.764s 3%: 0.11+1.0+0.003 ms clock, 0.45+0.83/0.85/1.6+0.014 ms cpu, 102->102->102 MB, 105 MB goal, 0 MB stacks, 0 MB globals, 4 P
gc 730 @21.766s 3%: 0.12+1.7+0.60 ms clock, 0.51+0.14/1.2/2.1+2.4 ms cpu, 112->112->112 MB, 118 MB goal, 0 MB stacks, 0 MB globals, 4 P
gc 731 @21.770s 3%: 0.10+1.5+0.045 ms clock, 0.40+0.14/1.3/2.3+0.18 ms cpu, 122->122->112 MB, 114 MB goal, 0 MB stacks, 0 MB globals, 4 P
gc 732 @21.775s 3%: 0.13+2.8+0.024 ms clock, 0.52+1.4/2.3/1.9+0.097 ms cpu, 122->122->112 MB, 114 MB goal, 0 MB stacks, 0 MB globals, 4 P
gc 733 @21.778s 3%: 0.26+1.8+0.047 ms clock, 1.0+1.0/1.0/1.2+0.19 ms cpu, 122->122->112 MB, 114 MB goal, 0 MB stacks, 0 MB globals, 4 P
gc 734 @21.781s 3%: 0.098+2.0+0.032 ms clock, 0.39+0.16/1.3/2.2+0.12 ms cpu, 122->132->122 MB, 112 MB goal, 0 MB stacks, 0 MB globals, 4 P
gc 735 @21.783s 3%: 0.51+2.0+0.035 ms clock, 2.0+1.0/1.2/1.1+0.14 ms cpu, 122->122->112 MB, 130 MB goal, 0 MB stacks, 0 MB globals, 4 P
gc 736 @21.788s 3%: 0.71+2.2+0.028 ms clock, 2.8+0.22/1.6/2.5+0.11 ms cpu, 132->132->112 MB, 129 MB goal, 0 MB stacks, 0 MB globals, 4 P
gc 737 @21.797s 3%: 0.11+4.0+0.006 ms clock, 0.46+1.4/1.4/0+0.025 ms cpu, 142->142->122 MB, 119 MB goal, 0 MB stacks, 0 MB globals, 4 P
gc 738 @21.802s 3%: 0.059+1.4+0.003 ms clock, 0.23+1.6/1.2/0.19+0.014 ms cpu, 122->122->102 MB, 130 MB goal, 0 MB stacks, 0 MB globals, 4 P
gc 739 @21.807s 3%: 0.10+1.4+0.038 ms clock, 0.41+0.12/1.0/1.6+0.15 ms cpu, 132->132->112 MB, 129 MB goal, 0 MB stacks, 0 MB globals, 4 P
gc 740 @21.809s 4%: 0.11+2.1+0.029 ms clock, 0.47+0.10/1.9/1.6+0.11 ms cpu, 132->132->122 MB, 129 MB goal, 0 MB stacks, 0 MB globals, 4 P
gc 741 @21.816s 4%: 0.29+2.0+0.035 ms clock, 1.1+1.9/1.2/0+0.14 ms cpu, 142->142->112 MB, 122 MB goal, 0 MB stacks, 0 MB globals, 4 P
gc 742 @21.824s 4%: 0.10+1.1+0.52 ms clock, 0.41+1.8/1.0/0+2.1 ms cpu, 132->142->122 MB, 119 MB goal, 0 MB stacks, 0 MB globals, 4 P
gc 743 @21.827s 4%: 0.94+2.6+0.089 ms clock, 3.7+1.4/2.1/0+0.35 ms cpu, 122->142->142 MB, 122 MB goal, 0 MB stacks, 0 MB globals, 4 P
gc 744 @21.831s 4%: 0.12+3.9+0.003 ms clock, 0.51+0.20/2.8/0.007+0.015 ms cpu, 152->152->122 MB, 142 MB goal, 0 MB stacks, 0 MB globals, 4 P
gc 745 @21.836s 4%: 0.35+1.9+0.096 ms clock, 1.4+1.2/1.1/0.38+0.38 ms cpu, 122->142->122 MB, 143 MB goal, 0 MB stacks, 0 MB globals, 4 P
gc 746 @21.841s 4%: 0.10+2.2+0.57 ms clock, 0.43+0.13/1.6/1.7+2.2 ms cpu, 142->152->132 MB, 134 MB goal, 0 MB stacks, 0 MB globals, 4 P
gc 747 @21.847s 4%: 0.10+1.2+0.003 ms clock, 0.40+0.033/1.1/2.6+0.012 ms cpu, 142->142->102 MB, 143 MB goal, 0 MB stacks, 0 MB globals, 4 P
gc 748 @21.869s 4%: 0.47+1.8+0.025 ms clock, 1.9+1.5/1.6/0.12+0.10 ms cpu, 162->162->122 MB, 124 MB goal, 0 MB stacks, 0 MB globals, 4 P
gc 749 @21.877s 4%: 0.061+4.7+0.008 ms clock, 0.24+0.83/1.0/1.7+0.033 ms cpu, 122->132->112 MB, 129 MB goal, 0 MB stacks, 0 MB globals, 4 P
gc 750 @21.882s 4%: 0.56+3.3+0.53 ms clock, 2.2+2.0/2.0/0+2.1 ms cpu, 132->132->122 MB, 129 MB goal, 0 MB stacks, 0 MB globals, 4 P
gc 751 @21.887s 4%: 0.16+3.5+0.038 ms clock, 0.65+1.4/1.4/0+0.15 ms cpu, 142->142->122 MB, 122 MB goal, 0 MB stacks, 0 MB globals, 4 P
gc 752 @21.891s 4%: 0.032+1.2+0.004 ms clock, 0.13+2.3/1.0/0+0.016 ms cpu, 122->122->102 MB, 130 MB goal, 0 MB stacks, 0 MB globals, 4 P
gc 753 @21.892s 4%: 0.52+2.0+0.067 ms clock, 2.1+1.7/1.7/0+0.27 ms cpu, 122->122->122 MB, 130 MB goal, 0 MB stacks, 0 MB globals, 4 P
gc 754 @21.896s 4%: 0.093+3.1+0.041 ms clock, 0.37+0.82/1.7/0.85+0.16 ms cpu, 132->142->122 MB, 122 MB goal, 0 MB stacks, 0 MB globals, 4 P
gc 755 @21.902s 4%: 0.57+1.4+0.006 ms clock, 2.3+1.9/1.3/0.27+0.027 ms cpu, 132->132->112 MB, 129 MB goal, 0 MB stacks, 0 MB globals, 4 P
gc 756 @21.904s 4%: 0.57+2.4+0.38 ms clock, 2.2+1.6/1.6/0+1.5 ms cpu, 132->142->132 MB, 119 MB goal, 0 MB stacks, 0 MB globals, 4 P
gc 757 @21.908s 4%: 0.61+2.5+0.028 ms clock, 2.4+1.3/1.6/0.051+0.11 ms cpu, 132->142->122 MB, 132 MB goal, 0 MB stacks, 0 MB globals, 4 P
gc 758 @21.914s 4%: 0.53+0.92+0.003 ms clock, 2.1+0.71/0.86/1.0+0.014 ms cpu, 132->132->102 MB, 129 MB goal, 0 MB stacks, 0 MB globals, 4 P
gc 759 @21.919s 4%: 0.044+0.80+0.003 ms clock, 0.17+0.13/0.70/1.8+0.013 ms cpu, 122->122->102 MB, 130 MB goal, 0 MB stacks, 0 MB globals, 4 P
gc 760 @21.921s 4%: 0.027+0.92+0.003 ms clock, 0.10+0.78/0.79/1.5+0.015 ms cpu, 102->102->102 MB, 105 MB goal, 0 MB stacks, 0 MB globals, 4 P
gc 761 @21.922s 4%: 0.23+2.1+0.59 ms clock, 0.94+1.2/1.3/0.17+2.3 ms cpu, 112->122->122 MB, 102 MB goal, 0 MB stacks, 0 MB globals, 4 P
gc 762 @21.926s 4%: 0.58+2.1+0.026 ms clock, 2.3+0.68/1.4/0.76+0.10 ms cpu, 122->132->122 MB, 122 MB goal, 0 MB stacks, 0 MB globals, 4 P
gc 763 @21.931s 4%: 0.036+0.83+0.003 ms clock, 0.14+0.15/0.76/1.7+0.015 ms cpu, 122->122->102 MB, 122 MB goal, 0 MB stacks, 0 MB globals, 4 P
gc 764 @21.932s 4%: 0.017+1.0+0.002 ms clock, 0.068+0.33/0.86/1.7+0.011 ms cpu, 102->102->102 MB, 105 MB goal, 0 MB stacks, 0 MB globals, 4 P
gc 765 @21.946s 4%: 0.12+0.83+0.003 ms clock, 0.51+1.7/0.79/0.52+0.014 ms cpu, 122->122->102 MB, 102 MB goal, 0 MB stacks, 0 MB globals, 4 P
gc 766 @21.947s 4%: 0.10+1.3+0.002 ms clock, 0.42+1.1/0.99/0.98+0.011 ms cpu, 102->102->102 MB, 105 MB goal, 0 MB stacks, 0 MB globals, 4 P
gc 767 @21.952s 4%: 0.11+1.0+0.003 ms clock, 0.45+1.3/1.0/1.0+0.014 ms cpu, 122->122->102 MB, 102 MB goal, 0 MB stacks, 0 MB globals, 4 P
gc 768 @21.953s 4%: 0.030+1.0+0.002 ms clock, 0.12+0.74/0.88/1.3+0.011 ms cpu, 102->102->102 MB, 105 MB goal, 0 MB stacks, 0 MB globals, 4 P
gc 769 @21.961s 4%: 0.19+1.5+0.025 ms clock, 0.76+1.0/1.0/0.98+0.10 ms cpu, 112->112->112 MB, 102 MB goal, 0 MB stacks, 0 MB globals, 4 P
gc 770 @21.963s 4%: 0.17+2.3+0.015 ms clock, 0.71+0.14/1.3/1.2+0.060 ms cpu, 112->122->112 MB, 130 MB goal, 0 MB stacks, 0 MB globals, 4 P
gc 771 @21.974s 4%: 0.14+0.96+0.005 ms clock, 0.59+0.87/0.79/1.2+0.020 ms cpu, 142->142->102 MB, 119 MB goal, 0 MB stacks, 0 MB globals, 4 P
gc 772 @21.986s 4%: 0.23+2.6+0.006 ms clock, 0.95+2.4/2.0/0+0.024 ms cpu, 122->132->122 MB, 129 MB goal, 0 MB stacks, 0 MB globals, 4 P
gc 773 @21.990s 4%: 0.13+2.4+0.032 ms clock, 0.54+0.22/1.3/1.0+0.13 ms cpu, 132->142->122 MB, 122 MB goal, 0 MB stacks, 0 MB globals, 4 P
gc 774 @21.993s 4%: 0.60+2.2+0.025 ms clock, 2.4+1.4/1.9/0.11+0.10 ms cpu, 132->142->132 MB, 122 MB goal, 0 MB stacks, 0 MB globals, 4 P
gc 775 @21.997s 4%: 0.47+2.2+0.026 ms clock, 1.9+0.14/1.1/1.4+0.10 ms cpu, 132->132->112 MB, 143 MB goal, 0 MB stacks, 0 MB globals, 4 P
gc 776 @22.007s 4%: 0.61+1.7+0.023 ms clock, 2.4+1.0/1.1/0.90+0.095 ms cpu, 152->152->112 MB, 134 MB goal, 0 MB stacks, 0 MB globals, 4 P
gc 777 @22.016s 4%: 0.12+1.0+0.025 ms clock, 0.51+0.16/0.93/1.5+0.10 ms cpu, 142->142->112 MB, 143 MB goal, 0 MB stacks, 0 MB globals, 4 P
gc 778 @22.019s 4%: 0.036+0.96+0.022 ms clock, 0.14+0.33/0.92/2.0+0.091 ms cpu, 122->122->102 MB, 130 MB goal, 0 MB stacks, 0 MB globals, 4 P
gc 779 @22.022s 4%: 0.036+0.98+0.003 ms clock, 0.14+0.13/0.90/1.5+0.013 ms cpu, 112->112->102 MB, 118 MB goal, 0 MB stacks, 0 MB globals, 4 P
gc 780 @22.023s 4%: 0.095+2.1+0.063 ms clock, 0.38+0.063/1.4/1.1+0.25 ms cpu, 122->132->132 MB, 104 MB goal, 0 MB stacks, 0 MB globals, 4 P
gc 781 @22.026s 4%: 0.64+3.2+0.023 ms clock, 2.5+0.15/2.0/2.3+0.094 ms cpu, 132->132->122 MB, 132 MB goal, 0 MB stacks, 0 MB globals, 4 P
gc 782 @22.031s 4%: 0.030+0.73+0.002 ms clock, 0.12+0.18/0.70/1.6+0.011 ms cpu, 122->122->102 MB, 122 MB goal, 0 MB stacks, 0 MB globals, 4 P
gc 783 @22.037s 4%: 0.53+1.5+0.015 ms clock, 2.1+0.18/1.0/1.7+0.062 ms cpu, 122->122->112 MB, 114 MB goal, 0 MB stacks, 0 MB globals, 4 P
gc 784 @22.042s 4%: 0.60+1.1+0.004 ms clock, 2.4+0.97/0.97/0.93+0.016 ms cpu, 122->122->112 MB, 114 MB goal, 0 MB stacks, 0 MB globals, 4 P
gc 785 @22.044s 4%: 0.10+1.3+0.050 ms clock, 0.43+0.44/1.0/1.1+0.20 ms cpu, 122->122->112 MB, 114 MB goal, 0 MB stacks, 0 MB globals, 4 P
gc 786 @22.046s 4%: 0.090+1.0+0.054 ms clock, 0.36+0.14/0.92/1.5+0.21 ms cpu, 122->122->112 MB, 114 MB goal, 0 MB stacks, 0 MB globals, 4 P
gc 787 @22.048s 4%: 0.077+1.3+0.059 ms clock, 0.30+0/1.2/2.1+0.23 ms cpu, 122->122->112 MB, 114 MB goal, 0 MB stacks, 0 MB globals, 4 P
gc 788 @22.051s 4%: 0.25+2.0+0.58 ms clock, 1.0+0.96/1.2/0.33+2.3 ms cpu, 122->132->122 MB, 129 MB goal, 0 MB stacks, 0 MB globals, 4 P
gc 789 @22.057s 4%: 0.17+2.4+0.050 ms clock, 0.68+1.4/2.2/0+0.20 ms cpu, 132->132->112 MB, 129 MB goal, 0 MB stacks, 0 MB globals, 4 P
gc 790 @22.060s 4%: 0.72+3.0+0.029 ms clock, 2.9+0.080/2.4/0.92+0.11 ms cpu, 132->132->122 MB, 143 MB goal, 0 MB stacks, 0 MB globals, 4 P
gc 791 @22.073s 4%: 0.13+1.6+0.026 ms clock, 0.53+1.7/0.98/0.029+0.10 ms cpu, 142->142->112 MB, 143 MB goal, 0 MB stacks, 0 MB globals, 4 P
gc 792 @22.077s 4%: 0.48+1.5+0.003 ms clock, 1.9+0.27/1.2/1.4+0.012 ms cpu, 142->142->122 MB, 143 MB goal, 0 MB stacks, 0 MB globals, 4 P
gc 793 @22.777s 4%: 0.071+1.0+0.006 ms clock, 0.28+0.16/0.88/2.2+0.027 ms cpu, 142->142->102 MB, 143 MB goal, 0 MB stacks, 0 MB globals, 4 P
gc 794 @22.779s 4%: 0.041+1.1+0.004 ms clock, 0.16+1.0/0.98/1.7+0.017 ms cpu, 102->102->102 MB, 105 MB goal, 0 MB stacks, 0 MB globals, 4 P
gc 795 @22.780s 4%: 0.095+3.1+0.043 ms clock, 0.38+0.11/1.4/1.5+0.17 ms cpu, 112->122->122 MB, 114 MB goal, 0 MB stacks, 0 MB globals, 4 P
gc 796 @22.784s 4%: 0.57+2.5+0.025 ms clock, 2.2+1.3/1.2/0.79+0.10 ms cpu, 122->132->122 MB, 122 MB goal, 0 MB stacks, 0 MB globals, 4 P
gc 797 @22.788s 4%: 0.72+2.7+0.005 ms clock, 2.9+1.4/2.4/0.80+0.020 ms cpu, 122->132->122 MB, 122 MB goal, 0 MB stacks, 0 MB globals, 4 P
gc 798 @22.792s 4%: 0.17+1.4+0.052 ms clock, 0.71+0.24/1.2/1.8+0.20 ms cpu, 122->132->112 MB, 122 MB goal, 0 MB stacks, 0 MB globals, 4 P
gc 799 @22.794s 4%: 0.29+1.5+0.050 ms clock, 1.1+0.17/1.2/1.5+0.20 ms cpu, 112->122->112 MB, 114 MB goal, 0 MB stacks, 0 MB globals, 4 P
gc 800 @22.798s 4%: 0.046+0.83+0.003 ms clock, 0.18+0.20/0.71/1.8+0.013 ms cpu, 122->122->102 MB, 114 MB goal, 0 MB stacks, 0 MB globals, 4 P
gc 801 @22.800s 4%: 0.017+0.97+0.003 ms clock, 0.070+0.82/0.94/1.6+0.012 ms cpu, 102->102->102 MB, 105 MB goal, 0 MB stacks, 0 MB globals, 4 P
gc 802 @22.801s 4%: 0.10+2.1+0.027 ms clock, 0.43+0.74/1.4/0.99+0.11 ms cpu, 112->112->112 MB, 118 MB goal, 0 MB stacks, 0 MB globals, 4 P
gc 803 @22.805s 4%: 0.59+2.6+0.20 ms clock, 2.3+0.15/1.2/2.3+0.83 ms cpu, 122->132->122 MB, 112 MB goal, 0 MB stacks, 0 MB globals, 4 P
gc 804 @22.809s 4%: 0.38+2.8+0.003 ms clock, 1.5+2.1/2.7/0+0.015 ms cpu, 122->122->112 MB, 122 MB goal, 0 MB stacks, 0 MB globals, 4 P
gc 805 @22.812s 4%: 0.27+2.1+0.11 ms clock, 1.0+1.2/1.2/0+0.45 ms cpu, 112->152->142 MB, 112 MB goal, 0 MB stacks, 0 MB globals, 4 P
gc 806 @22.815s 4%: 0.54+4.3+0.037 ms clock, 2.1+0.069/2.7/0+0.14 ms cpu, 142->152->152 MB, 142 MB goal, 0 MB stacks, 0 MB globals, 4 P
gc 807 @22.823s 4%: 0.11+1.7+0.023 ms clock, 0.47+1.4/1.1/0.78+0.095 ms cpu, 162->162->112 MB, 152 MB goal, 0 MB stacks, 0 MB globals, 4 P
gc 808 @22.825s 4%: 0.34+1.9+0.004 ms clock, 1.3+0.11/1.1/1.3+0.019 ms cpu, 112->122->112 MB, 114 MB goal, 0 MB stacks, 0 MB globals, 4 P
gc 809 @22.832s 4%: 0.089+1.4+0.038 ms clock, 0.35+2.2/1.3/0+0.15 ms cpu, 122->122->112 MB, 114 MB goal, 0 MB stacks, 0 MB globals, 4 P
gc 810 @22.834s 4%: 0.21+1.9+0.39 ms clock, 0.85+1.4/1.0/0+1.5 ms cpu, 122->132->122 MB, 112 MB goal, 0 MB stacks, 0 MB globals, 4 P
gc 811 @22.837s 4%: 0.51+1.2+0.026 ms clock, 2.0+1.8/1.1/0.010+0.10 ms cpu, 122->122->112 MB, 122 MB goal, 0 MB stacks, 0 MB globals, 4 P
gc 812 @22.839s 4%: 0.53+2.5+0.032 ms clock, 2.1+1.3/1.3/0+0.12 ms cpu, 132->132->122 MB, 112 MB goal, 0 MB stacks, 0 MB globals, 4 P
gc 813 @22.842s 4%: 0.59+1.2+0.007 ms clock, 2.3+1.6/0.97/0+0.030 ms cpu, 122->122->112 MB, 122 MB goal, 0 MB stacks, 0 MB globals, 4 P
gc 814 @22.845s 4%: 0.065+1.4+0.56 ms clock, 0.26+1.1/1.1/0+2.2 ms cpu, 142->142->132 MB, 112 MB goal, 0 MB stacks, 0 MB globals, 4 P
gc 815 @22.847s 4%: 0.61+2.7+0.027 ms clock, 2.4+1.6/1.9/0+0.11 ms cpu, 132->142->142 MB, 132 MB goal, 0 MB stacks, 0 MB globals, 4 P
gc 816 @22.851s 4%: 0.64+2.8+0.55 ms clock, 2.5+1.3/1.6/0+2.2 ms cpu, 142->152->122 MB, 142 MB goal, 0 MB stacks, 0 MB globals, 4 P
gc 817 @22.855s 4%: 0.73+1.4+0.050 ms clock, 2.9+1.0/1.2/0.27+0.20 ms cpu, 122->132->112 MB, 122 MB goal, 0 MB stacks, 0 MB globals, 4 P
gc 818 @22.858s 4%: 0.097+1.6+0.078 ms clock, 0.38+1.2/1.5/1.0+0.31 ms cpu, 122->122->112 MB, 114 MB goal, 0 MB stacks, 0 MB globals, 4 P
gc 819 @22.860s 4%: 0.12+1.5+0.054 ms clock, 0.50+0.20/1.2/1.2+0.21 ms cpu, 122->122->112 MB, 130 MB goal, 0 MB stacks, 0 MB globals, 4 P
gc 820 @22.872s 4%: 0.10+1.7+0.023 ms clock, 0.43+2.1/1.1/0+0.093 ms cpu, 132->132->112 MB, 129 MB goal, 0 MB stacks, 0 MB globals, 4 P
gc 821 @22.876s 4%: 0.11+1.4+0.005 ms clock, 0.47+0.21/1.3/1.5+0.021 ms cpu, 132->132->102 MB, 129 MB goal, 0 MB stacks, 0 MB globals, 4 P
gc 822 @22.890s 4%: 0.22+1.8+0.034 ms clock, 0.90+0/1.7/2.4+0.13 ms cpu, 132->132->112 MB, 129 MB goal, 0 MB stacks, 0 MB globals, 4 P
gc 823 @22.895s 4%: 0.74+1.4+0.004 ms clock, 2.9+1.3/1.3/1.8+0.017 ms cpu, 132->132->102 MB, 129 MB goal, 0 MB stacks, 0 MB globals, 4 P
gc 824 @22.898s 4%: 0.095+1.6+0.004 ms clock, 0.38+1.6/1.5/0.27+0.017 ms cpu, 112->112->102 MB, 118 MB goal, 0 MB stacks, 0 MB globals, 4 P
gc 825 @22.902s 4%: 0.12+1.7+0.42 ms clock, 0.49+0.15/1.4/2.2+1.6 ms cpu, 122->122->112 MB, 114 MB goal, 0 MB stacks, 0 MB globals, 4 P
gc 826 @22.904s 4%: 0.66+1.1+0.060 ms clock, 2.6+1.0/1.0/0+0.24 ms cpu, 122->132->132 MB, 112 MB goal, 0 MB stacks, 0 MB globals, 4 P
gc 827 @22.907s 4%: 0.53+2.6+0.56 ms clock, 2.1+0.24/1.6/1.2+2.2 ms cpu, 132->142->132 MB, 132 MB goal, 0 MB stacks, 0 MB globals, 4 P
gc 828 @22.911s 4%: 0.52+3.3+0.005 ms clock, 2.1+1.6/0.93/0+0.022 ms cpu, 132->132->112 MB, 132 MB goal, 0 MB stacks, 0 MB globals, 4 P
gc 829 @22.915s 4%: 0.33+2.0+0.053 ms clock, 1.3+1.6/1.3/0+0.21 ms cpu, 112->132->122 MB, 112 MB goal, 0 MB stacks, 0 MB globals, 4 P
gc 830 @22.918s 4%: 0.63+1.8+0.049 ms clock, 2.5+2.3/1.2/0+0.19 ms cpu, 122->132->122 MB, 122 MB goal, 0 MB stacks, 0 MB globals, 4 P
gc 831 @22.921s 4%: 0.64+1.9+0.051 ms clock, 2.5+1.3/1.6/0+0.20 ms cpu, 122->132->122 MB, 143 MB goal, 0 MB stacks, 0 MB globals, 4 P
gc 832 @22.928s 4%: 0.31+1.3+0.004 ms clock, 1.2+1.9/1.0/0.023+0.016 ms cpu, 142->142->112 MB, 143 MB goal, 0 MB stacks, 0 MB globals, 4 P
gc 833 @22.935s 4%: 0.048+1.0+0.004 ms clock, 0.19+0.11/0.92/1.5+0.017 ms cpu, 142->142->102 MB, 143 MB goal, 0 MB stacks, 0 MB globals, 4 P
gc 834 @22.948s 4%: 0.045+1.3+0.003 ms clock, 0.18+1.7/1.1/1.3+0.015 ms cpu, 102->102->102 MB, 105 MB goal, 0 MB stacks, 0 MB globals, 4 P
gc 835 @22.950s 4%: 0.16+2.7+0.59 ms clock, 0.67+1.5/1.3/0+2.3 ms cpu, 112->122->122 MB, 102 MB goal, 0 MB stacks, 0 MB globals, 4 P
gc 836 @22.954s 4%: 0.50+2.4+0.087 ms clock, 2.0+1.3/1.5/0.16+0.35 ms cpu, 122->132->122 MB, 122 MB goal, 0 MB stacks, 0 MB globals, 4 P
gc 837 @22.958s 4%: 0.060+2.7+0.003 ms clock, 0.24+0.044/2.5/2.6+0.012 ms cpu, 132->132->122 MB, 143 MB goal, 0 MB stacks, 0 MB globals, 4 P
gc 838 @22.970s 4%: 0.11+1.7+0.027 ms clock, 0.45+1.0/1.1/1.0+0.10 ms cpu, 142->142->112 MB, 143 MB goal, 0 MB stacks, 0 MB globals, 4 P
gc 839 @22.977s 4%: 0.13+1.9+0.004 ms clock, 0.52+0.16/1.9/3.5+0.019 ms cpu, 142->142->112 MB, 143 MB goal, 0 MB stacks, 0 MB globals, 4 P
gc 840 @22.991s 4%: 0.13+1.0+0.004 ms clock, 0.54+0/0.87/2.2+0.017 ms cpu, 142->142->102 MB, 143 MB goal, 0 MB stacks, 0 MB globals, 4 P
gc 841 @22.995s 4%: 0.077+1.3+0.003 ms clock, 0.31+0.065/1.2/3.1+0.012 ms cpu, 112->112->102 MB, 118 MB goal, 0 MB stacks, 0 MB globals, 4 P
gc 842 @23.001s 4%: 0.32+1.2+0.003 ms clock, 1.3+1.0/0.96/1.3+0.015 ms cpu, 122->122->102 MB, 114 MB goal, 0 MB stacks, 0 MB globals, 4 P
gc 843 @23.006s 4%: 0.59+1.2+0.004 ms clock, 2.3+1.1/1.2/0.082+0.016 ms cpu, 122->122->112 MB, 114 MB goal, 0 MB stacks, 0 MB globals, 4 P
gc 844 @23.009s 4%: 0.66+2.4+0.060 ms clock, 2.6+0.93/1.2/1.0+0.24 ms cpu, 122->132->122 MB, 129 MB goal, 0 MB stacks, 0 MB globals, 4 P
gc 845 @23.015s 4%: 0.11+1.0+0.004 ms clock, 0.45+1.0/0.96/1.0+0.018 ms cpu, 132->132->102 MB, 129 MB goal, 0 MB stacks, 0 MB globals, 4 P
gc 846 @23.017s 4%: 0.059+1.2+0.56 ms clock, 0.23+1.0/1.0/0.92+2.2 ms cpu, 112->122->122 MB, 114 MB goal, 0 MB stacks, 0 MB globals, 4 P
gc 847 @23.019s 4%: 0.68+3.7+0.024 ms clock, 2.7+1.7/2.7/0+0.099 ms cpu, 122->132->122 MB, 122 MB goal, 0 MB stacks, 0 MB globals, 4 P
gc 848 @23.024s 4%: 0.66+1.2+0.039 ms clock, 2.6+1.0/1.0/0.58+0.15 ms cpu, 122->132->112 MB, 122 MB goal, 0 MB stacks, 0 MB globals, 4 P
gc 849 @23.026s 4%: 0.10+1.5+0.057 ms clock, 0.43+0.061/1.1/1.6+0.23 ms cpu, 122->122->112 MB, 130 MB goal, 0 MB stacks, 0 MB globals, 4 P
gc 850 @23.034s 4%: 0.16+1.6+0.024 ms clock, 0.67+1.0/1.3/1.2+0.096 ms cpu, 142->142->112 MB, 119 MB goal, 0 MB stacks, 0 MB globals, 4 P
gc 851 @23.043s 4%: 0.070+1.0+0.004 ms clock, 0.28+0.20/0.86/2.2+0.016 ms cpu, 132->132->102 MB, 129 MB goal, 0 MB stacks, 0 MB globals, 4 P
gc 852 @23.045s 4%: 0.023+1.1+0.004 ms clock, 0.094+1.0/0/2.0+0.017 ms cpu, 102->102->102 MB, 105 MB goal, 0 MB stacks, 0 MB globals, 4 P
gc 853 @23.046s 4%: 0.11+2.3+0.54 ms clock, 0.45+0.11/1.0/1.9+2.1 ms cpu, 112->122->122 MB, 114 MB goal, 0 MB stacks, 0 MB globals, 4 P
gc 854 @23.052s 4%: 0.030+4.5+0.004 ms clock, 0.12+1.2/0.96/0.36+0.019 ms cpu, 122->132->112 MB, 122 MB goal, 0 MB stacks, 0 MB globals, 4 P
gc 855 @23.057s 4%: 0.27+1.6+0.052 ms clock, 1.0+1.2/1.3/0.72+0.20 ms cpu, 112->122->112 MB, 114 MB goal, 0 MB stacks, 0 MB globals, 4 P
gc 856 @23.059s 4%: 0.12+3.8+0.007 ms clock, 0.50+0.15/3.7/2.0+0.029 ms cpu, 122->122->112 MB, 114 MB goal, 0 MB stacks, 0 MB globals, 4 P
gc 857 @23.064s 4%: 0.14+3.6+0.005 ms clock, 0.59+1.2/1.0/0+0.021 ms cpu, 122->132->122 MB, 112 MB goal, 0 MB stacks, 0 MB globals, 4 P
gc 858 @23.068s 4%: 0.15+1.1+0.005 ms clock, 0.62+1.3/0.94/0+0.020 ms cpu, 122->122->102 MB, 122 MB goal, 0 MB stacks, 0 MB globals, 4 P
gc 859 @23.071s 4%: 0.40+2.3+0.046 ms clock, 1.6+1.3/2.1/0+0.18 ms cpu, 132->132->122 MB, 104 MB goal, 0 MB stacks, 0 MB globals, 4 P
gc 860 @23.074s 4%: 0.49+1.4+0.004 ms clock, 1.9+0.39/1.2/1.2+0.017 ms cpu, 122->122->102 MB, 122 MB goal, 0 MB stacks, 0 MB globals, 4 P
gc 861 @23.080s 4%: 0.32+3.1+0.003 ms clock, 1.3+1.4/3.0/0.052+0.013 ms cpu, 122->122->112 MB, 114 MB goal, 0 MB stacks, 0 MB globals, 4 P
gc 862 @23.083s 4%: 0.16+2.1+0.38 ms clock, 0.64+1.2/1.2/0+1.5 ms cpu, 122->132->122 MB, 112 MB goal, 0 MB stacks, 0 MB globals, 4 P
gc 863 @23.086s 4%: 0.67+1.5+0.002 ms clock, 2.7+0.34/1.3/1.7+0.011 ms cpu, 122->122->112 MB, 122 MB goal, 0 MB stacks, 0 MB globals, 4 P
gc 864 @23.778s 4%: 0.25+1.7+0.003 ms clock, 1.0+1.3/1.3/1.5+0.014 ms cpu, 122->122->112 MB, 114 MB goal, 0 MB stacks, 0 MB globals, 4 P
gc 865 @23.780s 4%: 0.12+2.5+0.030 ms clock, 0.50+0.056/1.0/1.9+0.12 ms cpu, 122->122->112 MB, 130 MB goal, 0 MB stacks, 0 MB globals, 4 P
gc 866 @23.792s 4%: 0.56+1.1+0.003 ms clock, 2.2+2.0/1.0/0.38+0.013 ms cpu, 132->132->102 MB, 129 MB goal, 0 MB stacks, 0 MB globals, 4 P
gc 867 @23.794s 4%: 0.29+4.7+0.036 ms clock, 1.1+0.14/1.4/1.4+0.14 ms cpu, 122->142->142 MB, 119 MB goal, 0 MB stacks, 0 MB globals, 4 P
gc 868 @23.800s 4%: 0.69+2.0+0.031 ms clock, 2.7+1.2/1.1/1.0+0.12 ms cpu, 142->152->112 MB, 142 MB goal, 0 MB stacks, 0 MB globals, 4 P
gc 869 @23.803s 4%: 0.62+2.5+0.025 ms clock, 2.5+0.34/1.9/2.8+0.10 ms cpu, 112->112->112 MB, 130 MB goal, 0 MB stacks, 0 MB globals, 4 P
gc 870 @23.810s 4%: 0.14+4.6+0.043 ms clock, 0.56+0.23/1.5/5.3+0.17 ms cpu, 132->142->122 MB, 119 MB goal, 0 MB stacks, 0 MB globals, 4 P
gc 871 @23.816s 4%: 0.58+1.3+0.003 ms clock, 2.3+0.16/1.0/1.9+0.013 ms cpu, 122->122->102 MB, 130 MB goal, 0 MB stacks, 0 MB globals, 4 P
gc 872 @23.820s 4%: 0.31+4.1+0.064 ms clock, 1.2+1.4/3.2/0+0.25 ms cpu, 122->142->132 MB, 119 MB goal, 0 MB stacks, 0 MB globals, 4 P
gc 873 @23.825s 4%: 0.73+3.3+0.004 ms clock, 2.9+1.2/3.2/0.14+0.019 ms cpu, 132->142->122 MB, 132 MB goal, 0 MB stacks, 0 MB globals, 4 P
gc 874 @23.831s 4%: 0.52+1.9+0.031 ms clock, 2.0+0.94/1.1/1.1+0.12 ms cpu, 142->142->112 MB, 122 MB goal, 0 MB stacks, 0 MB globals, 4 P
gc 875 @23.835s 4%: 0.023+1.0+0.004 ms clock, 0.093+0.82/0.84/1.7+0.016 ms cpu, 112->112->102 MB, 118 MB goal, 0 MB stacks, 0 MB globals, 4 P
gc 876 @23.840s 4%: 0.48+1.2+0.051 ms clock, 1.9+1.1/1.1/0.64+0.20 ms cpu, 122->122->112 MB, 114 MB goal, 0 MB stacks, 0 MB globals, 4 P
gc 877 @23.842s 4%: 0.70+7.5+0.006 ms clock, 2.8+1.0/1.3/0+0.027 ms cpu, 132->132->132 MB, 112 MB goal, 0 MB stacks, 0 MB globals, 4 P
gc 878 @23.851s 4%: 0.068+0.88+0.030 ms clock, 0.27+1.8/0.76/0+0.12 ms cpu, 132->132->102 MB, 132 MB goal, 0 MB stacks, 0 MB globals, 4 P
gc 879 @23.854s 4%: 0.48+2.1+0.031 ms clock, 1.9+2.1/1.6/0+0.12 ms cpu, 142->142->132 MB, 102 MB goal, 0 MB stacks, 0 MB globals, 4 P
gc 880 @23.857s 4%: 0.29+1.1+0.003 ms clock, 1.1+1.8/0.98/0.11+0.013 ms cpu, 132->132->102 MB, 132 MB goal, 0 MB stacks, 0 MB globals, 4 P
gc 881 @23.859s 4%: 0.085+1.5+0.026 ms clock, 0.34+1.1/1.1/0+0.10 ms cpu, 122->122->122 MB, 114 MB goal, 0 MB stacks, 0 MB globals, 4 P
gc 882 @23.861s 4%: 0.64+2.5+0.17 ms clock, 2.5+1.7/1.7/0+0.70 ms cpu, 122->142->132 MB, 122 MB goal, 0 MB stacks, 0 MB globals, 4 P
gc 883 @23.865s 4%: 0.57+2.1+0.027 ms clock, 2.2+1.6/1.4/0.063+0.11 ms cpu, 132->142->122 MB, 132 MB goal, 0 MB stacks, 0 MB globals, 4 P
gc 884 @23.868s 4%: 0.060+2.0+0.051 ms clock, 0.24+0.16/1.8/1.6+0.20 ms cpu, 132->132->122 MB, 122 MB goal, 0 MB stacks, 0 MB globals, 4 P
gc 885 @23.871s 4%: 0.074+0.93+0.003 ms clock, 0.29+0.49/0.89/1.5+0.014 ms cpu, 122->122->102 MB, 122 MB goal, 0 MB stacks, 0 MB globals, 4 P
gc 886 @23.875s 4%: 0.034+0.88+0.004 ms clock, 0.13+0.73/0.76/1.4+0.017 ms cpu, 102->102->102 MB, 105 MB goal, 0 MB stacks, 0 MB globals, 4 P
gc 887 @23.876s 4%: 0.10+1.4+0.75 ms clock, 0.40+0.066/0.98/1.6+3.0 ms cpu, 112->112->112 MB, 118 MB goal, 0 MB stacks, 0 MB globals, 4 P
gc 888 @23.880s 4%: 0.53+2.6+0.036 ms clock, 2.1+1.5/1.6/0+0.14 ms cpu, 132->132->122 MB, 112 MB goal, 0 MB stacks, 0 MB globals, 4 P
gc 889 @23.884s 4%: 0.63+1.3+0.003 ms clock, 2.5+0.31/1.2/1.4+0.013 ms cpu, 122->122->102 MB, 122 MB goal, 0 MB stacks, 0 MB globals, 4 P
gc 890 @23.892s 4%: 0.10+1.3+0.024 ms clock, 0.40+0.99/1.0/1.0+0.096 ms cpu, 122->122->112 MB, 114 MB goal, 0 MB stacks, 0 MB globals, 4 P
gc 891 @23.894s 4%: 0.12+5.6+0.037 ms clock, 0.49+0.076/1.2/6.0+0.14 ms cpu, 122->132->112 MB, 112 MB goal, 0 MB stacks, 0 MB globals, 4 P
gc 892 @23.900s 4%: 0.22+1.1+0.052 ms clock, 0.90+1.1/1.0/0.47+0.20 ms cpu, 112->122->112 MB, 114 MB goal, 0 MB stacks, 0 MB globals, 4 P
gc 893 @23.902s 4%: 0.12+1.6+0.031 ms clock, 0.49+0.60/1.5/0.68+0.12 ms cpu, 122->122->112 MB, 114 MB goal, 0 MB stacks, 0 MB globals, 4 P
gc 894 @23.904s 4%: 0.047+1.2+0.053 ms clock, 0.19+0.12/1.0/0.90+0.21 ms cpu, 122->122->112 MB, 130 MB goal, 0 MB stacks, 0 MB globals, 4 P
gc 895 @23.910s 4%: 0.24+1.7+0.65 ms clock, 0.97+0.16/1.4/2.3+2.6 ms cpu, 132->142->122 MB, 119 MB goal, 0 MB stacks, 0 MB globals, 4 P
gc 896 @23.913s 4%: 0.43+1.8+0.022 ms clock, 1.7+0.27/1.2/1.8+0.090 ms cpu, 122->122->112 MB, 130 MB goal, 0 MB stacks, 0 MB globals, 4 P
gc 897 @23.925s 4%: 0.13+0.75+0.003 ms clock, 0.54+1.0/0.71/0.67+0.015 ms cpu, 142->142->102 MB, 119 MB goal, 0 MB stacks, 0 MB globals, 4 P
gc 898 @23.926s 4%: 0.13+2.3+0.54 ms clock, 0.55+1.2/1.9/0.029+2.1 ms cpu, 122->132->132 MB, 129 MB goal, 0 MB stacks, 0 MB globals, 4 P
gc 899 @23.929s 4%: 0.50+1.6+0.078 ms clock, 2.0+0/1.5/1.7+0.31 ms cpu, 132->142->122 MB, 132 MB goal, 0 MB stacks, 0 MB globals, 4 P
gc 900 @23.932s 4%: 0.34+5.6+0.071 ms clock, 1.3+1.2/1.7/0+0.28 ms cpu, 122->142->142 MB, 122 MB goal, 0 MB stacks, 0 MB globals, 4 P
gc 901 @23.938s 4%: 0.58+2.3+0.030 ms clock, 2.3+1.1/1.1/0.78+0.12 ms cpu, 142->152->122 MB, 155 MB goal, 0 MB stacks, 0 MB globals, 4 P
gc 902 @23.962s 4%: 0.24+2.3+0.025 ms clock, 0.97+0.25/1.9/1.1+0.10 ms cpu, 162->162->112 MB, 149 MB goal, 0 MB stacks, 0 MB globals, 4 P
gc 903 @23.980s 4%: 0.12+0.97+0.003 ms clock, 0.49+0.93/0.93/0.90+0.015 ms cpu, 152->152->102 MB, 155 MB goal, 0 MB stacks, 0 MB globals, 4 P
gc 904 @23.995s 4%: 0.13+1.1+0.053 ms clock, 0.55+0.34/0.81/1.9+0.21 ms cpu, 142->152->112 MB, 155 MB goal, 0 MB stacks, 0 MB globals, 4 P
gc 905 @23.999s 4%: 0.10+1.5+0.003 ms clock, 0.42+1.3/1.4/1.6+0.015 ms cpu, 112->112->102 MB, 118 MB goal, 0 MB stacks, 0 MB globals, 4 P
gc 906 @24.004s 4%: 0.66+1.8+0.032 ms clock, 2.6+0.73/1.3/1.7+0.12 ms cpu, 122->122->112 MB, 114 MB goal, 0 MB stacks, 0 MB globals, 4 P
gc 907 @24.008s 4%: 0.17+1.2+0.63 ms clock, 0.69+0.14/0.97/1.5+2.5 ms cpu, 122->132->122 MB, 112 MB goal, 0 MB stacks, 0 MB globals, 4 P
gc 908 @24.011s 4%: 0.42+2.0+0.63 ms clock, 1.6+0.30/1.6/2.8+2.5 ms cpu, 122->132->122 MB, 122 MB goal, 0 MB stacks, 0 MB globals, 4 P
gc 909 @24.015s 4%: 0.51+2.3+0.10 ms clock, 2.0+0.16/1.5/1.4+0.40 ms cpu, 122->142->132 MB, 122 MB goal, 0 MB stacks, 0 MB globals, 4 P
gc 910 @24.018s 4%: 0.54+6.0+0.045 ms clock, 2.1+2.0/5.9/0.29+0.18 ms cpu, 132->142->122 MB, 132 MB goal, 0 MB stacks, 0 MB globals, 4 P
gc 911 @24.025s 4%: 1.0+3.0+0.076 ms clock, 4.1+1.3/1.4/0.008+0.30 ms cpu, 122->142->122 MB, 122 MB goal, 0 MB stacks, 0 MB globals, 4 P
gc 912 @24.031s 4%: 0.60+4.0+0.005 ms clock, 2.4+3.0/2.4/0+0.023 ms cpu, 142->142->122 MB, 122 MB goal, 0 MB stacks, 0 MB globals, 4 P
gc 913 @24.036s 4%: 0.13+2.5+0.061 ms clock, 0.54+2.2/1.3/0.23+0.24 ms cpu, 122->142->122 MB, 122 MB goal, 0 MB stacks, 0 MB globals, 4 P
gc 914 @24.039s 4%: 0.56+2.1+0.027 ms clock, 2.2+1.2/1.6/0+0.11 ms cpu, 122->122->122 MB, 130 MB goal, 0 MB stacks, 0 MB globals, 4 P
gc 915 @24.042s 4%: 0.62+3.0+0.31 ms clock, 2.4+3.1/1.7/0.049+1.2 ms cpu, 132->142->122 MB, 122 MB goal, 0 MB stacks, 0 MB globals, 4 P
gc 916 @24.047s 4%: 0.23+2.2+0.057 ms clock, 0.95+1.5/1.4/0.083+0.23 ms cpu, 122->132->122 MB, 129 MB goal, 0 MB stacks, 0 MB globals, 4 P
gc 917 @24.057s 4%: 0.55+1.1+0.003 ms clock, 2.2+2.6/1.0/0.28+0.015 ms cpu, 142->142->102 MB, 122 MB goal, 0 MB stacks, 0 MB globals, 4 P
gc 918 @24.061s 4%: 0.12+1.4+0.16 ms clock, 0.48+0/1.2/2.1+0.64 ms cpu, 122->122->112 MB, 130 MB goal, 0 MB stacks, 0 MB globals, 4 P
gc 919 @24.067s 4%: 0.042+1.0+0.005 ms clock, 0.16+0/0/2.7+0.022 ms cpu, 122->122->102 MB, 114 MB goal, 0 MB stacks, 0 MB globals, 4 P
gc 920 @24.070s 4%: 0.036+0.93+0.003 ms clock, 0.14+1.4/0.86/0.70+0.014 ms cpu, 102->102->102 MB, 105 MB goal, 0 MB stacks, 0 MB globals, 4 P
gc 921 @24.072s 4%: 0.058+4.2+0.006 ms clock, 0.23+1.3/2.7/0+0.024 ms cpu, 122->122->122 MB, 102 MB goal, 0 MB stacks, 0 MB globals, 4 P
gc 922 @24.077s 4%: 0.10+1.3+0.024 ms clock, 0.41+1.5/0.77/0+0.098 ms cpu, 122->132->112 MB, 129 MB goal, 0 MB stacks, 0 MB globals, 4 P
gc 923 @24.078s 4%: 0.52+2.5+0.029 ms clock, 2.1+0/2.2/0.69+0.11 ms cpu, 132->132->132 MB, 129 MB goal, 0 MB stacks, 0 MB globals, 4 P
gc 924 @24.082s 4%: 0.26+1.9+0.028 ms clock, 1.0+0.91/0.95/0.64+0.11 ms cpu, 132->142->112 MB, 132 MB goal, 0 MB stacks, 0 MB globals, 4 P
gc 925 @24.090s 4%: 0.090+1.3+0.025 ms clock, 0.36+0.96/0.97/1.2+0.10 ms cpu, 132->132->112 MB, 129 MB goal, 0 MB stacks, 0 MB globals, 4 P
gc 926 @24.783s 4%: 0.082+1.2+0.003 ms clock, 0.32+0.20/1.1/2.5+0.014 ms cpu, 132->132->102 MB, 129 MB goal, 0 MB stacks, 0 MB globals, 4 P
gc 927 @24.786s 4%: 0.044+1.1+0.004 ms clock, 0.17+1.0/1.0/0.93+0.016 ms cpu, 102->102->102 MB, 105 MB goal, 0 MB stacks, 0 MB globals, 4 P
gc 928 @24.788s 4%: 0.10+1.4+0.085 ms clock, 0.40+0.10/1.0/1.8+0.34 ms cpu, 112->112->112 MB, 102 MB goal, 0 MB stacks, 0 MB globals, 4 P
gc 929 @24.790s 4%: 0.31+1.8+0.052 ms clock, 1.2+1.1/1.0/0.87+0.21 ms cpu, 112->112->112 MB, 118 MB goal, 0 MB stacks, 0 MB globals, 4 P
gc 930 @24.793s 4%: 0.28+1.7+0.032 ms clock, 1.1+1.0/1.0/1.0+0.13 ms cpu, 122->122->112 MB, 115 MB goal, 0 MB stacks, 0 MB globals, 4 P
gc 931 @24.797s 4%: 0.096+1.1+0.028 ms clock, 0.38+0.96/0.96/0.53+0.11 ms cpu, 122->122->112 MB, 114 MB goal, 0 MB stacks, 0 MB globals, 4 P
gc 932 @24.800s 4%: 0.31+1.4+0.023 ms clock, 1.2+1.5/0.93/0.064+0.095 ms cpu, 132->132->112 MB, 112 MB goal, 0 MB stacks, 0 MB globals, 4 P
gc 933 @24.802s 4%: 0.51+4.4+0.084 ms clock, 2.0+1.3/1.3/0+0.33 ms cpu, 112->122->122 MB, 115 MB goal, 0 MB stacks, 0 MB globals, 4 P
gc 934 @24.807s 4%: 0.12+1.7+0.63 ms clock, 0.49+0.87/1.1/0.61+2.5 ms cpu, 122->142->122 MB, 143 MB goal, 0 MB stacks, 0 MB globals, 4 P
gc 935 @24.819s 4%: 0.55+1.5+0.023 ms clock, 2.2+1.0/1.0/1.0+0.095 ms cpu, 152->152->112 MB, 134 MB goal, 0 MB stacks, 0 MB globals, 4 P
gc 936 @24.829s 4%: 0.12+1.0+0.004 ms clock, 0.48+1.6/0.93/0.037+0.019 ms cpu, 142->142->112 MB, 143 MB goal, 0 MB stacks, 0 MB globals, 4 P
gc 937 @24.835s 4%: 0.38+1.3+0.006 ms clock, 1.5+1.2/1.2/1.3+0.026 ms cpu, 142->142->112 MB, 143 MB goal, 0 MB stacks, 0 MB globals, 4 P
gc 938 @24.851s 4%: 0.14+1.2+0.004 ms clock, 0.59+1.2/1.1/0+0.019 ms cpu, 142->142->112 MB, 143 MB goal, 0 MB stacks, 0 MB globals, 4 P
gc 939 @24.858s 4%: 0.12+1.9+0.004 ms clock, 0.48+2.2/1.8/0+0.016 ms cpu, 142->142->112 MB, 143 MB goal, 0 MB stacks, 0 MB globals, 4 P
gc 940 @24.861s 4%: 0.13+2.6+0.047 ms clock, 0.53+0.96/1.6/0+0.19 ms cpu, 142->152->142 MB, 155 MB goal, 0 MB stacks, 0 MB globals, 4 P
gc 941 @24.864s 4%: 0.23+2.4+0.025 ms clock, 0.94+0/2.1/0.52+0.10 ms cpu, 152->152->122 MB, 155 MB goal, 0 MB stacks, 0 MB globals, 4 P
gc 942 @24.875s 4%: 0.55+1.8+0.035 ms clock, 2.2+0/1.6/3.1+0.14 ms cpu, 162->162->112 MB, 149 MB goal, 0 MB stacks, 0 MB globals, 4 P
gc 943 @24.892s 4%: 0.067+1.2+0.005 ms clock, 0.27+0/1.1/3.2+0.021 ms cpu, 152->152->102 MB, 155 MB goal, 0 MB stacks, 0 MB globals, 4 P
gc 944 @24.895s 4%: 0.035+1.1+0.003 ms clock, 0.14+0.68/1.1/2.0+0.012 ms cpu, 102->102->102 MB, 105 MB goal, 0 MB stacks, 0 MB globals, 4 P
gc 945 @24.896s 4%: 0.12+1.4+0.023 ms clock, 0.50+0.078/0.83/1.7+0.093 ms cpu, 112->112->112 MB, 118 MB goal, 0 MB stacks, 0 MB globals, 4 P
gc 946 @24.904s 4%: 0.63+1.9+0.033 ms clock, 2.5+1.7/1.3/0+0.13 ms cpu, 132->132->112 MB, 112 MB goal, 0 MB stacks, 0 MB globals, 4 P
gc 947 @24.907s 4%: 0.054+2.5+0.057 ms clock, 0.21+1.7/1.1/0.25+0.23 ms cpu, 112->132->122 MB, 112 MB goal, 0 MB stacks, 0 MB globals, 4 P
gc 948 @24.910s 4%: 0.53+3.2+0.036 ms clock, 2.1+1.3/1.7/0+0.14 ms cpu, 122->132->132 MB, 122 MB goal, 0 MB stacks, 0 MB globals, 4 P
gc 949 @24.914s 4%: 0.66+2.3+0.19 ms clock, 2.6+0.28/1.6/1.2+0.76 ms cpu, 132->142->122 MB, 132 MB goal, 0 MB stacks, 0 MB globals, 4 P
gc 950 @24.917s 4%: 0.43+2.1+0.055 ms clock, 1.7+1.6/1.6/0.035+0.22 ms cpu, 122->132->112 MB, 122 MB goal, 0 MB stacks, 0 MB globals, 4 P
gc 951 @24.921s 4%: 0.38+1.8+0.69 ms clock, 1.5+1.0/0.99/0.79+2.7 ms cpu, 122->122->112 MB, 114 MB goal, 0 MB stacks, 0 MB globals, 4 P
gc 952 @24.925s 4%: 0.096+1.7+0.047 ms clock, 0.38+0.37/1.3/1.6+0.19 ms cpu, 122->122->112 MB, 130 MB goal, 0 MB stacks, 0 MB globals, 4 P
gc 953 @24.929s 4%: 0.36+2.3+0.056 ms clock, 1.4+1.4/1.3/0+0.22 ms cpu, 132->142->122 MB, 119 MB goal, 0 MB stacks, 0 MB globals, 4 P
gc 954 @24.932s 4%: 0.58+3.0+0.59 ms clock, 2.3+1.5/1.7/0.098+2.3 ms cpu, 122->142->132 MB, 122 MB goal, 0 MB stacks, 0 MB globals, 4 P
gc 955 @24.937s 4%: 0.11+3.8+0.046 ms clock, 0.44+3.8/3.2/0+0.18 ms cpu, 132->142->122 MB, 132 MB goal, 0 MB stacks, 0 MB globals, 4 P
gc 956 @24.941s 4%: 0.97+2.4+0.060 ms clock, 3.9+1.0/1.2/0+0.24 ms cpu, 122->142->132 MB, 143 MB goal, 0 MB stacks, 0 MB globals, 4 P
gc 957 @24.945s 4%: 0.62+1.8+0.003 ms clock, 2.4+0.12/1.6/1.4+0.015 ms cpu, 142->142->122 MB, 143 MB goal, 0 MB stacks, 0 MB globals, 4 P
gc 958 @24.959s 4%: 0.037+0.96+0.003 ms clock, 0.14+1.4/0.76/0.60+0.013 ms cpu, 122->122->102 MB, 130 MB goal, 0 MB stacks, 0 MB globals, 4 P
gc 959 @24.961s 4%: 0.13+3.2+0.027 ms clock, 0.53+0.036/1.8/1.5+0.11 ms cpu, 122->122->122 MB, 130 MB goal, 0 MB stacks, 0 MB globals, 4 P
gc 960 @24.968s 4%: 0.32+0.96+0.003 ms clock, 1.3+0.81/0.85/1.3+0.013 ms cpu, 132->132->102 MB, 129 MB goal, 0 MB stacks, 0 MB globals, 4 P
gc 961 @24.971s 4%: 0.093+1.0+0.002 ms clock, 0.37+0.94/0.96/1.2+0.011 ms cpu, 112->112->102 MB, 118 MB goal, 0 MB stacks, 0 MB globals, 4 P
gc 962 @24.978s 4%: 0.089+1.5+0.022 ms clock, 0.35+1.0/1.0/0.94+0.090 ms cpu, 122->122->112 MB, 114 MB goal, 0 MB stacks, 0 MB globals, 4 P
gc 963 @24.981s 4%: 0.12+3.3+0.036 ms clock, 0.50+0.10/2.3/2.4+0.14 ms cpu, 122->132->122 MB, 112 MB goal, 0 MB stacks, 0 MB globals, 4 P
gc 964 @24.984s 4%: 0.58+3.0+0.031 ms clock, 2.3+1.2/1.7/0.73+0.12 ms cpu, 122->132->122 MB, 122 MB goal, 0 MB stacks, 0 MB globals, 4 P
gc 965 @24.992s 4%: 0.041+1.2+0.003 ms clock, 0.16+1.2/1.0/0.77+0.013 ms cpu, 122->122->102 MB, 130 MB goal, 0 MB stacks, 0 MB globals, 4 P
gc 966 @24.997s 4%: 0.095+1.6+0.032 ms clock, 0.38+0.20/1.4/2.3+0.13 ms cpu, 132->132->112 MB, 129 MB goal, 0 MB stacks, 0 MB globals, 4 P
gc 967 @25.008s 4%: 0.062+1.1+0.003 ms clock, 0.24+0/1.0/2.8+0.015 ms cpu, 132->132->102 MB, 129 MB goal, 0 MB stacks, 0 MB globals, 4 P
gc 968 @25.012s 4%: 0.043+1.1+0.002 ms clock, 0.17+0.051/1.1/2.7+0.011 ms cpu, 112->112->102 MB, 118 MB goal, 0 MB stacks, 0 MB globals, 4 P
gc 969 @25.020s 4%: 0.053+1.1+0.003 ms clock, 0.21+0.63/1.0/1.0+0.014 ms cpu, 122->122->102 MB, 114 MB goal, 0 MB stacks, 0 MB globals, 4 P
gc 970 @25.022s 4%: 0.26+2.0+0.060 ms clock, 1.0+0.064/1.8/1.7+0.24 ms cpu, 122->122->122 MB, 130 MB goal, 0 MB stacks, 0 MB globals, 4 P
gc 971 @25.026s 4%: 0.61+1.7+0.046 ms clock, 2.4+0.14/1.1/1.7+0.18 ms cpu, 132->132->112 MB, 129 MB goal, 0 MB stacks, 0 MB globals, 4 P
gc 972 @25.030s 4%: 0.099+1.5+0.029 ms clock, 0.39+0.12/1.1/1.6+0.11 ms cpu, 132->132->112 MB, 129 MB goal, 0 MB stacks, 0 MB globals, 4 P
gc 973 @25.038s 4%: 0.50+2.7+0.003 ms clock, 2.0+1.2/2.7/0+0.015 ms cpu, 142->142->112 MB, 119 MB goal, 0 MB stacks, 0 MB globals, 4 P
gc 974 @25.042s 4%: 0.11+2.4+0.033 ms clock, 0.44+0.073/1.6/1.0+0.13 ms cpu, 132->132->122 MB, 143 MB goal, 0 MB stacks, 0 MB globals, 4 P
gc 975 @25.051s 4%: 0.10+1.4+0.003 ms clock, 0.41+0.012/1.3/2.6+0.012 ms cpu, 142->142->112 MB, 143 MB goal, 0 MB stacks, 0 MB globals, 4 P
gc 976 @25.062s 4%: 0.12+1.1+0.004 ms clock, 0.48+0.58/1.0/1.0+0.016 ms cpu, 142->142->102 MB, 143 MB goal, 0 MB stacks, 0 MB globals, 4 P
gc 977 @25.065s 4%: 0.053+1.0+0.003 ms clock, 0.21+0.95/0.94/0.96+0.012 ms cpu, 122->122->102 MB, 114 MB goal, 0 MB stacks, 0 MB globals, 4 P
gc 978 @25.068s 4%: 0.035+0.84+0.002 ms clock, 0.14+0.70/0.81/1.4+0.011 ms cpu, 102->102->102 MB, 105 MB goal, 0 MB stacks, 0 MB globals, 4 P
gc 979 @25.069s 4%: 0.11+1.3+0.087 ms clock, 0.45+0.091/0.97/1.7+0.35 ms cpu, 112->112->112 MB, 102 MB goal, 0 MB stacks, 0 MB globals, 4 P
gc 980 @25.071s 4%: 0.45+1.9+0.004 ms clock, 1.8+0.10/1.2/1.7+0.017 ms cpu, 112->112->112 MB, 112 MB goal, 0 MB stacks, 0 MB globals, 4 P
gc 981 @25.074s 4%: 0.11+0.79+0.002 ms clock, 0.47+0.15/0.77/1.6+0.010 ms cpu, 112->112->102 MB, 112 MB goal, 0 MB stacks, 0 MB globals, 4 P
gc 982 @25.075s 4%: 0.018+0.83+0.002 ms clock, 0.075+0.10/0.74/1.5+0.009 ms cpu, 102->102->102 MB, 105 MB goal, 0 MB stacks, 0 MB globals, 4 P
gc 983 @25.081s 4%: 0.17+0.84+0.066 ms clock, 0.69+1.9/0.69/0.014+0.26 ms cpu, 122->122->112 MB, 102 MB goal, 0 MB stacks, 0 MB globals, 4 P
gc 984 @25.083s 4%: 0.026+1.6+0.003 ms clock, 0.10+1.8/1.4/0.66+0.015 ms cpu, 112->112->102 MB, 112 MB goal, 0 MB stacks, 0 MB globals, 4 P
gc 985 @25.087s 4%: 0.49+2.4+0.037 ms clock, 1.9+1.7/1.7/0+0.15 ms cpu, 132->132->132 MB, 102 MB goal, 0 MB stacks, 0 MB globals, 4 P
gc 986 @25.090s 4%: 0.12+1.8+0.035 ms clock, 0.51+1.9/1.3/0.15+0.14 ms cpu, 132->142->112 MB, 143 MB goal, 0 MB stacks, 0 MB globals, 4 P
gc 987 @25.096s 4%: 0.12+1.3+0.053 ms clock, 0.49+0.15/1.2/2.1+0.21 ms cpu, 142->142->112 MB, 143 MB goal, 0 MB stacks, 0 MB globals, 4 P
gc 988 @25.799s 4%: 0.12+0.96+0.005 ms clock, 0.51+0/0.89/2.4+0.023 ms cpu, 142->142->102 MB, 143 MB goal, 0 MB stacks, 0 MB globals, 4 P
gc 989 @25.805s 4%: 0.045+1.0+0.003 ms clock, 0.18+0.96/0.85/1.4+0.014 ms cpu, 102->102->102 MB, 105 MB goal, 0 MB stacks, 0 MB globals, 4 P
gc 990 @25.807s 4%: 0.086+1.8+0.038 ms clock, 0.34+1.2/1.0/0.51+0.15 ms cpu, 112->112->112 MB, 118 MB goal, 0 MB stacks, 0 MB globals, 4 P
gc 991 @25.811s 4%: 0.60+2.6+0.33 ms clock, 2.4+1.6/1.6/0+1.3 ms cpu, 142->142->132 MB, 112 MB goal, 0 MB stacks, 0 MB globals, 4 P
gc 992 @25.815s 4%: 0.66+1.4+0.004 ms clock, 2.6+2.6/1.3/0+0.019 ms cpu, 132->132->102 MB, 132 MB goal, 0 MB stacks, 0 MB globals, 4 P
gc 993 @25.824s 4%: 0.76+1.8+0.025 ms clock, 3.0+1.8/1.3/0+0.10 ms cpu, 132->132->112 MB, 104 MB goal, 0 MB stacks, 0 MB globals, 4 P
gc 994 @25.827s 4%: 0.077+2.5+0.053 ms clock, 0.30+1.3/1.6/0.24+0.21 ms cpu, 112->122->122 MB, 114 MB goal, 0 MB stacks, 0 MB globals, 4 P
gc 995 @25.830s 4%: 0.16+2.5+0.10 ms clock, 0.64+0.83/1.6/0+0.40 ms cpu, 122->142->132 MB, 122 MB goal, 0 MB stacks, 0 MB globals, 4 P
gc 996 @25.833s 4%: 0.58+2.8+0.022 ms clock, 2.3+1.5/1.5/0.045+0.091 ms cpu, 132->142->122 MB, 132 MB goal, 0 MB stacks, 0 MB globals, 4 P
gc 997 @25.838s 4%: 0.52+1.8+0.34 ms clock, 2.0+1.6/1.1/0+1.3 ms cpu, 152->152->132 MB, 122 MB goal, 0 MB stacks, 0 MB globals, 4 P
gc 998 @25.841s 4%: 0.52+6.4+0.072 ms clock, 2.0+0.74/1.9/0.033+0.29 ms cpu, 132->162->152 MB, 149 MB goal, 0 MB stacks, 0 MB globals, 4 P
gc 999 @25.851s 4%: 0.10+0.94+0.002 ms clock, 0.40+0.14/0.87/1.6+0.011 ms cpu, 152->152->112 MB, 155 MB goal, 0 MB stacks, 0 MB globals, 4 P
gc 1000 @25.863s 4%: 0.049+1.0+0.003 ms clock, 0.19+0.009/0.88/2.1+0.015 ms cpu, 152->152->102 MB, 155 MB goal, 0 MB stacks, 0 MB globals, 4 P
gc 1001 @25.866s 4%: 0.10+1.1+0.004 ms clock, 0.43+1.4/0.94/0+0.018 ms cpu, 122->122->112 MB, 114 MB goal, 0 MB stacks, 0 MB globals, 4 P
gc 1002 @25.868s 4%: 0.14+1.0+0.056 ms clock, 0.58+1.8/0.94/0+0.22 ms cpu, 122->132->122 MB, 112 MB goal, 0 MB stacks, 0 MB globals, 4 P
gc 1003 @25.869s 4%: 0.33+3.9+0.004 ms clock, 1.3+4.7/1.6/0.036+0.018 ms cpu, 122->132->132 MB, 122 MB goal, 0 MB stacks, 0 MB globals, 4 P
gc 1004 @25.874s 4%: 0.14+3.0+0.51 ms clock, 0.58+2.2/2.3/0+2.0 ms cpu, 132->152->122 MB, 132 MB goal, 0 MB stacks, 0 MB globals, 4 P
gc 1005 @25.878s 4%: 0.59+2.0+0.033 ms clock, 2.3+2.1/1.0/0.099+0.13 ms cpu, 122->132->122 MB, 122 MB goal, 0 MB stacks, 0 MB globals, 4 P
gc 1006 @25.883s 4%: 0.61+1.2+0.037 ms clock, 2.4+0.17/1.0/1.8+0.14 ms cpu, 132->132->112 MB, 122 MB goal, 0 MB stacks, 0 MB globals, 4 P
gc 1007 @25.886s 4%: 0.045+1.0+0.002 ms clock, 0.18+0.62/0.96/1.6+0.011 ms cpu, 112->112->102 MB, 118 MB goal, 0 MB stacks, 0 MB globals, 4 P
gc 1008 @25.892s 4%: 0.12+2.7+0.026 ms clock, 0.48+1.7/2.2/0.36+0.10 ms cpu, 132->132->112 MB, 104 MB goal, 0 MB stacks, 0 MB globals, 4 P
gc 1009 @25.895s 4%: 0.022+1.2+0.003 ms clock, 0.088+1.5/1.1/0.79+0.015 ms cpu, 112->112->102 MB, 118 MB goal, 0 MB stacks, 0 MB globals, 4 P
gc 1010 @25.905s 4%: 0.076+1.0+0.005 ms clock, 0.30+0/0.93/1.6+0.021 ms cpu, 122->122->102 MB, 114 MB goal, 0 MB stacks, 0 MB globals, 4 P
gc 1011 @25.909s 4%: 0.35+1.7+0.004 ms clock, 1.4+0/1.6/3.3+0.017 ms cpu, 122->122->112 MB, 114 MB goal, 0 MB stacks, 0 MB globals, 4 P
gc 1012 @25.914s 4%: 0.14+1.1+0.052 ms clock, 0.56+0.96/1.0/0.96+0.20 ms cpu, 122->122->112 MB, 114 MB goal, 0 MB stacks, 0 MB globals, 4 P
gc 1013 @25.916s 4%: 0.60+1.8+0.039 ms clock, 2.4+0.066/1.3/2.0+0.15 ms cpu, 122->122->112 MB, 130 MB goal, 0 MB stacks, 0 MB globals, 4 P
gc 1014 @25.920s 4%: 0.18+4.0+0.003 ms clock, 0.73+0.77/1.4/4.0+0.013 ms cpu, 132->132->102 MB, 129 MB goal, 0 MB stacks, 0 MB globals, 4 P
gc 1015 @25.926s 4%: 0.45+1.7+0.056 ms clock, 1.8+0.17/1.0/1.9+0.22 ms cpu, 122->132->122 MB, 129 MB goal, 0 MB stacks, 0 MB globals, 4 P
gc 1016 @25.932s 4%: 0.092+1.3+0.058 ms clock, 0.36+0.10/1.1/2.0+0.23 ms cpu, 132->132->112 MB, 143 MB goal, 0 MB stacks, 0 MB globals, 4 P
gc 1017 @25.941s 4%: 0.20+5.2+0.003 ms clock, 0.80+0.005/1.1/6.2+0.014 ms cpu, 142->152->112 MB, 134 MB goal, 0 MB stacks, 0 MB globals, 4 P
gc 1018 @25.948s 4%: 0.49+1.5+0.041 ms clock, 1.9+1.1/1.1/0.42+0.16 ms cpu, 142->142->122 MB, 143 MB goal, 0 MB stacks, 0 MB globals, 4 P
gc 1019 @25.969s 4%: 0.12+1.1+0.003 ms clock, 0.48+1.8/1.0/0.78+0.014 ms cpu, 152->152->102 MB, 134 MB goal, 0 MB stacks, 0 MB globals, 4 P
gc 1020 @25.976s 4%: 0.048+0.96+0.003 ms clock, 0.19+0/0.88/1.6+0.012 ms cpu, 132->132->102 MB, 143 MB goal, 0 MB stacks, 0 MB globals, 4 P
gc 1021 @25.981s 4%: 0.038+1.0+0.003 ms clock, 0.15+0.84/0.89/1.6+0.014 ms cpu, 102->102->102 MB, 105 MB goal, 0 MB stacks, 0 MB globals, 4 P
gc 1022 @25.982s 4%: 0.14+1.6+0.042 ms clock, 0.56+0.10/1.1/1.6+0.17 ms cpu, 112->112->112 MB, 118 MB goal, 0 MB stacks, 0 MB globals, 4 P
gc 1023 @25.986s 4%: 0.61+1.6+0.023 ms clock, 2.4+0.29/1.2/1.6+0.094 ms cpu, 122->122->112 MB, 114 MB goal, 0 MB stacks, 0 MB globals, 4 P
gc 1024 @25.990s 4%: 0.68+1.2+0.57 ms clock, 2.7+0.064/1.1/1.7+2.2 ms cpu, 122->122->112 MB, 114 MB goal, 0 MB stacks, 0 MB globals, 4 P
gc 1025 @25.995s 4%: 0.044+0.99+0.003 ms clock, 0.17+0.13/0.75/2.1+0.013 ms cpu, 122->122->102 MB, 114 MB goal, 0 MB stacks, 0 MB globals, 4 P
gc 1026 @25.999s 4%: 0.033+1.1+0.004 ms clock, 0.13+1.2/1.0/0.80+0.016 ms cpu, 102->102->102 MB, 105 MB goal, 0 MB stacks, 0 MB globals, 4 P
gc 1027 @26.000s 4%: 0.16+5.8+0.005 ms clock, 0.65+1.0/0.92/0+0.022 ms cpu, 112->132->132 MB, 102 MB goal, 0 MB stacks, 0 MB globals, 4 P
gc 1028 @26.006s 4%: 0.11+1.7+0.063 ms clock, 0.44+0.96/1.0/0.79+0.25 ms cpu, 132->142->112 MB, 143 MB goal, 0 MB stacks, 0 MB globals, 4 P
gc 1029 @26.018s 4%: 0.064+0.95+0.003 ms clock, 0.25+0/0.88/2.1+0.012 ms cpu, 142->142->102 MB, 143 MB goal, 0 MB stacks, 0 MB globals, 4 P
gc 1030 @26.029s 4%: 0.085+1.1+0.054 ms clock, 0.34+0/0.82/2.0+0.21 ms cpu, 132->142->112 MB, 143 MB goal, 0 MB stacks, 0 MB globals, 4 P
gc 1031 @26.038s 4%: 0.065+0.87+0.003 ms clock, 0.26+0.12/0.81/1.9+0.012 ms cpu, 142->142->102 MB, 143 MB goal, 0 MB stacks, 0 MB globals, 4 P
gc 1032 @26.043s 4%: 0.038+1.2+0.004 ms clock, 0.15+2.2/1.1/0+0.017 ms cpu, 102->102->102 MB, 105 MB goal, 0 MB stacks, 0 MB globals, 4 P
gc 1033 @26.044s 4%: 0.15+3.9+0.038 ms clock, 0.60+1.3/3.2/0+0.15 ms cpu, 122->122->122 MB, 102 MB goal, 0 MB stacks, 0 MB globals, 4 P
gc 1034 @26.049s 4%: 0.039+1.9+0.023 ms clock, 0.15+1.5/1.1/0.82+0.092 ms cpu, 122->132->112 MB, 129 MB goal, 0 MB stacks, 0 MB globals, 4 P
gc 1035 @26.053s 4%: 0.69+2.0+0.028 ms clock, 2.7+1.2/1.5/0.022+0.11 ms cpu, 132->142->122 MB, 119 MB goal, 0 MB stacks, 0 MB globals, 4 P
gc 1036 @26.056s 4%: 0.61+5.1+0.004 ms clock, 2.4+1.2/3.3/0.21+0.017 ms cpu, 122->132->122 MB, 129 MB goal, 0 MB stacks, 0 MB globals, 4 P
gc 1037 @26.065s 4%: 0.38+2.0+0.014 ms clock, 1.5+1.2/1.2/1.1+0.059 ms cpu, 142->142->112 MB, 122 MB goal, 0 MB stacks, 0 MB globals, 4 P
gc 1038 @26.068s 4%: 0.13+2.5+0.030 ms clock, 0.52+0.17/1.7/1.3+0.12 ms cpu, 132->132->122 MB, 129 MB goal, 0 MB stacks, 0 MB globals, 4 P
gc 1039 @26.076s 4%: 0.054+1.0+0.003 ms clock, 0.21+0/0.94/2.5+0.012 ms cpu, 132->132->102 MB, 129 MB goal, 0 MB stacks, 0 MB globals, 4 P
gc 1040 @26.084s 4%: 0.063+1.0+0.005 ms clock, 0.25+1.8/1.0/0.071+0.023 ms cpu, 102->102->102 MB, 105 MB goal, 0 MB stacks, 0 MB globals, 4 P
gc 1041 @26.086s 4%: 0.14+2.0+0.30 ms clock, 0.59+1.1/1.1/0+1.2 ms cpu, 112->122->122 MB, 102 MB goal, 0 MB stacks, 0 MB globals, 4 P
gc 1042 @26.089s 4%: 0.52+2.1+0.025 ms clock, 2.1+0.87/1.6/0.44+0.10 ms cpu, 122->122->122 MB, 130 MB goal, 0 MB stacks, 0 MB globals, 4 P
gc 1043 @26.095s 4%: 0.37+1.0+0.037 ms clock, 1.4+2.1/0.89/0.10+0.15 ms cpu, 152->152->112 MB, 122 MB goal, 0 MB stacks, 0 MB globals, 4 P
gc 1044 @26.097s 4%: 0.049+2.4+0.055 ms clock, 0.19+1.9/1.7/0.14+0.22 ms cpu, 112->122->112 MB, 130 MB goal, 0 MB stacks, 0 MB globals, 4 P
gc 1045 @26.102s 4%: 0.72+2.7+0.006 ms clock, 2.9+1.2/2.1/0+0.027 ms cpu, 142->142->132 MB, 119 MB goal, 0 MB stacks, 0 MB globals, 4 P
gc 1046 @26.106s 4%: 0.11+1.2+0.002 ms clock, 0.47+0.44/1.0/1.2+0.009 ms cpu, 132->132->102 MB, 132 MB goal, 0 MB stacks, 0 MB globals, 4 P
gc 1047 @26.798s 4%: 0.10+1.2+0.005 ms clock, 0.40+0/1.0/2.4+0.023 ms cpu, 122->122->102 MB, 130 MB goal, 0 MB stacks, 0 MB globals, 4 P
gc 1048 @26.801s 4%: 0.039+1.1+0.004 ms clock, 0.15+1.1/1.0/0.99+0.017 ms cpu, 102->102->102 MB, 105 MB goal, 0 MB stacks, 0 MB globals, 4 P
gc 1049 @26.803s 4%: 0.90+2.0+0.054 ms clock, 3.6+0.10/1.3/2.8+0.21 ms cpu, 112->112->112 MB, 118 MB goal, 0 MB stacks, 0 MB globals, 4 P
gc 1050 @26.816s 4%: 0.17+1.8+0.032 ms clock, 0.70+2.3/1.2/0+0.12 ms cpu, 112->122->112 MB, 114 MB goal, 0 MB stacks, 0 MB globals, 4 P
gc 1051 @26.819s 4%: 0.76+1.9+0.42 ms clock, 3.0+2.3/1.1/0+1.7 ms cpu, 112->132->132 MB, 112 MB goal, 0 MB stacks, 0 MB globals, 4 P
gc 1052 @26.822s 4%: 0.72+2.3+0.27 ms clock, 2.9+2.0/1.6/0+1.0 ms cpu, 132->142->132 MB, 132 MB goal, 0 MB stacks, 0 MB globals, 4 P
gc 1053 @26.826s 4%: 0.64+2.7+0.65 ms clock, 2.5+1.2/1.7/0.29+2.6 ms cpu, 132->142->122 MB, 132 MB goal, 0 MB stacks, 0 MB globals, 4 P
gc 1054 @26.830s 4%: 0.24+4.0+0.005 ms clock, 0.98+4.0/2.7/0+0.020 ms cpu, 122->132->112 MB, 122 MB goal, 0 MB stacks, 0 MB globals, 4 P
gc 1055 @26.835s 4%: 0.11+6.0+0.055 ms clock, 0.44+1.6/5.9/0+0.22 ms cpu, 132->132->122 MB, 112 MB goal, 0 MB stacks, 0 MB globals, 4 P
gc 1056 @26.842s 4%: 0.10+1.0+0.004 ms clock, 0.42+2.2/0.89/0+0.016 ms cpu, 122->122->102 MB, 122 MB goal, 0 MB stacks, 0 MB globals, 4 P
gc 1057 @26.844s 4%: 0.088+4.3+0.031 ms clock, 0.35+1.6/0.80/0+0.12 ms cpu, 132->132->132 MB, 104 MB goal, 0 MB stacks, 0 MB globals, 4 P
gc 1058 @26.848s 4%: 0.13+1.8+0.024 ms clock, 0.54+1.7/1.2/0.96+0.099 ms cpu, 132->142->112 MB, 132 MB goal, 0 MB stacks, 0 MB globals, 4 P
gc 1059 @26.850s 4%: 0.68+2.0+0.034 ms clock, 2.7+1.5/1.2/0+0.13 ms cpu, 112->122->122 MB, 114 MB goal, 0 MB stacks, 0 MB globals, 4 P
gc 1060 @26.854s 4%: 0.71+2.2+0.24 ms clock, 2.8+1.6/1.6/0+0.96 ms cpu, 122->142->122 MB, 122 MB goal, 0 MB stacks, 0 MB globals, 4 P
gc 1061 @26.857s 4%: 0.60+2.4+0.15 ms clock, 2.4+1.4/1.0/0+0.61 ms cpu, 122->142->142 MB, 122 MB goal, 0 MB stacks, 0 MB globals, 4 P
gc 1062 @26.861s 4%: 0.70+3.4+0.049 ms clock, 2.8+1.0/3.2/0+0.19 ms cpu, 142->152->122 MB, 142 MB goal, 0 MB stacks, 0 MB globals, 4 P
gc 1063 @26.865s 4%: 0.61+1.4+0.075 ms clock, 2.4+1.2/1.2/0+0.30 ms cpu, 122->152->142 MB, 122 MB goal, 0 MB stacks, 0 MB globals, 4 P
gc 1064 @26.867s 4%: 0.069+5.0+0.61 ms clock, 0.27+1.4/2.7/0+2.4 ms cpu, 142->152->152 MB, 142 MB goal, 0 MB stacks, 0 MB globals, 4 P
gc 1065 @26.874s 4%: 0.52+2.8+0.037 ms clock, 2.1+1.5/1.5/0+0.14 ms cpu, 162->162->122 MB, 152 MB goal, 0 MB stacks, 0 MB globals, 4 P
gc 1066 @26.877s 4%: 0.87+1.4+0.067 ms clock, 3.5+1.1/1.2/0+0.26 ms cpu, 122->142->122 MB, 122 MB goal, 0 MB stacks, 0 MB globals, 4 P
gc 1067 @26.880s 4%: 0.24+1.2+0.089 ms clock, 0.98+1.3/1.0/0+0.35 ms cpu, 122->122->122 MB, 122 MB goal, 0 MB stacks, 0 MB globals, 4 P
gc 1068 @26.882s 4%: 0.21+4.6+0.043 ms clock, 0.87+1.7/1.8/0+0.17 ms cpu, 132->142->122 MB, 122 MB goal, 0 MB stacks, 0 MB globals, 4 P
gc 1069 @26.887s 4%: 0.13+1.4+0.058 ms clock, 0.54+2.2/1.2/0.017+0.23 ms cpu, 122->132->112 MB, 129 MB goal, 0 MB stacks, 0 MB globals, 4 P
gc 1070 @26.891s 4%: 0.51+2.6+0.024 ms clock, 2.0+0.52/1.9/2.0+0.096 ms cpu, 132->132->122 MB, 129 MB goal, 0 MB stacks, 0 MB globals, 4 P
gc 1071 @26.894s 4%: 0.21+3.9+0.32 ms clock, 0.87+1.1/1.2/0.99+1.3 ms cpu, 132->152->132 MB, 134 MB goal, 0 MB stacks, 0 MB globals, 4 P
gc 1072 @26.900s 4%: 0.095+1.1+0.050 ms clock, 0.38+0.15/0.96/1.6+0.20 ms cpu, 142->142->112 MB, 143 MB goal, 0 MB stacks, 0 MB globals, 4 P
gc 1073 @26.914s 4%: 0.068+0.94+0.003 ms clock, 0.27+0.16/0.86/1.8+0.014 ms cpu, 142->142->102 MB, 143 MB goal, 0 MB stacks, 0 MB globals, 4 P
gc 1074 @26.923s 4%: 0.12+0.90+0.003 ms clock, 0.49+0/0.85/1.9+0.013 ms cpu, 132->132->102 MB, 143 MB goal, 0 MB stacks, 0 MB globals, 4 P
gc 1075 @26.926s 4%: 0.046+0.90+0.003 ms clock, 0.18+0.77/0.80/1.4+0.014 ms cpu, 102->102->102 MB, 105 MB goal, 0 MB stacks, 0 MB globals, 4 P
gc 1076 @26.927s 4%: 0.11+2.2+0.028 ms clock, 0.45+0.77/1.1/1.0+0.11 ms cpu, 112->112->112 MB, 118 MB goal, 0 MB stacks, 0 MB globals, 4 P
gc 1077 @26.931s 4%: 0.59+2.4+0.024 ms clock, 2.3+2.6/1.3/0.21+0.097 ms cpu, 122->122->112 MB, 114 MB goal, 0 MB stacks, 0 MB globals, 4 P
gc 1078 @26.935s 4%: 0.13+2.1+0.55 ms clock, 0.53+1.7/1.5/0+2.2 ms cpu, 132->132->122 MB, 112 MB goal, 0 MB stacks, 0 MB globals, 4 P
gc 1079 @26.938s 4%: 0.082+1.6+0.016 ms clock, 0.32+1.8/1.6/0.012+0.066 ms cpu, 122->122->112 MB, 122 MB goal, 0 MB stacks, 0 MB globals, 4 P
gc 1080 @26.940s 4%: 0.13+2.5+0.74 ms clock, 0.52+1.8/2.4/0+2.9 ms cpu, 122->132->122 MB, 112 MB goal, 0 MB stacks, 0 MB globals, 4 P
gc 1081 @26.944s 4%: 0.58+1.7+0.028 ms clock, 2.3+1.0/0.89/0.68+0.11 ms cpu, 122->132->112 MB, 122 MB goal, 0 MB stacks, 0 MB globals, 4 P
gc 1082 @26.947s 4%: 0.31+1.5+0.018 ms clock, 1.2+1.6/0.89/0+0.073 ms cpu, 112->112->112 MB, 118 MB goal, 0 MB stacks, 0 MB globals, 4 P
gc 1083 @26.949s 4%: 0.59+3.2+0.12 ms clock, 2.3+2.8/1.1/0+0.48 ms cpu, 132->132->122 MB, 112 MB goal, 0 MB stacks, 0 MB globals, 4 P
gc 1084 @26.954s 4%: 0.59+1.2+0.007 ms clock, 2.3+1.9/1.0/0+0.028 ms cpu, 122->122->102 MB, 122 MB goal, 0 MB stacks, 0 MB globals, 4 P
gc 1085 @26.956s 4%: 0.25+2.2+0.58 ms clock, 1.0+1.4/1.5/0+2.3 ms cpu, 132->142->142 MB, 102 MB goal, 0 MB stacks, 0 MB globals, 4 P
gc 1086 @26.959s 4%: 0.61+2.5+0.003 ms clock, 2.4+0.17/2.4/0.12+0.013 ms cpu, 142->142->122 MB, 142 MB goal, 0 MB stacks, 0 MB globals, 4 P
gc 1087 @26.970s 4%: 0.10+1.0+0.003 ms clock, 0.41+1.5/0.90/0.76+0.012 ms cpu, 122->122->102 MB, 122 MB goal, 0 MB stacks, 0 MB globals, 4 P
gc 1088 @26.972s 4%: 0.13+4.1+0.004 ms clock, 0.53+0.92/2.4/0+0.018 ms cpu, 122->122->122 MB, 114 MB goal, 0 MB stacks, 0 MB globals, 4 P
gc 1089 @26.976s 4%: 0.51+1.8+0.58 ms clock, 2.0+1.3/1.2/0.77+2.3 ms cpu, 132->132->112 MB, 122 MB goal, 0 MB stacks, 0 MB globals, 4 P
gc 1090 @26.979s 4%: 0.78+1.5+0.044 ms clock, 3.1+1.5/0.88/0+0.17 ms cpu, 112->132->122 MB, 112 MB goal, 0 MB stacks, 0 MB globals, 4 P
gc 1091 @26.982s 4%: 0.50+2.8+0.005 ms clock, 2.0+0.19/2.2/1.0+0.020 ms cpu, 122->122->112 MB, 122 MB goal, 0 MB stacks, 0 MB globals, 4 P
gc 1092 @26.990s 4%: 0.057+1.2+0.004 ms clock, 0.22+0/1.2/2.9+0.018 ms cpu, 122->122->102 MB, 114 MB goal, 0 MB stacks, 0 MB globals, 4 P
gc 1093 @26.996s 4%: 0.26+1.5+0.031 ms clock, 1.0+1.0/1.0/1.0+0.12 ms cpu, 122->122->112 MB, 114 MB goal, 0 MB stacks, 0 MB globals, 4 P
gc 1094 @26.998s 4%: 0.11+1.9+0.028 ms clock, 0.46+0.28/1.1/1.7+0.11 ms cpu, 122->122->112 MB, 130 MB goal, 0 MB stacks, 0 MB globals, 4 P
gc 1095 @27.010s 4%: 0.72+2.3+0.006 ms clock, 2.9+2.3/2.3/0.040+0.025 ms cpu, 142->142->122 MB, 119 MB goal, 0 MB stacks, 0 MB globals, 4 P
gc 1096 @27.013s 4%: 0.027+4.7+0.032 ms clock, 0.10+1.3/1.4/0.61+0.12 ms cpu, 122->132->112 MB, 129 MB goal, 0 MB stacks, 0 MB globals, 4 P
gc 1097 @27.020s 4%: 0.12+2.2+0.030 ms clock, 0.51+1.5/1.6/0+0.12 ms cpu, 142->142->112 MB, 119 MB goal, 0 MB stacks, 0 MB globals, 4 P
gc 1098 @27.030s 4%: 0.056+1.2+0.004 ms clock, 0.22+0.94/1.0/1.0+0.018 ms cpu, 132->132->102 MB, 129 MB goal, 0 MB stacks, 0 MB globals, 4 P
gc 1099 @27.034s 4%: 0.10+2.2+0.057 ms clock, 0.40+0.96/1.3/1.6+0.23 ms cpu, 122->132->112 MB, 129 MB goal, 0 MB stacks, 0 MB globals, 4 P
gc 1100 @27.042s 4%: 0.044+0.84+0.004 ms clock, 0.17+0/0.75/2.0+0.017 ms cpu, 132->132->102 MB, 129 MB goal, 0 MB stacks, 0 MB globals, 4 P
gc 1101 @27.055s 4%: 0.13+1.1+0.053 ms clock, 0.55+0.92/0.93/0.90+0.21 ms cpu, 132->132->112 MB, 129 MB goal, 0 MB stacks, 0 MB globals, 4 P
gc 1102 @27.058s 4%: 0.076+1.5+0.062 ms clock, 0.30+0.19/1.3/2.0+0.24 ms cpu, 132->132->112 MB, 129 MB goal, 0 MB stacks, 0 MB globals, 4 P
gc 1103 @27.072s 4%: 0.075+0.86+0.003 ms clock, 0.30+1.8/0.67/0+0.014 ms cpu, 142->142->112 MB, 120 MB goal, 0 MB stacks, 0 MB globals, 4 P
gc 1104 @27.073s 4%: 0.58+1.4+0.053 ms clock, 2.3+1.2/1.2/0+0.21 ms cpu, 142->142->132 MB, 119 MB goal, 0 MB stacks, 0 MB globals, 4 P
gc 1105 @27.076s 4%: 0.52+1.9+0.056 ms clock, 2.0+0.88/1.5/0.45+0.22 ms cpu, 132->142->132 MB, 155 MB goal, 0 MB stacks, 0 MB globals, 4 P
gc 1106 @27.094s 4%: 0.12+1.4+0.028 ms clock, 0.51+0.17/1.0/1.8+0.11 ms cpu, 152->152->112 MB, 155 MB goal, 0 MB stacks, 0 MB globals, 4 P
gc 1107 @27.106s 4%: 0.072+1.2+0.007 ms clock, 0.28+1.5/1.1/0.065+0.028 ms cpu, 152->152->102 MB, 155 MB goal, 0 MB stacks, 0 MB globals, 4 P
gc 1108 @27.110s 4%: 0.12+1.0+0.005 ms clock, 0.50+0.74/0.99/1.7+0.023 ms cpu, 132->132->102 MB, 143 MB goal, 0 MB stacks, 0 MB globals, 4 P
gc 1109 @27.811s 4%: 0.15+1.1+0.003 ms clock, 0.62+0.13/1.1/2.3+0.012 ms cpu, 132->132->102 MB, 143 MB goal, 0 MB stacks, 0 MB globals, 4 P
gc 1110 @27.824s 4%: 0.079+1.7+0.039 ms clock, 0.31+1.1/1.1/1.7+0.15 ms cpu, 102->112->112 MB, 102 MB goal, 0 MB stacks, 0 MB globals, 4 P
gc 1111 @27.826s 4%: 0.77+4.4+0.094 ms clock, 3.0+0.52/1.9/1.2+0.37 ms cpu, 112->122->122 MB, 112 MB goal, 0 MB stacks, 0 MB globals, 4 P
gc 1112 @27.832s 4%: 0.20+7.0+0.007 ms clock, 0.83+1.0/1.2/0.54+0.028 ms cpu, 122->152->132 MB, 134 MB goal, 0 MB stacks, 0 MB globals, 4 P
gc 1113 @27.840s 4%: 0.078+1.0+0.056 ms clock, 0.31+0.87/0.88/0.89+0.22 ms cpu, 142->142->112 MB, 143 MB goal, 0 MB stacks, 0 MB globals, 4 P
gc 1114 @27.850s 4%: 0.12+1.2+0.005 ms clock, 0.48+1.9/1.0/0+0.021 ms cpu, 142->142->112 MB, 143 MB goal, 0 MB stacks, 0 MB globals, 4 P
gc 1115 @27.858s 4%: 0.072+0.86+0.003 ms clock, 0.28+0.13/0.80/2.1+0.013 ms cpu, 142->142->102 MB, 143 MB goal, 0 MB stacks, 0 MB globals, 4 P
gc 1116 @27.864s 4%: 0.13+1.3+0.052 ms clock, 0.54+1.3/1.0/1.0+0.21 ms cpu, 132->142->112 MB, 143 MB goal, 0 MB stacks, 0 MB globals, 4 P
gc 1117 @27.867s 4%: 0.11+1.1+0.016 ms clock, 0.44+0/1.0/2.3+0.065 ms cpu, 122->122->112 MB, 130 MB goal, 0 MB stacks, 0 MB globals, 4 P
gc 1118 @27.870s 4%: 0.076+0.90+0.003 ms clock, 0.30+2.1/0.80/0+0.014 ms cpu, 112->112->102 MB, 118 MB goal, 0 MB stacks, 0 MB globals, 4 P
gc 1119 @27.871s 4%: 0.12+4.3+0.005 ms clock, 0.50+1.7/4.2/0+0.020 ms cpu, 132->132->122 MB, 105 MB goal, 0 MB stacks, 0 MB globals, 4 P
gc 1120 @27.876s 4%: 0.071+1.7+0.080 ms clock, 0.28+1.1/1.2/1.2+0.32 ms cpu, 122->132->112 MB, 122 MB goal, 0 MB stacks, 0 MB globals, 4 P
gc 1121 @27.878s 4%: 0.46+4.9+0.004 ms clock, 1.8+2.3/4.8/0+0.017 ms cpu, 112->122->122 MB, 115 MB goal, 0 MB stacks, 0 MB globals, 4 P
gc 1122 @27.884s 4%: 0.47+2.1+0.048 ms clock, 1.9+1.6/1.7/0.048+0.19 ms cpu, 142->142->122 MB, 122 MB goal, 0 MB stacks, 0 MB globals, 4 P
gc 1123 @27.887s 4%: 0.36+1.8+0.047 ms clock, 1.4+1.1/1.0/1.2+0.18 ms cpu, 122->142->122 MB, 122 MB goal, 0 MB stacks, 0 MB globals, 4 P
gc 1124 @27.892s 4%: 0.46+1.1+0.003 ms clock, 1.8+0/1.1/2.0+0.012 ms cpu, 132->132->102 MB, 122 MB goal, 0 MB stacks, 0 MB globals, 4 P
gc 1125 @27.894s 4%: 0.094+2.4+0.007 ms clock, 0.37+0.83/2.0/0.88+0.029 ms cpu, 122->122->122 MB, 114 MB goal, 0 MB stacks, 0 MB globals, 4 P
gc 1126 @27.897s 4%: 0.088+2.2+0.023 ms clock, 0.35+0.12/1.9/1.6+0.095 ms cpu, 132->132->112 MB, 122 MB goal, 0 MB stacks, 0 MB globals, 4 P
gc 1127 @27.900s 4%: 0.43+2.6+0.030 ms clock, 1.7+2.1/1.3/0+0.12 ms cpu, 112->122->122 MB, 114 MB goal, 0 MB stacks, 0 MB globals, 4 P
gc 1128 @27.904s 4%: 0.78+2.6+0.29 ms clock, 3.1+1.6/1.6/0+1.1 ms cpu, 132->142->132 MB, 122 MB goal, 0 MB stacks, 0 MB globals, 4 P
gc 1129 @27.908s 4%: 0.55+2.7+0.024 ms clock, 2.2+1.0/1.8/0.91+0.097 ms cpu, 132->142->122 MB, 143 MB goal, 0 MB stacks, 0 MB globals, 4 P
gc 1130 @27.914s 4%: 0.10+1.3+0.099 ms clock, 0.42+0.16/1.1/1.8+0.39 ms cpu, 142->152->122 MB, 134 MB goal, 0 MB stacks, 0 MB globals, 4 P
gc 1131 @27.919s 4%: 0.045+0.96+0.004 ms clock, 0.18+0.16/0.91/2.2+0.016 ms cpu, 122->122->102 MB, 130 MB goal, 0 MB stacks, 0 MB globals, 4 P
gc 1132 @27.925s 4%: 0.12+1.1+0.003 ms clock, 0.48+1.0/1.0/0.99+0.013 ms cpu, 122->122->112 MB, 130 MB goal, 0 MB stacks, 0 MB globals, 4 P
gc 1133 @27.935s 4%: 0.38+1.4+0.025 ms clock, 1.5+1.1/1.1/0.62+0.10 ms cpu, 132->132->112 MB, 129 MB goal, 0 MB stacks, 0 MB globals, 4 P
gc 1134 @27.939s 4%: 0.062+2.4+0.050 ms clock, 0.25+0.21/1.7/2.9+0.20 ms cpu, 132->142->122 MB, 119 MB goal, 0 MB stacks, 0 MB globals, 4 P
gc 1135 @27.942s 4%: 0.57+2.8+0.097 ms clock, 2.3+1.0/1.8/0+0.39 ms cpu, 122->132->122 MB, 129 MB goal, 0 MB stacks, 0 MB globals, 4 P
gc 1136 @27.947s 4%: 0.11+1.0+0.003 ms clock, 0.44+0.29/0.93/2.0+0.014 ms cpu, 132->132->102 MB, 129 MB goal, 0 MB stacks, 0 MB globals, 4 P
gc 1137 @27.950s 4%: 0.031+0.86+0.002 ms clock, 0.12+0.77/0.75/1.4+0.011 ms cpu, 102->102->102 MB, 105 MB goal, 0 MB stacks, 0 MB globals, 4 P
gc 1138 @27.951s 4%: 0.10+2.4+0.023 ms clock, 0.41+0.079/1.0/1.9+0.095 ms cpu, 112->112->112 MB, 118 MB goal, 0 MB stacks, 0 MB globals, 4 P
gc 1139 @27.955s 4%: 0.56+2.1+0.054 ms clock, 2.2+1.3/1.5/0+0.21 ms cpu, 132->132->122 MB, 112 MB goal, 0 MB stacks, 0 MB globals, 4 P
gc 1140 @27.959s 4%: 0.74+2.1+0.032 ms clock, 2.9+1.6/1.3/0.23+0.13 ms cpu, 122->132->122 MB, 122 MB goal, 0 MB stacks, 0 MB globals, 4 P
gc 1141 @27.962s 4%: 0.49+2.5+0.028 ms clock, 1.9+2.8/1.8/0.28+0.11 ms cpu, 122->122->112 MB, 122 MB goal, 0 MB stacks, 0 MB globals, 4 P
gc 1142 @27.965s 4%: 0.66+2.0+0.046 ms clock, 2.6+2.1/1.3/0+0.18 ms cpu, 132->142->132 MB, 112 MB goal, 0 MB stacks, 0 MB globals, 4 P
gc 1143 @27.968s 4%: 0.62+2.9+0.003 ms clock, 2.5+0.15/2.7/0.56+0.012 ms cpu, 132->132->132 MB, 143 MB goal, 0 MB stacks, 0 MB globals, 4 P
gc 1144 @27.977s 4%: 0.17+2.1+0.017 ms clock, 0.71+1.1/2.0/1.1+0.069 ms cpu, 142->142->112 MB, 143 MB goal, 0 MB stacks, 0 MB globals, 4 P
gc 1145 @27.986s 4%: 0.15+1.1+0.003 ms clock, 0.60+0.83/0.95/1.3+0.012 ms cpu, 142->142->102 MB, 143 MB goal, 0 MB stacks, 0 MB globals, 4 P
gc 1146 @27.989s 4%: 0.063+1.1+0.003 ms clock, 0.25+0.35/1.0/2.2+0.015 ms cpu, 112->112->102 MB, 118 MB goal, 0 MB stacks, 0 MB globals, 4 P
gc 1147 @27.998s 4%: 0.089+0.96+0.025 ms clock, 0.35+0.13/0.87/1.9+0.10 ms cpu, 122->122->102 MB, 130 MB goal, 0 MB stacks, 0 MB globals, 4 P
gc 1148 @28.004s 4%: 0.057+0.95+0.004 ms clock, 0.23+0.15/0.82/2.0+0.017 ms cpu, 122->122->102 MB, 130 MB goal, 0 MB stacks, 0 MB globals, 4 P
gc 1149 @28.016s 4%: 0.13+2.3+0.025 ms clock, 0.52+1.4/1.4/0.18+0.10 ms cpu, 122->132->122 MB, 129 MB goal, 0 MB stacks, 0 MB globals, 4 P
gc 1150 @28.022s 4%: 0.11+1.0+0.004 ms clock, 0.46+0.22/1.0/2.1+0.016 ms cpu, 132->132->102 MB, 129 MB goal, 0 MB stacks, 0 MB globals, 4 P
gc 1151 @28.025s 4%: 0.12+0.98+0.003 ms clock, 0.50+0.86/0.96/0.59+0.013 ms cpu, 122->122->102 MB, 130 MB goal, 0 MB stacks, 0 MB globals, 4 P
gc 1152 @28.027s 4%: 0.098+1.6+0.055 ms clock, 0.39+0.98/1.5/0.76+0.22 ms cpu, 112->112->112 MB, 118 MB goal, 0 MB stacks, 0 MB globals, 4 P
gc 1153 @28.029s 4%: 0.62+1.7+0.026 ms clock, 2.4+0.064/1.0/1.8+0.10 ms cpu, 122->122->112 MB, 130 MB goal, 0 MB stacks, 0 MB globals, 4 P
gc 1154 @28.036s 4%: 0.29+1.6+0.043 ms clock, 1.1+1.0/1.5/0.31+0.17 ms cpu, 132->132->112 MB, 129 MB goal, 0 MB stacks, 0 MB globals, 4 P
gc 1155 @28.039s 4%: 0.24+5.3+0.003 ms clock, 0.99+1.0/1.1/0.15+0.012 ms cpu, 132->142->132 MB, 119 MB goal, 0 MB stacks, 0 MB globals, 4 P
gc 1156 @28.045s 4%: 0.020+0.80+0.002 ms clock, 0.083+0.84/0.77/0.93+0.011 ms cpu, 132->132->102 MB, 132 MB goal, 0 MB stacks, 0 MB globals, 4 P
gc 1157 @28.053s 4%: 0.11+2.2+0.023 ms clock, 0.47+0.80/0.83/1.7+0.092 ms cpu, 122->122->112 MB, 114 MB goal, 0 MB stacks, 0 MB globals, 4 P
gc 1158 @28.057s 4%: 0.11+1.2+0.62 ms clock, 0.46+0.072/1.0/1.8+2.4 ms cpu, 122->122->112 MB, 130 MB goal, 0 MB stacks, 0 MB globals, 4 P
gc 1159 @28.060s 4%: 0.12+7.6+0.025 ms clock, 0.49+0/2.0/7.0+0.10 ms cpu, 132->142->132 MB, 120 MB goal, 0 MB stacks, 0 MB globals, 4 P
gc 1160 @28.068s 4%: 0.65+2.0+0.053 ms clock, 2.6+0.18/1.8/1.6+0.21 ms cpu, 132->142->122 MB, 132 MB goal, 0 MB stacks, 0 MB globals, 4 P
gc 1161 @28.071s 4%: 0.084+1.0+0.003 ms clock, 0.33+0.15/1.0/2.0+0.014 ms cpu, 122->122->102 MB, 130 MB goal, 0 MB stacks, 0 MB globals, 4 P
gc 1162 @28.075s 4%: 0.48+1.7+0.17 ms clock, 1.9+0.12/1.1/2.0+0.70 ms cpu, 122->132->122 MB, 129 MB goal, 0 MB stacks, 0 MB globals, 4 P
gc 1163 @28.081s 4%: 0.060+1.5+0.003 ms clock, 0.24+2.0/1.4/0.27+0.014 ms cpu, 132->132->112 MB, 129 MB goal, 0 MB stacks, 0 MB globals, 4 P
gc 1164 @28.085s 4%: 0.11+0.88+0.004 ms clock, 0.47+0.25/0.78/1.8+0.016 ms cpu, 132->132->102 MB, 129 MB goal, 0 MB stacks, 0 MB globals, 4 P
gc 1165 @28.096s 4%: 0.049+1.0+0.55 ms clock, 0.19+0.89/0.88/1.6+2.2 ms cpu, 102->112->112 MB, 102 MB goal, 0 MB stacks, 0 MB globals, 4 P
gc 1166 @28.098s 4%: 0.71+3.7+0.041 ms clock, 2.8+0.40/2.5/1.5+0.16 ms cpu, 112->132->132 MB, 129 MB goal, 0 MB stacks, 0 MB globals, 4 P
gc 1167 @28.104s 4%: 0.63+1.6+0.054 ms clock, 2.5+1.2/1.3/0+0.21 ms cpu, 132->142->122 MB, 132 MB goal, 0 MB stacks, 0 MB globals, 4 P
gc 1168 @28.106s 4%: 0.66+2.1+0.003 ms clock, 2.6+1.2/1.7/0+0.014 ms cpu, 122->132->122 MB, 129 MB goal, 0 MB stacks, 0 MB globals, 4 P
gc 1169 @28.113s 4%: 0.049+0.95+0.003 ms clock, 0.19+2.1/0.84/0+0.013 ms cpu, 132->132->102 MB, 129 MB goal, 0 MB stacks, 0 MB globals, 4 P
gc 1170 @28.114s 4%: 0.53+3.5+0.024 ms clock, 2.1+0.13/2.9/1.2+0.097 ms cpu, 132->132->132 MB, 143 MB goal, 0 MB stacks, 0 MB globals, 4 P
gc 1171 @28.800s 4%: 0.10+0.85+0.003 ms clock, 0.40+0.25/0.79/1.7+0.014 ms cpu, 142->142->102 MB, 143 MB goal, 0 MB stacks, 0 MB globals, 4 P
gc 1172 @28.802s 4%: 0.032+1.5+0.005 ms clock, 0.13+1.3/1.4/1.1+0.023 ms cpu, 102->102->102 MB, 105 MB goal, 0 MB stacks, 0 MB globals, 4 P
gc 1173 @28.804s 4%: 0.11+1.7+0.043 ms clock, 0.46+0.17/1.1/2.2+0.17 ms cpu, 112->112->112 MB, 118 MB goal, 0 MB stacks, 0 MB globals, 4 P
gc 1174 @28.816s 4%: 0.074+1.1+0.004 ms clock, 0.29+0/1.0/2.6+0.018 ms cpu, 122->122->102 MB, 114 MB goal, 0 MB stacks, 0 MB globals, 4 P
gc 1175 @28.836s 4%: 0.065+1.2+0.003 ms clock, 0.26+0.18/0.90/2.6+0.015 ms cpu, 122->122->102 MB, 114 MB goal, 0 MB stacks, 0 MB globals, 4 P
gc 1176 @28.838s 4%: 0.034+1.9+0.044 ms clock, 0.13+1.0/1.1/1.6+0.17 ms cpu, 102->112->112 MB, 102 MB goal, 0 MB stacks, 0 MB globals, 4 P
gc 1177 @28.840s 4%: 0.53+3.2+0.27 ms clock, 2.1+1.7/1.7/0+1.1 ms cpu, 112->132->132 MB, 112 MB goal, 0 MB stacks, 0 MB globals, 4 P
gc 1178 @28.845s 4%: 0.51+3.2+0.026 ms clock, 2.0+2.3/2.6/0+0.10 ms cpu, 132->142->132 MB, 132 MB goal, 0 MB stacks, 0 MB globals, 4 P
gc 1179 @28.849s 4%: 0.19+3.9+0.003 ms clock, 0.76+3.5/2.6/0.21+0.012 ms cpu, 132->142->122 MB, 132 MB goal, 0 MB stacks, 0 MB globals, 4 P
gc 1180 @28.854s 4%: 2.1+2.7+0.005 ms clock, 8.6+1.8/0.88/0+0.022 ms cpu, 132->132->112 MB, 122 MB goal, 0 MB stacks, 0 MB globals, 4 P
gc 1181 @28.859s 4%: 3.6+1.1+0.019 ms clock, 14+1.9/0.99/0+0.077 ms cpu, 112->132->122 MB, 112 MB goal, 0 MB stacks, 0 MB globals, 4 P
gc 1182 @28.864s 4%: 0.14+1.6+0.60 ms clock, 0.56+1.5/1.4/0+2.4 ms cpu, 122->132->112 MB, 129 MB goal, 0 MB stacks, 0 MB globals, 4 P
gc 1183 @28.868s 4%: 0.73+2.2+0.052 ms clock, 2.9+1.3/1.4/0+0.20 ms cpu, 142->142->122 MB, 119 MB goal, 0 MB stacks, 0 MB globals, 4 P
gc 1184 @28.872s 4%: 0.55+1.8+0.055 ms clock, 2.2+1.8/1.1/0+0.22 ms cpu, 122->142->122 MB, 122 MB goal, 0 MB stacks, 0 MB globals, 4 P
gc 1185 @28.876s 4%: 0.62+1.7+0.070 ms clock, 2.4+1.4/1.5/0.50+0.28 ms cpu, 132->132->122 MB, 129 MB goal, 0 MB stacks, 0 MB globals, 4 P
gc 1186 @28.879s 4%: 0.10+1.6+0.064 ms clock, 0.40+1.2/1.2/0+0.25 ms cpu, 142->142->132 MB, 122 MB goal, 0 MB stacks, 0 MB globals, 4 P
gc 1187 @28.882s 4%: 0.53+1.9+0.026 ms clock, 2.1+1.7/1.2/0.33+0.10 ms cpu, 132->142->132 MB, 132 MB goal, 0 MB stacks, 0 MB globals, 4 P
gc 1188 @28.884s 4%: 0.64+2.6+0.021 ms clock, 2.5+2.4/2.3/0+0.086 ms cpu, 132->142->122 MB, 132 MB goal, 0 MB stacks, 0 MB globals, 4 P
gc 1189 @28.892s 4%: 0.15+2.0+0.027 ms clock, 0.61+1.8/1.3/0+0.10 ms cpu, 122->142->122 MB, 143 MB goal, 0 MB stacks, 0 MB globals, 4 P
gc 1190 @28.895s 4%: 0.44+1.5+0.070 ms clock, 1.7+1.1/1.1/0+0.28 ms cpu, 142->142->132 MB, 143 MB goal, 0 MB stacks, 0 MB globals, 4 P
gc 1191 @28.897s 4%: 0.75+1.6+0.052 ms clock, 3.0+1.5/1.4/0+0.21 ms cpu, 142->162->152 MB, 132 MB goal, 0 MB stacks, 0 MB globals, 4 P
gc 1192 @28.900s 4%: 0.52+2.9+0.38 ms clock, 2.1+1.2/1.6/0+1.5 ms cpu, 152->162->132 MB, 152 MB goal, 0 MB stacks, 0 MB globals, 4 P
gc 1193 @28.904s 4%: 0.54+3.6+0.10 ms clock, 2.1+2.0/2.1/0+0.40 ms cpu, 132->142->142 MB, 143 MB goal, 0 MB stacks, 0 MB globals, 4 P
gc 1194 @28.910s 4%: 0.12+1.7+0.25 ms clock, 0.48+1.8/0.98/0+1.0 ms cpu, 162->162->122 MB, 142 MB goal, 0 MB stacks, 0 MB globals, 4 P
gc 1195 @28.914s 4%: 0.24+2.2+0.078 ms clock, 0.96+1.6/1.7/0+0.31 ms cpu, 142->142->122 MB, 143 MB goal, 0 MB stacks, 0 MB globals, 4 P
gc 1196 @28.917s 4%: 0.46+3.1+0.025 ms clock, 1.8+0.60/2.3/1.1+0.10 ms cpu, 142->152->132 MB, 155 MB goal, 0 MB stacks, 0 MB globals, 4 P
gc 1197 @28.929s 4%: 0.074+1.0+0.005 ms clock, 0.29+0.86/0.98/1.4+0.023 ms cpu, 152->152->102 MB, 155 MB goal, 0 MB stacks, 0 MB globals, 4 P
gc 1198 @28.947s 4%: 0.075+1.4+0.11 ms clock, 0.30+0.18/1.2/3.1+0.44 ms cpu, 152->162->112 MB, 149 MB goal, 0 MB stacks, 0 MB globals, 4 P
gc 1199 @28.961s 4%: 0.21+1.6+0.28 ms clock, 0.84+2.4/1.0/0+1.1 ms cpu, 132->132->112 MB, 129 MB goal, 0 MB stacks, 0 MB globals, 4 P
gc 1200 @28.964s 4%: 0.54+3.9+0.076 ms clock, 2.1+1.9/3.1/0+0.30 ms cpu, 132->132->122 MB, 143 MB goal, 0 MB stacks, 0 MB globals, 4 P
gc 1201 @28.974s 4%: 0.49+2.4+0.37 ms clock, 1.9+1.9/1.6/0+1.4 ms cpu, 142->162->122 MB, 124 MB goal, 0 MB stacks, 0 MB globals, 4 P
gc 1202 @28.984s 4%: 0.052+1.0+0.003 ms clock, 0.20+0/0.95/2.4+0.014 ms cpu, 142->142->102 MB, 143 MB goal, 0 MB stacks, 0 MB globals, 4 P
gc 1203 @28.987s 4%: 0.045+0.94+0.005 ms clock, 0.18+1.6/0.86/0.76+0.021 ms cpu, 102->102->102 MB, 105 MB goal, 0 MB stacks, 0 MB globals, 4 P
gc 1204 @28.988s 4%: 0.61+2.4+0.052 ms clock, 2.4+1.3/1.7/0+0.21 ms cpu, 122->122->122 MB, 102 MB goal, 0 MB stacks, 0 MB globals, 4 P
gc 1205 @28.992s 4%: 0.64+5.0+0.089 ms clock, 2.5+1.4/1.1/0.65+0.35 ms cpu, 122->132->112 MB, 129 MB goal, 0 MB stacks, 0 MB globals, 4 P
gc 1206 @29.000s 4%: 0.13+1.5+0.099 ms clock, 0.54+0.086/1.4/2.1+0.39 ms cpu, 132->142->122 MB, 119 MB goal, 0 MB stacks, 0 MB globals, 4 P
gc 1207 @29.003s 4%: 0.26+1.9+0.63 ms clock, 1.0+0.18/1.5/2.3+2.5 ms cpu, 122->122->112 MB, 130 MB goal, 0 MB stacks, 0 MB globals, 4 P
gc 1208 @29.022s 4%: 0.13+0.94+0.005 ms clock, 0.52+1.4/0.86/0.90+0.020 ms cpu, 142->142->102 MB, 119 MB goal, 0 MB stacks, 0 MB globals, 4 P
gc 1209 @29.024s 4%: 0.099+4.4+0.042 ms clock, 0.39+0.15/2.1/0.59+0.16 ms cpu, 122->142->142 MB, 119 MB goal, 0 MB stacks, 0 MB globals, 4 P
gc 1210 @29.029s 4%: 0.52+1.2+0.004 ms clock, 2.1+0/1.2/2.3+0.016 ms cpu, 142->142->112 MB, 142 MB goal, 0 MB stacks, 0 MB globals, 4 P
gc 1211 @29.035s 4%: 0.11+1.3+0.059 ms clock, 0.47+1.0/1.2/1.2+0.23 ms cpu, 132->132->112 MB, 129 MB goal, 0 MB stacks, 0 MB globals, 4 P
gc 1212 @29.041s 4%: 0.12+2.0+0.028 ms clock, 0.48+0.16/1.4/1.3+0.11 ms cpu, 132->132->112 MB, 129 MB goal, 0 MB stacks, 0 MB globals, 4 P
gc 1213 @29.045s 4%: 0.073+0.92+0.004 ms clock, 0.29+2.2/0.88/0.11+0.018 ms cpu, 112->112->102 MB, 118 MB goal, 0 MB stacks, 0 MB globals, 4 P
gc 1214 @29.047s 4%: 0.16+2.8+0.11 ms clock, 0.65+2.0/1.9/0+0.46 ms cpu, 122->132->132 MB, 104 MB goal, 0 MB stacks, 0 MB globals, 4 P
gc 1215 @29.051s 4%: 0.60+2.6+0.040 ms clock, 2.4+1.1/1.4/0.11+0.16 ms cpu, 132->142->122 MB, 132 MB goal, 0 MB stacks, 0 MB globals, 4 P
gc 1216 @29.056s 4%: 0.065+1.0+0.002 ms clock, 0.26+0/1.0/2.5+0.011 ms cpu, 122->122->102 MB, 122 MB goal, 0 MB stacks, 0 MB globals, 4 P
gc 1217 @29.058s 4%: 0.059+0.86+0.003 ms clock, 0.23+0.73/0.77/1.4+0.012 ms cpu, 102->102->102 MB, 105 MB goal, 0 MB stacks, 0 MB globals, 4 P
gc 1218 @29.059s 4%: 0.096+1.6+0.031 ms clock, 0.38+0.077/0.99/1.8+0.12 ms cpu, 112->112->112 MB, 102 MB goal, 0 MB stacks, 0 MB globals, 4 P
gc 1219 @29.062s 4%: 0.10+2.6+0.043 ms clock, 0.41+1.4/1.6/0.12+0.17 ms cpu, 122->122->122 MB, 130 MB goal, 0 MB stacks, 0 MB globals, 4 P
gc 1220 @29.066s 4%: 0.12+3.0+0.25 ms clock, 0.49+1.1/1.8/0+1.0 ms cpu, 142->142->122 MB, 122 MB goal, 0 MB stacks, 0 MB globals, 4 P
gc 1221 @29.070s 4%: 0.042+2.0+0.63 ms clock, 0.17+0.66/1.5/0.91+2.5 ms cpu, 122->132->112 MB, 129 MB goal, 0 MB stacks, 0 MB globals, 4 P
gc 1222 @29.078s 4%: 0.25+1.6+0.023 ms clock, 1.0+1.2/1.1/0.82+0.093 ms cpu, 132->132->112 MB, 129 MB goal, 0 MB stacks, 0 MB globals, 4 P
gc 1223 @29.085s 4%: 0.10+1.7+0.027 ms clock, 0.42+1.0/1.1/1.0+0.10 ms cpu, 142->142->112 MB, 119 MB goal, 0 MB stacks, 0 MB globals, 4 P
gc 1224 @29.087s 4%: 0.13+2.3+0.044 ms clock, 0.55+0.15/2.1/1.2+0.17 ms cpu, 132->132->122 MB, 129 MB goal, 0 MB stacks, 0 MB globals, 4 P
gc 1225 @29.105s 4%: 0.35+2.0+0.067 ms clock, 1.4+1.1/1.2/1.1+0.26 ms cpu, 132->132->112 MB, 129 MB goal, 0 MB stacks, 0 MB globals, 4 P
gc 1226 @29.110s 4%: 0.12+2.0+0.051 ms clock, 0.50+2.0/1.2/0+0.20 ms cpu, 132->142->122 MB, 119 MB goal, 0 MB stacks, 0 MB globals, 4 P
gc 1227 @29.112s 4%: 0.64+6.2+0.078 ms clock, 2.5+0.12/1.8/1.6+0.31 ms cpu, 122->142->132 MB, 122 MB goal, 0 MB stacks, 0 MB globals, 4 P
gc 1228 @29.120s 4%: 0.068+1.3+0.055 ms clock, 0.27+1.6/1.0/0.040+0.22 ms cpu, 142->142->112 MB, 132 MB goal, 0 MB stacks, 0 MB globals, 4 P
gc 1229 @29.122s 4%: 0.11+2.1+0.052 ms clock, 0.47+0.18/2.0/1.7+0.20 ms cpu, 132->132->122 MB, 129 MB goal, 0 MB stacks, 0 MB globals, 4 P
gc 1230 @29.804s 4%: 0.078+1.1+0.004 ms clock, 0.31+0.16/1.0/2.6+0.019 ms cpu, 132->132->102 MB, 129 MB goal, 0 MB stacks, 0 MB globals, 4 P
gc 1231 @29.809s 4%: 0.067+1.5+0.005 ms clock, 0.27+1.2/1.3/2.6+0.020 ms cpu, 102->102->102 MB, 105 MB goal, 0 MB stacks, 0 MB globals, 4 P
gc 1232 @29.811s 4%: 0.028+1.6+0.030 ms clock, 0.11+0.060/1.2/2.4+0.12 ms cpu, 112->112->112 MB, 118 MB goal, 0 MB stacks, 0 MB globals, 4 P
gc 1233 @29.821s 4%: 0.10+1.1+0.003 ms clock, 0.40+0.27/1.1/2.5+0.015 ms cpu, 122->122->102 MB, 114 MB goal, 0 MB stacks, 0 MB globals, 4 P
gc 1234 @29.834s 4%: 0.052+1.0+0.004 ms clock, 0.21+0.87/0.90/1.7+0.016 ms cpu, 102->102->102 MB, 105 MB goal, 0 MB stacks, 0 MB globals, 4 P
gc 1235 @29.835s 4%: 0.68+1.7+0.024 ms clock, 2.7+0.63/1.1/1.3+0.099 ms cpu, 112->112->112 MB, 118 MB goal, 0 MB stacks, 0 MB globals, 4 P
gc 1236 @29.840s 4%: 0.65+1.3+0.041 ms clock, 2.6+0.18/1.2/1.3+0.16 ms cpu, 122->122->112 MB, 114 MB goal, 0 MB stacks, 0 MB globals, 4 P
gc 1237 @29.849s 4%: 0.068+1.3+0.004 ms clock, 0.27+0.51/1.1/0.81+0.018 ms cpu, 122->122->102 MB, 114 MB goal, 0 MB stacks, 0 MB globals, 4 P
gc 1238 @29.850s 4%: 0.081+4.5+0.075 ms clock, 0.32+1.0/2.4/0.61+0.30 ms cpu, 122->122->122 MB, 114 MB goal, 0 MB stacks, 0 MB globals, 4 P
gc 1239 @29.855s 4%: 0.65+2.3+0.34 ms clock, 2.6+1.4/1.4/0+1.3 ms cpu, 142->142->122 MB, 122 MB goal, 0 MB stacks, 0 MB globals, 4 P
gc 1240 @29.859s 4%: 0.61+1.1+0.004 ms clock, 2.4+0.51/1.1/1.7+0.017 ms cpu, 122->122->102 MB, 155 MB goal, 0 MB stacks, 0 MB globals, 4 P
gc 1241 @29.871s 4%: 0.11+1.2+0.027 ms clock, 0.44+0.15/1.0/1.8+0.11 ms cpu, 142->142->112 MB, 155 MB goal, 0 MB stacks, 0 MB globals, 4 P
gc 1242 @29.881s 4%: 0.66+1.8+0.036 ms clock, 2.6+1.1/1.2/1.2+0.14 ms cpu, 162->162->112 MB, 149 MB goal, 0 MB stacks, 0 MB globals, 4 P
gc 1243 @29.891s 4%: 0.18+1.7+0.028 ms clock, 0.73+0.15/1.2/1.9+0.11 ms cpu, 162->162->112 MB, 149 MB goal, 0 MB stacks, 0 MB globals, 4 P
gc 1244 @29.898s 4%: 0.045+1.0+0.096 ms clock, 0.18+0.26/0.92/2.3+0.38 ms cpu, 112->122->112 MB, 114 MB goal, 0 MB stacks, 0 MB globals, 4 P
gc 1245 @29.902s 4%: 0.10+2.3+0.051 ms clock, 0.43+1.9/1.9/0+0.20 ms cpu, 132->132->122 MB, 112 MB goal, 0 MB stacks, 0 MB globals, 4 P
gc 1246 @29.905s 4%: 0.68+1.9+0.066 ms clock, 2.7+2.0/1.7/0+0.26 ms cpu, 122->132->132 MB, 122 MB goal, 0 MB stacks, 0 MB globals, 4 P
gc 1247 @29.908s 4%: 0.13+2.4+0.59 ms clock, 0.54+1.1/1.5/0+2.3 ms cpu, 132->152->132 MB, 132 MB goal, 0 MB stacks, 0 MB globals, 4 P
gc 1248 @29.912s 4%: 0.73+2.3+0.057 ms clock, 2.9+1.5/1.8/0+0.22 ms cpu, 132->152->132 MB, 132 MB goal, 0 MB stacks, 0 MB globals, 4 P
gc 1249 @29.915s 4%: 0.58+2.2+0.51 ms clock, 2.3+1.2/1.2/0+2.0 ms cpu, 132->142->122 MB, 155 MB goal, 0 MB stacks, 0 MB globals, 4 P
gc 1250 @29.920s 4%: 0.18+1.3+0.051 ms clock, 0.74+1.7/1.1/0+0.20 ms cpu, 152->152->112 MB, 155 MB goal, 0 MB stacks, 0 MB globals, 4 P
gc 1251 @29.925s 4%: 0.20+1.5+0.065 ms clock, 0.80+0.50/1.3/1.6+0.26 ms cpu, 152->152->112 MB, 155 MB goal, 0 MB stacks, 0 MB globals, 4 P
gc 1252 @29.927s 4%: 0.10+1.2+0.003 ms clock, 0.40+1.2/1.1/1.5+0.012 ms cpu, 112->112->102 MB, 118 MB goal, 0 MB stacks, 0 MB globals, 4 P
gc 1253 @29.932s 4%: 0.23+8.7+0.004 ms clock, 0.92+0.20/1.6/9.4+0.018 ms cpu, 122->122->112 MB, 114 MB goal, 0 MB stacks, 0 MB globals, 4 P
gc 1254 @29.941s 4%: 0.099+2.6+0.036 ms clock, 0.39+1.9/1.9/0+0.14 ms cpu, 132->132->122 MB, 112 MB goal, 0 MB stacks, 0 MB globals, 4 P
gc 1255 @29.944s 4%: 0.57+1.4+0.003 ms clock, 2.3+2.1/1.0/0.32+0.012 ms cpu, 122->122->102 MB, 122 MB goal, 0 MB stacks, 0 MB globals, 4 P
gc 1256 @29.948s 4%: 0.56+3.0+0.024 ms clock, 2.2+1.3/2.9/1.2+0.096 ms cpu, 122->122->112 MB, 114 MB goal, 0 MB stacks, 0 MB globals, 4 P
gc 1257 @29.952s 4%: 0.25+2.0+0.024 ms clock, 1.0+1.0/1.4/0.70+0.098 ms cpu, 122->122->112 MB, 130 MB goal, 0 MB stacks, 0 MB globals, 4 P
gc 1258 @29.956s 4%: 0.28+2.2+0.025 ms clock, 1.1+0/1.7/2.0+0.10 ms cpu, 132->132->122 MB, 129 MB goal, 0 MB stacks, 0 MB globals, 4 P
gc 1259 @29.969s 4%: 0.15+2.0+0.035 ms clock, 0.60+2.2/1.1/0+0.14 ms cpu, 132->142->112 MB, 122 MB goal, 0 MB stacks, 0 MB globals, 4 P
gc 1260 @29.978s 4%: 0.15+1.8+0.024 ms clock, 0.63+1.5/1.3/0.65+0.096 ms cpu, 132->132->112 MB, 129 MB goal, 0 MB stacks, 0 MB globals, 4 P
gc 1261 @29.982s 4%: 0.83+2.8+0.48 ms clock, 3.3+1.8/1.6/0.39+1.9 ms cpu, 132->162->142 MB, 124 MB goal, 0 MB stacks, 0 MB globals, 4 P
gc 1262 @29.987s 4%: 0.42+3.1+0.038 ms clock, 1.7+0.25/2.8/0.49+0.15 ms cpu, 142->142->132 MB, 143 MB goal, 0 MB stacks, 0 MB globals, 4 P
gc 1263 @29.995s 4%: 0.14+1.6+0.035 ms clock, 0.59+1.1/1.1/0.89+0.14 ms cpu, 142->142->112 MB, 143 MB goal, 0 MB stacks, 0 MB globals, 4 P
gc 1264 @29.999s 4%: 0.49+2.1+0.019 ms clock, 1.9+1.2/1.5/0.79+0.079 ms cpu, 122->132->122 MB, 129 MB goal, 0 MB stacks, 0 MB globals, 4 P
gc 1265 @30.002s 4%: 0.64+4.1+0.032 ms clock, 2.5+1.4/3.5/0.59+0.12 ms cpu, 132->142->112 MB, 143 MB goal, 0 MB stacks, 0 MB globals, 4 P
gc 1266 @30.026s 4%: 0.16+1.7+0.027 ms clock, 0.67+2.3/1.2/0.051+0.11 ms cpu, 152->152->112 MB, 135 MB goal, 0 MB stacks, 0 MB globals, 4 P
gc 1267 @30.030s 4%: 0.10+3.1+0.036 ms clock, 0.41+0.68/2.6/0.22+0.14 ms cpu, 142->142->132 MB, 143 MB goal, 0 MB stacks, 0 MB globals, 4 P
gc 1268 @30.034s 4%: 0.12+2.3+0.082 ms clock, 0.50+1.2/1.3/0.013+0.32 ms cpu, 152->152->122 MB, 135 MB goal, 0 MB stacks, 0 MB globals, 4 P
gc 1269 @30.044s 4%: 0.073+0.95+0.018 ms clock, 0.29+0.54/0.84/1.5+0.073 ms cpu, 142->142->102 MB, 143 MB goal, 0 MB stacks, 0 MB globals, 4 P
gc 1270 @30.047s 4%: 0.060+0.97+0.003 ms clock, 0.24+0.26/0.88/1.9+0.015 ms cpu, 112->112->102 MB, 118 MB goal, 0 MB stacks, 0 MB globals, 4 P
gc 1271 @30.053s 4%: 0.091+1.4+0.073 ms clock, 0.36+2.0/1.1/0.67+0.29 ms cpu, 102->112->112 MB, 102 MB goal, 0 MB stacks, 0 MB globals, 4 P
gc 1272 @30.055s 4%: 0.25+3.2+0.40 ms clock, 1.0+2.0/2.2/0+1.6 ms cpu, 112->132->132 MB, 112 MB goal, 0 MB stacks, 0 MB globals, 4 P
gc 1273 @30.059s 4%: 0.12+2.9+0.030 ms clock, 0.48+1.2/1.6/0.33+0.12 ms cpu, 132->142->122 MB, 132 MB goal, 0 MB stacks, 0 MB globals, 4 P
gc 1274 @30.065s 4%: 0.40+2.0+0.034 ms clock, 1.6+0.86/1.1/1.9+0.13 ms cpu, 122->132->112 MB, 122 MB goal, 0 MB stacks, 0 MB globals, 4 P
gc 1275 @30.068s 4%: 0.57+6.0+0.013 ms clock, 2.3+0.33/1.3/2.1+0.054 ms cpu, 112->122->122 MB, 112 MB goal, 0 MB stacks, 0 MB globals, 4 P
gc 1276 @30.075s 4%: 0.68+2.2+0.052 ms clock, 2.7+3.2/1.8/0+0.20 ms cpu, 132->132->112 MB, 122 MB goal, 0 MB stacks, 0 MB globals, 4 P
gc 1277 @30.079s 4%: 0.69+6.7+0.17 ms clock, 2.7+0.58/2.0/0+0.71 ms cpu, 112->152->142 MB, 134 MB goal, 0 MB stacks, 0 MB globals, 4 P
gc 1278 @30.087s 4%: 0.64+2.4+0.060 ms clock, 2.5+1.8/1.8/0+0.24 ms cpu, 142->152->122 MB, 142 MB goal, 0 MB stacks, 0 MB globals, 4 P
gc 1279 @30.090s 4%: 0.24+2.2+0.007 ms clock, 0.98+1.2/1.7/0+0.028 ms cpu, 142->142->122 MB, 143 MB goal, 0 MB stacks, 0 MB globals, 4 P
gc 1280 @30.094s 4%: 0.29+2.3+0.005 ms clock, 1.1+0/1.4/1.4+0.022 ms cpu, 142->142->112 MB, 143 MB goal, 0 MB stacks, 0 MB globals, 4 P
gc 1281 @30.109s 4%: 0.11+1.1+0.003 ms clock, 0.44+0.93/1.0/1.8+0.013 ms cpu, 112->112->102 MB, 118 MB goal, 0 MB stacks, 0 MB globals, 4 P
gc 1282 @30.111s 4%: 0.87+2.8+0.040 ms clock, 3.5+1.5/1.6/0+0.16 ms cpu, 122->122->122 MB, 130 MB goal, 0 MB stacks, 0 MB globals, 4 P
gc 1283 @30.116s 4%: 0.11+4.4+0.008 ms clock, 0.45+4.1/0.001/0.13+0.034 ms cpu, 132->132->112 MB, 130 MB goal, 0 MB stacks, 0 MB globals, 4 P
gc 1284 @30.121s 4%: 0.60+1.7+0.063 ms clock, 2.4+1.5/1.3/0+0.25 ms cpu, 142->142->132 MB, 120 MB goal, 0 MB stacks, 0 MB globals, 4 P
gc 1285 @30.124s 4%: 0.71+3.0+0.092 ms clock, 2.8+1.1/1.2/0+0.37 ms cpu, 132->132->122 MB, 132 MB goal, 0 MB stacks, 0 MB globals, 4 P
gc 1286 @30.129s 4%: 0.57+2.0+0.074 ms clock, 2.2+1.3/1.8/0+0.29 ms cpu, 152->152->132 MB, 122 MB goal, 0 MB stacks, 0 MB globals, 4 P
gc 1287 @30.132s 4%: 0.43+3.3+0.004 ms clock, 1.7+0.23/3.1/1.6+0.017 ms cpu, 132->132->122 MB, 132 MB goal, 0 MB stacks, 0 MB globals, 4 P
gc 1288 @30.808s 4%: 0.071+1.4+0.005 ms clock, 0.28+0.21/1.1/2.9+0.020 ms cpu, 132->132->102 MB, 129 MB goal, 0 MB stacks, 0 MB globals, 4 P
gc 1289 @30.817s 4%: 0.059+1.4+0.14 ms clock, 0.23+1.1/1.1/1.9+0.59 ms cpu, 102->112->112 MB, 102 MB goal, 0 MB stacks, 0 MB globals, 4 P
gc 1290 @30.820s 4%: 0.70+3.7+0.41 ms clock, 2.8+1.0/1.7/1.5+1.6 ms cpu, 112->122->122 MB, 112 MB goal, 0 MB stacks, 0 MB globals, 4 P
gc 1291 @30.827s 4%: 0.060+1.0+0.004 ms clock, 0.24+0.18/0.86/2.1+0.018 ms cpu, 122->122->102 MB, 122 MB goal, 0 MB stacks, 0 MB globals, 4 P
gc 1292 @30.828s 4%: 0.018+1.0+0.002 ms clock, 0.074+0.22/0.92/1.9+0.010 ms cpu, 102->102->102 MB, 105 MB goal, 0 MB stacks, 0 MB globals, 4 P
gc 1293 @30.845s 4%: 0.71+1.2+0.004 ms clock, 2.8+1.0/1.0/1.6+0.019 ms cpu, 112->112->102 MB, 102 MB goal, 0 MB stacks, 0 MB globals, 4 P
gc 1294 @30.847s 4%: 0.22+1.9+0.025 ms clock, 0.89+0.27/1.5/1.2+0.10 ms cpu, 102->112->112 MB, 118 MB goal, 0 MB stacks, 0 MB globals, 4 P
gc 1295 @30.853s 4%: 0.72+1.3+0.004 ms clock, 2.8+1.1/1.2/1.4+0.017 ms cpu, 122->122->102 MB, 114 MB goal, 0 MB stacks, 0 MB globals, 4 P
gc 1296 @30.861s 4%: 0.15+1.1+0.005 ms clock, 0.61+1.5/1.0/0.77+0.020 ms cpu, 122->122->102 MB, 114 MB goal, 0 MB stacks, 0 MB globals, 4 P
gc 1297 @30.863s 4%: 0.12+6.3+0.033 ms clock, 0.49+0.10/2.4/2.3+0.13 ms cpu, 122->132->132 MB, 129 MB goal, 0 MB stacks, 0 MB globals, 4 P
gc 1298 @30.872s 4%: 0.55+2.6+0.005 ms clock, 2.2+2.0/2.5/0+0.021 ms cpu, 142->142->122 MB, 132 MB goal, 0 MB stacks, 0 MB globals, 4 P
gc 1299 @30.876s 4%: 0.75+2.1+0.033 ms clock, 3.0+1.8/1.5/0+0.13 ms cpu, 142->142->122 MB, 122 MB goal, 0 MB stacks, 0 MB globals, 4 P
gc 1300 @30.879s 4%: 0.72+1.4+0.004 ms clock, 2.8+2.5/1.2/0+0.016 ms cpu, 122->122->102 MB, 130 MB goal, 0 MB stacks, 0 MB globals, 4 P
gc 1301 @30.884s 4%: 0.45+5.3+0.006 ms clock, 1.8+1.5/1.6/0+0.026 ms cpu, 132->142->132 MB, 119 MB goal, 0 MB stacks, 0 MB globals, 4 P
gc 1302 @30.890s 4%: 0.18+1.7+0.32 ms clock, 0.73+1.8/1.1/0+1.3 ms cpu, 132->162->132 MB, 149 MB goal, 0 MB stacks, 0 MB globals, 4 P
gc 1303 @30.895s 4%: 0.54+2.3+0.006 ms clock, 2.1+1.2/1.3/0+0.027 ms cpu, 152->152->132 MB, 155 MB goal, 0 MB stacks, 0 MB globals, 4 P
gc 1304 @30.908s 4%: 0.13+1.3+0.053 ms clock, 0.52+2.1/1.0/0+0.21 ms cpu, 152->162->122 MB, 149 MB goal, 0 MB stacks, 0 MB globals, 4 P
gc 1305 @30.911s 4%: 0.099+2.5+0.044 ms clock, 0.39+1.5/1.5/0.20+0.17 ms cpu, 132->142->122 MB, 143 MB goal, 0 MB stacks, 0 MB globals, 4 P
gc 1306 @30.915s 4%: 0.086+2.4+0.054 ms clock, 0.34+1.5/1.5/2.2+0.21 ms cpu, 122->122->112 MB, 130 MB goal, 0 MB stacks, 0 MB globals, 4 P
gc 1307 @30.919s 4%: 0.32+2.1+0.73 ms clock, 1.2+1.3/1.3/0+2.9 ms cpu, 122->142->132 MB, 119 MB goal, 0 MB stacks, 0 MB globals, 4 P
gc 1308 @30.922s 4%: 1.3+3.0+0.054 ms clock, 5.2+2.7/2.8/0.097+0.21 ms cpu, 132->142->132 MB, 132 MB goal, 0 MB stacks, 0 MB globals, 4 P
gc 1309 @30.927s 4%: 0.66+1.7+0.058 ms clock, 2.6+2.1/1.0/0+0.23 ms cpu, 132->152->132 MB, 132 MB goal, 0 MB stacks, 0 MB globals, 4 P
gc 1310 @30.930s 4%: 0.54+1.7+0.079 ms clock, 2.1+2.3/1.5/0+0.31 ms cpu, 132->132->122 MB, 132 MB goal, 0 MB stacks, 0 MB globals, 4 P
gc 1311 @30.933s 4%: 0.065+4.9+0.080 ms clock, 0.26+1.5/1.4/0+0.32 ms cpu, 142->142->132 MB, 122 MB goal, 0 MB stacks, 0 MB globals, 4 P
gc 1312 @30.939s 4%: 0.48+1.0+0.004 ms clock, 1.9+1.7/0.96/0+0.017 ms cpu, 132->132->102 MB, 132 MB goal, 0 MB stacks, 0 MB globals, 4 P
gc 1313 @30.941s 4%: 0.72+3.8+0.057 ms clock, 2.8+1.5/3.7/0+0.23 ms cpu, 122->132->132 MB, 155 MB goal, 0 MB stacks, 0 MB globals, 4 P
gc 1314 @30.946s 4%: 0.50+2.6+0.38 ms clock, 2.0+1.6/1.6/0+1.5 ms cpu, 152->152->122 MB, 155 MB goal, 0 MB stacks, 0 MB globals, 4 P
gc 1315 @30.951s 4%: 0.51+5.4+0.024 ms clock, 2.0+1.2/1.4/0+0.098 ms cpu, 152->162->132 MB, 149 MB goal, 0 MB stacks, 0 MB globals, 4 P
gc 1316 @30.957s 4%: 0.59+6.3+0.006 ms clock, 2.3+2.4/2.0/0.26+0.026 ms cpu, 152->162->132 MB, 149 MB goal, 0 MB stacks, 0 MB globals, 4 P
gc 1317 @30.978s 4%: 0.48+1.5+0.006 ms clock, 1.9+0.97/1.5/1.4+0.024 ms cpu, 172->172->112 MB, 139 MB goal, 0 MB stacks, 0 MB globals, 4 P
gc 1318 @30.992s 4%: 0.45+2.4+0.004 ms clock, 1.8+1.1/1.2/0.26+0.019 ms cpu, 162->162->112 MB, 149 MB goal, 0 MB stacks, 0 MB globals, 4 P
gc 1319 @30.997s 4%: 0.059+0.89+0.003 ms clock, 0.23+0.38/0.86/1.8+0.013 ms cpu, 122->122->102 MB, 130 MB goal, 0 MB stacks, 0 MB globals, 4 P
gc 1320 @31.000s 4%: 0.033+0.80+0.002 ms clock, 0.13+0.70/0.75/1.3+0.011 ms cpu, 102->102->102 MB, 105 MB goal, 0 MB stacks, 0 MB globals, 4 P
gc 1321 @31.001s 4%: 0.12+1.6+0.027 ms clock, 0.50+0.53/1.1/1.4+0.11 ms cpu, 112->112->112 MB, 102 MB goal, 0 MB stacks, 0 MB globals, 4 P
gc 1322 @31.004s 4%: 0.55+4.8+0.051 ms clock, 2.2+0.081/2.7/3.4+0.20 ms cpu, 112->142->132 MB, 119 MB goal, 0 MB stacks, 0 MB globals, 4 P
gc 1323 @31.009s 4%: 0.43+4.4+0.69 ms clock, 1.7+0.29/2.7/1.8+2.7 ms cpu, 132->152->142 MB, 132 MB goal, 0 MB stacks, 0 MB globals, 4 P
gc 1324 @31.015s 4%: 0.64+3.3+0.052 ms clock, 2.5+2.8/3.1/0+0.20 ms cpu, 152->152->132 MB, 142 MB goal, 0 MB stacks, 0 MB globals, 4 P
gc 1325 @31.020s 4%: 0.14+1.2+0.003 ms clock, 0.59+0.25/1.1/1.1+0.013 ms cpu, 132->132->102 MB, 132 MB goal, 0 MB stacks, 0 MB globals, 4 P
gc 1326 @31.032s 4%: 0.088+1.3+0.005 ms clock, 0.35+0.15/1.0/2.4+0.021 ms cpu, 122->122->102 MB, 130 MB goal, 0 MB stacks, 0 MB globals, 4 P
gc 1327 @31.034s 4%: 0.096+2.1+0.005 ms clock, 0.38+0.17/2.0/1.8+0.023 ms cpu, 122->122->122 MB, 130 MB goal, 0 MB stacks, 0 MB globals, 4 P
gc 1328 @31.039s 4%: 0.49+2.0+0.033 ms clock, 1.9+2.2/1.3/0.015+0.13 ms cpu, 132->132->112 MB, 129 MB goal, 0 MB stacks, 0 MB globals, 4 P
gc 1329 @31.042s 4%: 0.55+4.1+0.027 ms clock, 2.2+1.8/3.3/0.027+0.11 ms cpu, 132->142->112 MB, 119 MB goal, 0 MB stacks, 0 MB globals, 4 P
gc 1330 @31.049s 4%: 0.10+1.7+0.028 ms clock, 0.41+0.18/1.3/1.1+0.11 ms cpu, 132->132->112 MB, 129 MB goal, 0 MB stacks, 0 MB globals, 4 P
gc 1331 @31.061s 4%: 0.056+1.2+0.004 ms clock, 0.22+1.9/0.92/0.85+0.019 ms cpu, 112->112->102 MB, 118 MB goal, 0 MB stacks, 0 MB globals, 4 P
gc 1332 @31.064s 4%: 0.70+4.0+0.028 ms clock, 2.8+1.2/1.2/0+0.11 ms cpu, 132->132->132 MB, 105 MB goal, 0 MB stacks, 0 MB globals, 4 P
gc 1333 @31.070s 4%: 0.61+5.3+0.030 ms clock, 2.4+1.0/1.0/0.39+0.12 ms cpu, 132->152->122 MB, 134 MB goal, 0 MB stacks, 0 MB globals, 4 P
gc 1334 @31.083s 4%: 0.14+1.1+0.005 ms clock, 0.59+1.0/1.0/0.85+0.021 ms cpu, 142->142->102 MB, 143 MB goal, 0 MB stacks, 0 MB globals, 4 P
gc 1335 @31.091s 4%: 0.60+3.0+0.003 ms clock, 2.4+3.6/1.2/0.038+0.014 ms cpu, 132->142->122 MB, 143 MB goal, 0 MB stacks, 0 MB globals, 4 P
gc 1336 @31.095s 4%: 0.14+3.6+0.042 ms clock, 0.56+1.1/2.6/0+0.17 ms cpu, 142->162->142 MB, 149 MB goal, 0 MB stacks, 0 MB globals, 4 P
gc 1337 @31.099s 4%: 0.44+1.9+0.068 ms clock, 1.7+0.16/1.8/2.0+0.27 ms cpu, 152->152->122 MB, 155 MB goal, 0 MB stacks, 0 MB globals, 4 P
gc 1338 @31.125s 4%: 0.061+1.1+0.003 ms clock, 0.24+0.14/0.88/1.9+0.014 ms cpu, 152->152->102 MB, 155 MB goal, 0 MB stacks, 0 MB globals, 4 P
gc 1339 @31.127s 4%: 0.094+1.4+0.003 ms clock, 0.37+1.4/1.4/0.082+0.013 ms cpu, 112->112->102 MB, 102 MB goal, 0 MB stacks, 0 MB globals, 4 P
gc 1340 @31.129s 4%: 0.21+1.5+0.062 ms clock, 0.85+1.3/1.3/0+0.24 ms cpu, 102->122->122 MB, 102 MB goal, 0 MB stacks, 0 MB globals, 4 P
gc 1341 @31.131s 4%: 0.52+3.7+0.025 ms clock, 2.0+1.4/2.0/0.40+0.10 ms cpu, 122->132->122 MB, 129 MB goal, 0 MB stacks, 0 MB globals, 4 P
gc 1342 @31.138s 4%: 0.42+1.6+0.023 ms clock, 1.7+1.7/1.2/0.14+0.095 ms cpu, 142->142->112 MB, 122 MB goal, 0 MB stacks, 0 MB globals, 4 P
gc 1343 @31.827s 4%: 0.070+1.0+0.005 ms clock, 0.28+0.18/0.97/1.4+0.020 ms cpu, 132->132->102 MB, 129 MB goal, 0 MB stacks, 0 MB globals, 4 P
gc 1344 @31.831s 4%: 0.060+1.3+0.004 ms clock, 0.24+0/1.1/3.2+0.019 ms cpu, 112->112->102 MB, 118 MB goal, 0 MB stacks, 0 MB globals, 4 P
gc 1345 @31.847s 4%: 0.061+1.1+0.004 ms clock, 0.24+0.90/0.99/1.9+0.019 ms cpu, 102->102->102 MB, 105 MB goal, 0 MB stacks, 0 MB globals, 4 P
gc 1346 @31.849s 4%: 0.10+3.0+0.041 ms clock, 0.41+0.33/1.9/0.66+0.16 ms cpu, 112->122->122 MB, 114 MB goal, 0 MB stacks, 0 MB globals, 4 P
gc 1347 @31.853s 4%: 0.66+2.5+0.003 ms clock, 2.6+1.0/2.4/1.5+0.012 ms cpu, 122->122->112 MB, 122 MB goal, 0 MB stacks, 0 MB globals, 4 P
gc 1348 @31.856s 4%: 0.12+2.8+0.057 ms clock, 0.50+0.075/1.2/2.7+0.22 ms cpu, 122->132->122 MB, 129 MB goal, 0 MB stacks, 0 MB globals, 4 P
gc 1349 @31.865s 4%: 0.053+1.0+0.004 ms clock, 0.21+0.16/0.94/2.4+0.017 ms cpu, 132->132->102 MB, 129 MB goal, 0 MB stacks, 0 MB globals, 4 P
gc 1350 @31.871s 4%: 0.065+0.97+0.003 ms clock, 0.26+0/0.89/1.7+0.013 ms cpu, 122->122->102 MB, 130 MB goal, 0 MB stacks, 0 MB globals, 4 P
gc 1351 @31.874s 4%: 0.046+1.3+0.004 ms clock, 0.18+1.3/1.2/2.0+0.018 ms cpu, 102->102->102 MB, 105 MB goal, 0 MB stacks, 0 MB globals, 4 P
gc 1352 @31.876s 4%: 0.17+2.9+0.18 ms clock, 0.70+1.8/1.7/0+0.73 ms cpu, 112->122->122 MB, 102 MB goal, 0 MB stacks, 0 MB globals, 4 P
gc 1353 @31.880s 4%: 0.083+1.4+0.003 ms clock, 0.33+1.4/1.2/0.18+0.014 ms cpu, 122->122->102 MB, 122 MB goal, 0 MB stacks, 0 MB globals, 4 P
gc 1354 @31.884s 4%: 0.46+2.2+0.004 ms clock, 1.8+1.3/1.3/2.1+0.017 ms cpu, 122->122->112 MB, 102 MB goal, 0 MB stacks, 0 MB globals, 4 P
gc 1355 @31.887s 4%: 0.21+1.2+0.004 ms clock, 0.86+2.6/1.0/0+0.019 ms cpu, 112->112->102 MB, 112 MB goal, 0 MB stacks, 0 MB globals, 4 P
gc 1356 @31.888s 4%: 0.21+2.1+0.47 ms clock, 0.84+1.3/1.2/0+1.9 ms cpu, 102->132->132 MB, 102 MB goal, 0 MB stacks, 0 MB globals, 4 P
gc 1357 @31.892s 4%: 0.61+3.5+0.048 ms clock, 2.4+0.33/2.5/0.11+0.19 ms cpu, 132->142->142 MB, 143 MB goal, 0 MB stacks, 0 MB globals, 4 P
gc 1358 @31.907s 4%: 0.099+1.2+0.068 ms clock, 0.39+2.1/1.0/0+0.27 ms cpu, 152->152->112 MB, 142 MB goal, 0 MB stacks, 0 MB globals, 4 P
gc 1359 @31.910s 4%: 0.42+1.2+0.73 ms clock, 1.7+2.3/1.1/0+2.9 ms cpu, 152->152->132 MB, 135 MB goal, 0 MB stacks, 0 MB globals, 4 P
gc 1360 @31.914s 4%: 0.30+5.2+0.006 ms clock, 1.2+2.1/1.1/0+0.027 ms cpu, 142->152->122 MB, 135 MB goal, 0 MB stacks, 0 MB globals, 4 P
gc 1361 @31.920s 4%: 0.11+2.0+0.009 ms clock, 0.47+1.6/1.6/0+0.036 ms cpu, 142->142->122 MB, 143 MB goal, 0 MB stacks, 0 MB globals, 4 P
gc 1362 @31.925s 4%: 0.14+1.7+0.052 ms clock, 0.58+1.2/1.5/0.82+0.20 ms cpu, 142->142->112 MB, 143 MB goal, 0 MB stacks, 0 MB globals, 4 P
gc 1363 @31.928s 4%: 0.098+1.9+0.030 ms clock, 0.39+1.3/1.2/0.48+0.12 ms cpu, 122->132->122 MB, 129 MB goal, 0 MB stacks, 0 MB globals, 4 P
gc 1364 @31.933s 4%: 0.75+2.9+0.030 ms clock, 3.0+2.0/2.3/0+0.12 ms cpu, 142->142->122 MB, 122 MB goal, 0 MB stacks, 0 MB globals, 4 P
gc 1365 @31.937s 4%: 0.032+1.2+0.002 ms clock, 0.12+0.57/1.1/1.3+0.011 ms cpu, 122->122->102 MB, 130 MB goal, 0 MB stacks, 0 MB globals, 4 P
gc 1366 @31.944s 4%: 0.71+3.1+0.12 ms clock, 2.8+1.6/1.9/0.42+0.50 ms cpu, 132->142->132 MB, 119 MB goal, 0 MB stacks, 0 MB globals, 4 P
gc 1367 @31.948s 4%: 0.82+1.7+0.63 ms clock, 3.2+1.9/1.0/0+2.5 ms cpu, 132->152->132 MB, 132 MB goal, 0 MB stacks, 0 MB globals, 4 P
gc 1368 @31.952s 4%: 0.68+2.7+0.049 ms clock, 2.7+2.0/2.1/0+0.19 ms cpu, 132->142->132 MB, 132 MB goal, 0 MB stacks, 0 MB globals, 4 P
gc 1369 @31.956s 4%: 0.54+2.5+0.060 ms clock, 2.1+1.9/2.3/0+0.24 ms cpu, 142->142->122 MB, 132 MB goal, 0 MB stacks, 0 MB globals, 4 P
gc 1370 @31.959s 4%: 0.30+2.5+0.47 ms clock, 1.2+2.8/1.1/0+1.8 ms cpu, 122->152->132 MB, 122 MB goal, 0 MB stacks, 0 MB globals, 4 P
gc 1371 @31.964s 4%: 0.40+5.3+0.028 ms clock, 1.6+0.17/2.5/0+0.11 ms cpu, 142->152->142 MB, 132 MB goal, 0 MB stacks, 0 MB globals, 4 P
gc 1372 @31.970s 4%: 0.18+1.4+0.004 ms clock, 0.72+1.4/0.98/0.18+0.017 ms cpu, 142->142->102 MB, 142 MB goal, 0 MB stacks, 0 MB globals, 4 P
gc 1373 @31.974s 4%: 0.15+2.4+0.006 ms clock, 0.63+1.7/2.1/0.004+0.024 ms cpu, 132->132->122 MB, 129 MB goal, 0 MB stacks, 0 MB globals, 4 P
gc 1374 @31.977s 4%: 0.096+2.0+0.70 ms clock, 0.38+0.086/1.2/2.5+2.8 ms cpu, 132->132->112 MB, 129 MB goal, 0 MB stacks, 0 MB globals, 4 P
gc 1375 @31.982s 4%: 0.10+2.3+0.031 ms clock, 0.42+0.13/1.6/1.8+0.12 ms cpu, 132->132->122 MB, 129 MB goal, 0 MB stacks, 0 MB globals, 4 P
gc 1376 @31.989s 4%: 0.11+2.2+0.023 ms clock, 0.46+1.5/2.1/0.52+0.095 ms cpu, 142->142->112 MB, 122 MB goal, 0 MB stacks, 0 MB globals, 4 P
gc 1377 @31.994s 4%: 0.10+2.3+0.047 ms clock, 0.41+0.73/1.5/1.3+0.19 ms cpu, 132->142->122 MB, 119 MB goal, 0 MB stacks, 0 MB globals, 4 P
gc 1378 @31.997s 4%: 0.44+2.8+0.031 ms clock, 1.7+1.2/1.5/1.0+0.12 ms cpu, 122->122->112 MB, 130 MB goal, 0 MB stacks, 0 MB globals, 4 P
gc 1379 @32.011s 4%: 0.14+1.2+0.004 ms clock, 0.58+1.2/1.0/0.93+0.018 ms cpu, 132->132->102 MB, 129 MB goal, 0 MB stacks, 0 MB globals, 4 P
gc 1380 @32.014s 4%: 0.10+1.8+0.027 ms clock, 0.41+1.0/1.3/1.5+0.10 ms cpu, 112->122->112 MB, 114 MB goal, 0 MB stacks, 0 MB globals, 4 P
gc 1381 @32.019s 4%: 0.36+2.3+0.052 ms clock, 1.4+1.1/2.0/0+0.21 ms cpu, 122->122->112 MB, 114 MB goal, 0 MB stacks, 0 MB globals, 4 P
gc 1382 @32.022s 4%: 0.73+4.4+0.026 ms clock, 2.9+1.5/4.3/0+0.10 ms cpu, 132->142->132 MB, 112 MB goal, 0 MB stacks, 0 MB globals, 4 P
gc 1383 @32.028s 4%: 0.049+1.2+0.003 ms clock, 0.19+0.40/1.1/1.3+0.014 ms cpu, 132->132->102 MB, 143 MB goal, 0 MB stacks, 0 MB globals, 4 P
gc 1384 @32.039s 4%: 0.13+1.0+0.004 ms clock, 0.52+0/1.0/2.1+0.018 ms cpu, 142->142->112 MB, 143 MB goal, 0 MB stacks, 0 MB globals, 4 P
gc 1385 @32.048s 4%: 0.13+1.5+0.054 ms clock, 0.52+1.2/1.3/0+0.21 ms cpu, 142->142->122 MB, 143 MB goal, 0 MB stacks, 0 MB globals, 4 P
gc 1386 @32.052s 4%: 0.097+1.1+0.056 ms clock, 0.38+0.72/0.97/1.1+0.22 ms cpu, 142->142->112 MB, 143 MB goal, 0 MB stacks, 0 MB globals, 4 P
gc 1387 @32.055s 4%: 0.064+1.2+0.020 ms clock, 0.25+0.27/1.1/1.8+0.081 ms cpu, 122->122->102 MB, 130 MB goal, 0 MB stacks, 0 MB globals, 4 P
gc 1388 @32.070s 4%: 0.060+1.0+0.004 ms clock, 0.24+0.88/0.97/1.7+0.016 ms cpu, 102->102->102 MB, 105 MB goal, 0 MB stacks, 0 MB globals, 4 P
gc 1389 @32.072s 4%: 0.13+2.1+0.058 ms clock, 0.54+1.8/1.4/0.053+0.23 ms cpu, 112->112->112 MB, 118 MB goal, 0 MB stacks, 0 MB globals, 4 P
gc 1390 @32.079s 4%: 0.051+0.89+0.004 ms clock, 0.20+1.8/0.80/0.077+0.016 ms cpu, 132->132->112 MB, 112 MB goal, 0 MB stacks, 0 MB globals, 4 P
gc 1391 @32.080s 4%: 0.049+2.4+0.032 ms clock, 0.19+1.6/1.6/0.031+0.13 ms cpu, 112->122->112 MB, 114 MB goal, 0 MB stacks, 0 MB globals, 4 P
gc 1392 @32.084s 4%: 0.10+1.4+0.54 ms clock, 0.41+0.93/1.2/0+2.1 ms cpu, 132->132->122 MB, 112 MB goal, 0 MB stacks, 0 MB globals, 4 P
gc 1393 @32.087s 4%: 0.030+1.2+0.004 ms clock, 0.12+1.7/1.1/0.098+0.017 ms cpu, 122->122->102 MB, 122 MB goal, 0 MB stacks, 0 MB globals, 4 P
gc 1394 @32.092s 4%: 0.31+1.0+0.56 ms clock, 1.2+1.6/0.93/0+2.2 ms cpu, 132->132->112 MB, 104 MB goal, 0 MB stacks, 0 MB globals, 4 P
gc 1395 @32.094s 4%: 0.11+2.6+0.033 ms clock, 0.44+2.2/1.1/0+0.13 ms cpu, 112->132->122 MB, 112 MB goal, 0 MB stacks, 0 MB globals, 4 P
gc 1396 @32.108s 4%: 0.093+1.6+0.027 ms clock, 0.37+1.5/0.93/0.52+0.11 ms cpu, 122->132->122 MB, 122 MB goal, 0 MB stacks, 0 MB globals, 4 P
gc 1397 @32.110s 4%: 0.68+1.9+0.053 ms clock, 2.7+1.7/0.88/0+0.21 ms cpu, 122->142->132 MB, 122 MB goal, 0 MB stacks, 0 MB globals, 4 P
gc 1398 @32.113s 4%: 0.42+2.9+0.035 ms clock, 1.6+1.3/2.0/0.025+0.14 ms cpu, 132->142->122 MB, 132 MB goal, 0 MB stacks, 0 MB globals, 4 P
gc 1399 @32.117s 4%: 0.62+1.9+0.052 ms clock, 2.4+0/1.5/1.4+0.20 ms cpu, 122->132->122 MB, 122 MB goal, 0 MB stacks, 0 MB globals, 4 P
gc 1400 @32.120s 4%: 0.032+1.2+0.002 ms clock, 0.13+1.6/1.0/0.32+0.011 ms cpu, 122->122->102 MB, 130 MB goal, 0 MB stacks, 0 MB globals, 4 P
gc 1401 @32.123s 4%: 0.10+1.1+0.003 ms clock, 0.41+0.18/0.98/2.2+0.015 ms cpu, 122->122->102 MB, 130 MB goal, 0 MB stacks, 0 MB globals, 4 P
gc 1402 @32.126s 4%: 0.036+1.0+0.003 ms clock, 0.14+0.93/0.96/1.5+0.013 ms cpu, 102->102->102 MB, 105 MB goal, 0 MB stacks, 0 MB globals, 4 P
gc 1403 @32.127s 4%: 0.11+3.0+0.088 ms clock, 0.44+0.074/1.7/1.9+0.35 ms cpu, 112->122->122 MB, 114 MB goal, 0 MB stacks, 0 MB globals, 4 P
gc 1404 @32.132s 4%: 0.54+1.7+0.54 ms clock, 2.1+0.23/1.1/2.0+2.1 ms cpu, 122->132->122 MB, 122 MB goal, 0 MB stacks, 0 MB globals, 4 P
gc 1405 @32.135s 4%: 0.48+4.3+0.024 ms clock, 1.9+2.9/3.0/0.62+0.099 ms cpu, 122->132->122 MB, 122 MB goal, 0 MB stacks, 0 MB globals, 4 P
gc 1406 @32.140s 4%: 0.52+2.9+0.052 ms clock, 2.1+1.8/2.8/0.10+0.20 ms cpu, 122->132->112 MB, 122 MB goal, 0 MB stacks, 0 MB globals, 4 P
gc 1407 @32.144s 4%: 0.28+1.4+0.050 ms clock, 1.1+1.3/1.3/0+0.20 ms cpu, 112->132->122 MB, 112 MB goal, 0 MB stacks, 0 MB globals, 4 P
gc 1408 @32.146s 4%: 0.27+1.4+0.002 ms clock, 1.0+0.14/1.2/1.2+0.011 ms cpu, 122->122->112 MB, 122 MB goal, 0 MB stacks, 0 MB globals, 4 P
gc 1409 @32.815s 4%: 0.077+1.3+0.003 ms clock, 0.31+0.16/1.1/3.0+0.013 ms cpu, 122->122->102 MB, 114 MB goal, 0 MB stacks, 0 MB globals, 4 P
gc 1410 @32.828s 4%: 0.051+1.0+0.005 ms clock, 0.20+0.89/0.91/1.7+0.021 ms cpu, 102->102->102 MB, 105 MB goal, 0 MB stacks, 0 MB globals, 4 P
gc 1411 @32.830s 4%: 0.12+3.7+0.035 ms clock, 0.50+0.057/2.6/2.6+0.14 ms cpu, 112->112->112 MB, 102 MB goal, 0 MB stacks, 0 MB globals, 4 P
gc 1412 @32.834s 4%: 0.18+1.6+0.71 ms clock, 0.74+0.19/1.2/1.8+2.8 ms cpu, 112->122->112 MB, 112 MB goal, 0 MB stacks, 0 MB globals, 4 P
gc 1413 @32.837s 4%: 1.1+1.4+0.003 ms clock, 4.4+0.10/1.3/2.2+0.014 ms cpu, 112->112->112 MB, 118 MB goal, 0 MB stacks, 0 MB globals, 4 P
gc 1414 @32.856s 4%: 0.15+3.5+0.044 ms clock, 0.60+1.0/1.1/1.0+0.17 ms cpu, 122->122->112 MB, 115 MB goal, 0 MB stacks, 0 MB globals, 4 P
gc 1415 @32.861s 4%: 0.21+3.7+0.030 ms clock, 0.85+1.6/0.93/0+0.12 ms cpu, 122->132->122 MB, 112 MB goal, 0 MB stacks, 0 MB globals, 4 P
gc 1416 @32.865s 4%: 0.065+2.2+0.003 ms clock, 0.26+1.9/1.6/0.44+0.012 ms cpu, 122->122->102 MB, 122 MB goal, 0 MB stacks, 0 MB globals, 4 P
gc 1417 @32.869s 4%: 0.26+1.7+0.031 ms clock, 1.0+1.2/1.1/0.53+0.12 ms cpu, 122->122->112 MB, 114 MB goal, 0 MB stacks, 0 MB globals, 4 P
gc 1418 @32.872s 4%: 0.094+1.9+0.052 ms clock, 0.37+1.4/1.7/0.081+0.21 ms cpu, 122->122->112 MB, 130 MB goal, 0 MB stacks, 0 MB globals, 4 P
gc 1419 @32.885s 4%: 0.18+1.3+0.007 ms clock, 0.74+1.6/1.1/0.22+0.030 ms cpu, 142->142->102 MB, 120 MB goal, 0 MB stacks, 0 MB globals, 4 P
gc 1420 @32.891s 4%: 0.073+1.0+0.004 ms clock, 0.29+0/0.86/2.1+0.017 ms cpu, 122->122->102 MB, 130 MB goal, 0 MB stacks, 0 MB globals, 4 P
gc 1421 @32.895s 4%: 0.037+1.0+0.025 ms clock, 0.14+2.0/0.87/0.091+0.10 ms cpu, 102->102->102 MB, 105 MB goal, 0 MB stacks, 0 MB globals, 4 P
gc 1422 @32.897s 4%: 0.24+6.9+0.007 ms clock, 0.97+1.6/1.6/0+0.029 ms cpu, 112->132->132 MB, 102 MB goal, 0 MB stacks, 0 MB globals, 4 P
gc 1423 @32.904s 4%: 0.046+1.4+0.002 ms clock, 0.18+0.40/1.1/1.3+0.010 ms cpu, 132->132->102 MB, 143 MB goal, 0 MB stacks, 0 MB globals, 4 P
gc 1424 @32.917s 4%: 0.42+1.8+0.029 ms clock, 1.6+2.2/1.3/0+0.11 ms cpu, 142->142->112 MB, 143 MB goal, 0 MB stacks, 0 MB globals, 4 P
gc 1425 @32.920s 4%: 0.18+1.7+0.073 ms clock, 0.74+1.0/1.4/0+0.29 ms cpu, 142->142->132 MB, 143 MB goal, 0 MB stacks, 0 MB globals, 4 P
gc 1426 @32.923s 4%: 0.14+1.5+0.054 ms clock, 0.57+2.1/1.4/0+0.21 ms cpu, 142->142->112 MB, 143 MB goal, 0 MB stacks, 0 MB globals, 4 P
gc 1427 @32.927s 4%: 0.12+1.2+0.003 ms clock, 0.48+0.21/1.2/1.1+0.015 ms cpu, 142->142->112 MB, 143 MB goal, 0 MB stacks, 0 MB globals, 4 P
gc 1428 @32.929s 4%: 0.046+1.9+0.028 ms clock, 0.18+1.2/1.3/1.9+0.11 ms cpu, 112->122->112 MB, 114 MB goal, 0 MB stacks, 0 MB globals, 4 P
gc 1429 @32.932s 4%: 0.088+4.4+0.43 ms clock, 0.35+0.090/2.0/1.8+1.7 ms cpu, 122->132->132 MB, 129 MB goal, 0 MB stacks, 0 MB globals, 4 P
gc 1430 @32.939s 4%: 0.57+1.1+0.002 ms clock, 2.2+1.6/1.1/0.095+0.011 ms cpu, 132->132->102 MB, 132 MB goal, 0 MB stacks, 0 MB globals, 4 P
gc 1431 @32.941s 4%: 0.11+1.5+0.063 ms clock, 0.46+0.13/1.2/0.84+0.25 ms cpu, 122->122->122 MB, 130 MB goal, 0 MB stacks, 0 MB globals, 4 P
gc 1432 @32.947s 4%: 0.048+0.93+0.004 ms clock, 0.19+0.78/0.80/1.3+0.019 ms cpu, 132->132->102 MB, 129 MB goal, 0 MB stacks, 0 MB globals, 4 P
gc 1433 @32.950s 4%: 0.050+0.80+0.003 ms clock, 0.20+0.17/0.76/1.9+0.012 ms cpu, 112->112->102 MB, 118 MB goal, 0 MB stacks, 0 MB globals, 4 P
gc 1434 @32.955s 4%: 0.066+0.90+0.004 ms clock, 0.26+2.0/0.80/0+0.016 ms cpu, 102->102->102 MB, 105 MB goal, 0 MB stacks, 0 MB globals, 4 P
gc 1435 @32.956s 4%: 0.21+1.5+0.62 ms clock, 0.85+1.2/1.2/0+2.4 ms cpu, 112->132->132 MB, 102 MB goal, 0 MB stacks, 0 MB globals, 4 P
gc 1436 @32.959s 4%: 0.62+3.1+0.42 ms clock, 2.5+1.1/1.8/0+1.6 ms cpu, 132->142->142 MB, 132 MB goal, 0 MB stacks, 0 MB globals, 4 P
gc 1437 @32.964s 4%: 0.12+2.4+0.74 ms clock, 0.48+1.7/1.8/0+2.9 ms cpu, 152->152->132 MB, 142 MB goal, 0 MB stacks, 0 MB globals, 4 P
gc 1438 @32.968s 4%: 0.59+4.6+0.026 ms clock, 2.3+1.4/1.1/0+0.10 ms cpu, 132->152->122 MB, 132 MB goal, 0 MB stacks, 0 MB globals, 4 P
gc 1439 @32.973s 4%: 0.42+1.8+0.003 ms clock, 1.7+2.0/1.7/0+0.013 ms cpu, 122->132->112 MB, 122 MB goal, 0 MB stacks, 0 MB globals, 4 P
gc 1440 @32.976s 4%: 0.089+2.2+0.034 ms clock, 0.35+1.7/1.6/0+0.13 ms cpu, 132->132->122 MB, 112 MB goal, 0 MB stacks, 0 MB globals, 4 P
gc 1441 @32.979s 4%: 0.56+1.0+0.031 ms clock, 2.2+1.7/0.93/0+0.12 ms cpu, 122->122->112 MB, 122 MB goal, 0 MB stacks, 0 MB globals, 4 P
gc 1442 @32.981s 4%: 0.51+3.9+0.20 ms clock, 2.0+1.7/3.0/0+0.82 ms cpu, 142->142->122 MB, 112 MB goal, 0 MB stacks, 0 MB globals, 4 P
gc 1443 @32.986s 4%: 0.11+1.4+0.004 ms clock, 0.46+2.2/1.0/0.11+0.019 ms cpu, 122->122->102 MB, 122 MB goal, 0 MB stacks, 0 MB globals, 4 P
gc 1444 @32.988s 4%: 0.60+2.1+0.55 ms clock, 2.4+1.4/1.4/0+2.2 ms cpu, 132->132->132 MB, 102 MB goal, 0 MB stacks, 0 MB globals, 4 P
gc 1445 @32.992s 4%: 0.18+1.6+0.046 ms clock, 0.72+1.3/0.98/0.096+0.18 ms cpu, 132->142->112 MB, 143 MB goal, 0 MB stacks, 0 MB globals, 4 P
gc 1446 @32.996s 4%: 0.36+1.6+0.005 ms clock, 1.4+0/1.5/1.4+0.022 ms cpu, 142->142->122 MB, 143 MB goal, 0 MB stacks, 0 MB globals, 4 P
gc 1447 @33.003s 4%: 0.048+0.82+0.003 ms clock, 0.19+0.12/0.72/1.7+0.012 ms cpu, 142->142->102 MB, 143 MB goal, 0 MB stacks, 0 MB globals, 4 P
gc 1448 @33.005s 4%: 0.027+0.91+0.002 ms clock, 0.11+0.75/0.81/1.4+0.010 ms cpu, 102->102->102 MB, 105 MB goal, 0 MB stacks, 0 MB globals, 4 P
gc 1449 @33.007s 4%: 0.11+1.4+0.070 ms clock, 0.46+0.068/0.97/1.7+0.28 ms cpu, 112->112->112 MB, 102 MB goal, 0 MB stacks, 0 MB globals, 4 P
gc 1450 @33.009s 4%: 0.61+1.2+0.028 ms clock, 2.4+0.18/0.96/1.8+0.11 ms cpu, 112->112->112 MB, 112 MB goal, 0 MB stacks, 0 MB globals, 4 P
gc 1451 @33.011s 4%: 0.035+1.7+0.030 ms clock, 0.14+0.70/1.1/2.0+0.12 ms cpu, 112->122->112 MB, 112 MB goal, 0 MB stacks, 0 MB globals, 4 P
gc 1452 @33.014s 4%: 0.35+1.6+0.74 ms clock, 1.4+0.13/1.3/1.6+2.9 ms cpu, 112->122->122 MB, 114 MB goal, 0 MB stacks, 0 MB globals, 4 P
gc 1453 @33.017s 4%: 0.47+2.5+0.026 ms clock, 1.8+0.14/1.2/1.3+0.10 ms cpu, 122->122->112 MB, 122 MB goal, 0 MB stacks, 0 MB globals, 4 P
gc 1454 @33.022s 4%: 0.61+1.3+0.003 ms clock, 2.4+1.3/1.3/1.5+0.012 ms cpu, 122->122->112 MB, 114 MB goal, 0 MB stacks, 0 MB globals, 4 P
gc 1455 @33.025s 4%: 0.12+1.1+0.050 ms clock, 0.48+0.076/0.91/1.5+0.20 ms cpu, 122->122->112 MB, 114 MB goal, 0 MB stacks, 0 MB globals, 4 P
gc 1456 @33.029s 4%: 0.11+1.0+0.052 ms clock, 0.44+1.5/0.86/0.061+0.21 ms cpu, 122->122->112 MB, 114 MB goal, 0 MB stacks, 0 MB globals, 4 P
gc 1457 @33.030s 4%: 0.16+1.5+0.57 ms clock, 0.64+1.4/0.86/0+2.2 ms cpu, 122->132->122 MB, 112 MB goal, 0 MB stacks, 0 MB globals, 4 P
gc 1458 @33.033s 4%: 0.53+2.9+0.026 ms clock, 2.1+0.17/2.0/1.5+0.10 ms cpu, 122->122->122 MB, 130 MB goal, 0 MB stacks, 0 MB globals, 4 P
gc 1459 @33.040s 4%: 0.25+1.1+0.004 ms clock, 1.0+2.4/1.0/0.12+0.016 ms cpu, 142->142->102 MB, 122 MB goal, 0 MB stacks, 0 MB globals, 4 P
gc 1460 @33.042s 4%: 0.63+2.8+0.026 ms clock, 2.5+0.041/1.8/1.6+0.10 ms cpu, 122->122->122 MB, 130 MB goal, 0 MB stacks, 0 MB globals, 4 P
gc 1461 @33.050s 4%: 0.039+0.83+0.003 ms clock, 0.15+0.12/0.74/2.0+0.013 ms cpu, 132->132->102 MB, 129 MB goal, 0 MB stacks, 0 MB globals, 4 P
gc 1462 @33.052s 4%: 0.030+0.89+0.003 ms clock, 0.12+1.4/0.78/0.65+0.015 ms cpu, 102->102->102 MB, 105 MB goal, 0 MB stacks, 0 MB globals, 4 P
gc 1463 @33.054s 4%: 0.14+3.7+0.004 ms clock, 0.57+1.0/1.0/0+0.019 ms cpu, 122->122->122 MB, 102 MB goal, 0 MB stacks, 0 MB globals, 4 P
gc 1464 @33.058s 4%: 0.13+0.93+0.003 ms clock, 0.55+1.5/0.91/0.091+0.015 ms cpu, 122->122->102 MB, 130 MB goal, 0 MB stacks, 0 MB globals, 4 P
gc 1465 @33.061s 4%: 0.11+1.6+0.044 ms clock, 0.47+0.31/1.0/1.2+0.17 ms cpu, 132->132->112 MB, 129 MB goal, 0 MB stacks, 0 MB globals, 4 P
gc 1466 @33.063s 4%: 0.039+1.0+0.003 ms clock, 0.15+0/0.97/1.6+0.015 ms cpu, 112->112->102 MB, 118 MB goal, 0 MB stacks, 0 MB globals, 4 P
gc 1467 @33.084s 4%: 0.50+1.4+0.045 ms clock, 2.0+1.6/1.2/0+0.18 ms cpu, 132->132->122 MB, 104 MB goal, 0 MB stacks, 0 MB globals, 4 P
gc 1468 @33.086s 4%: 0.060+1.1+0.015 ms clock, 0.24+1.4/1.0/0.51+0.063 ms cpu, 122->122->102 MB, 130 MB goal, 0 MB stacks, 0 MB globals, 4 P
gc 1469 @33.091s 4%: 0.10+2.2+0.58 ms clock, 0.42+0.12/2.0/1.9+2.3 ms cpu, 132->132->122 MB, 129 MB goal, 0 MB stacks, 0 MB globals, 4 P
gc 1470 @33.097s 4%: 0.34+2.5+0.042 ms clock, 1.3+1.3/1.9/0+0.16 ms cpu, 142->142->122 MB, 122 MB goal, 0 MB stacks, 0 MB globals, 4 P
gc 1471 @33.100s 4%: 0.030+1.9+0.55 ms clock, 0.12+1.0/1.3/0.56+2.2 ms cpu, 122->132->112 MB, 129 MB goal, 0 MB stacks, 0 MB globals, 4 P
gc 1472 @33.111s 4%: 0.089+2.1+0.032 ms clock, 0.35+0/1.4/2.3+0.13 ms cpu, 132->132->112 MB, 130 MB goal, 0 MB stacks, 0 MB globals, 4 P
gc 1473 @33.115s 4%: 0.038+1.5+0.036 ms clock, 0.15+1.3/1.3/0+0.14 ms cpu, 112->112->102 MB, 118 MB goal, 0 MB stacks, 0 MB globals, 4 P
gc 1474 @33.117s 4%: 0.55+1.7+0.54 ms clock, 2.2+1.9/0.99/0+2.1 ms cpu, 122->122->122 MB, 114 MB goal, 0 MB stacks, 0 MB globals, 4 P
gc 1475 @33.120s 4%: 0.61+1.9+0.017 ms clock, 2.4+1.8/1.4/0+0.069 ms cpu, 122->122->122 MB, 122 MB goal, 0 MB stacks, 0 MB globals, 4 P
gc 1476 @33.123s 4%: 0.058+2.7+0.097 ms clock, 0.23+1.3/1.3/0+0.38 ms cpu, 142->152->132 MB, 122 MB goal, 0 MB stacks, 0 MB globals, 4 P
gc 1477 @33.127s 4%: 0.65+2.9+0.57 ms clock, 2.6+1.2/2.6/0+2.3 ms cpu, 132->142->142 MB, 155 MB goal, 0 MB stacks, 0 MB globals, 4 P
gc 1478 @33.133s 4%: 0.098+2.3+0.048 ms clock, 0.39+0/1.3/2.8+0.19 ms cpu, 152->162->122 MB, 149 MB goal, 0 MB stacks, 0 MB globals, 4 P
gc 1479 @33.145s 4%: 0.066+1.1+0.040 ms clock, 0.26+0/0.99/1.8+0.16 ms cpu, 152->152->102 MB, 155 MB goal, 0 MB stacks, 0 MB globals, 4 P
gc 1480 @33.147s 4%: 0.073+1.2+0.004 ms clock, 0.29+1.4/1.1/0.64+0.016 ms cpu, 112->112->102 MB, 118 MB goal, 0 MB stacks, 0 MB globals, 4 P
gc 1481 @33.149s 4%: 0.64+3.5+0.005 ms clock, 2.5+3.2/1.8/0.66+0.023 ms cpu, 122->122->122 MB, 114 MB goal, 0 MB stacks, 0 MB globals, 4 P
gc 1482 @33.154s 4%: 0.021+0.94+0.002 ms clock, 0.084+0.095/0.78/1.8+0.010 ms cpu, 122->122->102 MB, 122 MB goal, 0 MB stacks, 0 MB globals, 4 P
gc 1483 @33.839s 4%: 0.11+2.1+0.10 ms clock, 0.44+0.25/1.7/3.4+0.42 ms cpu, 122->132->112 MB, 104 MB goal, 0 MB stacks, 0 MB globals, 4 P
gc 1484 @33.842s 4%: 0.35+2.9+0.040 ms clock, 1.4+0.31/2.3/2.1+0.16 ms cpu, 112->112->112 MB, 118 MB goal, 0 MB stacks, 0 MB globals, 4 P
gc 1485 @33.868s 4%: 0.68+1.4+0.004 ms clock, 2.7+2.0/1.3/0.021+0.018 ms cpu, 132->132->122 MB, 112 MB goal, 0 MB stacks, 0 MB globals, 4 P
gc 1486 @33.870s 4%: 0.024+1.3+0.004 ms clock, 0.098+1.0/1.1/0.99+0.017 ms cpu, 122->122->102 MB, 122 MB goal, 0 MB stacks, 0 MB globals, 4 P
gc 1487 @33.872s 4%: 0.12+2.9+0.009 ms clock, 0.50+1.1/1.4/0+0.037 ms cpu, 122->122->122 MB, 114 MB goal, 0 MB stacks, 0 MB globals, 4 P
gc 1488 @33.876s 4%: 0.60+1.4+0.051 ms clock, 2.4+1.0/1.2/0+0.20 ms cpu, 132->132->112 MB, 122 MB goal, 0 MB stacks, 0 MB globals, 4 P
gc 1489 @33.881s 4%: 0.15+3.0+0.005 ms clock, 0.60+1.4/0.89/0+0.023 ms cpu, 132->132->112 MB, 112 MB goal, 0 MB stacks, 0 MB globals, 4 P
gc 1490 @33.884s 4%: 0.055+1.3+0.003 ms clock, 0.22+0.70/1.0/1.5+0.015 ms cpu, 112->112->102 MB, 118 MB goal, 0 MB stacks, 0 MB globals, 4 P
gc 1491 @33.889s 4%: 0.30+1.7+0.045 ms clock, 1.2+1.4/1.5/0.40+0.18 ms cpu, 122->122->122 MB, 114 MB goal, 0 MB stacks, 0 MB globals, 4 P
gc 1492 @33.892s 4%: 0.18+2.0+0.029 ms clock, 0.72+0.69/0.96/1.1+0.11 ms cpu, 122->132->112 MB, 122 MB goal, 0 MB stacks, 0 MB globals, 4 P
gc 1493 @33.896s 4%: 0.090+1.1+0.002 ms clock, 0.36+0/1.1/2.4+0.011 ms cpu, 122->122->102 MB, 114 MB goal, 0 MB stacks, 0 MB globals, 4 P
gc 1494 @33.905s 4%: 0.041+0.95+0.007 ms clock, 0.16+2.2/0.92/0.074+0.030 ms cpu, 102->102->102 MB, 105 MB goal, 0 MB stacks, 0 MB globals, 4 P
gc 1495 @33.907s 4%: 0.20+2.6+0.36 ms clock, 0.83+1.7/1.6/0+1.4 ms cpu, 102->132->132 MB, 102 MB goal, 0 MB stacks, 0 MB globals, 4 P
gc 1496 @33.910s 4%: 0.65+2.3+0.003 ms clock, 2.6+1.3/2.2/0.30+0.012 ms cpu, 132->132->122 MB, 143 MB goal, 0 MB stacks, 0 MB globals, 4 P
gc 1497 @33.915s 4%: 0.12+1.5+0.026 ms clock, 0.49+0/1.1/2.0+0.10 ms cpu, 142->142->112 MB, 143 MB goal, 0 MB stacks, 0 MB globals, 4 P
gc 1498 @33.925s 4%: 0.56+1.9+0.028 ms clock, 2.2+1.5/1.1/0+0.11 ms cpu, 152->152->112 MB, 134 MB goal, 0 MB stacks, 0 MB globals, 4 P
gc 1499 @33.931s 4%: 0.61+3.4+0.005 ms clock, 2.4+0.26/2.3/1.9+0.021 ms cpu, 162->162->122 MB, 168 MB goal, 0 MB stacks, 0 MB globals, 4 P
gc 1500 @33.945s 4%: 0.12+1.4+0.047 ms clock, 0.50+0.20/1.3/1.4+0.19 ms cpu, 172->172->112 MB, 164 MB goal, 0 MB stacks, 0 MB globals, 4 P
gc 1501 @33.948s 4%: 0.40+1.2+0.004 ms clock, 1.6+1.0/1.0/1.3+0.016 ms cpu, 112->112->102 MB, 118 MB goal, 0 MB stacks, 0 MB globals, 4 P
gc 1502 @33.953s 4%: 0.18+2.5+0.041 ms clock, 0.75+0.23/2.3/3.4+0.16 ms cpu, 122->122->112 MB, 114 MB goal, 0 MB stacks, 0 MB globals, 4 P
gc 1503 @33.964s 4%: 0.16+2.7+0.005 ms clock, 0.64+0.91/0.95/0.88+0.022 ms cpu, 122->122->112 MB, 114 MB goal, 0 MB stacks, 0 MB globals, 4 P
gc 1504 @33.967s 4%: 0.12+2.0+0.089 ms clock, 0.49+0.088/1.4/2.6+0.35 ms cpu, 122->132->122 MB, 112 MB goal, 0 MB stacks, 0 MB globals, 4 P
gc 1505 @33.970s 4%: 0.60+2.1+0.067 ms clock, 2.4+1.2/1.4/0+0.27 ms cpu, 132->142->142 MB, 143 MB goal, 0 MB stacks, 0 MB globals, 4 P
gc 1506 @33.977s 4%: 0.12+1.5+0.053 ms clock, 0.48+1.6/1.1/0+0.21 ms cpu, 162->162->122 MB, 142 MB goal, 0 MB stacks, 0 MB globals, 4 P
gc 1507 @33.980s 4%: 0.11+3.1+0.005 ms clock, 0.46+1.3/3.0/0.11+0.022 ms cpu, 142->142->132 MB, 143 MB goal, 0 MB stacks, 0 MB globals, 4 P
gc 1508 @33.987s 4%: 0.046+1.7+0.033 ms clock, 0.18+0.17/0.99/1.8+0.13 ms cpu, 142->152->112 MB, 134 MB goal, 0 MB stacks, 0 MB globals, 4 P
gc 1509 @33.993s 4%: 0.12+1.4+0.056 ms clock, 0.50+1.5/1.2/0.90+0.22 ms cpu, 142->142->112 MB, 143 MB goal, 0 MB stacks, 0 MB globals, 4 P
gc 1510 @33.998s 4%: 0.49+3.3+0.006 ms clock, 1.9+1.1/3.1/0+0.024 ms cpu, 162->162->122 MB, 149 MB goal, 0 MB stacks, 0 MB globals, 4 P
gc 1511 @34.004s 4%: 0.37+1.5+0.004 ms clock, 1.4+0/1.4/1.6+0.016 ms cpu, 152->152->122 MB, 155 MB goal, 0 MB stacks, 0 MB globals, 4 P
gc 1512 @34.028s 4%: 0.055+1.4+0.003 ms clock, 0.22+0.68/1.0/2.2+0.012 ms cpu, 162->162->102 MB, 149 MB goal, 0 MB stacks, 0 MB globals, 4 P
gc 1513 @34.031s 4%: 0.044+1.1+0.002 ms clock, 0.17+0.31/1.1/2.4+0.011 ms cpu, 112->112->102 MB, 118 MB goal, 0 MB stacks, 0 MB globals, 4 P
gc 1514 @34.034s 4%: 0.033+0.94+0.003 ms clock, 0.13+0.81/0.77/0.71+0.013 ms cpu, 102->102->102 MB, 105 MB goal, 0 MB stacks, 0 MB globals, 4 P
gc 1515 @34.036s 4%: 0.12+2.6+0.069 ms clock, 0.48+0.13/1.5/1.8+0.27 ms cpu, 112->132->132 MB, 104 MB goal, 0 MB stacks, 0 MB globals, 4 P
gc 1516 @34.040s 4%: 0.69+1.5+0.003 ms clock, 2.7+1.2/1.4/0.59+0.015 ms cpu, 132->132->122 MB, 132 MB goal, 0 MB stacks, 0 MB globals, 4 P
gc 1517 @34.043s 4%: 0.27+2.2+0.064 ms clock, 1.1+1.4/2.0/0+0.25 ms cpu, 122->142->122 MB, 122 MB goal, 0 MB stacks, 0 MB globals, 4 P
gc 1518 @34.046s 4%: 0.35+1.9+0.004 ms clock, 1.4+1.5/1.7/0.087+0.016 ms cpu, 122->122->112 MB, 122 MB goal, 0 MB stacks, 0 MB globals, 4 P
gc 1519 @34.050s 4%: 0.62+1.7+0.025 ms clock, 2.4+1.5/1.1/0.67+0.10 ms cpu, 132->132->112 MB, 112 MB goal, 0 MB stacks, 0 MB globals, 4 P
gc 1520 @34.052s 4%: 0.039+2.0+0.030 ms clock, 0.15+1.1/1.1/0.69+0.12 ms cpu, 112->122->112 MB, 114 MB goal, 0 MB stacks, 0 MB globals, 4 P
gc 1521 @34.061s 4%: 0.41+2.9+0.006 ms clock, 1.6+0.81/1.3/1.4+0.025 ms cpu, 132->132->112 MB, 112 MB goal, 0 MB stacks, 0 MB globals, 4 P
gc 1522 @34.065s 4%: 0.079+1.2+0.005 ms clock, 0.31+2.5/0.99/0+0.021 ms cpu, 112->112->102 MB, 118 MB goal, 0 MB stacks, 0 MB globals, 4 P
gc 1523 @34.067s 4%: 0.70+2.5+0.016 ms clock, 2.8+1.4/2.3/0+0.067 ms cpu, 122->132->132 MB, 105 MB goal, 0 MB stacks, 0 MB globals, 4 P
gc 1524 @34.070s 4%: 0.49+1.8+0.024 ms clock, 1.9+0.17/1.4/1.3+0.099 ms cpu, 132->132->112 MB, 132 MB goal, 0 MB stacks, 0 MB globals, 4 P
gc 1525 @34.073s 4%: 0.022+0.91+0.003 ms clock, 0.091+0.24/0.89/1.9+0.013 ms cpu, 112->112->102 MB, 118 MB goal, 0 MB stacks, 0 MB globals, 4 P
gc 1526 @34.088s 4%: 0.10+0.90+0.004 ms clock, 0.41+2.0/0.81/0+0.018 ms cpu, 102->102->102 MB, 105 MB goal, 0 MB stacks, 0 MB globals, 4 P
gc 1527 @34.090s 4%: 0.25+2.5+0.67 ms clock, 1.0+1.6/1.6/0+2.7 ms cpu, 132->132->132 MB, 102 MB goal, 0 MB stacks, 0 MB globals, 4 P
gc 1528 @34.094s 4%: 0.53+2.0+0.57 ms clock, 2.1+1.7/1.4/0+2.2 ms cpu, 132->152->132 MB, 134 MB goal, 0 MB stacks, 0 MB globals, 4 P
gc 1529 @34.099s 4%: 0.63+1.3+0.004 ms clock, 2.5+2.1/1.3/0.079+0.019 ms cpu, 142->142->102 MB, 143 MB goal, 0 MB stacks, 0 MB globals, 4 P
gc 1530 @34.109s 4%: 0.078+0.92+0.004 ms clock, 0.31+0.21/0.72/1.8+0.019 ms cpu, 132->132->102 MB, 143 MB goal, 0 MB stacks, 0 MB globals, 4 P
gc 1531 @34.128s 4%: 0.096+0.98+0.005 ms clock, 0.38+0.14/0.94/2.4+0.023 ms cpu, 132->132->102 MB, 143 MB goal, 0 MB stacks, 0 MB globals, 4 P
gc 1532 @34.130s 4%: 0.071+1.1+0.005 ms clock, 0.28+1.9/1.0/0.84+0.022 ms cpu, 102->102->102 MB, 105 MB goal, 0 MB stacks, 0 MB globals, 4 P
gc 1533 @34.132s 4%: 0.24+2.4+0.049 ms clock, 0.98+2.5/1.5/0+0.19 ms cpu, 112->122->122 MB, 102 MB goal, 0 MB stacks, 0 MB globals, 4 P
gc 1534 @34.135s 4%: 0.62+5.7+0.011 ms clock, 2.4+1.5/1.3/0+0.046 ms cpu, 122->132->122 MB, 122 MB goal, 0 MB stacks, 0 MB globals, 4 P
gc 1535 @34.141s 4%: 0.21+3.1+0.74 ms clock, 0.86+2.5/1.9/0+2.9 ms cpu, 122->142->122 MB, 122 MB goal, 0 MB stacks, 0 MB globals, 4 P
gc 1536 @34.146s 4%: 0.10+2.5+0.041 ms clock, 0.42+1.9/1.2/0+0.16 ms cpu, 122->142->122 MB, 155 MB goal, 0 MB stacks, 0 MB globals, 4 P
gc 1537 @34.152s 4%: 0.52+3.1+0.036 ms clock, 2.1+2.0/1.9/0+0.14 ms cpu, 152->162->122 MB, 149 MB goal, 0 MB stacks, 0 MB globals, 4 P
gc 1538 @34.822s 4%: 0.059+1.5+0.006 ms clock, 0.23+0.17/1.3/3.1+0.025 ms cpu, 152->152->102 MB, 155 MB goal, 0 MB stacks, 0 MB globals, 4 P
gc 1539 @34.840s 4%: 0.15+1.2+0.004 ms clock, 0.61+1.0/1.1/2.0+0.018 ms cpu, 102->102->102 MB, 105 MB goal, 0 MB stacks, 0 MB globals, 4 P
gc 1540 @34.843s 4%: 0.034+1.9+0.64 ms clock, 0.13+0.073/1.8/2.3+2.5 ms cpu, 112->112->112 MB, 102 MB goal, 0 MB stacks, 0 MB globals, 4 P
gc 1541 @34.847s 4%: 0.054+2.3+0.004 ms clock, 0.21+0.74/2.2/1.3+0.016 ms cpu, 112->112->102 MB, 112 MB goal, 0 MB stacks, 0 MB globals, 4 P
gc 1542 @34.850s 4%: 0.20+1.6+0.058 ms clock, 0.82+0.11/1.3/2.1+0.23 ms cpu, 102->112->112 MB, 118 MB goal, 0 MB stacks, 0 MB globals, 4 P
gc 1543 @34.876s 4%: 0.14+1.3+0.006 ms clock, 0.59+2.6/1.2/0.028+0.026 ms cpu, 132->132->112 MB, 112 MB goal, 0 MB stacks, 0 MB globals, 4 P
gc 1544 @34.878s 4%: 0.050+1.2+0.003 ms clock, 0.20+1.2/1.0/0.55+0.014 ms cpu, 112->112->102 MB, 118 MB goal, 0 MB stacks, 0 MB globals, 4 P
gc 1545 @34.886s 4%: 0.13+1.0+0.004 ms clock, 0.53+2.0/0.92/0+0.018 ms cpu, 122->122->102 MB, 114 MB goal, 0 MB stacks, 0 MB globals, 4 P
gc 1546 @34.887s 4%: 0.12+2.5+0.35 ms clock, 0.48+1.4/1.4/0+1.4 ms cpu, 122->132->132 MB, 105 MB goal, 0 MB stacks, 0 MB globals, 4 P
gc 1547 @34.891s 4%: 0.63+1.6+0.003 ms clock, 2.5+1.5/1.5/0.90+0.014 ms cpu, 132->132->112 MB, 132 MB goal, 0 MB stacks, 0 MB globals, 4 P
gc 1548 @34.895s 4%: 0.42+1.7+0.026 ms clock, 1.7+0.97/1.1/1.0+0.10 ms cpu, 132->132->112 MB, 112 MB goal, 0 MB stacks, 0 MB globals, 4 P
gc 1549 @34.897s 4%: 0.057+1.2+0.003 ms clock, 0.23+1.7/1.1/0.30+0.015 ms cpu, 112->112->102 MB, 118 MB goal, 0 MB stacks, 0 MB globals, 4 P
gc 1550 @34.902s 4%: 0.10+0.86+0.003 ms clock, 0.42+1.0/0.74/0.73+0.015 ms cpu, 122->122->102 MB, 114 MB goal, 0 MB stacks, 0 MB globals, 4 P
gc 1551 @34.913s 4%: 0.044+1.1+0.005 ms clock, 0.17+1.5/0.90/1.0+0.021 ms cpu, 102->102->102 MB, 105 MB goal, 0 MB stacks, 0 MB globals, 4 P
gc 1552 @34.914s 4%: 0.19+2.3+0.31 ms clock, 0.76+1.6/1.6/0+1.2 ms cpu, 102->132->132 MB, 102 MB goal, 0 MB stacks, 0 MB globals, 4 P
gc 1553 @34.917s 4%: 0.56+2.7+0.025 ms clock, 2.2+0.86/1.9/0.020+0.10 ms cpu, 132->132->122 MB, 132 MB goal, 0 MB stacks, 0 MB globals, 4 P
gc 1554 @34.921s 4%: 0.14+1.2+0.53 ms clock, 0.59+1.7/1.0/0+2.1 ms cpu, 122->142->122 MB, 122 MB goal, 0 MB stacks, 0 MB globals, 4 P
gc 1555 @34.923s 4%: 0.20+3.1+0.67 ms clock, 0.80+1.8/1.8/0+2.7 ms cpu, 122->142->142 MB, 155 MB goal, 0 MB stacks, 0 MB globals, 4 P
gc 1556 @34.930s 4%: 0.098+2.7+0.005 ms clock, 0.39+0.97/1.5/1.5+0.022 ms cpu, 152->152->112 MB, 155 MB goal, 0 MB stacks, 0 MB globals, 4 P
gc 1557 @34.935s 4%: 0.13+1.5+0.003 ms clock, 0.55+2.2/1.4/0.32+0.015 ms cpu, 152->152->102 MB, 155 MB goal, 0 MB stacks, 0 MB globals, 4 P
gc 1558 @34.938s 4%: 0.091+1.1+0.004 ms clock, 0.36+1.8/1.0/0.90+0.017 ms cpu, 122->122->102 MB, 130 MB goal, 0 MB stacks, 0 MB globals, 4 P
gc 1559 @34.941s 4%: 0.048+0.79+0.003 ms clock, 0.19+0.24/0.74/1.5+0.014 ms cpu, 112->112->102 MB, 118 MB goal, 0 MB stacks, 0 MB globals, 4 P
gc 1560 @34.943s 4%: 0.025+0.90+0.003 ms clock, 0.10+1.4/0.77/0.71+0.014 ms cpu, 102->102->102 MB, 105 MB goal, 0 MB stacks, 0 MB globals, 4 P
gc 1561 @34.945s 4%: 0.47+2.3+0.081 ms clock, 1.9+1.9/1.7/0.052+0.32 ms cpu, 112->122->122 MB, 102 MB goal, 0 MB stacks, 0 MB globals, 4 P
gc 1562 @34.948s 4%: 0.52+2.8+0.029 ms clock, 2.0+3.0/1.9/0.11+0.11 ms cpu, 122->132->122 MB, 129 MB goal, 0 MB stacks, 0 MB globals, 4 P
gc 1563 @34.954s 4%: 0.43+1.8+0.027 ms clock, 1.7+0.55/0.98/1.7+0.10 ms cpu, 132->142->112 MB, 122 MB goal, 0 MB stacks, 0 MB globals, 4 P
gc 1564 @34.970s 4%: 0.077+1.0+0.004 ms clock, 0.30+0.16/0.96/1.6+0.019 ms cpu, 132->132->102 MB, 129 MB goal, 0 MB stacks, 0 MB globals, 4 P
gc 1565 @34.973s 4%: 0.037+1.1+0.004 ms clock, 0.15+0.80/0.92/1.8+0.019 ms cpu, 102->102->102 MB, 105 MB goal, 0 MB stacks, 0 MB globals, 4 P
gc 1566 @34.975s 4%: 0.13+3.0+0.054 ms clock, 0.52+1.5/2.4/0+0.21 ms cpu, 122->122->122 MB, 102 MB goal, 0 MB stacks, 0 MB globals, 4 P
gc 1567 @34.978s 4%: 0.40+1.5+0.005 ms clock, 1.6+1.6/1.2/0.002+0.020 ms cpu, 122->122->112 MB, 122 MB goal, 0 MB stacks, 0 MB globals, 4 P
gc 1568 @34.981s 4%: 0.63+2.0+0.50 ms clock, 2.5+2.8/1.7/0.21+2.0 ms cpu, 132->132->112 MB, 112 MB goal, 0 MB stacks, 0 MB globals, 4 P
gc 1569 @34.985s 4%: 0.59+1.1+0.041 ms clock, 2.3+2.0/0.98/0+0.16 ms cpu, 112->112->102 MB, 112 MB goal, 0 MB stacks, 0 MB globals, 4 P
gc 1570 @34.987s 4%: 0.17+2.1+0.069 ms clock, 0.70+1.6/1.5/0+0.27 ms cpu, 102->132->132 MB, 102 MB goal, 0 MB stacks, 0 MB globals, 4 P
gc 1571 @34.989s 4%: 0.48+2.3+0.22 ms clock, 1.9+1.1/1.1/0+0.91 ms cpu, 132->142->142 MB, 132 MB goal, 0 MB stacks, 0 MB globals, 4 P
gc 1572 @34.993s 4%: 0.13+3.5+0.016 ms clock, 0.55+3.8/1.3/0+0.065 ms cpu, 142->152->122 MB, 142 MB goal, 0 MB stacks, 0 MB globals, 4 P
gc 1573 @34.997s 4%: 0.49+3.2+0.005 ms clock, 1.9+1.5/0.81/0+0.021 ms cpu, 122->142->132 MB, 122 MB goal, 0 MB stacks, 0 MB globals, 4 P
gc 1574 @35.001s 4%: 0.12+1.7+0.042 ms clock, 0.49+1.8/0.90/0+0.17 ms cpu, 132->142->112 MB, 132 MB goal, 0 MB stacks, 0 MB globals, 4 P
gc 1575 @35.003s 4%: 0.75+2.5+0.054 ms clock, 3.0+0.93/2.3/0+0.21 ms cpu, 112->132->132 MB, 112 MB goal, 0 MB stacks, 0 MB globals, 4 P
gc 1576 @35.007s 4%: 0.47+2.6+0.50 ms clock, 1.9+1.7/1.2/0.053+2.0 ms cpu, 132->142->122 MB, 143 MB goal, 0 MB stacks, 0 MB globals, 4 P
gc 1577 @35.012s 4%: 0.22+1.6+0.63 ms clock, 0.89+1.4/1.0/0+2.5 ms cpu, 152->162->132 MB, 124 MB goal, 0 MB stacks, 0 MB globals, 4 P
gc 1578 @35.022s 4%: 0.10+2.0+0.025 ms clock, 0.40+3.0/1.7/0.018+0.10 ms cpu, 132->132->112 MB, 143 MB goal, 0 MB stacks, 0 MB globals, 4 P
gc 1579 @35.029s 4%: 0.25+1.5+0.25 ms clock, 1.0+1.7/0.97/0+1.0 ms cpu, 152->162->132 MB, 124 MB goal, 0 MB stacks, 0 MB globals, 4 P
gc 1580 @35.031s 4%: 0.80+1.6+0.003 ms clock, 3.2+1.2/1.5/0+0.012 ms cpu, 132->132->112 MB, 143 MB goal, 0 MB stacks, 0 MB globals, 4 P
gc 1581 @35.043s 4%: 0.52+1.7+0.050 ms clock, 2.1+1.8/1.0/0+0.20 ms cpu, 142->142->112 MB, 143 MB goal, 0 MB stacks, 0 MB globals, 4 P
gc 1582 @35.048s 4%: 0.12+1.1+0.057 ms clock, 0.48+0.93/0.95/0.98+0.23 ms cpu, 142->142->112 MB, 143 MB goal, 0 MB stacks, 0 MB globals, 4 P
gc 1583 @35.050s 4%: 0.093+1.3+0.004 ms clock, 0.37+0.28/1.2/1.9+0.016 ms cpu, 122->122->112 MB, 130 MB goal, 0 MB stacks, 0 MB globals, 4 P
gc 1584 @35.057s 4%: 0.49+0.96+0.003 ms clock, 1.9+0.78/0.87/1.3+0.015 ms cpu, 132->132->112 MB, 112 MB goal, 0 MB stacks, 0 MB globals, 4 P
gc 1585 @35.059s 4%: 0.036+1.1+0.002 ms clock, 0.14+1.1/1.0/0.63+0.011 ms cpu, 112->112->102 MB, 118 MB goal, 0 MB stacks, 0 MB globals, 4 P
gc 1586 @35.064s 4%: 0.090+1.4+0.053 ms clock, 0.36+0.12/1.3/1.9+0.21 ms cpu, 122->122->112 MB, 114 MB goal, 0 MB stacks, 0 MB globals, 4 P
gc 1587 @35.066s 4%: 0.12+3.3+0.027 ms clock, 0.49+0.057/2.2/1.7+0.10 ms cpu, 122->122->122 MB, 130 MB goal, 0 MB stacks, 0 MB globals, 4 P
gc 1588 @35.073s 4%: 0.11+3.8+0.005 ms clock, 0.45+1.0/1.0/0.70+0.021 ms cpu, 132->132->112 MB, 129 MB goal, 0 MB stacks, 0 MB globals, 4 P
gc 1589 @35.077s 4%: 0.13+2.5+0.024 ms clock, 0.55+0.11/1.6/1.2+0.096 ms cpu, 132->132->122 MB, 143 MB goal, 0 MB stacks, 0 MB globals, 4 P
gc 1590 @35.097s 4%: 0.13+1.7+0.64 ms clock, 0.55+0.13/1.2/2.2+2.5 ms cpu, 142->152->122 MB, 134 MB goal, 0 MB stacks, 0 MB globals, 4 P
gc 1591 @35.101s 4%: 0.36+1.7+0.025 ms clock, 1.4+1.7/1.1/0.019+0.10 ms cpu, 122->122->112 MB, 130 MB goal, 0 MB stacks, 0 MB globals, 4 P
gc 1592 @35.104s 4%: 0.51+3.7+0.33 ms clock, 2.0+2.4/2.8/0+1.3 ms cpu, 132->142->132 MB, 120 MB goal, 0 MB stacks, 0 MB globals, 4 P
gc 1593 @35.109s 4%: 0.55+1.8+0.033 ms clock, 2.2+1.6/1.1/0.050+0.13 ms cpu, 132->142->112 MB, 132 MB goal, 0 MB stacks, 0 MB globals, 4 P
gc 1594 @35.114s 4%: 0.34+1.3+0.003 ms clock, 1.3+0.65/1.2/1.0+0.014 ms cpu, 132->132->102 MB, 129 MB goal, 0 MB stacks, 0 MB globals, 4 P
gc 1595 @35.117s 4%: 0.10+1.7+0.022 ms clock, 0.41+0.82/1.0/0.75+0.090 ms cpu, 112->122->112 MB, 114 MB goal, 0 MB stacks, 0 MB globals, 4 P
gc 1596 @35.132s 4%: 0.067+1.0+0.003 ms clock, 0.27+0/0.94/2.6+0.015 ms cpu, 122->122->102 MB, 114 MB goal, 0 MB stacks, 0 MB globals, 4 P
gc 1597 @35.145s 4%: 0.069+0.97+0.003 ms clock, 0.27+0.71/0.90/1.8+0.013 ms cpu, 122->122->102 MB, 114 MB goal, 0 MB stacks, 0 MB globals, 4 P
gc 1598 @35.148s 4%: 0.27+1.3+0.004 ms clock, 1.1+0.10/1.1/1.9+0.017 ms cpu, 122->122->112 MB, 114 MB goal, 0 MB stacks, 0 MB globals, 4 P
gc 1599 @35.151s 4%: 0.13+2.4+0.40 ms clock, 0.55+1.4/1.5/0+1.6 ms cpu, 122->132->122 MB, 112 MB goal, 0 MB stacks, 0 MB globals, 4 P
gc 1600 @35.155s 4%: 0.091+2.1+0.030 ms clock, 0.36+2.0/1.1/0+0.12 ms cpu, 122->132->112 MB, 129 MB goal, 0 MB stacks, 0 MB globals, 4 P
gc 1601 @35.159s 4%: 0.28+1.6+0.026 ms clock, 1.1+1.7/1.0/0+0.10 ms cpu, 132->142->132 MB, 119 MB goal, 0 MB stacks, 0 MB globals, 4 P
gc 1602 @35.161s 4%: 0.53+2.0+0.024 ms clock, 2.1+2.3/1.4/0+0.098 ms cpu, 132->132->112 MB, 132 MB goal, 0 MB stacks, 0 MB globals, 4 P
gc 1603 @35.165s 4%: 0.66+3.9+0.029 ms clock, 2.6+0.49/3.1/0.001+0.11 ms cpu, 132->142->132 MB, 119 MB goal, 0 MB stacks, 0 MB globals, 4 P
gc 1604 @35.170s 4%: 0.60+0.96+0.002 ms clock, 2.4+0.45/0.92/1.4+0.010 ms cpu, 132->132->102 MB, 132 MB goal, 0 MB stacks, 0 MB globals, 4 P
gc 1605 @35.824s 4%: 0.065+1.4+0.004 ms clock, 0.26+1.1/1.2/2.0+0.019 ms cpu, 102->102->102 MB, 105 MB goal, 0 MB stacks, 0 MB globals, 4 P
gc 1606 @35.826s 4%: 0.74+1.9+0.16 ms clock, 2.9+0.077/1.2/2.4+0.65 ms cpu, 112->112->112 MB, 118 MB goal, 0 MB stacks, 0 MB globals, 4 P
gc 1607 @35.852s 4%: 0.081+1.1+0.005 ms clock, 0.32+0.12/0.87/2.5+0.021 ms cpu, 122->122->102 MB, 114 MB goal, 0 MB stacks, 0 MB globals, 4 P
gc 1608 @35.882s 4%: 0.63+1.5+0.006 ms clock, 2.5+1.3/1.2/1.0+0.027 ms cpu, 132->132->102 MB, 104 MB goal, 0 MB stacks, 0 MB globals, 4 P
gc 1609 @35.889s 4%: 0.086+6.2+0.008 ms clock, 0.34+0.017/1.4/7.3+0.034 ms cpu, 122->132->112 MB, 104 MB goal, 0 MB stacks, 0 MB globals, 4 P
gc 1610 @35.896s 4%: 0.13+1.1+0.003 ms clock, 0.53+2.0/0.87/0+0.013 ms cpu, 112->112->102 MB, 118 MB goal, 0 MB stacks, 0 MB globals, 4 P
gc 1611 @35.901s 4%: 0.60+1.0+0.004 ms clock, 2.4+2.0/0.70/0.040+0.019 ms cpu, 132->132->112 MB, 104 MB goal, 0 MB stacks, 0 MB globals, 4 P
gc 1612 @35.903s 4%: 0.031+1.3+0.002 ms clock, 0.12+1.7/1.1/0.42+0.011 ms cpu, 112->112->102 MB, 118 MB goal, 0 MB stacks, 0 MB globals, 4 P
gc 1613 @35.908s 4%: 0.098+1.1+0.003 ms clock, 0.39+1.3/1.0/0.19+0.014 ms cpu, 132->132->112 MB, 104 MB goal, 0 MB stacks, 0 MB globals, 4 P
gc 1614 @35.909s 4%: 0.033+0.85+0.002 ms clock, 0.13+0.53/0.74/1.2+0.011 ms cpu, 112->112->102 MB, 118 MB goal, 0 MB stacks, 0 MB globals, 4 P
gc 1615 @35.921s 4%: 0.33+1.4+0.049 ms clock, 1.3+1.2/1.2/0+0.19 ms cpu, 122->122->122 MB, 114 MB goal, 0 MB stacks, 0 MB globals, 4 P
gc 1616 @35.923s 4%: 0.70+2.0+0.031 ms clock, 2.8+0.99/1.0/0.36+0.12 ms cpu, 122->132->112 MB, 129 MB goal, 0 MB stacks, 0 MB globals, 4 P
gc 1617 @35.929s 4%: 0.076+5.5+0.027 ms clock, 0.30+0.16/1.0/5.8+0.10 ms cpu, 132->152->122 MB, 112 MB goal, 0 MB stacks, 0 MB globals, 4 P
gc 1618 @35.935s 4%: 0.030+5.0+0.005 ms clock, 0.12+1.6/1.2/0.016+0.021 ms cpu, 122->132->112 MB, 129 MB goal, 0 MB stacks, 0 MB globals, 4 P
gc 1619 @35.944s 4%: 0.81+0.78+0.60 ms clock, 3.2+1.7/0.63/0+2.4 ms cpu, 142->152->122 MB, 112 MB goal, 0 MB stacks, 0 MB globals, 4 P
gc 1620 @35.946s 4%: 0.51+2.1+0.086 ms clock, 2.0+1.7/1.2/0+0.34 ms cpu, 122->132->122 MB, 129 MB goal, 0 MB stacks, 0 MB globals, 4 P
gc 1621 @35.950s 4%: 0.49+1.6+0.023 ms clock, 1.9+1.4/0.84/0+0.093 ms cpu, 142->142->112 MB, 122 MB goal, 0 MB stacks, 0 MB globals, 4 P
gc 1622 @35.954s 4%: 0.22+1.4+0.072 ms clock, 0.91+0.12/1.3/1.0+0.29 ms cpu, 132->142->132 MB, 119 MB goal, 0 MB stacks, 0 MB globals, 4 P
gc 1623 @35.956s 4%: 0.36+1.7+0.036 ms clock, 1.4+1.3/1.1/0.74+0.14 ms cpu, 132->132->112 MB, 132 MB goal, 0 MB stacks, 0 MB globals, 4 P
gc 1624 @35.960s 4%: 0.12+2.0+0.024 ms clock, 0.48+1.8/1.7/0+0.099 ms cpu, 132->132->112 MB, 129 MB goal, 0 MB stacks, 0 MB globals, 4 P
gc 1625 @35.974s 4%: 0.054+0.88+0.003 ms clock, 0.21+0/0.81/1.9+0.015 ms cpu, 132->132->102 MB, 129 MB goal, 0 MB stacks, 0 MB globals, 4 P
gc 1626 @35.980s 4%: 0.034+0.95+0.004 ms clock, 0.13+1.5/0.84/0.70+0.019 ms cpu, 102->102->102 MB, 105 MB goal, 0 MB stacks, 0 MB globals, 4 P
gc 1627 @35.981s 4%: 0.13+2.6+0.048 ms clock, 0.53+1.3/1.3/0+0.19 ms cpu, 112->122->122 MB, 102 MB goal, 0 MB stacks, 0 MB globals, 4 P
gc 1628 @35.985s 4%: 0.53+2.2+0.026 ms clock, 2.1+0.82/1.0/0.74+0.10 ms cpu, 122->132->122 MB, 129 MB goal, 0 MB stacks, 0 MB globals, 4 P
gc 1629 @35.990s 4%: 0.46+1.1+0.011 ms clock, 1.8+0/0.90/2.1+0.044 ms cpu, 132->132->112 MB, 129 MB goal, 0 MB stacks, 0 MB globals, 4 P
gc 1630 @35.992s 4%: 0.019+1.0+0.002 ms clock, 0.078+0.90/0.89/0.86+0.011 ms cpu, 112->112->102 MB, 118 MB goal, 0 MB stacks, 0 MB globals, 4 P
gc 1631 @35.997s 4%: 0.54+1.3+0.003 ms clock, 2.1+1.7/1.0/0.21+0.014 ms cpu, 122->122->112 MB, 114 MB goal, 0 MB stacks, 0 MB globals, 4 P
gc 1632 @36.000s 4%: 0.26+1.6+0.057 ms clock, 1.0+1.8/0.99/0.084+0.23 ms cpu, 132->132->122 MB, 112 MB goal, 0 MB stacks, 0 MB globals, 4 P
gc 1633 @36.002s 4%: 0.44+1.1+0.056 ms clock, 1.7+1.6/0.94/0+0.22 ms cpu, 122->122->122 MB, 122 MB goal, 0 MB stacks, 0 MB globals, 4 P
gc 1634 @36.004s 4%: 0.51+5.1+0.003 ms clock, 2.0+5.0/2.3/0+0.015 ms cpu, 122->142->122 MB, 122 MB goal, 0 MB stacks, 0 MB globals, 4 P
gc 1635 @36.010s 4%: 0.052+1.0+0.003 ms clock, 0.20+2.3/0.95/0+0.013 ms cpu, 122->122->102 MB, 122 MB goal, 0 MB stacks, 0 MB globals, 4 P
gc 1636 @36.013s 4%: 0.64+2.6+0.003 ms clock, 2.5+1.9/2.5/0+0.014 ms cpu, 132->132->112 MB, 104 MB goal, 0 MB stacks, 0 MB globals, 4 P
gc 1637 @36.016s 4%: 0.067+1.2+0.004 ms clock, 0.27+1.6/0.99/0+0.016 ms cpu, 112->112->102 MB, 118 MB goal, 0 MB stacks, 0 MB globals, 4 P
gc 1638 @36.019s 4%: 0.18+2.4+0.029 ms clock, 0.75+1.3/1.7/0+0.11 ms cpu, 132->132->122 MB, 104 MB goal, 0 MB stacks, 0 MB globals, 4 P
gc 1639 @36.022s 4%: 0.12+1.5+0.55 ms clock, 0.48+0.71/1.1/1.5+2.2 ms cpu, 122->132->112 MB, 129 MB goal, 0 MB stacks, 0 MB globals, 4 P
gc 1640 @36.031s 4%: 0.10+1.4+0.004 ms clock, 0.40+1.4/1.3/0+0.017 ms cpu, 132->132->112 MB, 129 MB goal, 0 MB stacks, 0 MB globals, 4 P
gc 1641 @36.035s 4%: 0.46+1.6+0.13 ms clock, 1.8+1.9/0.99/0+0.52 ms cpu, 152->152->132 MB, 112 MB goal, 0 MB stacks, 0 MB globals, 4 P
gc 1642 @36.037s 4%: 0.59+2.3+0.024 ms clock, 2.3+1.3/1.1/0.006+0.096 ms cpu, 132->142->122 MB, 132 MB goal, 0 MB stacks, 0 MB globals, 4 P
gc 1643 @36.041s 4%: 0.56+3.3+0.051 ms clock, 2.2+2.7/2.8/0+0.20 ms cpu, 142->142->132 MB, 122 MB goal, 0 MB stacks, 0 MB globals, 4 P
gc 1644 @36.045s 4%: 0.067+1.1+0.003 ms clock, 0.27+0.84/1.0/1.5+0.014 ms cpu, 132->132->102 MB, 143 MB goal, 0 MB stacks, 0 MB globals, 4 P
gc 1645 @36.049s 4%: 0.10+2.0+0.032 ms clock, 0.42+0.12/1.6/1.5+0.12 ms cpu, 132->132->122 MB, 143 MB goal, 0 MB stacks, 0 MB globals, 4 P
gc 1646 @36.052s 4%: 0.073+1.4+0.037 ms clock, 0.29+0.13/1.2/2.2+0.15 ms cpu, 142->142->112 MB, 143 MB goal, 0 MB stacks, 0 MB globals, 4 P
gc 1647 @36.066s 4%: 0.057+0.96+0.004 ms clock, 0.23+0.13/0.91/2.1+0.016 ms cpu, 142->142->102 MB, 143 MB goal, 0 MB stacks, 0 MB globals, 4 P
gc 1648 @36.069s 4%: 0.042+1.0+0.002 ms clock, 0.17+0.94/0.96/1.7+0.011 ms cpu, 102->102->102 MB, 105 MB goal, 0 MB stacks, 0 MB globals, 4 P
gc 1649 @36.070s 4%: 0.11+2.2+0.11 ms clock, 0.44+0.78/1.0/0.94+0.44 ms cpu, 112->122->122 MB, 114 MB goal, 0 MB stacks, 0 MB globals, 4 P
gc 1650 @36.074s 4%: 0.47+1.4+0.002 ms clock, 1.9+0.17/1.2/2.5+0.011 ms cpu, 122->122->112 MB, 122 MB goal, 0 MB stacks, 0 MB globals, 4 P
gc 1651 @36.079s 4%: 0.19+0.96+0.004 ms clock, 0.79+1.0/0.86/1.1+0.017 ms cpu, 122->122->102 MB, 114 MB goal, 0 MB stacks, 0 MB globals, 4 P
gc 1652 @36.081s 4%: 0.11+1.9+0.031 ms clock, 0.45+0.16/1.4/0.89+0.12 ms cpu, 122->122->122 MB, 130 MB goal, 0 MB stacks, 0 MB globals, 4 P
gc 1653 @36.102s 4%: 0.073+0.86+0.005 ms clock, 0.29+0.10/0.80/2.1+0.022 ms cpu, 132->132->102 MB, 129 MB goal, 0 MB stacks, 0 MB globals, 4 P
gc 1654 @36.107s 4%: 0.044+0.79+0.004 ms clock, 0.17+0/0.74/1.8+0.016 ms cpu, 122->122->102 MB, 130 MB goal, 0 MB stacks, 0 MB globals, 4 P
gc 1655 @36.111s 4%: 0.071+0.98+0.002 ms clock, 0.28+2.2/0.94/0.090+0.011 ms cpu, 102->102->102 MB, 105 MB goal, 0 MB stacks, 0 MB globals, 4 P
gc 1656 @36.112s 4%: 0.13+2.3+0.19 ms clock, 0.54+1.2/1.2/0+0.79 ms cpu, 122->132->132 MB, 102 MB goal, 0 MB stacks, 0 MB globals, 4 P
gc 1657 @36.115s 4%: 0.54+3.3+0.049 ms clock, 2.1+1.9/2.1/0+0.19 ms cpu, 132->152->142 MB, 134 MB goal, 0 MB stacks, 0 MB globals, 4 P
gc 1658 @36.119s 4%: 0.52+2.7+0.002 ms clock, 2.0+0.90/2.6/0.045+0.011 ms cpu, 142->152->122 MB, 142 MB goal, 0 MB stacks, 0 MB globals, 4 P
gc 1659 @36.124s 4%: 0.46+1.5+0.023 ms clock, 1.8+0.12/1.0/1.6+0.094 ms cpu, 142->142->112 MB, 143 MB goal, 0 MB stacks, 0 MB globals, 4 P
gc 1660 @36.148s 4%: 0.086+1.1+0.007 ms clock, 0.34+0.14/1.1/2.8+0.028 ms cpu, 142->142->102 MB, 143 MB goal, 0 MB stacks, 0 MB globals, 4 P
gc 1661 @36.150s 4%: 0.12+1.1+0.004 ms clock, 0.49+1.8/0.99/0.81+0.017 ms cpu, 102->102->102 MB, 105 MB goal, 0 MB stacks, 0 MB globals, 4 P
gc 1662 @36.152s 4%: 0.53+3.7+0.064 ms clock, 2.1+1.7/3.4/0+0.25 ms cpu, 122->122->122 MB, 102 MB goal, 0 MB stacks, 0 MB globals, 4 P
gc 1663 @36.157s 4%: 0.047+1.2+0.004 ms clock, 0.18+1.7/1.1/0.31+0.018 ms cpu, 122->122->102 MB, 130 MB goal, 0 MB stacks, 0 MB globals, 4 P
gc 1664 @36.160s 4%: 0.22+2.5+0.031 ms clock, 0.90+1.4/1.7/0.17+0.12 ms cpu, 122->132->122 MB, 129 MB goal, 0 MB stacks, 0 MB globals, 4 P
gc 1665 @36.164s 4%: 0.10+1.6+0.051 ms clock, 0.42+1.4/1.4/0+0.20 ms cpu, 142->142->132 MB, 122 MB goal, 0 MB stacks, 0 MB globals, 4 P
gc 1666 @36.166s 4%: 0.55+3.4+0.005 ms clock, 2.2+2.1/2.2/0+0.021 ms cpu, 132->132->122 MB, 132 MB goal, 0 MB stacks, 0 MB globals, 4 P
gc 1667 @36.171s 4%: 0.073+1.4+0.029 ms clock, 0.29+2.2/1.1/0+0.11 ms cpu, 132->132->112 MB, 129 MB goal, 0 MB stacks, 0 MB globals, 4 P
gc 1668 @36.174s 4%: 0.59+1.5+0.26 ms clock, 2.3+1.9/0.97/0+1.0 ms cpu, 142->142->132 MB, 120 MB goal, 0 MB stacks, 0 MB globals, 4 P
gc 1669 @36.177s 4%: 0.54+2.2+0.003 ms clock, 2.1+0/1.7/1.2+0.014 ms cpu, 132->132->122 MB, 132 MB goal, 0 MB stacks, 0 MB globals, 4 P
gc 1670 @36.834s 4%: 0.058+1.0+0.003 ms clock, 0.23+0.27/0.96/1.8+0.013 ms cpu, 132->132->102 MB, 129 MB goal, 0 MB stacks, 0 MB globals, 4 P
gc 1671 @36.853s 4%: 0.059+1.3+0.004 ms clock, 0.23+1.0/1.2/2.3+0.016 ms cpu, 102->102->102 MB, 105 MB goal, 0 MB stacks, 0 MB globals, 4 P
gc 1672 @36.855s 4%: 0.18+3.6+0.063 ms clock, 0.73+0.17/1.7/2.3+0.25 ms cpu, 112->122->122 MB, 114 MB goal, 0 MB stacks, 0 MB globals, 4 P
gc 1673 @36.860s 4%: 0.73+1.8+0.029 ms clock, 2.9+0.17/1.3/2.4+0.11 ms cpu, 122->122->112 MB, 122 MB goal, 0 MB stacks, 0 MB globals, 4 P
gc 1674 @36.886s 4%: 0.38+1.9+0.004 ms clock, 1.5+1.3/1.5/1.7+0.017 ms cpu, 122->122->112 MB, 114 MB goal, 0 MB stacks, 0 MB globals, 4 P
gc 1675 @36.889s 4%: 0.17+2.7+0.050 ms clock, 0.68+2.0/1.9/0+0.20 ms cpu, 122->132->122 MB, 112 MB goal, 0 MB stacks, 0 MB globals, 4 P
gc 1676 @36.892s 4%: 0.57+1.9+0.60 ms clock, 2.2+1.6/1.6/0.55+2.4 ms cpu, 122->132->122 MB, 129 MB goal, 0 MB stacks, 0 MB globals, 4 P
gc 1677 @36.897s 4%: 0.52+1.0+0.003 ms clock, 2.0+0/0.87/2.1+0.013 ms cpu, 132->132->102 MB, 129 MB goal, 0 MB stacks, 0 MB globals, 4 P
gc 1678 @36.904s 4%: 0.10+1.0+0.003 ms clock, 0.40+2.0/0.74/0.074+0.012 ms cpu, 102->102->102 MB, 105 MB goal, 0 MB stacks, 0 MB globals, 4 P
gc 1679 @36.905s 4%: 0.49+2.7+0.35 ms clock, 1.9+1.4/1.4/0+1.4 ms cpu, 132->132->132 MB, 102 MB goal, 0 MB stacks, 0 MB globals, 4 P
gc 1680 @36.909s 4%: 0.72+1.8+0.66 ms clock, 2.9+1.4/0.97/0+2.6 ms cpu, 132->152->122 MB, 134 MB goal, 0 MB stacks, 0 MB globals, 4 P
gc 1681 @36.926s 4%: 0.11+1.0+0.044 ms clock, 0.45+0.93/0.94/0.83+0.17 ms cpu, 142->142->112 MB, 143 MB goal, 0 MB stacks, 0 MB globals, 4 P
gc 1682 @36.932s 4%: 0.074+1.1+0.003 ms clock, 0.29+0/1.0/2.0+0.013 ms cpu, 142->142->112 MB, 143 MB goal, 0 MB stacks, 0 MB globals, 4 P
gc 1683 @36.935s 4%: 0.059+1.2+0.003 ms clock, 0.23+0.87/1.1/1.7+0.013 ms cpu, 112->112->102 MB, 118 MB goal, 0 MB stacks, 0 MB globals, 4 P
gc 1684 @36.938s 4%: 0.14+2.5+0.52 ms clock, 0.56+1.5/1.5/0+2.1 ms cpu, 122->132->132 MB, 104 MB goal, 0 MB stacks, 0 MB globals, 4 P
gc 1685 @36.941s 4%: 0.55+1.7+0.028 ms clock, 2.2+1.3/1.3/0+0.11 ms cpu, 132->132->122 MB, 132 MB goal, 0 MB stacks, 0 MB globals, 4 P
gc 1686 @36.944s 4%: 0.31+1.8+0.056 ms clock, 1.2+0.19/1.5/2.0+0.22 ms cpu, 122->132->112 MB, 122 MB goal, 0 MB stacks, 0 MB globals, 4 P
gc 1687 @36.947s 4%: 0.044+1.6+0.004 ms clock, 0.17+1.4/1.4/0+0.017 ms cpu, 112->112->102 MB, 118 MB goal, 0 MB stacks, 0 MB globals, 4 P
gc 1688 @36.949s 4%: 0.15+3.2+0.048 ms clock, 0.62+1.4/1.4/0+0.19 ms cpu, 132->132->132 MB, 104 MB goal, 0 MB stacks, 0 MB globals, 4 P
gc 1689 @36.953s 4%: 0.52+3.3+0.32 ms clock, 2.1+3.1/2.5/0+1.2 ms cpu, 132->142->132 MB, 132 MB goal, 0 MB stacks, 0 MB globals, 4 P
gc 1690 @36.957s 4%: 0.44+3.9+0.48 ms clock, 1.7+1.3/1.3/0+1.9 ms cpu, 142->152->142 MB, 132 MB goal, 0 MB stacks, 0 MB globals, 4 P
gc 1691 @36.962s 4%: 0.071+1.9+0.072 ms clock, 0.28+2.2/1.4/0+0.28 ms cpu, 142->152->112 MB, 142 MB goal, 0 MB stacks, 0 MB globals, 4 P
gc 1692 @36.968s 4%: 0.64+1.5+0.042 ms clock, 2.5+1.7/1.2/0+0.17 ms cpu, 142->142->122 MB, 112 MB goal, 0 MB stacks, 0 MB globals, 4 P
gc 1693 @36.970s 4%: 0.51+1.8+0.029 ms clock, 2.0+2.3/1.2/0+0.11 ms cpu, 122->132->122 MB, 122 MB goal, 0 MB stacks, 0 MB globals, 4 P
gc 1694 @36.973s 4%: 0.64+3.5+0.091 ms clock, 2.5+1.9/2.8/0+0.36 ms cpu, 122->142->122 MB, 122 MB goal, 0 MB stacks, 0 MB globals, 4 P
gc 1695 @36.978s 4%: 0.58+2.0+0.032 ms clock, 2.3+1.5/1.3/0.76+0.13 ms cpu, 122->132->112 MB, 122 MB goal, 0 MB stacks, 0 MB globals, 4 P
gc 1696 @36.984s 4%: 0.058+1.2+0.002 ms clock, 0.23+0.51/1.1/2.8+0.011 ms cpu, 112->112->102 MB, 118 MB goal, 0 MB stacks, 0 MB globals, 4 P
gc 1697 @36.986s 4%: 0.031+0.83+0.003 ms clock, 0.12+0.76/0.72/1.3+0.013 ms cpu, 102->102->102 MB, 105 MB goal, 0 MB stacks, 0 MB globals, 4 P
gc 1698 @36.988s 4%: 0.23+3.7+0.005 ms clock, 0.94+1.4/1.4/0+0.020 ms cpu, 122->122->122 MB, 102 MB goal, 0 MB stacks, 0 MB globals, 4 P
gc 1699 @36.993s 4%: 0.11+1.2+0.006 ms clock, 0.46+1.5/0.81/0+0.024 ms cpu, 122->122->102 MB, 122 MB goal, 0 MB stacks, 0 MB globals, 4 P
gc 1700 @36.994s 4%: 0.24+1.4+0.057 ms clock, 0.96+1.3/1.3/0+0.23 ms cpu, 102->122->122 MB, 102 MB goal, 0 MB stacks, 0 MB globals, 4 P
gc 1701 @36.996s 4%: 0.44+3.3+0.53 ms clock, 1.7+0.12/1.2/3.2+2.1 ms cpu, 122->142->132 MB, 122 MB goal, 0 MB stacks, 0 MB globals, 4 P
gc 1702 @37.001s 4%: 0.61+1.9+0.004 ms clock, 2.4+0.17/1.6/1.4+0.019 ms cpu, 132->132->122 MB, 132 MB goal, 0 MB stacks, 0 MB globals, 4 P
gc 1703 @37.010s 4%: 0.068+0.89+0.003 ms clock, 0.27+0.13/0.84/2.1+0.012 ms cpu, 132->132->102 MB, 129 MB goal, 0 MB stacks, 0 MB globals, 4 P
gc 1704 @37.011s 4%: 0.052+0.99+0.003 ms clock, 0.21+2.2/0.88/0+0.012 ms cpu, 102->102->102 MB, 105 MB goal, 0 MB stacks, 0 MB globals, 4 P
gc 1705 @37.013s 4%: 0.17+2.1+0.064 ms clock, 0.71+1.5/1.5/0+0.25 ms cpu, 112->132->132 MB, 102 MB goal, 0 MB stacks, 0 MB globals, 4 P
gc 1706 @37.015s 4%: 0.39+3.1+0.60 ms clock, 1.5+1.0/1.2/0+2.4 ms cpu, 132->142->142 MB, 132 MB goal, 0 MB stacks, 0 MB globals, 4 P
gc 1707 @37.020s 4%: 0.66+4.0+0.045 ms clock, 2.6+2.0/2.6/0.001+0.18 ms cpu, 152->162->132 MB, 168 MB goal, 0 MB stacks, 0 MB globals, 4 P
gc 1708 @37.025s 4%: 0.14+6.9+0.003 ms clock, 0.56+5.3/3.1/0+0.014 ms cpu, 162->172->132 MB, 165 MB goal, 0 MB stacks, 0 MB globals, 4 P
gc 1709 @37.039s 4%: 0.13+1.8+0.003 ms clock, 0.54+1.6/1.7/0.71+0.014 ms cpu, 172->172->122 MB, 165 MB goal, 0 MB stacks, 0 MB globals, 4 P
gc 1710 @37.046s 4%: 0.11+1.2+0.072 ms clock, 0.45+1.0/1.1/0.48+0.29 ms cpu, 162->162->112 MB, 168 MB goal, 0 MB stacks, 0 MB globals, 4 P
gc 1711 @37.065s 4%: 0.13+1.7+0.024 ms clock, 0.52+1.1/1.3/1.7+0.099 ms cpu, 192->192->112 MB, 169 MB goal, 0 MB stacks, 0 MB globals, 4 P
gc 1712 @37.067s 4%: 0.047+1.2+0.002 ms clock, 0.18+0.71/1.0/2.2+0.010 ms cpu, 112->112->102 MB, 118 MB goal, 0 MB stacks, 0 MB globals, 4 P
gc 1713 @37.077s 4%: 0.56+1.8+0.029 ms clock, 2.2+0.90/1.0/1.1+0.11 ms cpu, 122->122->112 MB, 114 MB goal, 0 MB stacks, 0 MB globals, 4 P
gc 1714 @37.080s 4%: 0.10+1.6+0.056 ms clock, 0.42+1.1/1.3/0.19+0.22 ms cpu, 122->122->112 MB, 114 MB goal, 0 MB stacks, 0 MB globals, 4 P
gc 1715 @37.082s 4%: 0.10+2.3+0.004 ms clock, 0.43+2.3/1.6/1.1+0.017 ms cpu, 122->122->112 MB, 114 MB goal, 0 MB stacks, 0 MB globals, 4 P
gc 1716 @37.085s 4%: 0.12+2.0+0.052 ms clock, 0.48+1.4/1.4/0+0.20 ms cpu, 132->132->122 MB, 112 MB goal, 0 MB stacks, 0 MB globals, 4 P
gc 1717 @37.088s 4%: 0.47+1.8+0.003 ms clock, 1.8+0.30/1.4/1.3+0.015 ms cpu, 122->122->112 MB, 130 MB goal, 0 MB stacks, 0 MB globals, 4 P
gc 1718 @37.107s 4%: 0.71+1.7+0.024 ms clock, 2.8+1.4/1.4/0.88+0.099 ms cpu, 132->132->112 MB, 129 MB goal, 0 MB stacks, 0 MB globals, 4 P
gc 1719 @37.119s 4%: 0.089+1.2+0.049 ms clock, 0.35+2.0/0.99/0+0.19 ms cpu, 132->132->112 MB, 129 MB goal, 0 MB stacks, 0 MB globals, 4 P
gc 1720 @37.121s 4%: 0.15+2.6+0.028 ms clock, 0.60+1.2/1.7/0.52+0.11 ms cpu, 132->142->132 MB, 119 MB goal, 0 MB stacks, 0 MB globals, 4 P
gc 1721 @37.124s 4%: 0.91+1.7+0.065 ms clock, 3.6+1.4/1.5/0+0.26 ms cpu, 132->142->122 MB, 132 MB goal, 0 MB stacks, 0 MB globals, 4 P
gc 1722 @37.127s 5%: 0.69+2.1+0.068 ms clock, 2.7+2.3/0.87/0+0.27 ms cpu, 122->142->122 MB, 122 MB goal, 0 MB stacks, 0 MB globals, 4 P
gc 1723 @37.130s 5%: 0.58+2.0+0.051 ms clock, 2.3+1.3/1.5/0.50+0.20 ms cpu, 122->132->122 MB, 129 MB goal, 0 MB stacks, 0 MB globals, 4 P
gc 1724 @37.138s 5%: 0.059+0.89+0.003 ms clock, 0.23+0.18/0.84/1.9+0.012 ms cpu, 132->132->102 MB, 129 MB goal, 0 MB stacks, 0 MB globals, 4 P
gc 1725 @37.146s 5%: 0.11+0.93+0.003 ms clock, 0.46+0.79/0.83/1.4+0.015 ms cpu, 102->102->102 MB, 105 MB goal, 0 MB stacks, 0 MB globals, 4 P
gc 1726 @37.147s 5%: 0.11+2.4+0.046 ms clock, 0.46+0.10/1.4/1.6+0.18 ms cpu, 112->112->112 MB, 118 MB goal, 0 MB stacks, 0 MB globals, 4 P
gc 1727 @37.151s 5%: 0.52+2.0+0.035 ms clock, 2.1+0.16/1.3/1.2+0.14 ms cpu, 122->122->112 MB, 114 MB goal, 0 MB stacks, 0 MB globals, 4 P
gc 1728 @37.159s 5%: 0.084+1.5+0.002 ms clock, 0.33+1.1/1.3/1.3+0.011 ms cpu, 122->122->112 MB, 114 MB goal, 0 MB stacks, 0 MB globals, 4 P
gc 1729 @37.161s 5%: 0.066+2.2+0.049 ms clock, 0.26+1.1/1.5/0.63+0.19 ms cpu, 122->132->122 MB, 129 MB goal, 0 MB stacks, 0 MB globals, 4 P
gc 1730 @37.168s 5%: 0.084+0.87+0.002 ms clock, 0.33+0.65/0.81/1.1+0.010 ms cpu, 132->132->102 MB, 129 MB goal, 0 MB stacks, 0 MB globals, 4 P
gc 1731 @37.171s 5%: 0.093+1.1+0.003 ms clock, 0.37+1.1/1.0/0.61+0.012 ms cpu, 122->122->112 MB, 114 MB goal, 0 MB stacks, 0 MB globals, 4 P
gc 1732 @37.173s 5%: 0.11+1.7+0.029 ms clock, 0.47+0.042/1.1/1.8+0.11 ms cpu, 122->122->112 MB, 114 MB goal, 0 MB stacks, 0 MB globals, 4 P
gc 1733 @37.179s 5%: 0.11+1.3+0.052 ms clock, 0.45+1.3/1.2/0.91+0.21 ms cpu, 122->122->112 MB, 114 MB goal, 0 MB stacks, 0 MB globals, 4 P
gc 1734 @37.181s 5%: 0.14+1.7+0.21 ms clock, 0.56+1.3/0.85/0+0.84 ms cpu, 132->132->122 MB, 112 MB goal, 0 MB stacks, 0 MB globals, 4 P
gc 1735 @37.183s 5%: 0.61+2.8+0.027 ms clock, 2.4+1.0/1.4/0.71+0.10 ms cpu, 122->132->122 MB, 129 MB goal, 0 MB stacks, 0 MB globals, 4 P
gc 1736 @37.838s 4%: 0.099+1.2+0.003 ms clock, 0.39+0.15/1.1/1.8+0.015 ms cpu, 132->132->102 MB, 129 MB goal, 0 MB stacks, 0 MB globals, 4 P
gc 1737 @37.862s 4%: 0.076+1.2+0.004 ms clock, 0.30+0.98/1.0/1.7+0.016 ms cpu, 102->102->102 MB, 105 MB goal, 0 MB stacks, 0 MB globals, 4 P
gc 1738 @37.864s 4%: 0.67+2.0+0.026 ms clock, 2.6+1.7/1.8/0.44+0.10 ms cpu, 112->112->112 MB, 118 MB goal, 0 MB stacks, 0 MB globals, 4 P
gc 1739 @37.869s 4%: 0.12+2.4+0.035 ms clock, 0.51+0.16/1.9/3.0+0.14 ms cpu, 122->122->112 MB, 114 MB goal, 0 MB stacks, 0 MB globals, 4 P
gc 1740 @37.892s 4%: 0.065+0.96+0.003 ms clock, 0.26+0.15/0.77/2.1+0.014 ms cpu, 122->122->102 MB, 114 MB goal, 0 MB stacks, 0 MB globals, 4 P
gc 1741 @37.895s 4%: 0.051+0.98+0.003 ms clock, 0.20+1.5/0.84/0.73+0.013 ms cpu, 102->102->102 MB, 105 MB goal, 0 MB stacks, 0 MB globals, 4 P
gc 1742 @37.896s 4%: 0.13+2.7+0.79 ms clock, 0.53+1.9/1.8/0+3.1 ms cpu, 122->122->122 MB, 102 MB goal, 0 MB stacks, 0 MB globals, 4 P
gc 1743 @37.900s 4%: 0.60+1.7+0.026 ms clock, 2.4+1.1/1.1/0.13+0.10 ms cpu, 122->132->112 MB, 122 MB goal, 0 MB stacks, 0 MB globals, 4 P
gc 1744 @37.911s 4%: 0.056+1.1+0.003 ms clock, 0.22+2.0/1.0/0.15+0.014 ms cpu, 122->122->102 MB, 112 MB goal, 0 MB stacks, 0 MB globals, 4 P
gc 1745 @37.912s 4%: 0.31+1.4+0.071 ms clock, 1.2+1.2/1.2/0+0.28 ms cpu, 102->132->132 MB, 102 MB goal, 0 MB stacks, 0 MB globals, 4 P
gc 1746 @37.915s 4%: 0.49+1.8+0.004 ms clock, 1.9+1.3/1.5/0.20+0.016 ms cpu, 132->132->112 MB, 132 MB goal, 0 MB stacks, 0 MB globals, 4 P
gc 1747 @37.919s 4%: 0.39+1.7+0.025 ms clock, 1.5+1.5/1.6/0.12+0.10 ms cpu, 142->142->122 MB, 112 MB goal, 0 MB stacks, 0 MB globals, 4 P
gc 1748 @37.922s 4%: 0.029+1.0+0.003 ms clock, 0.11+0.19/0.93/1.8+0.012 ms cpu, 122->122->102 MB, 130 MB goal, 0 MB stacks, 0 MB globals, 4 P
gc 1749 @37.932s 4%: 0.44+2.1+0.030 ms clock, 1.7+1.5/1.4/0.031+0.12 ms cpu, 122->132->122 MB, 129 MB goal, 0 MB stacks, 0 MB globals, 4 P
gc 1750 @37.936s 4%: 0.10+2.7+0.027 ms clock, 0.42+0.048/2.0/1.7+0.11 ms cpu, 132->132->122 MB, 143 MB goal, 0 MB stacks, 0 MB globals, 4 P
gc 1751 @37.945s 4%: 0.29+1.7+0.048 ms clock, 1.1+0.91/1.2/0.97+0.19 ms cpu, 142->142->112 MB, 143 MB goal, 0 MB stacks, 0 MB globals, 4 P
gc 1752 @37.957s 4%: 0.12+1.1+0.061 ms clock, 0.48+0.99/1.0/1.0+0.24 ms cpu, 142->142->112 MB, 143 MB goal, 0 MB stacks, 0 MB globals, 4 P
gc 1753 @37.964s 4%: 0.14+2.3+0.49 ms clock, 0.58+1.6/1.5/0+1.9 ms cpu, 142->142->122 MB, 119 MB goal, 0 MB stacks, 0 MB globals, 4 P
gc 1754 @37.968s 4%: 0.077+1.6+0.005 ms clock, 0.30+1.7/1.4/0+0.020 ms cpu, 122->122->102 MB, 130 MB goal, 0 MB stacks, 0 MB globals, 4 P
gc 1755 @37.970s 4%: 0.44+3.0+0.29 ms clock, 1.7+1.0/1.2/0+1.1 ms cpu, 122->142->142 MB, 119 MB goal, 0 MB stacks, 0 MB globals, 4 P
gc 1756 @37.974s 4%: 0.34+5.7+0.005 ms clock, 1.3+1.6/1.7/0+0.023 ms cpu, 142->152->152 MB, 142 MB goal, 0 MB stacks, 0 MB globals, 4 P
gc 1757 @37.981s 4%: 0.66+1.5+0.036 ms clock, 2.6+2.2/1.2/0+0.14 ms cpu, 162->162->112 MB, 152 MB goal, 0 MB stacks, 0 MB globals, 4 P
gc 1758 @37.984s 4%: 0.92+2.4+0.060 ms clock, 3.7+1.4/1.7/0+0.24 ms cpu, 122->142->132 MB, 180 MB goal, 0 MB stacks, 0 MB globals, 4 P
gc 1759 @37.999s 4%: 0.64+1.8+0.030 ms clock, 2.5+1.3/1.5/0.73+0.12 ms cpu, 172->172->112 MB, 180 MB goal, 0 MB stacks, 0 MB globals, 4 P
gc 1760 @38.021s 4%: 0.15+0.97+0.004 ms clock, 0.63+0.15/0.91/2.1+0.017 ms cpu, 172->172->102 MB, 180 MB goal, 0 MB stacks, 0 MB globals, 4 P
gc 1761 @38.030s 4%: 0.15+1.9+0.054 ms clock, 0.63+0.60/1.8/0.44+0.21 ms cpu, 162->172->132 MB, 180 MB goal, 0 MB stacks, 0 MB globals, 4 P
gc 1762 @38.033s 4%: 0.11+1.5+0.004 ms clock, 0.44+1.0/1.4/1.6+0.017 ms cpu, 132->132->102 MB, 143 MB goal, 0 MB stacks, 0 MB globals, 4 P
gc 1763 @38.037s 4%: 0.12+2.8+0.030 ms clock, 0.51+1.4/1.4/1.8+0.12 ms cpu, 112->132->132 MB, 104 MB goal, 0 MB stacks, 0 MB globals, 4 P
gc 1764 @38.040s 4%: 0.48+6.1+0.076 ms clock, 1.9+1.1/1.8/0.55+0.30 ms cpu, 132->142->132 MB, 132 MB goal, 0 MB stacks, 0 MB globals, 4 P
gc 1765 @38.047s 4%: 0.080+1.4+0.072 ms clock, 0.32+1.8/1.0/0+0.29 ms cpu, 142->142->112 MB, 132 MB goal, 0 MB stacks, 0 MB globals, 4 P
gc 1766 @38.049s 4%: 0.21+1.3+0.063 ms clock, 0.87+1.9/1.1/0+0.25 ms cpu, 112->132->122 MB, 112 MB goal, 0 MB stacks, 0 MB globals, 4 P
gc 1767 @38.051s 4%: 0.11+1.0+0.060 ms clock, 0.47+1.5/0.87/0+0.24 ms cpu, 122->122->122 MB, 122 MB goal, 0 MB stacks, 0 MB globals, 4 P
gc 1768 @38.054s 4%: 0.19+2.3+0.031 ms clock, 0.79+1.9/1.5/0+0.12 ms cpu, 132->142->142 MB, 122 MB goal, 0 MB stacks, 0 MB globals, 4 P
gc 1769 @38.057s 4%: 0.50+1.0+0.026 ms clock, 2.0+1.8/0.98/0+0.10 ms cpu, 142->142->112 MB, 142 MB goal, 0 MB stacks, 0 MB globals, 4 P
gc 1770 @38.058s 4%: 0.10+1.4+0.075 ms clock, 0.40+1.5/1.2/0+0.30 ms cpu, 132->132->122 MB, 112 MB goal, 0 MB stacks, 0 MB globals, 4 P
gc 1771 @38.060s 4%: 0.082+0.99+0.005 ms clock, 0.33+1.8/0.83/0+0.023 ms cpu, 122->122->102 MB, 122 MB goal, 0 MB stacks, 0 MB globals, 4 P
gc 1772 @38.062s 5%: 0.48+3.1+0.007 ms clock, 1.9+1.2/2.3/0+0.029 ms cpu, 132->132->122 MB, 105 MB goal, 0 MB stacks, 0 MB globals, 4 P
gc 1773 @38.066s 5%: 0.034+5.8+0.013 ms clock, 0.13+1.3/1.0/0.31+0.052 ms cpu, 122->152->132 MB, 155 MB goal, 0 MB stacks, 0 MB globals, 4 P
gc 1774 @38.083s 5%: 0.072+1.2+0.038 ms clock, 0.29+0/1.0/2.8+0.15 ms cpu, 152->152->102 MB, 155 MB goal, 0 MB stacks, 0 MB globals, 4 P
gc 1775 @38.092s 5%: 0.12+1.1+0.006 ms clock, 0.49+0/1.0/2.4+0.024 ms cpu, 142->142->102 MB, 155 MB goal, 0 MB stacks, 0 MB globals, 4 P
gc 1776 @38.110s 5%: 0.065+1.0+0.014 ms clock, 0.26+0.90/0.99/1.6+0.059 ms cpu, 102->102->102 MB, 105 MB goal, 0 MB stacks, 0 MB globals, 4 P
gc 1777 @38.111s 5%: 0.10+2.5+0.70 ms clock, 0.43+0.82/1.3/1.5+2.8 ms cpu, 112->112->112 MB, 118 MB goal, 0 MB stacks, 0 MB globals, 4 P
gc 1778 @38.116s 5%: 0.67+2.2+0.42 ms clock, 2.6+1.5/1.5/0+1.6 ms cpu, 132->132->122 MB, 112 MB goal, 0 MB stacks, 0 MB globals, 4 P
gc 1779 @38.120s 5%: 0.10+1.6+0.083 ms clock, 0.40+1.1/1.3/0.92+0.33 ms cpu, 122->122->102 MB, 122 MB goal, 0 MB stacks, 0 MB globals, 4 P
gc 1780 @38.126s 5%: 0.20+2.1+0.024 ms clock, 0.83+1.3/1.5/0+0.099 ms cpu, 122->132->112 MB, 104 MB goal, 0 MB stacks, 0 MB globals, 4 P
gc 1781 @38.129s 5%: 0.52+2.1+0.026 ms clock, 2.0+1.1/1.1/0.68+0.10 ms cpu, 112->122->122 MB, 114 MB goal, 0 MB stacks, 0 MB globals, 4 P
gc 1782 @38.132s 5%: 0.36+1.3+0.71 ms clock, 1.4+1.7/1.2/0.021+2.8 ms cpu, 122->122->112 MB, 122 MB goal, 0 MB stacks, 0 MB globals, 4 P
gc 1783 @38.135s 5%: 0.15+2.0+0.10 ms clock, 0.62+1.6/1.3/0+0.40 ms cpu, 132->142->132 MB, 112 MB goal, 0 MB stacks, 0 MB globals, 4 P
gc 1784 @38.137s 5%: 0.59+4.3+0.029 ms clock, 2.3+0.73/3.5/0.17+0.11 ms cpu, 132->142->142 MB, 143 MB goal, 0 MB stacks, 0 MB globals, 4 P
gc 1785 @38.145s 5%: 0.67+1.2+0.004 ms clock, 2.7+0/1.2/2.1+0.016 ms cpu, 152->152->112 MB, 142 MB goal, 0 MB stacks, 0 MB globals, 4 P
gc 1786 @38.165s 5%: 0.060+1.0+0.004 ms clock, 0.24+0.96/0.98/0.64+0.019 ms cpu, 142->142->102 MB, 143 MB goal, 0 MB stacks, 0 MB globals, 4 P
gc 1787 @38.168s 5%: 0.074+0.95+0.003 ms clock, 0.29+0.84/0.91/1.0+0.012 ms cpu, 112->112->102 MB, 118 MB goal, 0 MB stacks, 0 MB globals, 4 P
gc 1788 @38.170s 5%: 0.20+1.7+0.043 ms clock, 0.81+0.14/1.4/1.2+0.17 ms cpu, 122->122->112 MB, 114 MB goal, 0 MB stacks, 0 MB globals, 4 P
gc 1789 @38.173s 5%: 0.16+4.7+0.095 ms clock, 0.67+1.7/1.8/0+0.38 ms cpu, 112->132->132 MB, 112 MB goal, 0 MB stacks, 0 MB globals, 4 P
gc 1790 @38.178s 5%: 0.12+1.8+0.029 ms clock, 0.50+1.2/1.0/0.84+0.11 ms cpu, 132->142->112 MB, 132 MB goal, 0 MB stacks, 0 MB globals, 4 P
gc 1791 @38.183s 5%: 0.042+1.2+0.004 ms clock, 0.16+0/1.0/2.8+0.016 ms cpu, 112->112->102 MB, 118 MB goal, 0 MB stacks, 0 MB globals, 4 P
gc 1792 @38.187s 5%: 0.080+3.2+0.057 ms clock, 0.32+1.0/1.8/0.94+0.22 ms cpu, 122->132->132 MB, 129 MB goal, 0 MB stacks, 0 MB globals, 4 P
gc 1793 @38.191s 5%: 0.47+2.2+0.036 ms clock, 1.8+1.1/1.1/0.89+0.14 ms cpu, 132->142->122 MB, 132 MB goal, 0 MB stacks, 0 MB globals, 4 P
gc 1794 @38.195s 5%: 0.046+1.7+0.53 ms clock, 0.18+0.16/1.4/1.8+2.1 ms cpu, 122->122->112 MB, 130 MB goal, 0 MB stacks, 0 MB globals, 4 P
gc 1795 @38.873s 4%: 0.57+2.2+0.023 ms clock, 2.3+1.2/0.88/1.1+0.095 ms cpu, 132->142->122 MB, 119 MB goal, 0 MB stacks, 0 MB globals, 4 P
gc 1796 @38.876s 4%: 0.67+2.2+0.057 ms clock, 2.7+0.39/1.9/2.1+0.23 ms cpu, 122->122->112 MB, 130 MB goal, 0 MB stacks, 0 MB globals, 4 P
gc 1797 @38.905s 4%: 0.63+1.2+0.005 ms clock, 2.5+1.2/1.2/1.2+0.023 ms cpu, 142->142->112 MB, 119 MB goal, 0 MB stacks, 0 MB globals, 4 P
gc 1798 @38.912s 4%: 0.061+2.0+0.038 ms clock, 0.24+1.0/1.1/1.1+0.15 ms cpu, 112->122->112 MB, 114 MB goal, 0 MB stacks, 0 MB globals, 4 P
gc 1799 @38.916s 4%: 0.87+6.6+0.006 ms clock, 3.5+2.1/6.5/0+0.027 ms cpu, 122->142->132 MB, 119 MB goal, 0 MB stacks, 0 MB globals, 4 P
gc 1800 @38.924s 4%: 0.084+1.0+0.003 ms clock, 0.33+2.1/0.93/0+0.015 ms cpu, 132->132->102 MB, 132 MB goal, 0 MB stacks, 0 MB globals, 4 P
gc 1801 @38.926s 4%: 0.60+3.9+0.031 ms clock, 2.4+1.0/3.1/0+0.12 ms cpu, 132->142->142 MB, 119 MB goal, 0 MB stacks, 0 MB globals, 4 P
gc 1802 @38.931s 4%: 0.056+1.8+0.004 ms clock, 0.22+1.1/1.7/2.1+0.016 ms cpu, 142->142->112 MB, 142 MB goal, 0 MB stacks, 0 MB globals, 4 P
gc 1803 @38.934s 4%: 0.034+0.94+0.002 ms clock, 0.13+1.4/0.81/0.72+0.011 ms cpu, 112->112->102 MB, 118 MB goal, 0 MB stacks, 0 MB globals, 4 P
gc 1804 @38.936s 4%: 0.58+7.2+0.007 ms clock, 2.3+0.071/1.8/1.6+0.029 ms cpu, 122->132->132 MB, 129 MB goal, 0 MB stacks, 0 MB globals, 4 P
gc 1805 @38.945s 4%: 0.19+1.5+0.025 ms clock, 0.78+0.18/1.1/1.8+0.10 ms cpu, 132->142->112 MB, 132 MB goal, 0 MB stacks, 0 MB globals, 4 P
gc 1806 @38.950s 4%: 0.093+1.3+0.003 ms clock, 0.37+1.2/1.2/0.31+0.013 ms cpu, 132->132->112 MB, 129 MB goal, 0 MB stacks, 0 MB globals, 4 P
gc 1807 @38.954s 4%: 0.60+1.7+0.024 ms clock, 2.4+0.17/1.0/1.7+0.097 ms cpu, 132->132->112 MB, 129 MB goal, 0 MB stacks, 0 MB globals, 4 P
gc 1808 @38.957s 4%: 0.037+0.92+0.004 ms clock, 0.14+0/0.78/2.0+0.018 ms cpu, 112->112->102 MB, 118 MB goal, 0 MB stacks, 0 MB globals, 4 P
gc 1809 @38.961s 4%: 0.043+0.79+0.002 ms clock, 0.17+0.70/0.70/1.2+0.011 ms cpu, 102->102->102 MB, 105 MB goal, 0 MB stacks, 0 MB globals, 4 P
gc 1810 @38.962s 4%: 0.11+1.9+0.040 ms clock, 0.46+1.4/1.4/0+0.16 ms cpu, 122->122->122 MB, 102 MB goal, 0 MB stacks, 0 MB globals, 4 P
gc 1811 @38.964s 4%: 0.48+1.7+0.003 ms clock, 1.9+0.099/1.1/1.6+0.015 ms cpu, 122->122->112 MB, 122 MB goal, 0 MB stacks, 0 MB globals, 4 P
gc 1812 @38.969s 4%: 0.028+1.4+0.026 ms clock, 0.11+0.67/0.69/1.3+0.10 ms cpu, 112->122->112 MB, 112 MB goal, 0 MB stacks, 0 MB globals, 4 P
gc 1813 @38.970s 4%: 0.70+2.2+0.057 ms clock, 2.8+0.060/1.3/0.91+0.22 ms cpu, 112->122->122 MB, 130 MB goal, 0 MB stacks, 0 MB globals, 4 P
gc 1814 @38.979s 4%: 0.44+2.7+0.030 ms clock, 1.7+1.8/1.7/0+0.12 ms cpu, 142->142->122 MB, 122 MB goal, 0 MB stacks, 0 MB globals, 4 P
gc 1815 @38.983s 4%: 0.12+2.4+0.032 ms clock, 0.50+2.0/1.3/0.47+0.12 ms cpu, 122->132->112 MB, 129 MB goal, 0 MB stacks, 0 MB globals, 4 P
gc 1816 @38.987s 4%: 0.43+3.7+0.027 ms clock, 1.7+2.6/3.4/0+0.10 ms cpu, 142->142->122 MB, 119 MB goal, 0 MB stacks, 0 MB globals, 4 P
gc 1817 @38.998s 4%: 0.086+1.4+0.003 ms clock, 0.34+2.5/1.1/0+0.015 ms cpu, 122->122->112 MB, 130 MB goal, 0 MB stacks, 0 MB globals, 4 P
gc 1818 @39.001s 5%: 0.77+3.7+0.41 ms clock, 3.0+2.5/2.3/0+1.6 ms cpu, 152->152->142 MB, 112 MB goal, 0 MB stacks, 0 MB globals, 4 P
gc 1819 @39.006s 5%: 0.53+3.5+0.036 ms clock, 2.1+3.9/2.8/0+0.14 ms cpu, 142->152->122 MB, 142 MB goal, 0 MB stacks, 0 MB globals, 4 P
gc 1820 @39.013s 5%: 0.21+1.7+0.056 ms clock, 0.86+2.2/1.2/0+0.22 ms cpu, 152->162->132 MB, 122 MB goal, 0 MB stacks, 0 MB globals, 4 P
gc 1821 @39.016s 5%: 0.46+3.2+0.036 ms clock, 1.8+1.8/2.3/0+0.14 ms cpu, 132->142->132 MB, 132 MB goal, 0 MB stacks, 0 MB globals, 4 P
gc 1822 @39.020s 5%: 0.71+2.9+0.079 ms clock, 2.8+0.23/2.5/0+0.31 ms cpu, 132->142->122 MB, 132 MB goal, 0 MB stacks, 0 MB globals, 4 P
gc 1823 @39.028s 5%: 0.61+1.6+0.049 ms clock, 2.4+1.8/1.1/0.007+0.19 ms cpu, 142->142->112 MB, 122 MB goal, 0 MB stacks, 0 MB globals, 4 P
gc 1824 @39.032s 5%: 0.52+1.9+0.10 ms clock, 2.1+1.8/1.0/0+0.40 ms cpu, 142->142->132 MB, 119 MB goal, 0 MB stacks, 0 MB globals, 4 P
gc 1825 @39.035s 5%: 0.52+2.3+0.045 ms clock, 2.0+1.5/1.1/0+0.18 ms cpu, 132->152->132 MB, 132 MB goal, 0 MB stacks, 0 MB globals, 4 P
gc 1826 @39.038s 5%: 0.48+1.4+0.60 ms clock, 1.9+1.2/1.2/0+2.4 ms cpu, 132->142->132 MB, 132 MB goal, 0 MB stacks, 0 MB globals, 4 P
gc 1827 @39.041s 5%: 0.51+5.5+0.004 ms clock, 2.0+4.2/3.8/0+0.016 ms cpu, 132->152->132 MB, 132 MB goal, 0 MB stacks, 0 MB globals, 4 P
gc 1828 @39.048s 5%: 0.26+2.6+0.004 ms clock, 1.0+0.82/1.6/0+0.019 ms cpu, 132->142->112 MB, 132 MB goal, 0 MB stacks, 0 MB globals, 4 P
gc 1829 @39.053s 5%: 0.096+0.91+0.003 ms clock, 0.38+0/0.88/1.8+0.013 ms cpu, 132->132->102 MB, 129 MB goal, 0 MB stacks, 0 MB globals, 4 P
gc 1830 @39.056s 5%: 0.032+1.1+0.58 ms clock, 0.12+0.23/0.92/2.3+2.3 ms cpu, 112->132->122 MB, 104 MB goal, 0 MB stacks, 0 MB globals, 4 P
gc 1831 @39.058s 5%: 0.45+3.3+0.026 ms clock, 1.8+1.1/2.4/0.63+0.10 ms cpu, 122->132->132 MB, 122 MB goal, 0 MB stacks, 0 MB globals, 4 P
gc 1832 @39.062s 5%: 0.68+2.4+0.035 ms clock, 2.7+2.1/2.2/0+0.14 ms cpu, 132->142->122 MB, 132 MB goal, 0 MB stacks, 0 MB globals, 4 P
gc 1833 @39.065s 5%: 0.59+2.4+0.037 ms clock, 2.3+1.2/1.6/0+0.14 ms cpu, 122->142->132 MB, 143 MB goal, 0 MB stacks, 0 MB globals, 4 P
gc 1834 @39.069s 5%: 0.16+2.5+0.52 ms clock, 0.67+1.5/1.6/0+2.1 ms cpu, 142->152->132 MB, 134 MB goal, 0 MB stacks, 0 MB globals, 4 P
gc 1835 @39.073s 5%: 0.12+2.0+0.003 ms clock, 0.50+2.5/1.7/0+0.015 ms cpu, 142->142->122 MB, 143 MB goal, 0 MB stacks, 0 MB globals, 4 P
gc 1836 @39.076s 5%: 0.60+1.6+0.062 ms clock, 2.4+1.1/1.1/0+0.24 ms cpu, 152->152->132 MB, 134 MB goal, 0 MB stacks, 0 MB globals, 4 P
gc 1837 @39.079s 5%: 0.35+2.0+0.003 ms clock, 1.4+0.15/1.9/0.19+0.012 ms cpu, 142->142->122 MB, 143 MB goal, 0 MB stacks, 0 MB globals, 4 P
gc 1838 @39.089s 5%: 0.056+0.98+0.003 ms clock, 0.22+0/0.95/2.5+0.012 ms cpu, 142->142->102 MB, 143 MB goal, 0 MB stacks, 0 MB globals, 4 P
gc 1839 @39.091s 5%: 0.055+1.1+0.003 ms clock, 0.22+0.33/1.0/2.1+0.012 ms cpu, 112->112->102 MB, 118 MB goal, 0 MB stacks, 0 MB globals, 4 P
gc 1840 @39.093s 5%: 0.027+0.89+0.003 ms clock, 0.10+1.5/0.82/0.74+0.014 ms cpu, 102->102->102 MB, 105 MB goal, 0 MB stacks, 0 MB globals, 4 P
gc 1841 @39.095s 5%: 0.13+2.5+0.50 ms clock, 0.55+1.4/1.8/0+2.0 ms cpu, 112->122->122 MB, 102 MB goal, 0 MB stacks, 0 MB globals, 4 P
gc 1842 @39.098s 5%: 0.53+1.4+0.002 ms clock, 2.1+0.43/1.1/1.4+0.011 ms cpu, 122->122->102 MB, 130 MB goal, 0 MB stacks, 0 MB globals, 4 P
gc 1843 @39.124s 5%: 0.53+1.6+0.027 ms clock, 2.1+0.19/1.2/1.7+0.10 ms cpu, 132->132->112 MB, 129 MB goal, 0 MB stacks, 0 MB globals, 4 P
gc 1844 @39.127s 5%: 0.15+1.9+0.50 ms clock, 0.60+0.18/1.6/1.2+2.0 ms cpu, 132->132->122 MB, 129 MB goal, 0 MB stacks, 0 MB globals, 4 P
gc 1845 @39.133s 5%: 0.043+1.2+0.003 ms clock, 0.17+0.096/1.0/2.7+0.012 ms cpu, 132->132->102 MB, 129 MB goal, 0 MB stacks, 0 MB globals, 4 P
gc 1846 @39.141s 5%: 0.053+2.1+0.034 ms clock, 0.21+1.5/1.2/2.1+0.13 ms cpu, 102->112->112 MB, 102 MB goal, 0 MB stacks, 0 MB globals, 4 P
gc 1847 @39.146s 5%: 0.83+1.9+0.47 ms clock, 3.3+1.9/1.0/0+1.9 ms cpu, 132->142->132 MB, 112 MB goal, 0 MB stacks, 0 MB globals, 4 P
gc 1848 @39.151s 5%: 0.12+1.8+0.005 ms clock, 0.51+2.7/1.2/0+0.022 ms cpu, 132->132->122 MB, 132 MB goal, 0 MB stacks, 0 MB globals, 4 P
gc 1849 @39.153s 5%: 0.17+2.1+0.064 ms clock, 0.68+2.4/1.0/0+0.25 ms cpu, 122->142->122 MB, 122 MB goal, 0 MB stacks, 0 MB globals, 4 P
gc 1850 @39.155s 5%: 0.57+2.4+0.030 ms clock, 2.2+1.8/1.6/0.19+0.12 ms cpu, 122->132->122 MB, 122 MB goal, 0 MB stacks, 0 MB globals, 4 P
gc 1851 @39.159s 5%: 0.58+1.6+0.032 ms clock, 2.3+1.0/1.0/1.0+0.12 ms cpu, 122->122->112 MB, 122 MB goal, 0 MB stacks, 0 MB globals, 4 P
gc 1852 @39.162s 5%: 0.23+2.6+0.026 ms clock, 0.93+0.20/2.3/1.7+0.10 ms cpu, 112->122->112 MB, 130 MB goal, 0 MB stacks, 0 MB globals, 4 P
gc 1853 @39.170s 5%: 0.10+2.4+0.54 ms clock, 0.43+0.13/1.7/3.1+2.1 ms cpu, 132->142->122 MB, 119 MB goal, 0 MB stacks, 0 MB globals, 4 P
gc 1854 @39.174s 5%: 0.72+2.6+0.053 ms clock, 2.9+0.26/1.3/1.3+0.21 ms cpu, 122->132->122 MB, 129 MB goal, 0 MB stacks, 0 MB globals, 4 P
gc 1855 @39.180s 5%: 0.099+2.3+0.047 ms clock, 0.39+1.5/1.7/0+0.19 ms cpu, 142->142->122 MB, 122 MB goal, 0 MB stacks, 0 MB globals, 4 P
gc 1856 @39.183s 5%: 0.60+2.5+0.032 ms clock, 2.4+0.99/1.7/0.72+0.13 ms cpu, 122->132->122 MB, 129 MB goal, 0 MB stacks, 0 MB globals, 4 P
gc 1857 @39.192s 5%: 0.044+1.0+0.004 ms clock, 0.17+0.70/0.93/1.7+0.018 ms cpu, 132->132->102 MB, 129 MB goal, 0 MB stacks, 0 MB globals, 4 P
gc 1858 @39.194s 5%: 0.042+2.4+0.025 ms clock, 0.16+0.18/2.2/1.0+0.10 ms cpu, 122->122->112 MB, 130 MB goal, 0 MB stacks, 0 MB globals, 4 P
gc 1859 @39.848s 5%: 0.17+1.2+0.004 ms clock, 0.69+0.075/1.0/3.0+0.019 ms cpu, 132->132->102 MB, 129 MB goal, 0 MB stacks, 0 MB globals, 4 P
gc 1860 @39.877s 5%: 0.064+1.4+0.006 ms clock, 0.25+1.1/1.3/2.3+0.026 ms cpu, 102->102->102 MB, 105 MB goal, 0 MB stacks, 0 MB globals, 4 P
gc 1861 @39.879s 5%: 0.28+2.9+0.043 ms clock, 1.1+0.10/1.8/3.7+0.17 ms cpu, 112->112->112 MB, 118 MB goal, 0 MB stacks, 0 MB globals, 4 P
gc 1862 @39.883s 5%: 0.91+1.7+0.023 ms clock, 3.6+0.15/1.6/2.7+0.094 ms cpu, 122->122->112 MB, 114 MB goal, 0 MB stacks, 0 MB globals, 4 P
gc 1863 @39.902s 5%: 0.082+0.97+0.004 ms clock, 0.32+0.16/0.86/1.8+0.018 ms cpu, 122->122->102 MB, 114 MB goal, 0 MB stacks, 0 MB globals, 4 P
gc 1864 @39.907s 5%: 0.052+1.0+0.004 ms clock, 0.21+1.5/0.92/0.88+0.017 ms cpu, 102->102->102 MB, 105 MB goal, 0 MB stacks, 0 MB globals, 4 P
gc 1865 @39.909s 5%: 0.58+2.1+0.64 ms clock, 2.3+1.3/1.2/0+2.5 ms cpu, 122->122->122 MB, 102 MB goal, 0 MB stacks, 0 MB globals, 4 P
gc 1866 @39.912s 5%: 0.57+1.4+0.005 ms clock, 2.3+0.080/1.1/1.6+0.020 ms cpu, 122->122->112 MB, 130 MB goal, 0 MB stacks, 0 MB globals, 4 P
gc 1867 @39.924s 5%: 0.28+2.8+0.028 ms clock, 1.1+1.5/1.5/0+0.11 ms cpu, 132->142->122 MB, 119 MB goal, 0 MB stacks, 0 MB globals, 4 P
gc 1868 @39.928s 5%: 0.22+3.4+0.023 ms clock, 0.89+1.1/1.3/0.13+0.095 ms cpu, 132->142->122 MB, 122 MB goal, 0 MB stacks, 0 MB globals, 4 P
gc 1869 @39.932s 5%: 0.27+1.2+0.63 ms clock, 1.0+2.0/1.0/0+2.5 ms cpu, 122->122->112 MB, 130 MB goal, 0 MB stacks, 0 MB globals, 4 P
gc 1870 @39.935s 5%: 0.65+1.5+0.33 ms clock, 2.6+1.2/0.85/0+1.3 ms cpu, 142->142->132 MB, 119 MB goal, 0 MB stacks, 0 MB globals, 4 P
gc 1871 @39.938s 5%: 0.54+2.8+0.005 ms clock, 2.1+0/2.0/1.6+0.022 ms cpu, 132->132->122 MB, 143 MB goal, 0 MB stacks, 0 MB globals, 4 P
gc 1872 @39.946s 5%: 0.15+1.4+0.027 ms clock, 0.62+1.0/1.1/0.57+0.10 ms cpu, 142->142->112 MB, 143 MB goal, 0 MB stacks, 0 MB globals, 4 P
gc 1873 @39.950s 5%: 0.079+1.0+0.003 ms clock, 0.31+1.2/0.85/0.41+0.012 ms cpu, 122->122->102 MB, 130 MB goal, 0 MB stacks, 0 MB globals, 4 P
gc 1874 @39.955s 5%: 0.048+1.6+0.027 ms clock, 0.19+0/0.84/2.5+0.11 ms cpu, 132->142->112 MB, 119 MB goal, 0 MB stacks, 0 MB globals, 4 P
gc 1875 @39.968s 5%: 0.12+1.1+0.051 ms clock, 0.48+0.96/1.0/1.0+0.20 ms cpu, 132->132->112 MB, 129 MB goal, 0 MB stacks, 0 MB globals, 4 P
gc 1876 @39.978s 5%: 0.11+0.86+0.003 ms clock, 0.44+1.3/0.83/0.80+0.014 ms cpu, 142->142->102 MB, 119 MB goal, 0 MB stacks, 0 MB globals, 4 P
gc 1877 @39.984s 5%: 0.045+0.97+0.003 ms clock, 0.18+0.84/0.86/1.5+0.012 ms cpu, 102->102->102 MB, 105 MB goal, 0 MB stacks, 0 MB globals, 4 P
gc 1878 @39.985s 5%: 0.093+1.6+0.031 ms clock, 0.37+0.62/0.96/0.83+0.12 ms cpu, 112->112->112 MB, 118 MB goal, 0 MB stacks, 0 MB globals, 4 P
gc 1879 @39.989s 5%: 0.51+1.0+0.58 ms clock, 2.0+0.15/0.79/1.3+2.3 ms cpu, 122->122->112 MB, 114 MB goal, 0 MB stacks, 0 MB globals, 4 P
gc 1880 @39.995s 5%: 0.040+0.79+0.002 ms clock, 0.16+0.16/0.71/1.8+0.010 ms cpu, 122->122->102 MB, 114 MB goal, 0 MB stacks, 0 MB globals, 4 P
gc 1881 @40.002s 5%: 0.57+1.6+0.025 ms clock, 2.3+1.3/1.2/0.20+0.10 ms cpu, 132->132->112 MB, 104 MB goal, 0 MB stacks, 0 MB globals, 4 P
gc 1882 @40.004s 5%: 0.044+1.4+0.004 ms clock, 0.17+0.60/1.2/1.8+0.016 ms cpu, 112->112->102 MB, 118 MB goal, 0 MB stacks, 0 MB globals, 4 P
gc 1883 @40.013s 5%: 0.21+1.1+0.005 ms clock, 0.87+2.2/1.0/0+0.020 ms cpu, 132->132->112 MB, 104 MB goal, 0 MB stacks, 0 MB globals, 4 P
gc 1884 @40.015s 5%: 0.10+4.7+0.007 ms clock, 0.40+1.4/1.2/0.72+0.029 ms cpu, 112->122->112 MB, 114 MB goal, 0 MB stacks, 0 MB globals, 4 P
gc 1885 @40.020s 5%: 0.14+2.4+0.16 ms clock, 0.59+1.6/1.6/0+0.67 ms cpu, 142->142->132 MB, 112 MB goal, 0 MB stacks, 0 MB globals, 4 P
gc 1886 @40.023s 5%: 0.64+2.9+0.085 ms clock, 2.5+1.5/2.3/0+0.34 ms cpu, 132->132->122 MB, 132 MB goal, 0 MB stacks, 0 MB globals, 4 P
gc 1887 @40.027s 5%: 0.23+2.2+0.22 ms clock, 0.95+1.3/1.3/0+0.90 ms cpu, 122->142->122 MB, 122 MB goal, 0 MB stacks, 0 MB globals, 4 P
gc 1888 @40.030s 5%: 0.59+2.6+0.033 ms clock, 2.3+1.4/1.6/0.006+0.13 ms cpu, 122->132->132 MB, 122 MB goal, 0 MB stacks, 0 MB globals, 4 P
gc 1889 @40.034s 5%: 0.20+1.7+0.026 ms clock, 0.83+2.4/1.3/0+0.10 ms cpu, 132->132->112 MB, 132 MB goal, 0 MB stacks, 0 MB globals, 4 P
gc 1890 @40.036s 5%: 0.69+5.5+0.012 ms clock, 2.7+1.5/0.83/0+0.050 ms cpu, 112->142->142 MB, 112 MB goal, 0 MB stacks, 0 MB globals, 4 P
gc 1891 @40.043s 5%: 0.037+1.3+0.004 ms clock, 0.14+2.1/0.91/0+0.019 ms cpu, 142->142->102 MB, 142 MB goal, 0 MB stacks, 0 MB globals, 4 P
gc 1892 @40.045s 5%: 0.22+1.6+0.53 ms clock, 0.91+1.4/1.4/0+2.1 ms cpu, 102->142->142 MB, 102 MB goal, 0 MB stacks, 0 MB globals, 4 P
gc 1893 @40.047s 5%: 0.092+2.1+0.49 ms clock, 0.36+1.2/1.2/0+1.9 ms cpu, 142->162->152 MB, 149 MB goal, 0 MB stacks, 0 MB globals, 4 P
gc 1894 @40.051s 5%: 0.20+2.4+0.72 ms clock, 0.81+1.3/2.3/0+2.8 ms cpu, 152->172->142 MB, 152 MB goal, 0 MB stacks, 0 MB globals, 4 P
gc 1895 @40.055s 5%: 0.25+3.9+0.24 ms clock, 1.0+1.4/1.5/0+0.99 ms cpu, 142->162->152 MB, 149 MB goal, 0 MB stacks, 0 MB globals, 4 P
gc 1896 @40.060s 5%: 0.58+2.3+0.57 ms clock, 2.3+1.4/2.1/0+2.2 ms cpu, 162->162->132 MB, 152 MB goal, 0 MB stacks, 0 MB globals, 4 P
gc 1897 @40.064s 5%: 2.1+2.1+0.058 ms clock, 8.5+1.9/1.8/0+0.23 ms cpu, 152->152->112 MB, 155 MB goal, 0 MB stacks, 0 MB globals, 4 P
gc 1898 @40.080s 5%: 0.24+0.96+0.004 ms clock, 0.99+1.8/0.92/0.10+0.016 ms cpu, 182->182->102 MB, 129 MB goal, 0 MB stacks, 0 MB globals, 4 P
gc 1899 @40.082s 5%: 0.11+1.6+0.66 ms clock, 0.46+1.2/1.2/0+2.6 ms cpu, 132->142->142 MB, 143 MB goal, 0 MB stacks, 0 MB globals, 4 P
gc 1900 @40.087s 5%: 0.80+2.3+0.15 ms clock, 3.2+1.3/1.3/0.068+0.63 ms cpu, 152->162->132 MB, 142 MB goal, 0 MB stacks, 0 MB globals, 4 P
gc 1901 @40.096s 5%: 0.062+1.2+0.006 ms clock, 0.25+2.2/1.1/0.25+0.024 ms cpu, 132->132->102 MB, 143 MB goal, 0 MB stacks, 0 MB globals, 4 P
gc 1902 @40.099s 5%: 0.20+3.0+0.038 ms clock, 0.83+2.2/2.2/0+0.15 ms cpu, 122->132->132 MB, 129 MB goal, 0 MB stacks, 0 MB globals, 4 P
gc 1903 @40.103s 5%: 0.61+3.1+0.029 ms clock, 2.4+0.081/2.1/1.3+0.11 ms cpu, 132->142->122 MB, 155 MB goal, 0 MB stacks, 0 MB globals, 4 P
gc 1904 @40.131s 5%: 0.46+0.92+0.005 ms clock, 1.8+1.8/0.86/0.36+0.021 ms cpu, 152->152->102 MB, 155 MB goal, 0 MB stacks, 0 MB globals, 4 P
gc 1905 @40.152s 5%: 0.072+1.0+0.003 ms clock, 0.29+0.82/0.93/1.3+0.015 ms cpu, 142->142->102 MB, 155 MB goal, 0 MB stacks, 0 MB globals, 4 P
gc 1906 @40.155s 5%: 0.14+2.3+0.032 ms clock, 0.58+1.5/1.5/0.25+0.13 ms cpu, 122->132->122 MB, 129 MB goal, 0 MB stacks, 0 MB globals, 4 P
gc 1907 @40.158s 5%: 0.71+3.4+0.027 ms clock, 2.8+1.8/2.5/0.092+0.11 ms cpu, 132->142->132 MB, 143 MB goal, 0 MB stacks, 0 MB globals, 4 P
gc 1908 @40.165s 5%: 0.31+1.6+0.004 ms clock, 1.2+0.98/1.5/1.4+0.016 ms cpu, 142->142->112 MB, 143 MB goal, 0 MB stacks, 0 MB globals, 4 P
gc 1909 @40.169s 5%: 0.051+1.3+0.004 ms clock, 0.20+0.23/1.1/2.9+0.017 ms cpu, 122->122->102 MB, 130 MB goal, 0 MB stacks, 0 MB globals, 4 P
gc 1910 @40.180s 5%: 0.11+1.6+0.71 ms clock, 0.47+0.16/1.2/2.2+2.8 ms cpu, 132->132->112 MB, 129 MB goal, 0 MB stacks, 0 MB globals, 4 P
gc 1911 @40.184s 5%: 0.14+1.4+0.073 ms clock, 0.59+0.32/1.1/1.6+0.29 ms cpu, 132->132->112 MB, 129 MB goal, 0 MB stacks, 0 MB globals, 4 P
gc 1912 @40.187s 5%: 0.57+1.0+0.003 ms clock, 2.2+0.60/0.88/1.4+0.015 ms cpu, 112->112->102 MB, 118 MB goal, 0 MB stacks, 0 MB globals, 4 P
gc 1913 @40.200s 5%: 0.15+1.9+0.033 ms clock, 0.60+2.1/1.0/0+0.13 ms cpu, 122->132->112 MB, 129 MB goal, 0 MB stacks, 0 MB globals, 4 P
gc 1914 @40.204s 5%: 0.29+2.7+0.035 ms clock, 1.1+1.8/1.9/0+0.14 ms cpu, 142->142->132 MB, 120 MB goal, 0 MB stacks, 0 MB globals, 4 P
gc 1915 @40.208s 5%: 0.033+1.2+0.003 ms clock, 0.13+0.21/1.1/2.0+0.012 ms cpu, 132->132->102 MB, 132 MB goal, 0 MB stacks, 0 MB globals, 4 P
gc 1916 @40.888s 5%: 0.49+1.1+0.003 ms clock, 1.9+1.0/1.0/1.4+0.015 ms cpu, 122->122->112 MB, 130 MB goal, 0 MB stacks, 0 MB globals, 4 P
gc 1917 @40.906s 5%: 0.098+1.0+0.004 ms clock, 0.39+0.088/1.0/1.6+0.016 ms cpu, 132->132->102 MB, 129 MB goal, 0 MB stacks, 0 MB globals, 4 P
gc 1918 @40.914s 5%: 0.059+1.1+0.058 ms clock, 0.23+1.1/0.95/1.5+0.23 ms cpu, 102->102->102 MB, 105 MB goal, 0 MB stacks, 0 MB globals, 4 P
gc 1919 @40.916s 5%: 0.17+3.4+0.24 ms clock, 0.69+2.7/2.0/0+0.97 ms cpu, 112->122->122 MB, 102 MB goal, 0 MB stacks, 0 MB globals, 4 P
gc 1920 @40.923s 5%: 0.13+1.9+0.031 ms clock, 0.52+1.1/1.0/0.95+0.12 ms cpu, 122->132->112 MB, 129 MB goal, 0 MB stacks, 0 MB globals, 4 P
gc 1921 @40.931s 5%: 0.58+5.6+0.59 ms clock, 2.3+0.83/1.5/1.3+2.3 ms cpu, 132->142->122 MB, 119 MB goal, 0 MB stacks, 0 MB globals, 4 P
gc 1922 @40.938s 5%: 0.090+1.2+0.003 ms clock, 0.36+0.46/1.0/1.4+0.012 ms cpu, 122->122->102 MB, 130 MB goal, 0 MB stacks, 0 MB globals, 4 P
gc 1923 @40.941s 5%: 0.10+3.0+0.029 ms clock, 0.43+1.2/1.3/0+0.11 ms cpu, 122->132->122 MB, 129 MB goal, 0 MB stacks, 0 MB globals, 4 P
gc 1924 @40.946s 5%: 0.098+3.3+0.023 ms clock, 0.39+0.31/1.9/2.0+0.094 ms cpu, 132->142->132 MB, 143 MB goal, 0 MB stacks, 0 MB globals, 4 P
gc 1925 @40.951s 5%: 0.56+1.2+0.004 ms clock, 2.2+1.0/1.1/0.35+0.017 ms cpu, 142->142->112 MB, 143 MB goal, 0 MB stacks, 0 MB globals, 4 P
gc 1926 @40.953s 5%: 0.099+6.1+0.004 ms clock, 0.39+0.31/2.3/0.37+0.018 ms cpu, 142->152->142 MB, 155 MB goal, 0 MB stacks, 0 MB globals, 4 P
gc 1927 @40.961s 5%: 0.092+1.2+0.003 ms clock, 0.37+1.0/1.1/1.1+0.013 ms cpu, 152->152->112 MB, 155 MB goal, 0 MB stacks, 0 MB globals, 4 P
gc 1928 @40.981s 5%: 0.48+1.8+0.032 ms clock, 1.9+0/1.2/2.2+0.12 ms cpu, 162->162->112 MB, 149 MB goal, 0 MB stacks, 0 MB globals, 4 P
gc 1929 @40.992s 5%: 0.051+1.0+0.003 ms clock, 0.20+1.7/1.0/0.48+0.015 ms cpu, 112->112->102 MB, 118 MB goal, 0 MB stacks, 0 MB globals, 4 P
gc 1930 @40.997s 5%: 0.051+1.2+0.004 ms clock, 0.20+1.4/1.0/0.86+0.019 ms cpu, 122->122->112 MB, 114 MB goal, 0 MB stacks, 0 MB globals, 4 P
gc 1931 @40.999s 5%: 0.21+2.1+0.030 ms clock, 0.84+0.081/1.4/1.2+0.12 ms cpu, 122->122->112 MB, 130 MB goal, 0 MB stacks, 0 MB globals, 4 P
gc 1932 @41.007s 5%: 0.61+1.9+0.003 ms clock, 2.4+1.7/1.9/0.073+0.015 ms cpu, 142->142->122 MB, 119 MB goal, 0 MB stacks, 0 MB globals, 4 P
gc 1933 @41.015s 5%: 0.14+1.5+0.58 ms clock, 0.56+1.3/1.3/0+2.3 ms cpu, 142->142->122 MB, 122 MB goal, 0 MB stacks, 0 MB globals, 4 P
gc 1934 @41.017s 5%: 0.55+2.2+0.027 ms clock, 2.2+1.0/1.5/0.93+0.10 ms cpu, 122->132->122 MB, 129 MB goal, 0 MB stacks, 0 MB globals, 4 P
gc 1935 @41.023s 5%: 0.48+1.2+0.003 ms clock, 1.9+0/1.1/2.8+0.014 ms cpu, 132->132->102 MB, 129 MB goal, 0 MB stacks, 0 MB globals, 4 P
gc 1936 @41.027s 5%: 0.029+1.1+0.002 ms clock, 0.11+2.8/1.1/0+0.011 ms cpu, 102->102->102 MB, 105 MB goal, 0 MB stacks, 0 MB globals, 4 P
gc 1937 @41.029s 5%: 0.12+2.2+0.49 ms clock, 0.49+1.4/1.4/0+1.9 ms cpu, 132->132->132 MB, 102 MB goal, 0 MB stacks, 0 MB globals, 4 P
gc 1938 @41.032s 5%: 0.58+6.4+0.004 ms clock, 2.3+0.66/2.7/5.2+0.016 ms cpu, 132->142->132 MB, 143 MB goal, 0 MB stacks, 0 MB globals, 4 P
gc 1939 @41.041s 5%: 0.035+0.81+0.003 ms clock, 0.14+0/0.71/1.9+0.013 ms cpu, 142->142->102 MB, 143 MB goal, 0 MB stacks, 0 MB globals, 4 P
gc 1940 @41.046s 5%: 0.15+1.3+0.070 ms clock, 0.60+1.0/1.1/0.48+0.28 ms cpu, 132->142->122 MB, 143 MB goal, 0 MB stacks, 0 MB globals, 4 P
gc 1941 @41.048s 5%: 0.093+2.2+0.028 ms clock, 0.37+1.4/1.4/0.74+0.11 ms cpu, 122->132->112 MB, 129 MB goal, 0 MB stacks, 0 MB globals, 4 P
gc 1942 @41.053s 5%: 0.15+1.9+0.029 ms clock, 0.60+1.0/1.2/1.0+0.11 ms cpu, 112->122->122 MB, 114 MB goal, 0 MB stacks, 0 MB globals, 4 P
gc 1943 @41.055s 5%: 0.46+2.6+0.053 ms clock, 1.8+1.0/1.4/1.0+0.21 ms cpu, 122->132->122 MB, 129 MB goal, 0 MB stacks, 0 MB globals, 4 P
gc 1944 @41.059s 5%: 0.41+1.1+0.56 ms clock, 1.6+1.8/0.94/0+2.2 ms cpu, 122->142->132 MB, 122 MB goal, 0 MB stacks, 0 MB globals, 4 P
gc 1945 @41.062s 5%: 0.43+3.3+0.034 ms clock, 1.7+1.4/1.5/0.10+0.13 ms cpu, 132->142->132 MB, 132 MB goal, 0 MB stacks, 0 MB globals, 4 P
gc 1946 @41.066s 5%: 0.68+4.8+0.027 ms clock, 2.7+1.6/4.4/0+0.11 ms cpu, 132->162->142 MB, 132 MB goal, 0 MB stacks, 0 MB globals, 4 P
gc 1947 @41.072s 5%: 0.51+5.2+0.005 ms clock, 2.0+1.8/1.1/0.041+0.022 ms cpu, 142->162->122 MB, 149 MB goal, 0 MB stacks, 0 MB globals, 4 P
gc 1948 @41.080s 5%: 0.11+4.4+0.054 ms clock, 0.46+2.1/1.7/0+0.21 ms cpu, 162->172->122 MB, 139 MB goal, 0 MB stacks, 0 MB globals, 4 P
gc 1949 @41.090s 5%: 0.44+1.5+0.023 ms clock, 1.7+2.1/1.1/0+0.092 ms cpu, 172->172->132 MB, 140 MB goal, 0 MB stacks, 0 MB globals, 4 P
gc 1950 @41.093s 5%: 0.12+2.4+0.005 ms clock, 0.49+0.37/2.2/0+0.020 ms cpu, 152->152->132 MB, 155 MB goal, 0 MB stacks, 0 MB globals, 4 P
gc 1951 @41.097s 5%: 0.11+2.2+0.052 ms clock, 0.45+1.0/2.0/1.0+0.21 ms cpu, 152->152->112 MB, 155 MB goal, 0 MB stacks, 0 MB globals, 4 P
gc 1952 @41.108s 5%: 0.12+1.2+0.004 ms clock, 0.50+1.0/1.1/1.1+0.019 ms cpu, 152->152->112 MB, 155 MB goal, 0 MB stacks, 0 MB globals, 4 P
gc 1953 @41.128s 5%: 0.13+0.98+0.003 ms clock, 0.55+1.5/0.85/0.67+0.012 ms cpu, 122->122->102 MB, 130 MB goal, 0 MB stacks, 0 MB globals, 4 P
gc 1954 @41.130s 5%: 0.080+2.3+0.84 ms clock, 0.32+0.046/1.7/1.5+3.3 ms cpu, 122->122->122 MB, 130 MB goal, 0 MB stacks, 0 MB globals, 4 P
gc 1955 @41.134s 5%: 0.63+1.7+0.026 ms clock, 2.5+2.8/1.4/0+0.10 ms cpu, 132->132->112 MB, 129 MB goal, 0 MB stacks, 0 MB globals, 4 P
gc 1956 @41.137s 5%: 0.10+4.7+0.007 ms clock, 0.40+1.2/1.3/0+0.029 ms cpu, 132->142->142 MB, 120 MB goal, 0 MB stacks, 0 MB globals, 4 P
gc 1957 @41.142s 5%: 0.042+0.86+0.003 ms clock, 0.17+0.15/0.82/1.7+0.013 ms cpu, 142->142->102 MB, 143 MB goal, 0 MB stacks, 0 MB globals, 4 P
gc 1958 @41.159s 5%: 0.12+1.1+0.004 ms clock, 0.51+0/1.1/1.8+0.016 ms cpu, 132->132->102 MB, 143 MB goal, 0 MB stacks, 0 MB globals, 4 P
gc 1959 @41.162s 5%: 0.040+1.7+0.036 ms clock, 0.16+0.97/0.97/1.6+0.14 ms cpu, 102->122->122 MB, 102 MB goal, 0 MB stacks, 0 MB globals, 4 P
gc 1960 @41.164s 5%: 0.54+5.9+0.044 ms clock, 2.1+0.14/1.6/1.2+0.17 ms cpu, 122->132->132 MB, 122 MB goal, 0 MB stacks, 0 MB globals, 4 P
gc 1961 @41.171s 5%: 0.67+1.7+0.033 ms clock, 2.7+1.3/1.1/0.50+0.13 ms cpu, 142->142->122 MB, 132 MB goal, 0 MB stacks, 0 MB globals, 4 P
gc 1962 @41.175s 5%: 0.099+2.6+0.053 ms clock, 0.39+0.93/2.5/1.4+0.21 ms cpu, 132->132->112 MB, 122 MB goal, 0 MB stacks, 0 MB globals, 4 P
gc 1963 @41.178s 5%: 0.23+1.6+0.049 ms clock, 0.92+0.17/1.2/1.3+0.19 ms cpu, 112->122->112 MB, 130 MB goal, 0 MB stacks, 0 MB globals, 4 P
gc 1964 @41.185s 5%: 0.12+1.4+0.024 ms clock, 0.51+1.0/1.0/1.0+0.097 ms cpu, 132->132->112 MB, 129 MB goal, 0 MB stacks, 0 MB globals, 4 P
gc 1965 @41.189s 5%: 0.30+1.9+0.004 ms clock, 1.2+0.46/1.5/2.5+0.017 ms cpu, 132->132->112 MB, 129 MB goal, 0 MB stacks, 0 MB globals, 4 P
gc 1966 @41.203s 5%: 0.071+0.94+0.004 ms clock, 0.28+0.090/0.89/2.4+0.016 ms cpu, 132->132->102 MB, 129 MB goal, 0 MB stacks, 0 MB globals, 4 P
gc 1967 @41.209s 5%: 0.091+1.0+0.004 ms clock, 0.36+2.4/0.90/0+0.018 ms cpu, 102->102->102 MB, 105 MB goal, 0 MB stacks, 0 MB globals, 4 P
gc 1968 @41.211s 5%: 0.18+2.0+0.37 ms clock, 0.72+1.4/1.4/0+1.5 ms cpu, 112->132->132 MB, 102 MB goal, 0 MB stacks, 0 MB globals, 4 P
gc 1969 @41.215s 5%: 0.70+2.1+0.57 ms clock, 2.8+0.16/1.7/1.1+2.2 ms cpu, 142->142->122 MB, 155 MB goal, 0 MB stacks, 0 MB globals, 4 P
gc 1970 @41.897s 5%: 0.10+1.1+0.004 ms clock, 0.43+0.21/1.0/2.6+0.018 ms cpu, 152->152->102 MB, 155 MB goal, 0 MB stacks, 0 MB globals, 4 P
gc 1971 @41.907s 5%: 0.057+1.3+0.004 ms clock, 0.22+1.1/1.2/1.9+0.017 ms cpu, 102->102->102 MB, 105 MB goal, 0 MB stacks, 0 MB globals, 4 P
gc 1972 @41.909s 5%: 0.12+1.7+0.030 ms clock, 0.48+0.14/1.4/1.7+0.12 ms cpu, 112->112->112 MB, 102 MB goal, 0 MB stacks, 0 MB globals, 4 P
gc 1973 @41.914s 5%: 0.061+1.2+0.003 ms clock, 0.24+0.26/0.70/2.1+0.015 ms cpu, 112->112->102 MB, 112 MB goal, 0 MB stacks, 0 MB globals, 4 P
gc 1974 @41.915s 5%: 0.055+1.0+0.003 ms clock, 0.22+0.12/0.89/1.9+0.012 ms cpu, 102->102->102 MB, 105 MB goal, 0 MB stacks, 0 MB globals, 4 P
gc 1975 @41.924s 5%: 0.11+1.7+0.040 ms clock, 0.44+0.95/1.0/1.0+0.16 ms cpu, 112->112->112 MB, 102 MB goal, 0 MB stacks, 0 MB globals, 4 P
gc 1976 @41.926s 5%: 0.71+6.0+0.007 ms clock, 2.8+0.42/2.1/1.3+0.029 ms cpu, 112->132->132 MB, 129 MB goal, 0 MB stacks, 0 MB globals, 4 P
gc 1977 @41.933s 5%: 0.20+1.6+0.036 ms clock, 0.83+0/1.2/2.0+0.14 ms cpu, 132->142->112 MB, 132 MB goal, 0 MB stacks, 0 MB globals, 4 P
gc 1978 @41.938s 5%: 0.041+1.1+0.003 ms clock, 0.16+0.74/1.0/1.7+0.012 ms cpu, 112->112->102 MB, 118 MB goal, 0 MB stacks, 0 MB globals, 4 P
gc 1979 @41.943s 5%: 0.25+2.0+0.008 ms clock, 1.0+1.9/1.5/0.82+0.035 ms cpu, 122->122->112 MB, 114 MB goal, 0 MB stacks, 0 MB globals, 4 P
gc 1980 @41.948s 5%: 0.24+2.3+0.037 ms clock, 0.97+3.0/1.6/0+0.14 ms cpu, 122->132->112 MB, 112 MB goal, 0 MB stacks, 0 MB globals, 4 P
gc 1981 @41.951s 5%: 0.55+3.6+0.56 ms clock, 2.2+2.5/1.6/0+2.2 ms cpu, 112->132->122 MB, 112 MB goal, 0 MB stacks, 0 MB globals, 4 P
gc 1982 @41.957s 5%: 0.62+2.6+0.017 ms clock, 2.4+2.0/2.0/0+0.069 ms cpu, 122->132->132 MB, 122 MB goal, 0 MB stacks, 0 MB globals, 4 P
gc 1983 @41.960s 5%: 0.71+5.4+0.20 ms clock, 2.8+2.6/2.6/0+0.82 ms cpu, 132->152->132 MB, 155 MB goal, 0 MB stacks, 0 MB globals, 4 P
gc 1984 @41.968s 5%: 0.12+3.6+0.32 ms clock, 0.48+0.94/2.6/0+1.3 ms cpu, 162->172->142 MB, 139 MB goal, 0 MB stacks, 0 MB globals, 4 P
gc 1985 @41.972s 5%: 0.090+5.7+0.005 ms clock, 0.36+2.5/2.4/0+0.021 ms cpu, 142->152->122 MB, 155 MB goal, 0 MB stacks, 0 MB globals, 4 P
gc 1986 @41.985s 5%: 0.59+1.1+0.003 ms clock, 2.3+1.0/1.0/1.0+0.014 ms cpu, 152->152->112 MB, 155 MB goal, 0 MB stacks, 0 MB globals, 4 P
gc 1987 @41.988s 5%: 0.055+1.0+0.003 ms clock, 0.22+0.24/0.85/1.8+0.013 ms cpu, 122->122->102 MB, 130 MB goal, 0 MB stacks, 0 MB globals, 4 P
gc 1988 @42.001s 5%: 0.13+3.3+0.19 ms clock, 0.54+0.15/1.5/2.6+0.78 ms cpu, 122->132->122 MB, 129 MB goal, 0 MB stacks, 0 MB globals, 4 P
gc 1989 @42.014s 5%: 0.18+1.9+0.004 ms clock, 0.72+2.0/1.8/0.29+0.017 ms cpu, 152->152->122 MB, 122 MB goal, 0 MB stacks, 0 MB globals, 4 P
gc 1990 @42.016s 5%: 0.025+1.2+0.017 ms clock, 0.10+0.71/1.1/1.8+0.068 ms cpu, 122->122->102 MB, 130 MB goal, 0 MB stacks, 0 MB globals, 4 P
gc 1991 @42.019s 5%: 0.051+1.0+0.004 ms clock, 0.20+0.91/1.0/1.7+0.019 ms cpu, 102->102->102 MB, 105 MB goal, 0 MB stacks, 0 MB globals, 4 P
gc 1992 @42.021s 5%: 0.62+2.9+0.27 ms clock, 2.4+1.3/1.5/0+1.1 ms cpu, 122->122->122 MB, 102 MB goal, 0 MB stacks, 0 MB globals, 4 P
gc 1993 @42.025s 5%: 0.46+2.1+0.039 ms clock, 1.8+1.9/1.5/0+0.15 ms cpu, 122->132->122 MB, 129 MB goal, 0 MB stacks, 0 MB globals, 4 P
gc 1994 @42.030s 5%: 0.40+1.5+0.003 ms clock, 1.6+0/1.1/2.6+0.014 ms cpu, 132->132->112 MB, 129 MB goal, 0 MB stacks, 0 MB globals, 4 P
gc 1995 @42.035s 5%: 0.11+2.8+0.005 ms clock, 0.46+1.3/1.3/0+0.020 ms cpu, 132->132->122 MB, 129 MB goal, 0 MB stacks, 0 MB globals, 4 P
gc 1996 @42.039s 5%: 0.092+1.8+0.053 ms clock, 0.37+1.0/1.6/1.9+0.21 ms cpu, 132->132->112 MB, 143 MB goal, 0 MB stacks, 0 MB globals, 4 P
gc 1997 @42.049s 5%: 0.55+2.4+0.026 ms clock, 2.2+1.9/2.3/0+0.10 ms cpu, 152->152->122 MB, 135 MB goal, 0 MB stacks, 0 MB globals, 4 P
gc 1998 @42.053s 5%: 0.39+4.0+0.032 ms clock, 1.5+1.2/2.6/0.62+0.12 ms cpu, 142->152->142 MB, 155 MB goal, 0 MB stacks, 0 MB globals, 4 P
gc 1999 @42.066s 5%: 0.66+1.2+0.005 ms clock, 2.6+1.7/0.96/0+0.022 ms cpu, 162->162->112 MB, 150 MB goal, 0 MB stacks, 0 MB globals, 4 P
gc 2000 @42.072s 5%: 0.15+2.7+0.044 ms clock, 0.63+0.70/2.1/1.5+0.17 ms cpu, 162->162->112 MB, 150 MB goal, 0 MB stacks, 0 MB globals, 4 P
gc 2001 @42.077s 5%: 0.058+1.6+0.58 ms clock, 0.23+0.097/1.4/2.4+2.3 ms cpu, 122->132->112 MB, 129 MB goal, 0 MB stacks, 0 MB globals, 4 P
gc 2002 @42.081s 5%: 0.26+1.6+0.027 ms clock, 1.0+1.8/0.98/0+0.11 ms cpu, 112->112->112 MB, 118 MB goal, 0 MB stacks, 0 MB globals, 4 P
gc 2003 @42.083s 5%: 0.12+1.6+0.35 ms clock, 0.48+1.6/0.85/0+1.4 ms cpu, 132->132->122 MB, 112 MB goal, 0 MB stacks, 0 MB globals, 4 P
gc 2004 @42.086s 5%: 0.60+2.1+0.52 ms clock, 2.4+1.4/1.7/0+2.0 ms cpu, 122->132->132 MB, 122 MB goal, 0 MB stacks, 0 MB globals, 4 P
gc 2005 @42.089s 5%: 0.14+3.5+0.039 ms clock, 0.56+0.048/2.9/0+0.15 ms cpu, 142->142->132 MB, 132 MB goal, 0 MB stacks, 0 MB globals, 4 P
gc 2006 @42.093s 5%: 0.22+2.3+0.005 ms clock, 0.88+1.5/1.1/0+0.020 ms cpu, 132->142->112 MB, 132 MB goal, 0 MB stacks, 0 MB globals, 4 P
gc 2007 @42.096s 5%: 0.26+4.7+0.003 ms clock, 1.0+1.2/1.0/0+0.015 ms cpu, 112->132->122 MB, 129 MB goal, 0 MB stacks, 0 MB globals, 4 P
gc 2008 @42.101s 5%: 0.13+2.2+0.71 ms clock, 0.53+1.6/1.4/0+2.8 ms cpu, 152->152->132 MB, 122 MB goal, 0 MB stacks, 0 MB globals, 4 P
gc 2009 @42.105s 5%: 0.54+1.8+0.055 ms clock, 2.1+1.9/1.5/0+0.22 ms cpu, 132->142->122 MB, 132 MB goal, 0 MB stacks, 0 MB globals, 4 P
gc 2010 @42.107s 5%: 0.20+1.7+0.070 ms clock, 0.80+1.1/1.2/0+0.28 ms cpu, 122->142->132 MB, 122 MB goal, 0 MB stacks, 0 MB globals, 4 P
gc 2011 @42.110s 5%: 0.79+1.8+0.051 ms clock, 3.1+1.7/1.4/0+0.20 ms cpu, 142->142->122 MB, 132 MB goal, 0 MB stacks, 0 MB globals, 4 P
gc 2012 @42.113s 5%: 0.53+2.1+0.046 ms clock, 2.1+1.0/1.7/0+0.18 ms cpu, 122->142->132 MB, 122 MB goal, 0 MB stacks, 0 MB globals, 4 P
gc 2013 @42.116s 5%: 0.52+2.7+0.030 ms clock, 2.1+1.7/1.2/0+0.12 ms cpu, 132->142->122 MB, 132 MB goal, 0 MB stacks, 0 MB globals, 4 P
gc 2014 @42.122s 5%: 0.51+1.6+0.32 ms clock, 2.0+1.6/0.87/0+1.2 ms cpu, 152->152->122 MB, 122 MB goal, 0 MB stacks, 0 MB globals, 4 P
gc 2015 @42.125s 5%: 0.52+1.2+0.002 ms clock, 2.0+0.57/1.1/1.3+0.011 ms cpu, 122->122->102 MB, 130 MB goal, 0 MB stacks, 0 MB globals, 4 P
gc 2016 @42.137s 5%: 0.71+1.6+0.029 ms clock, 2.8+0.031/1.2/2.5+0.11 ms cpu, 122->122->112 MB, 130 MB goal, 0 MB stacks, 0 MB globals, 4 P
gc 2017 @42.144s 5%: 0.39+1.9+0.63 ms clock, 1.5+1.7/1.7/0+2.5 ms cpu, 132->132->112 MB, 129 MB goal, 0 MB stacks, 0 MB globals, 4 P
gc 2018 @42.147s 5%: 0.082+2.2+0.003 ms clock, 0.32+0.15/1.8/1.5+0.015 ms cpu, 132->132->122 MB, 143 MB goal, 0 MB stacks, 0 MB globals, 4 P
gc 2019 @42.163s 5%: 0.60+0.94+0.004 ms clock, 2.4+1.4/0.84/0.83+0.018 ms cpu, 152->152->102 MB, 134 MB goal, 0 MB stacks, 0 MB globals, 4 P
gc 2020 @42.168s 5%: 0.044+1.0+0.003 ms clock, 0.17+0.91/0.94/0.90+0.012 ms cpu, 102->102->102 MB, 105 MB goal, 0 MB stacks, 0 MB globals, 4 P
gc 2021 @42.169s 5%: 0.11+1.3+0.084 ms clock, 0.46+0.071/0.90/1.7+0.33 ms cpu, 112->112->112 MB, 102 MB goal, 0 MB stacks, 0 MB globals, 4 P
gc 2022 @42.172s 5%: 0.63+1.8+0.050 ms clock, 2.5+0.081/1.0/1.9+0.20 ms cpu, 112->132->132 MB, 112 MB goal, 0 MB stacks, 0 MB globals, 4 P
gc 2023 @42.174s 5%: 0.58+3.0+0.021 ms clock, 2.3+1.0/2.1/0.53+0.087 ms cpu, 132->142->132 MB, 132 MB goal, 0 MB stacks, 0 MB globals, 4 P
gc 2024 @42.178s 5%: 0.54+1.4+0.030 ms clock, 2.1+1.1/0.97/0.40+0.12 ms cpu, 132->132->112 MB, 132 MB goal, 0 MB stacks, 0 MB globals, 4 P
gc 2025 @42.182s 5%: 0.64+2.3+0.049 ms clock, 2.5+1.9/1.3/0+0.19 ms cpu, 132->132->122 MB, 112 MB goal, 0 MB stacks, 0 MB globals, 4 P
gc 2026 @42.185s 5%: 0.45+2.0+0.026 ms clock, 1.8+0.95/1.2/0.45+0.10 ms cpu, 122->132->112 MB, 129 MB goal, 0 MB stacks, 0 MB globals, 4 P
gc 2027 @42.191s 5%: 0.12+7.3+0.003 ms clock, 0.48+0.009/1.9/7.1+0.014 ms cpu, 132->142->122 MB, 119 MB goal, 0 MB stacks, 0 MB globals, 4 P
gc 2028 @42.198s 5%: 0.024+1.7+0.024 ms clock, 0.098+0.98/0.91/0.84+0.096 ms cpu, 122->132->112 MB, 129 MB goal, 0 MB stacks, 0 MB globals, 4 P
gc 2029 @42.218s 5%: 0.38+2.7+0.008 ms clock, 1.5+1.4/2.6/0+0.034 ms cpu, 142->142->122 MB, 119 MB goal, 0 MB stacks, 0 MB globals, 4 P
gc 2030 @42.221s 5%: 0.11+1.8+0.049 ms clock, 0.46+1.9/1.2/0.11+0.19 ms cpu, 122->132->112 MB, 129 MB goal, 0 MB stacks, 0 MB globals, 4 P
gc 2031 @42.862s 5%: 0.085+0.88+0.003 ms clock, 0.34+0.14/0.76/1.9+0.015 ms cpu, 132->132->102 MB, 129 MB goal, 0 MB stacks, 0 MB globals, 4 P
gc 2032 @42.894s 5%: 0.068+2.1+0.026 ms clock, 0.27+0.33/1.2/2.8+0.10 ms cpu, 102->112->112 MB, 102 MB goal, 0 MB stacks, 0 MB globals, 4 P
gc 2033 @42.896s 5%: 0.37+1.7+0.075 ms clock, 1.5+0.20/1.2/2.1+0.30 ms cpu, 112->122->122 MB, 112 MB goal, 0 MB stacks, 0 MB globals, 4 P
gc 2034 @42.899s 5%: 0.088+1.3+0.050 ms clock, 0.35+0.14/1.1/1.9+0.20 ms cpu, 122->122->112 MB, 130 MB goal, 0 MB stacks, 0 MB globals, 4 P
gc 2035 @42.932s 5%: 0.64+1.9+0.005 ms clock, 2.5+1.2/1.2/1.5+0.022 ms cpu, 132->132->112 MB, 129 MB goal, 0 MB stacks, 0 MB globals, 4 P
gc 2036 @42.935s 5%: 0.084+2.0+0.003 ms clock, 0.33+0.20/1.8/1.3+0.012 ms cpu, 132->132->122 MB, 143 MB goal, 0 MB stacks, 0 MB globals, 4 P
gc 2037 @42.946s 5%: 0.29+1.7+0.034 ms clock, 1.1+1.1/1.1/1.1+0.13 ms cpu, 142->142->112 MB, 143 MB goal, 0 MB stacks, 0 MB globals, 4 P
gc 2038 @42.950s 5%: 0.086+1.6+0.032 ms clock, 0.34+0.82/0.92/1.3+0.13 ms cpu, 122->132->112 MB, 129 MB goal, 0 MB stacks, 0 MB globals, 4 P
gc 2039 @42.955s 5%: 0.13+0.98+0.002 ms clock, 0.54+0.87/0.85/1.3+0.011 ms cpu, 112->112->102 MB, 118 MB goal, 0 MB stacks, 0 MB globals, 4 P
gc 2040 @42.963s 5%: 0.37+1.3+0.026 ms clock, 1.5+0/1.2/2.2+0.10 ms cpu, 132->132->112 MB, 104 MB goal, 0 MB stacks, 0 MB globals, 4 P
gc 2041 @42.965s 5%: 0.079+1.1+0.002 ms clock, 0.31+0.77/1.0/1.5+0.011 ms cpu, 112->112->102 MB, 118 MB goal, 0 MB stacks, 0 MB globals, 4 P
gc 2042 @42.969s 5%: 0.19+2.3+0.026 ms clock, 0.79+1.9/2.1/0+0.10 ms cpu, 122->122->122 MB, 114 MB goal, 0 MB stacks, 0 MB globals, 4 P
gc 2043 @42.972s 5%: 0.041+1.8+0.032 ms clock, 0.16+1.5/1.1/0+0.12 ms cpu, 122->132->112 MB, 129 MB goal, 0 MB stacks, 0 MB globals, 4 P
gc 2044 @42.976s 5%: 0.72+3.3+0.005 ms clock, 2.8+2.6/0.99/0+0.021 ms cpu, 142->142->132 MB, 119 MB goal, 0 MB stacks, 0 MB globals, 4 P
gc 2045 @42.980s 5%: 0.089+1.7+0.031 ms clock, 0.35+1.5/1.0/0+0.12 ms cpu, 132->142->112 MB, 143 MB goal, 0 MB stacks, 0 MB globals, 4 P
gc 2046 @42.985s 5%: 0.10+2.0+0.004 ms clock, 0.42+0.14/1.8/3.1+0.017 ms cpu, 142->142->112 MB, 143 MB goal, 0 MB stacks, 0 MB globals, 4 P
gc 2047 @43.005s 5%: 0.17+1.1+0.005 ms clock, 0.69+0.83/1.0/1.6+0.022 ms cpu, 142->142->102 MB, 143 MB goal, 0 MB stacks, 0 MB globals, 4 P
gc 2048 @43.008s 5%: 0.043+1.4+0.004 ms clock, 0.17+0.90/1.4/2.5+0.019 ms cpu, 112->112->102 MB, 118 MB goal, 0 MB stacks, 0 MB globals, 4 P
gc 2049 @43.021s 5%: 0.50+1.9+0.004 ms clock, 2.0+1.8/1.9/0.93+0.016 ms cpu, 142->142->112 MB, 102 MB goal, 0 MB stacks, 0 MB globals, 4 P
gc 2050 @43.024s 5%: 0.033+1.3+0.003 ms clock, 0.13+1.0/1.0/1.5+0.013 ms cpu, 112->112->102 MB, 118 MB goal, 0 MB stacks, 0 MB globals, 4 P
gc 2051 @43.028s 5%: 0.093+0.73+0.004 ms clock, 0.37+1.1/0.68/0.74+0.017 ms cpu, 102->102->102 MB, 105 MB goal, 0 MB stacks, 0 MB globals, 4 P
gc 2052 @43.029s 5%: 0.61+2.2+0.038 ms clock, 2.4+1.4/1.3/0+0.15 ms cpu, 122->122->122 MB, 102 MB goal, 0 MB stacks, 0 MB globals, 4 P
gc 2053 @43.032s 5%: 0.54+1.7+0.004 ms clock, 2.1+1.4/0.80/0+0.019 ms cpu, 122->122->122 MB, 130 MB goal, 0 MB stacks, 0 MB globals, 4 P
gc 2054 @43.035s 5%: 0.21+2.5+0.22 ms clock, 0.85+1.3/1.5/0+0.89 ms cpu, 142->142->122 MB, 122 MB goal, 0 MB stacks, 0 MB globals, 4 P
gc 2055 @43.038s 5%: 0.58+1.4+0.044 ms clock, 2.3+1.2/1.0/0+0.17 ms cpu, 122->122->122 MB, 130 MB goal, 0 MB stacks, 0 MB globals, 4 P
gc 2056 @43.041s 5%: 0.12+2.5+0.044 ms clock, 0.49+1.4/1.5/0+0.17 ms cpu, 142->142->122 MB, 122 MB goal, 0 MB stacks, 0 MB globals, 4 P
gc 2057 @43.044s 5%: 0.10+1.3+0.028 ms clock, 0.43+2.0/1.2/0+0.11 ms cpu, 122->122->112 MB, 130 MB goal, 0 MB stacks, 0 MB globals, 4 P
gc 2058 @43.049s 5%: 0.53+1.0+0.003 ms clock, 2.1+2.3/0.97/0+0.012 ms cpu, 142->142->102 MB, 120 MB goal, 0 MB stacks, 0 MB globals, 4 P
gc 2059 @43.057s 5%: 0.13+1.1+0.053 ms clock, 0.52+0.14/1.0/1.5+0.21 ms cpu, 132->132->112 MB, 143 MB goal, 0 MB stacks, 0 MB globals, 4 P
gc 2060 @43.060s 5%: 0.10+1.1+0.003 ms clock, 0.41+1.0/1.0/0.82+0.012 ms cpu, 122->122->102 MB, 130 MB goal, 0 MB stacks, 0 MB globals, 4 P
gc 2061 @43.063s 5%: 0.30+3.1+0.026 ms clock, 1.2+0.12/2.4/1.8+0.10 ms cpu, 122->122->112 MB, 130 MB goal, 0 MB stacks, 0 MB globals, 4 P
gc 2062 @43.069s 5%: 0.025+0.87+0.002 ms clock, 0.10+0.73/0.75/1.3+0.011 ms cpu, 112->112->102 MB, 118 MB goal, 0 MB stacks, 0 MB globals, 4 P
gc 2063 @43.074s 5%: 0.22+1.1+0.046 ms clock, 0.91+1.8/0.96/0+0.18 ms cpu, 122->122->112 MB, 114 MB goal, 0 MB stacks, 0 MB globals, 4 P
gc 2064 @43.075s 5%: 0.26+1.6+0.46 ms clock, 1.0+1.8/0.93/0+1.8 ms cpu, 122->142->132 MB, 112 MB goal, 0 MB stacks, 0 MB globals, 4 P
gc 2065 @43.083s 5%: 0.48+1.3+0.003 ms clock, 1.9+2.2/1.1/0+0.013 ms cpu, 132->132->102 MB, 132 MB goal, 0 MB stacks, 0 MB globals, 4 P
gc 2066 @43.087s 5%: 0.39+1.6+0.024 ms clock, 1.5+2.0/1.0/0+0.096 ms cpu, 132->132->112 MB, 104 MB goal, 0 MB stacks, 0 MB globals, 4 P
gc 2067 @43.089s 5%: 0.080+1.6+0.026 ms clock, 0.32+1.3/1.0/0.65+0.10 ms cpu, 112->122->112 MB, 114 MB goal, 0 MB stacks, 0 MB globals, 4 P
gc 2068 @43.094s 5%: 0.63+2.5+0.055 ms clock, 2.5+1.9/1.9/0+0.22 ms cpu, 132->132->122 MB, 112 MB goal, 0 MB stacks, 0 MB globals, 4 P
gc 2069 @43.098s 5%: 0.41+1.6+0.023 ms clock, 1.6+2.0/1.1/0.018+0.094 ms cpu, 122->132->132 MB, 129 MB goal, 0 MB stacks, 0 MB globals, 4 P
gc 2070 @43.103s 5%: 0.52+1.7+0.025 ms clock, 2.1+0.10/1.1/1.9+0.10 ms cpu, 142->142->112 MB, 132 MB goal, 0 MB stacks, 0 MB globals, 4 P
gc 2071 @43.107s 5%: 0.062+0.92+0.002 ms clock, 0.24+2.0/0.77/0+0.011 ms cpu, 112->112->102 MB, 118 MB goal, 0 MB stacks, 0 MB globals, 4 P
gc 2072 @43.109s 5%: 0.13+2.8+0.58 ms clock, 0.52+1.4/1.7/0+2.3 ms cpu, 122->142->142 MB, 102 MB goal, 0 MB stacks, 0 MB globals, 4 P
gc 2073 @43.113s 5%: 0.47+3.9+0.043 ms clock, 1.8+1.4/2.8/0+0.17 ms cpu, 142->152->132 MB, 142 MB goal, 0 MB stacks, 0 MB globals, 4 P
gc 2074 @43.119s 5%: 0.53+1.8+0.035 ms clock, 2.1+1.2/1.1/0+0.14 ms cpu, 152->152->132 MB, 132 MB goal, 0 MB stacks, 0 MB globals, 4 P
gc 2075 @43.121s 5%: 0.52+2.7+0.59 ms clock, 2.0+1.2/1.3/0.022+2.3 ms cpu, 132->152->132 MB, 155 MB goal, 0 MB stacks, 0 MB globals, 4 P
gc 2076 @43.127s 5%: 0.29+1.7+0.023 ms clock, 1.1+1.2/1.1/0+0.095 ms cpu, 152->162->112 MB, 149 MB goal, 0 MB stacks, 0 MB globals, 4 P
gc 2077 @43.131s 5%: 0.21+1.6+0.002 ms clock, 0.84+0.11/1.5/2.3+0.010 ms cpu, 142->142->112 MB, 143 MB goal, 0 MB stacks, 0 MB globals, 4 P
gc 2078 @43.142s 5%: 0.11+3.0+0.062 ms clock, 0.45+0/2.9/2.0+0.24 ms cpu, 142->142->112 MB, 143 MB goal, 0 MB stacks, 0 MB globals, 4 P
gc 2079 @43.147s 5%: 0.046+0.86+0.003 ms clock, 0.18+0.78/0.83/1.5+0.012 ms cpu, 112->112->102 MB, 118 MB goal, 0 MB stacks, 0 MB globals, 4 P
gc 2080 @43.152s 5%: 0.63+2.4+0.004 ms clock, 2.5+2.2/1.4/0+0.017 ms cpu, 132->132->122 MB, 104 MB goal, 0 MB stacks, 0 MB globals, 4 P
gc 2081 @43.155s 5%: 0.035+1.4+0.004 ms clock, 0.14+0.84/1.1/1.6+0.016 ms cpu, 122->122->102 MB, 130 MB goal, 0 MB stacks, 0 MB globals, 4 P
gc 2082 @43.166s 5%: 0.14+1.8+0.049 ms clock, 0.57+1.1/1.7/1.1+0.19 ms cpu, 122->122->112 MB, 130 MB goal, 0 MB stacks, 0 MB globals, 4 P
gc 2083 @43.178s 5%: 0.075+1.1+0.005 ms clock, 0.30+1.6/0.84/0+0.021 ms cpu, 132->132->102 MB, 129 MB goal, 0 MB stacks, 0 MB globals, 4 P
gc 2084 @43.179s 5%: 0.13+2.0+0.059 ms clock, 0.55+0.13/1.7/1.2+0.23 ms cpu, 122->122->122 MB, 130 MB goal, 0 MB stacks, 0 MB globals, 4 P
gc 2085 @43.187s 5%: 0.12+2.1+0.027 ms clock, 0.50+1.9/1.1/0+0.11 ms cpu, 132->142->122 MB, 122 MB goal, 0 MB stacks, 0 MB globals, 4 P
gc 2086 @43.190s 5%: 0.83+2.5+0.056 ms clock, 3.3+0.070/1.8/1.0+0.22 ms cpu, 122->132->122 MB, 143 MB goal, 0 MB stacks, 0 MB globals, 4 P
gc 2087 @43.196s 5%: 0.29+1.7+0.007 ms clock, 1.1+1.6/1.5/1.2+0.030 ms cpu, 142->142->112 MB, 143 MB goal, 0 MB stacks, 0 MB globals, 4 P
gc 2088 @43.199s 5%: 0.074+1.7+0.036 ms clock, 0.29+0.92/0.99/1.2+0.14 ms cpu, 122->132->112 MB, 129 MB goal, 0 MB stacks, 0 MB globals, 4 P
gc 2089 @43.204s 5%: 0.036+1.6+0.029 ms clock, 0.14+1.3/0.96/1.0+0.11 ms cpu, 112->122->112 MB, 114 MB goal, 0 MB stacks, 0 MB globals, 4 P
gc 2090 @43.209s 5%: 0.63+1.2+0.028 ms clock, 2.5+0/1.0/1.8+0.11 ms cpu, 122->122->112 MB, 114 MB goal, 0 MB stacks, 0 MB globals, 4 P
gc 2091 @43.223s 5%: 0.10+1.5+0.028 ms clock, 0.42+1.1/1.3/1.3+0.11 ms cpu, 122->122->112 MB, 114 MB goal, 0 MB stacks, 0 MB globals, 4 P
gc 2092 @43.225s 5%: 0.10+3.4+0.57 ms clock, 0.42+0.31/1.2/3.0+2.2 ms cpu, 122->132->122 MB, 129 MB goal, 0 MB stacks, 0 MB globals, 4 P
gc 2093 @43.233s 5%: 0.33+0.99+0.003 ms clock, 1.3+0.16/0.96/2.0+0.013 ms cpu, 132->132->102 MB, 129 MB goal, 0 MB stacks, 0 MB globals, 4 P
gc 2094 @43.863s 5%: 0.070+1.3+0.004 ms clock, 0.28+1.2/1.2/2.2+0.018 ms cpu, 102->102->102 MB, 105 MB goal, 0 MB stacks, 0 MB globals, 4 P
gc 2095 @43.865s 5%: 0.10+1.6+0.031 ms clock, 0.40+0.095/1.1/2.0+0.12 ms cpu, 112->112->112 MB, 118 MB goal, 0 MB stacks, 0 MB globals, 4 P
gc 2096 @43.903s 5%: 0.33+2.4+0.031 ms clock, 1.3+1.7/1.8/0.050+0.12 ms cpu, 122->122->112 MB, 114 MB goal, 0 MB stacks, 0 MB globals, 4 P
gc 2097 @43.907s 5%: 0.084+1.7+0.056 ms clock, 0.33+0.072/1.5/2.8+0.22 ms cpu, 122->122->112 MB, 130 MB goal, 0 MB stacks, 0 MB globals, 4 P
gc 2098 @43.938s 5%: 0.28+2.1+0.028 ms clock, 1.1+2.3/1.4/0+0.11 ms cpu, 132->132->112 MB, 129 MB goal, 0 MB stacks, 0 MB globals, 4 P
gc 2099 @43.941s 5%: 0.11+2.9+0.032 ms clock, 0.47+1.2/1.8/0+0.13 ms cpu, 132->142->132 MB, 143 MB goal, 0 MB stacks, 0 MB globals, 4 P
gc 2100 @43.952s 5%: 0.065+1.0+0.004 ms clock, 0.26+0.58/0.89/1.1+0.018 ms cpu, 142->142->102 MB, 143 MB goal, 0 MB stacks, 0 MB globals, 4 P
gc 2101 @43.955s 5%: 0.047+1.1+0.003 ms clock, 0.18+0.32/1.0/2.3+0.012 ms cpu, 112->112->102 MB, 118 MB goal, 0 MB stacks, 0 MB globals, 4 P
gc 2102 @43.964s 5%: 0.048+0.98+0.003 ms clock, 0.19+0/0.95/2.4+0.014 ms cpu, 122->122->102 MB, 114 MB goal, 0 MB stacks, 0 MB globals, 4 P
gc 2103 @43.967s 5%: 0.11+1.8+0.023 ms clock, 0.47+0.11/1.4/2.3+0.095 ms cpu, 122->122->112 MB, 114 MB goal, 0 MB stacks, 0 MB globals, 4 P
gc 2104 @43.974s 5%: 0.11+1.5+0.030 ms clock, 0.44+1.1/1.1/1.0+0.12 ms cpu, 122->122->112 MB, 114 MB goal, 0 MB stacks, 0 MB globals, 4 P
gc 2105 @43.976s 5%: 0.11+1.2+0.085 ms clock, 0.44+0.14/0.93/1.4+0.34 ms cpu, 122->132->122 MB, 129 MB goal, 0 MB stacks, 0 MB globals, 4 P
gc 2106 @43.981s 5%: 0.31+1.0+0.003 ms clock, 1.2+1.4/0.95/0.66+0.015 ms cpu, 132->132->102 MB, 129 MB goal, 0 MB stacks, 0 MB globals, 4 P
gc 2107 @43.986s 5%: 0.22+1.8+0.023 ms clock, 0.89+2.0/1.4/0+0.092 ms cpu, 142->142->112 MB, 119 MB goal, 0 MB stacks, 0 MB globals, 4 P
gc 2108 @43.989s 5%: 0.12+2.9+0.66 ms clock, 0.50+0.40/1.9/1.4+2.6 ms cpu, 132->142->132 MB, 119 MB goal, 0 MB stacks, 0 MB globals, 4 P
gc 2109 @43.993s 5%: 0.45+3.0+0.023 ms clock, 1.8+1.0/1.6/2.0+0.093 ms cpu, 132->142->112 MB, 132 MB goal, 0 MB stacks, 0 MB globals, 4 P
gc 2110 @43.999s 5%: 0.048+1.0+0.003 ms clock, 0.19+0/0.95/2.6+0.015 ms cpu, 112->112->102 MB, 118 MB goal, 0 MB stacks, 0 MB globals, 4 P
gc 2111 @44.006s 5%: 0.045+0.79+0.004 ms clock, 0.18+0.67/0.75/1.3+0.018 ms cpu, 102->102->102 MB, 105 MB goal, 0 MB stacks, 0 MB globals, 4 P
gc 2112 @44.007s 5%: 0.10+1.4+0.070 ms clock, 0.40+0.072/1.0/1.8+0.28 ms cpu, 112->112->112 MB, 102 MB goal, 0 MB stacks, 0 MB globals, 4 P
gc 2113 @44.011s 5%: 0.072+1.7+0.028 ms clock, 0.29+1.0/1.0/1.0+0.11 ms cpu, 112->122->112 MB, 114 MB goal, 0 MB stacks, 0 MB globals, 4 P
gc 2114 @44.016s 5%: 0.40+1.2+0.002 ms clock, 1.6+0.17/1.0/2.1+0.011 ms cpu, 122->122->112 MB, 114 MB goal, 0 MB stacks, 0 MB globals, 4 P
gc 2115 @44.024s 5%: 0.57+2.0+0.033 ms clock, 2.2+1.3/1.1/1.0+0.13 ms cpu, 122->132->122 MB, 112 MB goal, 0 MB stacks, 0 MB globals, 4 P
gc 2116 @44.027s 5%: 0.67+2.4+0.027 ms clock, 2.6+0.14/1.7/0.96+0.10 ms cpu, 122->132->122 MB, 122 MB goal, 0 MB stacks, 0 MB globals, 4 P
gc 2117 @44.030s 5%: 0.026+0.95+0.004 ms clock, 0.10+0.22/0.88/2.2+0.017 ms cpu, 122->122->102 MB, 122 MB goal, 0 MB stacks, 0 MB globals, 4 P
gc 2118 @44.036s 5%: 0.031+0.84+0.003 ms clock, 0.12+1.1/0.73/0.64+0.015 ms cpu, 102->102->102 MB, 105 MB goal, 0 MB stacks, 0 MB globals, 4 P
gc 2119 @44.038s 5%: 0.11+2.6+0.41 ms clock, 0.45+1.4/1.8/0+1.6 ms cpu, 122->122->122 MB, 102 MB goal, 0 MB stacks, 0 MB globals, 4 P
gc 2120 @44.041s 5%: 0.62+1.6+0.003 ms clock, 2.4+1.4/1.4/0.24+0.014 ms cpu, 122->122->112 MB, 130 MB goal, 0 MB stacks, 0 MB globals, 4 P
gc 2121 @44.045s 5%: 0.13+1.6+0.023 ms clock, 0.52+2.2/1.2/0+0.095 ms cpu, 132->132->112 MB, 129 MB goal, 0 MB stacks, 0 MB globals, 4 P
gc 2122 @44.047s 5%: 0.48+2.1+0.049 ms clock, 1.9+0.17/1.6/1.0+0.19 ms cpu, 132->132->132 MB, 143 MB goal, 0 MB stacks, 0 MB globals, 4 P
gc 2123 @44.052s 5%: 0.11+4.2+0.052 ms clock, 0.45+1.2/1.2/0+0.21 ms cpu, 142->152->122 MB, 134 MB goal, 0 MB stacks, 0 MB globals, 4 P
gc 2124 @44.057s 5%: 0.72+7.9+0.005 ms clock, 2.8+1.6/7.9/0.15+0.023 ms cpu, 142->152->122 MB, 134 MB goal, 0 MB stacks, 0 MB globals, 4 P
gc 2125 @44.067s 5%: 0.58+1.0+0.050 ms clock, 2.3+1.8/0.96/0+0.20 ms cpu, 152->152->122 MB, 134 MB goal, 0 MB stacks, 0 MB globals, 4 P
gc 2126 @44.076s 5%: 0.12+1.1+0.004 ms clock, 0.51+0.94/0.99/1.3+0.019 ms cpu, 142->142->102 MB, 143 MB goal, 0 MB stacks, 0 MB globals, 4 P
gc 2127 @44.085s 5%: 0.16+1.3+0.014 ms clock, 0.64+2.1/1.1/0+0.056 ms cpu, 122->122->112 MB, 114 MB goal, 0 MB stacks, 0 MB globals, 4 P
gc 2128 @44.088s 5%: 0.15+2.6+0.061 ms clock, 0.61+2.0/1.9/0+0.24 ms cpu, 132->132->132 MB, 112 MB goal, 0 MB stacks, 0 MB globals, 4 P
gc 2129 @44.091s 5%: 0.49+2.1+0.027 ms clock, 1.9+2.1/1.3/0+0.10 ms cpu, 132->132->122 MB, 132 MB goal, 0 MB stacks, 0 MB globals, 4 P
gc 2130 @44.094s 5%: 0.28+7.3+0.005 ms clock, 1.1+1.5/1.4/0+0.023 ms cpu, 122->152->132 MB, 122 MB goal, 0 MB stacks, 0 MB globals, 4 P
gc 2131 @44.102s 5%: 0.043+1.4+0.040 ms clock, 0.17+2.0/1.2/0.025+0.16 ms cpu, 132->132->102 MB, 143 MB goal, 0 MB stacks, 0 MB globals, 4 P
gc 2132 @44.105s 5%: 0.16+2.1+0.12 ms clock, 0.64+1.6/1.4/0+0.49 ms cpu, 132->142->122 MB, 143 MB goal, 0 MB stacks, 0 MB globals, 4 P
gc 2133 @44.116s 5%: 0.10+1.9+0.052 ms clock, 0.42+1.0/1.0/1.8+0.21 ms cpu, 142->142->112 MB, 143 MB goal, 0 MB stacks, 0 MB globals, 4 P
gc 2134 @44.121s 5%: 0.15+1.1+0.054 ms clock, 0.62+0.92/0.98/0.88+0.21 ms cpu, 142->142->112 MB, 143 MB goal, 0 MB stacks, 0 MB globals, 4 P
gc 2135 @44.123s 5%: 0.10+1.3+0.051 ms clock, 0.40+2.0/1.1/0.015+0.20 ms cpu, 122->122->112 MB, 130 MB goal, 0 MB stacks, 0 MB globals, 4 P
gc 2136 @44.125s 5%: 0.31+4.0+0.083 ms clock, 1.2+0.24/2.3/1.5+0.33 ms cpu, 132->152->142 MB, 134 MB goal, 0 MB stacks, 0 MB globals, 4 P
gc 2137 @44.130s 5%: 0.58+2.7+0.47 ms clock, 2.3+2.0/1.7/0+1.9 ms cpu, 142->152->132 MB, 142 MB goal, 0 MB stacks, 0 MB globals, 4 P
gc 2138 @44.134s 5%: 0.18+1.2+0.040 ms clock, 0.75+1.7/0.65/0+0.16 ms cpu, 142->152->132 MB, 135 MB goal, 0 MB stacks, 0 MB globals, 4 P
gc 2139 @44.136s 5%: 0.45+6.8+0.48 ms clock, 1.8+1.3/6.2/0.054+1.9 ms cpu, 142->162->142 MB, 149 MB goal, 0 MB stacks, 0 MB globals, 4 P
gc 2140 @44.145s 5%: 0.55+1.7+0.034 ms clock, 2.2+0.11/1.5/1.1+0.13 ms cpu, 162->162->122 MB, 149 MB goal, 0 MB stacks, 0 MB globals, 4 P
gc 2141 @44.156s 5%: 0.15+1.9+0.070 ms clock, 0.63+1.2/1.2/0+0.28 ms cpu, 152->152->122 MB, 155 MB goal, 0 MB stacks, 0 MB globals, 4 P
gc 2142 @44.160s 5%: 0.087+1.2+0.002 ms clock, 0.34+0.32/1.1/2.0+0.011 ms cpu, 132->132->112 MB, 143 MB goal, 0 MB stacks, 0 MB globals, 4 P
gc 2143 @44.163s 5%: 0.035+0.84+0.003 ms clock, 0.14+0.76/0.76/1.3+0.012 ms cpu, 112->112->102 MB, 118 MB goal, 0 MB stacks, 0 MB globals, 4 P
gc 2144 @44.171s 5%: 0.37+1.6+0.023 ms clock, 1.5+0.81/0.98/1.1+0.094 ms cpu, 122->122->112 MB, 114 MB goal, 0 MB stacks, 0 MB globals, 4 P
gc 2145 @44.174s 5%: 0.12+2.2+0.047 ms clock, 0.50+0.069/1.5/2.2+0.19 ms cpu, 122->122->112 MB, 130 MB goal, 0 MB stacks, 0 MB globals, 4 P
gc 2146 @44.182s 5%: 0.13+3.7+0.036 ms clock, 0.53+1.5/3.1/0+0.14 ms cpu, 132->132->112 MB, 129 MB goal, 0 MB stacks, 0 MB globals, 4 P
gc 2147 @44.192s 5%: 0.074+1.1+0.002 ms clock, 0.29+0.16/1.0/1.8+0.011 ms cpu, 132->132->102 MB, 129 MB goal, 0 MB stacks, 0 MB globals, 4 P
gc 2148 @44.195s 5%: 0.029+0.97+0.003 ms clock, 0.11+1.3/0.69/0.63+0.015 ms cpu, 102->102->102 MB, 105 MB goal, 0 MB stacks, 0 MB globals, 4 P
gc 2149 @44.196s 5%: 0.16+1.9+0.34 ms clock, 0.64+1.3/1.3/0+1.3 ms cpu, 112->122->122 MB, 102 MB goal, 0 MB stacks, 0 MB globals, 4 P
gc 2150 @44.199s 5%: 0.38+1.8+0.045 ms clock, 1.5+1.7/0.96/0.020+0.18 ms cpu, 122->132->122 MB, 129 MB goal, 0 MB stacks, 0 MB globals, 4 P
gc 2151 @44.203s 5%: 0.51+2.0+0.050 ms clock, 2.0+1.5/1.4/0.21+0.20 ms cpu, 142->142->112 MB, 122 MB goal, 0 MB stacks, 0 MB globals, 4 P
gc 2152 @44.212s 5%: 0.11+1.2+0.051 ms clock, 0.44+0.10/1.1/2.1+0.20 ms cpu, 132->132->112 MB, 129 MB goal, 0 MB stacks, 0 MB globals, 4 P
gc 2153 @44.229s 5%: 0.074+0.91+0.004 ms clock, 0.29+0.12/0.85/2.2+0.018 ms cpu, 132->132->102 MB, 129 MB goal, 0 MB stacks, 0 MB globals, 4 P
gc 2154 @44.232s 5%: 0.034+1.0+0.004 ms clock, 0.13+0.98/0.93/0.85+0.016 ms cpu, 102->102->102 MB, 105 MB goal, 0 MB stacks, 0 MB globals, 4 P
gc 2155 @44.233s 5%: 0.84+2.5+0.023 ms clock, 3.3+1.7/1.1/0.26+0.095 ms cpu, 112->112->112 MB, 118 MB goal, 0 MB stacks, 0 MB globals, 4 P
gc 2156 @44.237s 5%: 0.14+3.6+0.026 ms clock, 0.57+3.5/1.6/0+0.10 ms cpu, 122->132->122 MB, 112 MB goal, 0 MB stacks, 0 MB globals, 4 P
gc 2157 @44.242s 5%: 0.048+1.1+0.002 ms clock, 0.19+0.64/1.0/1.3+0.011 ms cpu, 122->122->102 MB, 122 MB goal, 0 MB stacks, 0 MB globals, 4 P
gc 2158 @44.912s 5%: 0.16+1.3+0.004 ms clock, 0.67+1.3/1.2/2.2+0.018 ms cpu, 122->122->102 MB, 114 MB goal, 0 MB stacks, 0 MB globals, 4 P
gc 2159 @44.924s 5%: 0.097+1.2+0.006 ms clock, 0.39+0/1.2/2.7+0.025 ms cpu, 122->122->102 MB, 114 MB goal, 0 MB stacks, 0 MB globals, 4 P
gc 2160 @44.942s 5%: 0.081+1.9+0.004 ms clock, 0.32+1.7/1.6/0+0.018 ms cpu, 102->102->102 MB, 105 MB goal, 0 MB stacks, 0 MB globals, 4 P
gc 2161 @44.944s 5%: 0.13+3.0+0.024 ms clock, 0.55+1.4/1.2/0.47+0.097 ms cpu, 112->112->112 MB, 118 MB goal, 0 MB stacks, 0 MB globals, 4 P
gc 2162 @44.948s 5%: 0.13+2.0+0.36 ms clock, 0.54+1.2/1.2/0+1.4 ms cpu, 132->132->132 MB, 112 MB goal, 0 MB stacks, 0 MB globals, 4 P
gc 2163 @44.952s 5%: 0.11+6.2+0.004 ms clock, 0.45+2.0/2.5/0+0.016 ms cpu, 132->152->132 MB, 155 MB goal, 0 MB stacks, 0 MB globals, 4 P
gc 2164 @44.962s 5%: 0.065+0.97+0.003 ms clock, 0.26+0.071/0.75/2.2+0.014 ms cpu, 152->152->102 MB, 155 MB goal, 0 MB stacks, 0 MB globals, 4 P
gc 2165 @44.978s 5%: 0.075+0.91+0.003 ms clock, 0.30+0.17/0.73/1.8+0.014 ms cpu, 142->142->102 MB, 155 MB goal, 0 MB stacks, 0 MB globals, 4 P
gc 2166 @44.980s 5%: 0.039+1.0+0.002 ms clock, 0.15+0.89/0.89/1.5+0.011 ms cpu, 102->102->102 MB, 105 MB goal, 0 MB stacks, 0 MB globals, 4 P
gc 2167 @44.981s 5%: 0.10+3.3+0.38 ms clock, 0.41+0.95/1.3/0.99+1.5 ms cpu, 112->122->122 MB, 114 MB goal, 0 MB stacks, 0 MB globals, 4 P
gc 2168 @44.986s 5%: 0.84+2.7+0.029 ms clock, 3.3+1.3/1.8/0+0.11 ms cpu, 122->132->122 MB, 122 MB goal, 0 MB stacks, 0 MB globals, 4 P
gc 2169 @44.990s 5%: 0.58+2.2+0.027 ms clock, 2.3+1.7/0.82/0+0.10 ms cpu, 132->142->132 MB, 122 MB goal, 0 MB stacks, 0 MB globals, 4 P
gc 2170 @44.993s 5%: 0.48+2.7+0.031 ms clock, 1.9+1.9/1.3/0+0.12 ms cpu, 132->142->122 MB, 143 MB goal, 0 MB stacks, 0 MB globals, 4 P
gc 2171 @44.997s 5%: 0.081+2.5+0.004 ms clock, 0.32+1.3/2.4/0+0.016 ms cpu, 142->142->122 MB, 143 MB goal, 0 MB stacks, 0 MB globals, 4 P
gc 2172 @45.000s 5%: 0.11+1.7+0.025 ms clock, 0.46+1.2/1.4/0+0.10 ms cpu, 142->142->122 MB, 143 MB goal, 0 MB stacks, 0 MB globals, 4 P
gc 2173 @45.015s 5%: 0.082+0.96+0.003 ms clock, 0.33+0.14/0.89/2.2+0.013 ms cpu, 142->142->102 MB, 143 MB goal, 0 MB stacks, 0 MB globals, 4 P
gc 2174 @45.018s 5%: 0.047+0.99+0.003 ms clock, 0.18+1.5/0.93/0.66+0.014 ms cpu, 102->102->102 MB, 105 MB goal, 0 MB stacks, 0 MB globals, 4 P
gc 2175 @45.020s 5%: 0.82+1.9+0.56 ms clock, 3.3+1.6/1.6/0+2.2 ms cpu, 122->122->122 MB, 102 MB goal, 0 MB stacks, 0 MB globals, 4 P
gc 2176 @45.024s 5%: 0.65+1.1+0.002 ms clock, 2.6+0.54/1.0/1.8+0.011 ms cpu, 122->122->102 MB, 130 MB goal, 0 MB stacks, 0 MB globals, 4 P
gc 2177 @45.033s 5%: 0.57+1.9+0.025 ms clock, 2.3+0.054/1.0/2.0+0.10 ms cpu, 132->132->112 MB, 129 MB goal, 0 MB stacks, 0 MB globals, 4 P
gc 2178 @45.045s 5%: 0.49+1.2+0.005 ms clock, 1.9+0.59/1.1/1.7+0.020 ms cpu, 132->132->102 MB, 129 MB goal, 0 MB stacks, 0 MB globals, 4 P
gc 2179 @45.049s 5%: 0.057+1.1+0.003 ms clock, 0.22+0.90/1.0/1.8+0.014 ms cpu, 112->112->102 MB, 118 MB goal, 0 MB stacks, 0 MB globals, 4 P
gc 2180 @45.051s 5%: 0.61+2.0+0.085 ms clock, 2.4+1.4/1.4/0+0.34 ms cpu, 132->132->132 MB, 105 MB goal, 0 MB stacks, 0 MB globals, 4 P
gc 2181 @45.054s 5%: 0.71+1.8+0.18 ms clock, 2.8+0.22/1.6/1.7+0.72 ms cpu, 132->132->122 MB, 143 MB goal, 0 MB stacks, 0 MB globals, 4 P
gc 2182 @45.060s 5%: 0.31+3.0+0.004 ms clock, 1.2+1.0/2.9/0.97+0.018 ms cpu, 142->142->112 MB, 143 MB goal, 0 MB stacks, 0 MB globals, 4 P
gc 2183 @45.068s 5%: 0.051+1.0+0.003 ms clock, 0.20+0/0.96/2.4+0.013 ms cpu, 142->142->102 MB, 143 MB goal, 0 MB stacks, 0 MB globals, 4 P
gc 2184 @45.072s 5%: 0.10+2.0+0.053 ms clock, 0.43+1.0/1.1/1.5+0.21 ms cpu, 132->142->112 MB, 143 MB goal, 0 MB stacks, 0 MB globals, 4 P
gc 2185 @45.080s 5%: 0.058+1.1+0.003 ms clock, 0.23+0.61/0.99/1.4+0.015 ms cpu, 122->122->102 MB, 114 MB goal, 0 MB stacks, 0 MB globals, 4 P
gc 2186 @45.093s 5%: 0.64+1.6+0.029 ms clock, 2.5+1.2/1.2/1.1+0.11 ms cpu, 122->122->112 MB, 114 MB goal, 0 MB stacks, 0 MB globals, 4 P
gc 2187 @45.097s 5%: 0.10+1.8+0.024 ms clock, 0.41+0.16/1.1/1.6+0.099 ms cpu, 122->122->112 MB, 130 MB goal, 0 MB stacks, 0 MB globals, 4 P
gc 2188 @45.104s 5%: 0.71+2.2+0.024 ms clock, 2.8+2.2/0.92/0+0.099 ms cpu, 132->132->122 MB, 129 MB goal, 0 MB stacks, 0 MB globals, 4 P
gc 2189 @45.108s 5%: 0.73+1.1+0.56 ms clock, 2.9+1.6/0.89/0+2.2 ms cpu, 152->152->132 MB, 122 MB goal, 0 MB stacks, 0 MB globals, 4 P
gc 2190 @45.111s 5%: 0.61+2.7+0.068 ms clock, 2.4+2.7/2.3/0+0.27 ms cpu, 132->142->132 MB, 132 MB goal, 0 MB stacks, 0 MB globals, 4 P
gc 2191 @45.114s 5%: 0.13+1.5+0.056 ms clock, 0.53+0.98/1.3/0+0.22 ms cpu, 142->152->132 MB, 132 MB goal, 0 MB stacks, 0 MB globals, 4 P
gc 2192 @45.117s 5%: 0.39+2.7+0.006 ms clock, 1.5+0.53/2.5/0.024+0.026 ms cpu, 132->142->122 MB, 132 MB goal, 0 MB stacks, 0 MB globals, 4 P
gc 2193 @45.120s 5%: 0.13+2.7+0.036 ms clock, 0.53+0.87/1.4/0.85+0.14 ms cpu, 132->142->122 MB, 143 MB goal, 0 MB stacks, 0 MB globals, 4 P
gc 2194 @45.125s 5%: 0.51+2.4+0.028 ms clock, 2.0+0/1.6/1.1+0.11 ms cpu, 142->152->122 MB, 134 MB goal, 0 MB stacks, 0 MB globals, 4 P
gc 2195 @45.130s 5%: 0.086+1.5+0.037 ms clock, 0.34+1.7/0.96/0+0.14 ms cpu, 122->122->112 MB, 130 MB goal, 0 MB stacks, 0 MB globals, 4 P
gc 2196 @45.132s 5%: 0.070+3.3+0.070 ms clock, 0.28+0.068/1.9/2.1+0.28 ms cpu, 132->142->132 MB, 119 MB goal, 0 MB stacks, 0 MB globals, 4 P
gc 2197 @45.136s 5%: 0.50+3.0+0.029 ms clock, 2.0+1.1/1.7/0.35+0.11 ms cpu, 132->142->122 MB, 132 MB goal, 0 MB stacks, 0 MB globals, 4 P
gc 2198 @45.140s 5%: 0.64+5.9+0.031 ms clock, 2.5+3.6/3.2/0+0.12 ms cpu, 122->142->122 MB, 143 MB goal, 0 MB stacks, 0 MB globals, 4 P
gc 2199 @45.147s 5%: 0.76+5.0+0.006 ms clock, 3.0+2.4/0/0+0.027 ms cpu, 142->152->112 MB, 134 MB goal, 0 MB stacks, 0 MB globals, 4 P
gc 2200 @45.155s 5%: 0.17+1.3+0.003 ms clock, 0.68+0.59/1.1/1.0+0.012 ms cpu, 142->142->102 MB, 143 MB goal, 0 MB stacks, 0 MB globals, 4 P
gc 2201 @45.161s 5%: 0.13+1.9+0.032 ms clock, 0.54+0.57/1.3/1.4+0.13 ms cpu, 132->142->122 MB, 143 MB goal, 0 MB stacks, 0 MB globals, 4 P
gc 2202 @45.167s 5%: 0.039+1.9+0.025 ms clock, 0.15+0.058/1.2/2.5+0.10 ms cpu, 122->132->112 MB, 129 MB goal, 0 MB stacks, 0 MB globals, 4 P
gc 2203 @45.172s 5%: 0.063+1.0+0.003 ms clock, 0.25+0/0.94/1.7+0.013 ms cpu, 112->112->102 MB, 118 MB goal, 0 MB stacks, 0 MB globals, 4 P
gc 2204 @45.175s 5%: 0.053+1.0+0.004 ms clock, 0.21+0.80/0.83/1.5+0.017 ms cpu, 102->102->102 MB, 105 MB goal, 0 MB stacks, 0 MB globals, 4 P
gc 2205 @45.177s 5%: 0.61+1.8+0.046 ms clock, 2.4+0.059/1.3/2.1+0.18 ms cpu, 112->122->122 MB, 114 MB goal, 0 MB stacks, 0 MB globals, 4 P
gc 2206 @45.181s 5%: 0.64+1.9+0.026 ms clock, 2.5+1.3/1.3/0.67+0.10 ms cpu, 122->132->122 MB, 122 MB goal, 0 MB stacks, 0 MB globals, 4 P
gc 2207 @45.184s 5%: 0.10+1.5+0.071 ms clock, 0.41+0.070/0.98/2.0+0.28 ms cpu, 122->122->112 MB, 122 MB goal, 0 MB stacks, 0 MB globals, 4 P
gc 2208 @45.189s 5%: 0.10+1.7+0.004 ms clock, 0.43+1.4/1.7/0+0.018 ms cpu, 122->122->112 MB, 114 MB goal, 0 MB stacks, 0 MB globals, 4 P
gc 2209 @45.192s 5%: 0.13+2.4+0.59 ms clock, 0.53+0.16/1.2/1.9+2.3 ms cpu, 122->132->122 MB, 129 MB goal, 0 MB stacks, 0 MB globals, 4 P
gc 2210 @45.203s 5%: 0.045+0.99+0.003 ms clock, 0.18+0/0.94/1.6+0.014 ms cpu, 132->132->102 MB, 129 MB goal, 0 MB stacks, 0 MB globals, 4 P
gc 2211 @45.208s 5%: 0.13+2.0+0.026 ms clock, 0.53+1.5/1.4/0.35+0.10 ms cpu, 132->142->132 MB, 119 MB goal, 0 MB stacks, 0 MB globals, 4 P
gc 2212 @45.210s 5%: 0.75+2.3+0.054 ms clock, 3.0+0.21/1.6/1.3+0.21 ms cpu, 132->142->122 MB, 132 MB goal, 0 MB stacks, 0 MB globals, 4 P
gc 2213 @45.214s 5%: 0.040+1.8+0.040 ms clock, 0.16+0.56/1.1/1.4+0.16 ms cpu, 122->132->112 MB, 129 MB goal, 0 MB stacks, 0 MB globals, 4 P
gc 2214 @45.234s 5%: 0.093+1.2+0.003 ms clock, 0.37+0/1.1/2.7+0.014 ms cpu, 132->132->102 MB, 130 MB goal, 0 MB stacks, 0 MB globals, 4 P
gc 2215 @45.245s 5%: 0.69+1.0+0.003 ms clock, 2.7+0.60/1.0/1.5+0.013 ms cpu, 132->132->102 MB, 129 MB goal, 0 MB stacks, 0 MB globals, 4 P
gc 2216 @45.877s 5%: 0.066+1.3+0.003 ms clock, 0.26+1.2/1.3/2.2+0.014 ms cpu, 102->102->102 MB, 105 MB goal, 0 MB stacks, 0 MB globals, 4 P
gc 2217 @45.879s 5%: 0.26+2.3+0.030 ms clock, 1.0+0.10/1.5/1.8+0.12 ms cpu, 112->112->112 MB, 118 MB goal, 0 MB stacks, 0 MB globals, 4 P
gc 2218 @45.918s 5%: 0.080+1.3+0.005 ms clock, 0.32+0.84/1.1/1.9+0.020 ms cpu, 122->122->102 MB, 114 MB goal, 0 MB stacks, 0 MB globals, 4 P
gc 2219 @45.929s 5%: 0.085+1.2+0.005 ms clock, 0.34+0/1.0/3.0+0.023 ms cpu, 122->122->102 MB, 114 MB goal, 0 MB stacks, 0 MB globals, 4 P
gc 2220 @45.956s 5%: 0.15+1.4+0.033 ms clock, 0.60+1.1/1.1/0.87+0.13 ms cpu, 122->122->112 MB, 114 MB goal, 0 MB stacks, 0 MB globals, 4 P
gc 2221 @45.958s 5%: 0.16+3.7+0.027 ms clock, 0.67+3.0/2.1/0+0.10 ms cpu, 132->132->122 MB, 112 MB goal, 0 MB stacks, 0 MB globals, 4 P
gc 2222 @45.963s 5%: 0.031+1.6+0.028 ms clock, 0.12+1.6/0.99/0+0.11 ms cpu, 122->132->112 MB, 122 MB goal, 0 MB stacks, 0 MB globals, 4 P
gc 2223 @45.965s 5%: 0.59+2.2+0.47 ms clock, 2.3+1.3/1.3/0+1.9 ms cpu, 132->132->132 MB, 112 MB goal, 0 MB stacks, 0 MB globals, 4 P
gc 2224 @45.968s 5%: 0.60+1.7+0.032 ms clock, 2.4+0.96/1.0/0.78+0.12 ms cpu, 132->142->112 MB, 143 MB goal, 0 MB stacks, 0 MB globals, 4 P
gc 2225 @45.981s 5%: 0.044+0.93+0.003 ms clock, 0.17+0/0.78/2.0+0.014 ms cpu, 142->142->102 MB, 143 MB goal, 0 MB stacks, 0 MB globals, 4 P
gc 2226 @45.988s 5%: 0.029+0.91+0.002 ms clock, 0.11+0.76/0.84/1.4+0.011 ms cpu, 102->102->102 MB, 105 MB goal, 0 MB stacks, 0 MB globals, 4 P
gc 2227 @45.989s 5%: 0.11+1.4+0.069 ms clock, 0.44+0.069/0.91/1.5+0.27 ms cpu, 112->112->112 MB, 102 MB goal, 0 MB stacks, 0 MB globals, 4 P
gc 2228 @45.996s 5%: 0.038+0.90+0.004 ms clock, 0.15+1.5/0.75/0.056+0.017 ms cpu, 112->112->102 MB, 118 MB goal, 0 MB stacks, 0 MB globals, 4 P
gc 2229 @45.999s 5%: 0.35+4.3+0.026 ms clock, 1.4+1.4/0.66/0+0.10 ms cpu, 142->142->132 MB, 102 MB goal, 0 MB stacks, 0 MB globals, 4 P
gc 2230 @46.004s 5%: 0.054+1.2+0.004 ms clock, 0.21+1.5/0.95/0+0.017 ms cpu, 132->132->102 MB, 132 MB goal, 0 MB stacks, 0 MB globals, 4 P
gc 2231 @46.007s 5%: 0.51+2.2+0.032 ms clock, 2.0+1.2/1.5/0+0.13 ms cpu, 152->152->152 MB, 102 MB goal, 0 MB stacks, 0 MB globals, 4 P
gc 2232 @46.011s 5%: 0.61+1.0+0.002 ms clock, 2.4+0.98/0.99/0.74+0.011 ms cpu, 152->152->102 MB, 168 MB goal, 0 MB stacks, 0 MB globals, 4 P
gc 2233 @46.031s 5%: 0.058+1.1+0.003 ms clock, 0.23+0/0.93/2.7+0.013 ms cpu, 152->152->102 MB, 168 MB goal, 0 MB stacks, 0 MB globals, 4 P
gc 2234 @46.034s 5%: 0.031+1.0+0.003 ms clock, 0.12+0.92/0.95/1.5+0.012 ms cpu, 102->102->102 MB, 105 MB goal, 0 MB stacks, 0 MB globals, 4 P
gc 2235 @46.036s 5%: 0.12+2.3+0.022 ms clock, 0.49+0.089/1.1/1.9+0.089 ms cpu, 112->112->112 MB, 118 MB goal, 0 MB stacks, 0 MB globals, 4 P
gc 2236 @46.040s 5%: 0.65+1.4+0.028 ms clock, 2.6+0.10/1.0/1.6+0.11 ms cpu, 122->122->112 MB, 114 MB goal, 0 MB stacks, 0 MB globals, 4 P
gc 2237 @46.046s 5%: 0.11+0.93+0.049 ms clock, 0.44+0.80/0.76/0.74+0.19 ms cpu, 122->122->112 MB, 114 MB goal, 0 MB stacks, 0 MB globals, 4 P
gc 2238 @46.048s 5%: 0.61+5.4+0.004 ms clock, 2.4+0.068/1.4/2.4+0.016 ms cpu, 122->132->122 MB, 129 MB goal, 0 MB stacks, 0 MB globals, 4 P
gc 2239 @46.058s 5%: 0.24+3.1+0.004 ms clock, 0.96+1.0/1.1/0+0.019 ms cpu, 142->142->122 MB, 122 MB goal, 0 MB stacks, 0 MB globals, 4 P
gc 2240 @46.061s 5%: 0.16+1.5+0.054 ms clock, 0.64+1.7/0.93/0+0.21 ms cpu, 122->142->122 MB, 122 MB goal, 0 MB stacks, 0 MB globals, 4 P
gc 2241 @46.063s 5%: 0.49+4.5+0.015 ms clock, 1.9+1.1/1.7/0+0.062 ms cpu, 122->132->132 MB, 129 MB goal, 0 MB stacks, 0 MB globals, 4 P
gc 2242 @46.069s 5%: 0.11+1.3+0.024 ms clock, 0.45+1.0/0.93/0.63+0.099 ms cpu, 142->142->112 MB, 132 MB goal, 0 MB stacks, 0 MB globals, 4 P
gc 2243 @46.072s 5%: 0.23+2.3+0.040 ms clock, 0.92+1.3/1.8/0.35+0.16 ms cpu, 132->132->122 MB, 129 MB goal, 0 MB stacks, 0 MB globals, 4 P
gc 2244 @46.076s 5%: 0.17+1.5+0.045 ms clock, 0.70+1.0/1.0/0+0.18 ms cpu, 152->152->132 MB, 122 MB goal, 0 MB stacks, 0 MB globals, 4 P
gc 2245 @46.078s 5%: 0.41+2.8+0.055 ms clock, 1.6+1.1/1.4/0+0.22 ms cpu, 132->142->132 MB, 132 MB goal, 0 MB stacks, 0 MB globals, 4 P
gc 2246 @46.082s 5%: 0.53+2.3+0.10 ms clock, 2.1+0.14/1.7/1.5+0.42 ms cpu, 132->152->132 MB, 155 MB goal, 0 MB stacks, 0 MB globals, 4 P
gc 2247 @46.102s 5%: 0.065+0.82+0.004 ms clock, 0.26+0/0.78/2.0+0.016 ms cpu, 152->152->102 MB, 155 MB goal, 0 MB stacks, 0 MB globals, 4 P
gc 2248 @46.107s 5%: 0.034+0.92+0.002 ms clock, 0.13+0.79/0.80/1.3+0.011 ms cpu, 102->102->102 MB, 105 MB goal, 0 MB stacks, 0 MB globals, 4 P
gc 2249 @46.108s 5%: 0.077+1.6+0.041 ms clock, 0.30+0.056/0.85/1.4+0.16 ms cpu, 112->112->112 MB, 118 MB goal, 0 MB stacks, 0 MB globals, 4 P
gc 2250 @46.112s 5%: 0.075+1.8+0.028 ms clock, 0.30+0.87/1.4/1.6+0.11 ms cpu, 122->122->112 MB, 114 MB goal, 0 MB stacks, 0 MB globals, 4 P
gc 2251 @46.115s 5%: 0.59+0.96+0.51 ms clock, 2.3+1.2/0.80/0.089+2.0 ms cpu, 112->132->122 MB, 112 MB goal, 0 MB stacks, 0 MB globals, 4 P
gc 2252 @46.117s 5%: 0.57+2.3+0.037 ms clock, 2.2+1.8/1.8/0+0.14 ms cpu, 122->132->132 MB, 122 MB goal, 0 MB stacks, 0 MB globals, 4 P
gc 2253 @46.120s 5%: 0.17+2.2+0.045 ms clock, 0.71+2.1/1.6/0+0.18 ms cpu, 132->142->122 MB, 132 MB goal, 0 MB stacks, 0 MB globals, 4 P
gc 2254 @46.123s 5%: 0.50+1.6+0.049 ms clock, 2.0+1.5/0.97/0+0.19 ms cpu, 122->142->132 MB, 122 MB goal, 0 MB stacks, 0 MB globals, 4 P
gc 2255 @46.126s 5%: 0.10+1.3+0.002 ms clock, 0.43+1.7/1.1/0+0.011 ms cpu, 132->132->102 MB, 132 MB goal, 0 MB stacks, 0 MB globals, 4 P
gc 2256 @46.129s 5%: 0.35+2.8+0.024 ms clock, 1.4+2.4/1.4/0+0.098 ms cpu, 142->142->132 MB, 102 MB goal, 0 MB stacks, 0 MB globals, 4 P
gc 2257 @46.133s 5%: 0.076+1.2+0.003 ms clock, 0.30+1.0/0.78/0.46+0.014 ms cpu, 132->132->102 MB, 143 MB goal, 0 MB stacks, 0 MB globals, 4 P
gc 2258 @46.140s 5%: 0.43+1.7+0.026 ms clock, 1.7+1.3/1.3/0.34+0.10 ms cpu, 142->142->112 MB, 143 MB goal, 0 MB stacks, 0 MB globals, 4 P
gc 2259 @46.148s 5%: 0.067+0.90+0.003 ms clock, 0.26+0.60/0.82/1.6+0.013 ms cpu, 142->142->102 MB, 143 MB goal, 0 MB stacks, 0 MB globals, 4 P
gc 2260 @46.150s 5%: 0.10+0.96+0.002 ms clock, 0.41+1.7/0.82/0.41+0.010 ms cpu, 112->112->102 MB, 118 MB goal, 0 MB stacks, 0 MB globals, 4 P
gc 2261 @46.152s 5%: 0.11+1.7+0.47 ms clock, 0.47+0.17/1.4/1.0+1.9 ms cpu, 122->122->122 MB, 114 MB goal, 0 MB stacks, 0 MB globals, 4 P
gc 2262 @46.154s 5%: 0.76+4.6+0.57 ms clock, 3.0+1.6/0.92/0+2.2 ms cpu, 122->152->132 MB, 134 MB goal, 0 MB stacks, 0 MB globals, 4 P
gc 2263 @46.161s 5%: 0.12+2.3+0.028 ms clock, 0.48+1.7/1.5/0.055+0.11 ms cpu, 142->142->112 MB, 143 MB goal, 0 MB stacks, 0 MB globals, 4 P
gc 2264 @46.166s 5%: 0.52+1.7+0.030 ms clock, 2.1+1.1/1.4/0.56+0.12 ms cpu, 142->142->122 MB, 143 MB goal, 0 MB stacks, 0 MB globals, 4 P
gc 2265 @46.177s 5%: 0.063+0.96+0.003 ms clock, 0.25+0.14/0.89/2.3+0.014 ms cpu, 142->142->102 MB, 143 MB goal, 0 MB stacks, 0 MB globals, 4 P
gc 2266 @46.183s 5%: 0.039+1.0+0.004 ms clock, 0.15+1.5/0.91/0.71+0.019 ms cpu, 102->102->102 MB, 105 MB goal, 0 MB stacks, 0 MB globals, 4 P
gc 2267 @46.185s 5%: 0.61+3.1+0.56 ms clock, 2.4+2.1/2.7/0+2.2 ms cpu, 122->122->122 MB, 102 MB goal, 0 MB stacks, 0 MB globals, 4 P
gc 2268 @46.189s 5%: 0.11+1.0+0.003 ms clock, 0.44+0.72/0.95/0.88+0.012 ms cpu, 122->122->102 MB, 130 MB goal, 0 MB stacks, 0 MB globals, 4 P
gc 2269 @46.194s 5%: 0.039+0.88+0.004 ms clock, 0.15+0/0.78/2.0+0.017 ms cpu, 122->122->102 MB, 130 MB goal, 0 MB stacks, 0 MB globals, 4 P
gc 2270 @46.198s 5%: 0.027+1.1+0.003 ms clock, 0.11+1.6/0.99/0+0.015 ms cpu, 102->102->102 MB, 105 MB goal, 0 MB stacks, 0 MB globals, 4 P
gc 2271 @46.199s 5%: 0.14+2.3+0.51 ms clock, 0.56+1.5/1.5/0+2.0 ms cpu, 122->122->122 MB, 102 MB goal, 0 MB stacks, 0 MB globals, 4 P
gc 2272 @46.202s 5%: 0.49+2.3+0.022 ms clock, 1.9+1.2/1.7/0.96+0.091 ms cpu, 122->132->122 MB, 129 MB goal, 0 MB stacks, 0 MB globals, 4 P
gc 2273 @46.208s 5%: 0.094+1.0+0.003 ms clock, 0.37+0.16/0.75/2.0+0.013 ms cpu, 132->132->102 MB, 129 MB goal, 0 MB stacks, 0 MB globals, 4 P
gc 2274 @46.212s 5%: 0.10+1.0+0.002 ms clock, 0.43+0.39/0.99/1.8+0.010 ms cpu, 122->122->102 MB, 130 MB goal, 0 MB stacks, 0 MB globals, 4 P
gc 2275 @46.215s 5%: 0.033+1.3+0.004 ms clock, 0.13+1.2/1.2/0+0.018 ms cpu, 102->102->102 MB, 105 MB goal, 0 MB stacks, 0 MB globals, 4 P
gc 2276 @46.216s 5%: 0.12+2.2+0.045 ms clock, 0.48+1.2/1.0/0+0.18 ms cpu, 122->122->122 MB, 102 MB goal, 0 MB stacks, 0 MB globals, 4 P
gc 2277 @46.220s 5%: 0.53+2.0+0.025 ms clock, 2.1+1.5/1.0/0.077+0.10 ms cpu, 122->132->122 MB, 129 MB goal, 0 MB stacks, 0 MB globals, 4 P
gc 2278 @46.225s 5%: 0.54+1.0+0.002 ms clock, 2.1+0/0.91/2.2+0.011 ms cpu, 132->132->102 MB, 129 MB goal, 0 MB stacks, 0 MB globals, 4 P
gc 2279 @46.235s 5%: 0.043+1.0+0.003 ms clock, 0.17+0.94/1.0/1.8+0.013 ms cpu, 102->102->102 MB, 105 MB goal, 0 MB stacks, 0 MB globals, 4 P
gc 2280 @46.237s 5%: 0.12+4.0+0.004 ms clock, 0.50+0.16/1.4/2.5+0.018 ms cpu, 112->112->112 MB, 118 MB goal, 0 MB stacks, 0 MB globals, 4 P
gc 2281 @46.250s 5%: 0.56+1.6+0.004 ms clock, 2.2+1.9/1.5/0.17+0.018 ms cpu, 142->142->112 MB, 112 MB goal, 0 MB stacks, 0 MB globals, 4 P
gc 2282 @46.253s 5%: 0.025+1.6+0.003 ms clock, 0.10+0.44/1.3/1.4+0.015 ms cpu, 112->112->102 MB, 118 MB goal, 0 MB stacks, 0 MB globals, 4 P
gc 2283 @46.923s 5%: 0.26+1.6+0.006 ms clock, 1.0+1.1/1.3/1.3+0.024 ms cpu, 122->122->112 MB, 114 MB goal, 0 MB stacks, 0 MB globals, 4 P
gc 2284 @46.925s 5%: 0.12+1.3+0.065 ms clock, 0.51+0.087/1.0/1.6+0.26 ms cpu, 122->122->112 MB, 130 MB goal, 0 MB stacks, 0 MB globals, 4 P
gc 2285 @46.959s 5%: 0.69+1.6+0.036 ms clock, 2.7+1.3/1.3/1.2+0.14 ms cpu, 132->132->112 MB, 129 MB goal, 0 MB stacks, 0 MB globals, 4 P
gc 2286 @46.966s 5%: 0.27+1.7+0.027 ms clock, 1.0+1.3/1.4/1.2+0.10 ms cpu, 142->142->112 MB, 119 MB goal, 0 MB stacks, 0 MB globals, 4 P
gc 2287 @46.970s 5%: 0.11+1.1+0.003 ms clock, 0.46+2.5/0.98/0+0.015 ms cpu, 112->112->102 MB, 118 MB goal, 0 MB stacks, 0 MB globals, 4 P
gc 2288 @46.972s 5%: 0.61+3.2+0.58 ms clock, 2.4+1.8/1.8/0+2.3 ms cpu, 132->132->132 MB, 102 MB goal, 0 MB stacks, 0 MB globals, 4 P
gc 2289 @46.976s 5%: 0.47+2.2+0.036 ms clock, 1.9+3.1/1.4/0+0.14 ms cpu, 132->142->122 MB, 155 MB goal, 0 MB stacks, 0 MB globals, 4 P
gc 2290 @46.986s 5%: 0.070+1.0+0.003 ms clock, 0.28+0.14/0.84/2.3+0.013 ms cpu, 152->152->102 MB, 155 MB goal, 0 MB stacks, 0 MB globals, 4 P
gc 2291 @47.007s 5%: 0.12+1.4+0.028 ms clock, 0.50+1.1/1.1/1.4+0.11 ms cpu, 142->152->112 MB, 155 MB goal, 0 MB stacks, 0 MB globals, 4 P
gc 2292 @47.010s 5%: 0.11+4.1+0.049 ms clock, 0.47+1.4/1.2/0.77+0.19 ms cpu, 112->122->112 MB, 114 MB goal, 0 MB stacks, 0 MB globals, 4 P
gc 2293 @47.015s 5%: 0.66+1.2+0.58 ms clock, 2.6+1.6/1.1/0+2.3 ms cpu, 132->132->122 MB, 112 MB goal, 0 MB stacks, 0 MB globals, 4 P
gc 2294 @47.018s 5%: 0.62+5.7+0.005 ms clock, 2.5+1.3/1.2/0+0.022 ms cpu, 122->132->132 MB, 122 MB goal, 0 MB stacks, 0 MB globals, 4 P
gc 2295 @47.025s 5%: 0.38+1.9+0.023 ms clock, 1.5+1.6/1.7/0+0.094 ms cpu, 132->142->112 MB, 132 MB goal, 0 MB stacks, 0 MB globals, 4 P
gc 2296 @47.027s 5%: 0.68+2.5+0.004 ms clock, 2.7+1.9/2.3/0+0.017 ms cpu, 112->122->112 MB, 114 MB goal, 0 MB stacks, 0 MB globals, 4 P
gc 2297 @47.031s 5%: 0.45+5.8+0.066 ms clock, 1.8+1.6/1.5/0+0.26 ms cpu, 142->142->132 MB, 112 MB goal, 0 MB stacks, 0 MB globals, 4 P
gc 2298 @47.038s 5%: 0.11+0.99+0.002 ms clock, 0.46+1.2/0.91/0.69+0.011 ms cpu, 132->132->102 MB, 143 MB goal, 0 MB stacks, 0 MB globals, 4 P
gc 2299 @47.045s 5%: 0.059+1.0+0.003 ms clock, 0.23+0.20/0.83/2.2+0.015 ms cpu, 132->132->102 MB, 143 MB goal, 0 MB stacks, 0 MB globals, 4 P
gc 2300 @47.050s 5%: 0.062+1.0+0.004 ms clock, 0.25+0.99/1.0/1.3+0.017 ms cpu, 102->102->102 MB, 105 MB goal, 0 MB stacks, 0 MB globals, 4 P
gc 2301 @47.051s 5%: 0.58+1.5+0.024 ms clock, 2.3+1.7/0.96/0+0.098 ms cpu, 112->112->112 MB, 102 MB goal, 0 MB stacks, 0 MB globals, 4 P
gc 2302 @47.054s 5%: 0.60+2.3+0.025 ms clock, 2.4+1.3/1.4/0.24+0.10 ms cpu, 112->122->122 MB, 114 MB goal, 0 MB stacks, 0 MB globals, 4 P
gc 2303 @47.060s 5%: 0.10+1.8+0.004 ms clock, 0.41+1.4/1.7/0.33+0.016 ms cpu, 132->132->112 MB, 122 MB goal, 0 MB stacks, 0 MB globals, 4 P
gc 2304 @47.062s 5%: 0.40+1.7+0.040 ms clock, 1.6+1.5/1.5/0+0.16 ms cpu, 132->132->122 MB, 112 MB goal, 0 MB stacks, 0 MB globals, 4 P
gc 2305 @47.065s 5%: 0.54+2.3+0.027 ms clock, 2.1+0.49/1.7/2.2+0.11 ms cpu, 122->132->122 MB, 122 MB goal, 0 MB stacks, 0 MB globals, 4 P
gc 2306 @47.069s 5%: 0.46+1.6+0.025 ms clock, 1.8+1.3/1.3/0+0.10 ms cpu, 132->132->122 MB, 122 MB goal, 0 MB stacks, 0 MB globals, 4 P
gc 2307 @47.072s 5%: 0.11+3.7+0.38 ms clock, 0.47+0.15/1.7/1.6+1.5 ms cpu, 132->152->132 MB, 134 MB goal, 0 MB stacks, 0 MB globals, 4 P
gc 2308 @47.081s 5%: 0.088+1.1+0.004 ms clock, 0.35+0.22/1.0/2.5+0.017 ms cpu, 142->142->102 MB, 143 MB goal, 0 MB stacks, 0 MB globals, 4 P
gc 2309 @47.086s 5%: 0.52+2.7+0.033 ms clock, 2.0+1.2/1.4/1.4+0.13 ms cpu, 132->152->132 MB, 134 MB goal, 0 MB stacks, 0 MB globals, 4 P
gc 2310 @47.090s 5%: 0.15+1.8+0.026 ms clock, 0.62+0/1.6/1.4+0.10 ms cpu, 142->142->122 MB, 143 MB goal, 0 MB stacks, 0 MB globals, 4 P
gc 2311 @47.104s 5%: 0.10+1.5+0.052 ms clock, 0.42+0.11/1.3/1.9+0.21 ms cpu, 142->142->112 MB, 143 MB goal, 0 MB stacks, 0 MB globals, 4 P
gc 2312 @47.114s 5%: 0.13+1.2+0.004 ms clock, 0.52+1.0/1.1/2.1+0.019 ms cpu, 112->112->102 MB, 118 MB goal, 0 MB stacks, 0 MB globals, 4 P
gc 2313 @47.124s 5%: 0.64+1.0+0.005 ms clock, 2.5+2.0/0.93/0+0.023 ms cpu, 142->142->102 MB, 102 MB goal, 0 MB stacks, 0 MB globals, 4 P
gc 2314 @47.126s 5%: 0.20+1.2+0.075 ms clock, 0.82+2.1/0.95/0+0.30 ms cpu, 102->122->122 MB, 114 MB goal, 0 MB stacks, 0 MB globals, 4 P
gc 2315 @47.128s 5%: 0.12+4.9+0.085 ms clock, 0.49+1.1/1.1/0+0.34 ms cpu, 122->132->132 MB, 122 MB goal, 0 MB stacks, 0 MB globals, 4 P
gc 2316 @47.134s 5%: 0.57+4.2+0.079 ms clock, 2.3+1.2/1.5/0+0.31 ms cpu, 142->172->142 MB, 139 MB goal, 0 MB stacks, 0 MB globals, 4 P
gc 2317 @47.139s 5%: 0.40+4.6+0.025 ms clock, 1.6+1.4/1.8/0+0.10 ms cpu, 142->162->152 MB, 149 MB goal, 0 MB stacks, 0 MB globals, 4 P
gc 2318 @47.145s 5%: 0.68+1.7+0.030 ms clock, 2.7+1.8/1.0/0+0.12 ms cpu, 152->162->122 MB, 152 MB goal, 0 MB stacks, 0 MB globals, 4 P
gc 2319 @47.147s 5%: 0.84+1.8+0.070 ms clock, 3.3+1.6/1.6/0+0.28 ms cpu, 142->162->152 MB, 149 MB goal, 0 MB stacks, 0 MB globals, 4 P
gc 2320 @47.151s 5%: 0.83+2.8+0.23 ms clock, 3.3+1.4/1.5/0+0.95 ms cpu, 152->162->142 MB, 152 MB goal, 0 MB stacks, 0 MB globals, 4 P
gc 2321 @47.156s 5%: 0.26+2.5+0.030 ms clock, 1.0+1.0/1.7/0.092+0.12 ms cpu, 152->162->122 MB, 149 MB goal, 0 MB stacks, 0 MB globals, 4 P
gc 2322 @47.163s 5%: 0.10+1.0+0.003 ms clock, 0.40+1.0/1.0/1.0+0.013 ms cpu, 152->152->112 MB, 155 MB goal, 0 MB stacks, 0 MB globals, 4 P
gc 2323 @47.169s 5%: 0.10+1.5+0.055 ms clock, 0.41+1.0/1.2/1.2+0.22 ms cpu, 152->152->112 MB, 155 MB goal, 0 MB stacks, 0 MB globals, 4 P
gc 2324 @47.173s 5%: 0.087+1.0+0.003 ms clock, 0.34+0.32/0.90/1.8+0.012 ms cpu, 132->132->102 MB, 143 MB goal, 0 MB stacks, 0 MB globals, 4 P
gc 2325 @47.178s 5%: 0.039+0.96+0.004 ms clock, 0.15+0.83/0.91/1.5+0.019 ms cpu, 102->102->102 MB, 105 MB goal, 0 MB stacks, 0 MB globals, 4 P
gc 2326 @47.179s 5%: 0.12+2.3+0.023 ms clock, 0.48+0.11/1.2/2.1+0.095 ms cpu, 112->112->112 MB, 118 MB goal, 0 MB stacks, 0 MB globals, 4 P
gc 2327 @47.193s 5%: 0.67+1.8+0.042 ms clock, 2.7+2.0/1.6/0+0.17 ms cpu, 132->132->112 MB, 112 MB goal, 0 MB stacks, 0 MB globals, 4 P
gc 2328 @47.196s 5%: 0.032+1.4+0.004 ms clock, 0.13+2.0/1.2/0.33+0.019 ms cpu, 112->112->102 MB, 118 MB goal, 0 MB stacks, 0 MB globals, 4 P
gc 2329 @47.201s 5%: 0.35+1.2+0.005 ms clock, 1.4+1.8/1.1/0.24+0.020 ms cpu, 122->122->102 MB, 114 MB goal, 0 MB stacks, 0 MB globals, 4 P
gc 2330 @47.204s 5%: 0.033+1.4+0.004 ms clock, 0.13+1.1/1.3/1.0+0.017 ms cpu, 102->102->102 MB, 105 MB goal, 0 MB stacks, 0 MB globals, 4 P
gc 2331 @47.206s 5%: 0.63+3.0+0.11 ms clock, 2.5+1.6/1.6/0+0.46 ms cpu, 122->122->122 MB, 102 MB goal, 0 MB stacks, 0 MB globals, 4 P
gc 2332 @47.211s 5%: 0.13+1.2+0.003 ms clock, 0.52+1.9/1.2/0.27+0.014 ms cpu, 122->122->102 MB, 130 MB goal, 0 MB stacks, 0 MB globals, 4 P
gc 2333 @47.213s 5%: 0.12+1.2+0.27 ms clock, 0.48+1.6/0.89/0+1.0 ms cpu, 122->122->122 MB, 130 MB goal, 0 MB stacks, 0 MB globals, 4 P
gc 2334 @47.216s 5%: 0.33+1.4+0.032 ms clock, 1.3+1.8/0.97/0.022+0.13 ms cpu, 142->142->122 MB, 122 MB goal, 0 MB stacks, 0 MB globals, 4 P
gc 2335 @47.218s 5%: 0.38+2.6+0.004 ms clock, 1.5+0.57/2.1/1.6+0.017 ms cpu, 122->122->112 MB, 130 MB goal, 0 MB stacks, 0 MB globals, 4 P
gc 2336 @47.226s 5%: 0.13+1.1+0.018 ms clock, 0.53+1.6/0.60/1.0+0.072 ms cpu, 132->132->102 MB, 129 MB goal, 0 MB stacks, 0 MB globals, 4 P
gc 2337 @47.227s 5%: 0.10+2.4+0.041 ms clock, 0.43+0.077/2.1/1.7+0.16 ms cpu, 122->122->122 MB, 130 MB goal, 0 MB stacks, 0 MB globals, 4 P
gc 2338 @47.244s 5%: 0.082+1.0+0.003 ms clock, 0.33+0.19/1.0/2.6+0.013 ms cpu, 132->132->102 MB, 129 MB goal, 0 MB stacks, 0 MB globals, 4 P
gc 2339 @47.252s 5%: 0.051+2.1+0.006 ms clock, 0.20+1.1/1.1/2.0+0.027 ms cpu, 102->102->102 MB, 105 MB goal, 0 MB stacks, 0 MB globals, 4 P
gc 2340 @47.255s 5%: 0.28+2.4+0.37 ms clock, 1.1+1.7/1.7/0+1.5 ms cpu, 112->122->122 MB, 102 MB goal, 0 MB stacks, 0 MB globals, 4 P
gc 2341 @47.259s 5%: 0.57+2.1+0.027 ms clock, 2.2+1.3/1.2/0.84+0.11 ms cpu, 122->132->112 MB, 122 MB goal, 0 MB stacks, 0 MB globals, 4 P
gc 2342 @47.264s 5%: 0.046+1.2+0.002 ms clock, 0.18+0.26/1.1/2.9+0.011 ms cpu, 112->112->102 MB, 112 MB goal, 0 MB stacks, 0 MB globals, 4 P
gc 2343 @47.266s 5%: 0.027+0.86+0.003 ms clock, 0.10+0.10/0.72/1.8+0.014 ms cpu, 102->102->102 MB, 105 MB goal, 0 MB stacks, 0 MB globals, 4 P
gc 2344 @47.894s 5%: 0.11+1.8+0.004 ms clock, 0.44+1.2/1.6/2.2+0.017 ms cpu, 112->112->102 MB, 102 MB goal, 0 MB stacks, 0 MB globals, 4 P
gc 2345 @47.896s 5%: 0.028+1.0+0.003 ms clock, 0.11+0.16/0.85/2.0+0.013 ms cpu, 102->102->102 MB, 105 MB goal, 0 MB stacks, 0 MB globals, 4 P
gc 2346 @47.928s 5%: 0.10+1.3+0.012 ms clock, 0.41+0.42/1.1/1.7+0.050 ms cpu, 112->112->102 MB, 102 MB goal, 0 MB stacks, 0 MB globals, 4 P
gc 2347 @47.930s 5%: 0.24+1.2+0.057 ms clock, 0.97+0.068/1.0/1.8+0.22 ms cpu, 102->112->112 MB, 102 MB goal, 0 MB stacks, 0 MB globals, 4 P
gc 2348 @47.932s 5%: 0.10+1.4+0.003 ms clock, 0.42+0.089/1.3/2.4+0.014 ms cpu, 112->112->112 MB, 118 MB goal, 0 MB stacks, 0 MB globals, 4 P
gc 2349 @47.937s 5%: 0.063+0.90+0.002 ms clock, 0.25+0.29/0.76/1.7+0.011 ms cpu, 122->122->102 MB, 114 MB goal, 0 MB stacks, 0 MB globals, 4 P
gc 2350 @47.963s 5%: 0.080+1.0+0.004 ms clock, 0.32+0.85/1.0/1.7+0.017 ms cpu, 102->102->102 MB, 105 MB goal, 0 MB stacks, 0 MB globals, 4 P
gc 2351 @47.964s 5%: 0.14+1.8+0.044 ms clock, 0.57+0.42/1.2/2.0+0.17 ms cpu, 112->112->112 MB, 102 MB goal, 0 MB stacks, 0 MB globals, 4 P
gc 2352 @47.967s 5%: 0.78+2.9+0.59 ms clock, 3.1+0.12/2.1/1.9+2.3 ms cpu, 112->132->132 MB, 129 MB goal, 0 MB stacks, 0 MB globals, 4 P
gc 2353 @47.972s 5%: 0.64+2.4+0.025 ms clock, 2.5+0.17/1.8/1.5+0.10 ms cpu, 132->142->122 MB, 132 MB goal, 0 MB stacks, 0 MB globals, 4 P
gc 2354 @47.976s 5%: 0.50+3.0+0.059 ms clock, 2.0+0.40/1.4/2.3+0.23 ms cpu, 122->142->132 MB, 122 MB goal, 0 MB stacks, 0 MB globals, 4 P
gc 2355 @47.980s 5%: 0.58+2.8+0.005 ms clock, 2.3+1.7/1.3/0+0.021 ms cpu, 132->132->122 MB, 132 MB goal, 0 MB stacks, 0 MB globals, 4 P
gc 2356 @47.987s 5%: 0.66+1.8+0.57 ms clock, 2.6+1.8/1.7/0+2.3 ms cpu, 142->142->122 MB, 122 MB goal, 0 MB stacks, 0 MB globals, 4 P
gc 2357 @47.991s 5%: 0.52+5.6+0.028 ms clock, 2.1+1.8/1.0/0.097+0.11 ms cpu, 122->142->122 MB, 122 MB goal, 0 MB stacks, 0 MB globals, 4 P
gc 2358 @47.997s 5%: 0.66+1.6+0.58 ms clock, 2.6+0.16/1.4/1.2+2.3 ms cpu, 122->132->122 MB, 129 MB goal, 0 MB stacks, 0 MB globals, 4 P
gc 2359 @48.001s 5%: 0.097+1.2+0.049 ms clock, 0.38+0/1.1/2.0+0.19 ms cpu, 132->132->112 MB, 129 MB goal, 0 MB stacks, 0 MB globals, 4 P
gc 2360 @48.004s 5%: 0.063+1.2+0.004 ms clock, 0.25+0.21/0.90/2.3+0.018 ms cpu, 112->112->102 MB, 118 MB goal, 0 MB stacks, 0 MB globals, 4 P
gc 2361 @48.009s 5%: 0.48+2.0+0.027 ms clock, 1.9+0.88/1.9/0.78+0.10 ms cpu, 132->132->122 MB, 104 MB goal, 0 MB stacks, 0 MB globals, 4 P
gc 2362 @48.012s 5%: 0.038+1.8+0.050 ms clock, 0.15+1.1/1.0/0.64+0.20 ms cpu, 122->132->112 MB, 129 MB goal, 0 MB stacks, 0 MB globals, 4 P
gc 2363 @48.029s 5%: 0.47+1.8+0.036 ms clock, 1.8+1.6/1.0/0.98+0.14 ms cpu, 132->142->112 MB, 119 MB goal, 0 MB stacks, 0 MB globals, 4 P
gc 2364 @48.032s 5%: 0.57+3.0+0.55 ms clock, 2.3+1.6/2.0/0+2.2 ms cpu, 132->142->142 MB, 155 MB goal, 0 MB stacks, 0 MB globals, 4 P
gc 2365 @48.039s 5%: 0.74+4.9+0.49 ms clock, 2.9+1.9/4.0/0+1.9 ms cpu, 162->172->132 MB, 142 MB goal, 0 MB stacks, 0 MB globals, 4 P
gc 2366 @48.046s 5%: 0.15+2.7+0.048 ms clock, 0.63+1.4/1.5/0+0.19 ms cpu, 152->152->122 MB, 155 MB goal, 0 MB stacks, 0 MB globals, 4 P
gc 2367 @48.062s 5%: 0.45+2.1+0.038 ms clock, 1.8+1.7/1.9/0.044+0.15 ms cpu, 152->162->122 MB, 149 MB goal, 0 MB stacks, 0 MB globals, 4 P
gc 2368 @48.076s 5%: 0.42+2.1+0.034 ms clock, 1.6+0/1.1/2.7+0.13 ms cpu, 162->162->112 MB, 168 MB goal, 0 MB stacks, 0 MB globals, 4 P
gc 2369 @48.079s 5%: 0.31+1.6+0.004 ms clock, 1.2+2.1/1.5/0+0.019 ms cpu, 122->122->112 MB, 130 MB goal, 0 MB stacks, 0 MB globals, 4 P
gc 2370 @48.082s 5%: 0.59+4.8+0.043 ms clock, 2.3+1.0/2.2/0+0.17 ms cpu, 132->142->132 MB, 143 MB goal, 0 MB stacks, 0 MB globals, 4 P
gc 2371 @48.088s 5%: 0.20+2.0+0.004 ms clock, 0.83+1.5/1.7/1.5+0.016 ms cpu, 142->142->112 MB, 143 MB goal, 0 MB stacks, 0 MB globals, 4 P
gc 2372 @48.092s 5%: 0.10+2.8+0.061 ms clock, 0.40+1.1/2.4/1.0+0.24 ms cpu, 142->142->112 MB, 143 MB goal, 0 MB stacks, 0 MB globals, 4 P
gc 2373 @48.107s 5%: 0.14+1.2+0.004 ms clock, 0.59+1.1/1.2/1.6+0.019 ms cpu, 142->142->112 MB, 143 MB goal, 0 MB stacks, 0 MB globals, 4 P
gc 2374 @48.110s 5%: 0.078+1.3+0.004 ms clock, 0.31+0.35/1.2/2.2+0.016 ms cpu, 122->122->102 MB, 130 MB goal, 0 MB stacks, 0 MB globals, 4 P
gc 2375 @48.120s 5%: 0.11+1.1+0.003 ms clock, 0.46+1.0/1.0/1.7+0.013 ms cpu, 102->102->102 MB, 105 MB goal, 0 MB stacks, 0 MB globals, 4 P
gc 2376 @48.124s 5%: 0.77+1.9+0.003 ms clock, 3.0+0.20/1.8/2.5+0.013 ms cpu, 112->112->112 MB, 118 MB goal, 0 MB stacks, 0 MB globals, 4 P
gc 2377 @48.128s 5%: 0.65+4.2+0.004 ms clock, 2.6+2.1/4.2/0+0.018 ms cpu, 132->132->122 MB, 112 MB goal, 0 MB stacks, 0 MB globals, 4 P
gc 2378 @48.133s 5%: 0.18+1.5+0.064 ms clock, 0.73+2.8/1.4/0+0.25 ms cpu, 122->122->102 MB, 122 MB goal, 0 MB stacks, 0 MB globals, 4 P
gc 2379 @48.136s 5%: 0.10+2.5+0.096 ms clock, 0.43+1.9/2.1/0+0.38 ms cpu, 132->132->132 MB, 105 MB goal, 0 MB stacks, 0 MB globals, 4 P
gc 2380 @48.140s 5%: 0.53+1.3+0.004 ms clock, 2.1+1.6/1.2/0+0.019 ms cpu, 132->132->112 MB, 132 MB goal, 0 MB stacks, 0 MB globals, 4 P
gc 2381 @48.142s 5%: 0.67+2.2+0.042 ms clock, 2.7+1.8/1.8/0+0.17 ms cpu, 122->132->122 MB, 112 MB goal, 0 MB stacks, 0 MB globals, 4 P
gc 2382 @48.146s 5%: 0.12+2.0+0.042 ms clock, 0.50+2.2/1.1/0+0.17 ms cpu, 122->132->112 MB, 122 MB goal, 0 MB stacks, 0 MB globals, 4 P
gc 2383 @48.150s 5%: 0.80+1.8+0.13 ms clock, 3.2+1.9/1.6/0+0.54 ms cpu, 152->152->142 MB, 112 MB goal, 0 MB stacks, 0 MB globals, 4 P
gc 2384 @48.154s 5%: 0.60+7.0+0.005 ms clock, 2.4+2.1/3.1/0+0.020 ms cpu, 142->152->112 MB, 168 MB goal, 0 MB stacks, 0 MB globals, 4 P
gc 2385 @48.167s 5%: 0.74+2.4+0.80 ms clock, 2.9+2.2/2.1/0+3.2 ms cpu, 172->182->152 MB, 154 MB goal, 0 MB stacks, 0 MB globals, 4 P
gc 2386 @48.172s 5%: 0.18+2.2+0.006 ms clock, 0.72+1.8/2.0/0+0.025 ms cpu, 172->172->122 MB, 164 MB goal, 0 MB stacks, 0 MB globals, 4 P
gc 2387 @48.175s 5%: 0.67+1.9+0.59 ms clock, 2.6+1.3/1.3/0+2.3 ms cpu, 152->162->142 MB, 168 MB goal, 0 MB stacks, 0 MB globals, 4 P
gc 2388 @48.179s 5%: 0.21+4.5+0.025 ms clock, 0.86+0.15/3.5/0.26+0.10 ms cpu, 162->172->152 MB, 193 MB goal, 0 MB stacks, 0 MB globals, 4 P
gc 2389 @48.198s 5%: 0.16+1.7+0.028 ms clock, 0.66+0/1.3/2.6+0.11 ms cpu, 182->182->112 MB, 193 MB goal, 0 MB stacks, 0 MB globals, 4 P
gc 2390 @48.202s 5%: 0.060+1.5+0.004 ms clock, 0.24+1.3/1.2/0.78+0.018 ms cpu, 112->112->102 MB, 118 MB goal, 0 MB stacks, 0 MB globals, 4 P
gc 2391 @48.205s 5%: 0.67+3.2+0.034 ms clock, 2.6+0.080/2.1/2.3+0.13 ms cpu, 122->122->122 MB, 130 MB goal, 0 MB stacks, 0 MB globals, 4 P
gc 2392 @48.216s 5%: 0.15+1.2+0.004 ms clock, 0.61+3.1/1.2/0.15+0.019 ms cpu, 142->142->102 MB, 122 MB goal, 0 MB stacks, 0 MB globals, 4 P
gc 2393 @48.221s 5%: 0.18+1.1+0.070 ms clock, 0.75+1.8/0.99/0+0.28 ms cpu, 122->122->112 MB, 130 MB goal, 0 MB stacks, 0 MB globals, 4 P
gc 2394 @48.224s 5%: 0.077+1.8+0.053 ms clock, 0.30+0.27/1.7/1.8+0.21 ms cpu, 132->132->112 MB, 143 MB goal, 0 MB stacks, 0 MB globals, 4 P
gc 2395 @48.234s 5%: 0.59+1.6+0.004 ms clock, 2.3+1.3/1.4/1.4+0.019 ms cpu, 152->152->112 MB, 134 MB goal, 0 MB stacks, 0 MB globals, 4 P
gc 2396 @48.246s 5%: 0.056+1.1+0.004 ms clock, 0.22+1.0/1.0/1.9+0.016 ms cpu, 112->112->102 MB, 118 MB goal, 0 MB stacks, 0 MB globals, 4 P
gc 2397 @48.265s 5%: 0.20+1.3+0.005 ms clock, 0.80+1.4/1.1/0.97+0.022 ms cpu, 132->132->102 MB, 104 MB goal, 0 MB stacks, 0 MB globals, 4 P
gc 2398 @48.900s 5%: 0.084+1.0+0.004 ms clock, 0.33+0.13/0.89/2.3+0.017 ms cpu, 122->122->102 MB, 114 MB goal, 0 MB stacks, 0 MB globals, 4 P
gc 2399 @48.931s 5%: 0.078+1.5+0.004 ms clock, 0.31+1.1/1.3/2.3+0.017 ms cpu, 102->102->102 MB, 105 MB goal, 0 MB stacks, 0 MB globals, 4 P
gc 2400 @48.933s 5%: 0.12+1.9+0.22 ms clock, 0.51+0.71/1.5/1.1+0.89 ms cpu, 112->112->112 MB, 118 MB goal, 0 MB stacks, 0 MB globals, 4 P
gc 2401 @48.937s 5%: 0.51+2.0+0.042 ms clock, 2.0+0.62/1.4/2.0+0.17 ms cpu, 122->122->112 MB, 114 MB goal, 0 MB stacks, 0 MB globals, 4 P
gc 2402 @48.941s 5%: 0.26+2.8+0.050 ms clock, 1.0+0.092/1.2/3.1+0.20 ms cpu, 122->122->112 MB, 114 MB goal, 0 MB stacks, 0 MB globals, 4 P
gc 2403 @48.972s 5%: 0.076+0.93+0.003 ms clock, 0.30+0.16/0.83/2.0+0.013 ms cpu, 122->122->102 MB, 114 MB goal, 0 MB stacks, 0 MB globals, 4 P
gc 2404 @48.975s 5%: 0.034+1.6+0.027 ms clock, 0.13+0.23/0.87/2.0+0.10 ms cpu, 102->112->112 MB, 102 MB goal, 0 MB stacks, 0 MB globals, 4 P
gc 2405 @48.977s 5%: 0.55+7.7+0.063 ms clock, 2.2+1.3/3.4/0.23+0.25 ms cpu, 112->132->132 MB, 129 MB goal, 0 MB stacks, 0 MB globals, 4 P
gc 2406 @48.989s 5%: 0.052+0.87+0.003 ms clock, 0.20+0/0.75/1.9+0.012 ms cpu, 142->142->102 MB, 132 MB goal, 0 MB stacks, 0 MB globals, 4 P
gc 2407 @48.990s 5%: 0.056+2.0+0.079 ms clock, 0.22+1.9/0/0+0.31 ms cpu, 102->102->102 MB, 105 MB goal, 0 MB stacks, 0 MB globals, 4 P
gc 2408 @48.993s 5%: 0.18+1.6+0.48 ms clock, 0.73+0.99/1.0/0+1.9 ms cpu, 112->132->132 MB, 102 MB goal, 0 MB stacks, 0 MB globals, 4 P
gc 2409 @48.996s 5%: 0.55+2.7+0.025 ms clock, 2.2+1.0/1.6/0+0.10 ms cpu, 132->142->142 MB, 143 MB goal, 0 MB stacks, 0 MB globals, 4 P
gc 2410 @49.005s 5%: 0.090+0.76+0.004 ms clock, 0.36+1.8/0.69/0.032+0.017 ms cpu, 162->162->102 MB, 142 MB goal, 0 MB stacks, 0 MB globals, 4 P
gc 2411 @49.014s 5%: 0.096+1.2+0.040 ms clock, 0.38+0.97/0.99/0.94+0.16 ms cpu, 132->132->112 MB, 143 MB goal, 0 MB stacks, 0 MB globals, 4 P
gc 2412 @49.016s 5%: 0.076+1.2+0.047 ms clock, 0.30+0.26/1.0/1.6+0.19 ms cpu, 122->122->112 MB, 130 MB goal, 0 MB stacks, 0 MB globals, 4 P
gc 2413 @49.019s 5%: 0.047+0.86+0.003 ms clock, 0.18+0.63/0.73/1.3+0.014 ms cpu, 122->122->102 MB, 114 MB goal, 0 MB stacks, 0 MB globals, 4 P
gc 2414 @49.034s 5%: 0.058+0.85+0.003 ms clock, 0.23+0.20/0.73/1.7+0.014 ms cpu, 122->122->102 MB, 114 MB goal, 0 MB stacks, 0 MB globals, 4 P
gc 2415 @49.036s 5%: 0.058+0.86+0.005 ms clock, 0.23+1.4/0.80/0.70+0.020 ms cpu, 102->102->102 MB, 105 MB goal, 0 MB stacks, 0 MB globals, 4 P
gc 2416 @49.038s 5%: 0.16+2.5+0.065 ms clock, 0.64+1.4/1.4/0+0.26 ms cpu, 112->132->132 MB, 102 MB goal, 0 MB stacks, 0 MB globals, 4 P
gc 2417 @49.041s 5%: 0.50+1.6+0.25 ms clock, 2.0+1.2/1.3/0+1.0 ms cpu, 132->132->122 MB, 132 MB goal, 0 MB stacks, 0 MB globals, 4 P
gc 2418 @49.044s 5%: 0.64+2.4+0.074 ms clock, 2.5+1.0/1.4/0.46+0.29 ms cpu, 132->142->122 MB, 143 MB goal, 0 MB stacks, 0 MB globals, 4 P
gc 2419 @49.050s 5%: 0.11+1.2+0.004 ms clock, 0.47+1.9/1.1/0.35+0.018 ms cpu, 142->142->102 MB, 143 MB goal, 0 MB stacks, 0 MB globals, 4 P
gc 2420 @49.056s 5%: 0.043+0.84+0.003 ms clock, 0.17+0.16/0.79/2.0+0.014 ms cpu, 132->132->102 MB, 143 MB goal, 0 MB stacks, 0 MB globals, 4 P
gc 2421 @49.062s 5%: 0.042+0.89+0.003 ms clock, 0.17+0.77/0.86/1.4+0.012 ms cpu, 102->102->102 MB, 105 MB goal, 0 MB stacks, 0 MB globals, 4 P
gc 2422 @49.063s 5%: 0.11+2.5+0.56 ms clock, 0.47+0.081/1.4/2.0+2.2 ms cpu, 112->122->122 MB, 114 MB goal, 0 MB stacks, 0 MB globals, 4 P
gc 2423 @49.076s 5%: 0.075+1.4+0.030 ms clock, 0.30+1.2/0.78/0.69+0.12 ms cpu, 122->132->122 MB, 122 MB goal, 0 MB stacks, 0 MB globals, 4 P
gc 2424 @49.078s 5%: 0.69+2.1+0.48 ms clock, 2.7+1.5/1.5/0+1.9 ms cpu, 122->142->132 MB, 122 MB goal, 0 MB stacks, 0 MB globals, 4 P
gc 2425 @49.081s 5%: 0.48+2.6+0.025 ms clock, 1.9+1.5/2.0/0+0.10 ms cpu, 132->142->132 MB, 132 MB goal, 0 MB stacks, 0 MB globals, 4 P
gc 2426 @49.085s 5%: 0.22+2.0+0.061 ms clock, 0.88+1.1/1.1/0+0.24 ms cpu, 132->152->132 MB, 132 MB goal, 0 MB stacks, 0 MB globals, 4 P
gc 2427 @49.088s 5%: 0.50+2.1+0.049 ms clock, 2.0+0.93/1.2/0+0.19 ms cpu, 132->142->132 MB, 143 MB goal, 0 MB stacks, 0 MB globals, 4 P
gc 2428 @49.091s 5%: 0.33+1.9+0.049 ms clock, 1.3+1.4/1.3/0+0.19 ms cpu, 142->142->122 MB, 143 MB goal, 0 MB stacks, 0 MB globals, 4 P
gc 2429 @49.094s 5%: 0.56+3.6+0.62 ms clock, 2.2+2.2/2.1/0+2.4 ms cpu, 142->162->142 MB, 149 MB goal, 0 MB stacks, 0 MB globals, 4 P
gc 2430 @49.102s 5%: 0.23+3.6+0.005 ms clock, 0.95+3.6/1.6/0+0.022 ms cpu, 152->162->122 MB, 149 MB goal, 0 MB stacks, 0 MB globals, 4 P
gc 2431 @49.113s 5%: 0.060+0.95+0.003 ms clock, 0.24+0/0.82/2.3+0.013 ms cpu, 152->152->102 MB, 155 MB goal, 0 MB stacks, 0 MB globals, 4 P
gc 2432 @49.128s 5%: 0.061+1.2+0.003 ms clock, 0.24+1.0/1.0/1.8+0.015 ms cpu, 102->102->102 MB, 105 MB goal, 0 MB stacks, 0 MB globals, 4 P
gc 2433 @49.129s 5%: 0.13+1.5+0.024 ms clock, 0.52+0.070/0.96/1.8+0.097 ms cpu, 112->112->112 MB, 118 MB goal, 0 MB stacks, 0 MB globals, 4 P
gc 2434 @49.140s 5%: 0.11+0.81+0.004 ms clock, 0.47+1.4/0.74/0.74+0.018 ms cpu, 132->132->102 MB, 112 MB goal, 0 MB stacks, 0 MB globals, 4 P
gc 2435 @49.143s 5%: 0.54+6.3+0.005 ms clock, 2.1+1.8/2.4/0.27+0.022 ms cpu, 122->132->122 MB, 129 MB goal, 0 MB stacks, 0 MB globals, 4 P
gc 2436 @49.152s 5%: 0.36+1.5+0.031 ms clock, 1.4+0.83/1.1/1.0+0.12 ms cpu, 142->142->112 MB, 122 MB goal, 0 MB stacks, 0 MB globals, 4 P
gc 2437 @49.158s 5%: 0.48+1.7+0.006 ms clock, 1.9+3.0/1.6/0+0.024 ms cpu, 142->142->112 MB, 119 MB goal, 0 MB stacks, 0 MB globals, 4 P
gc 2438 @49.161s 5%: 0.10+3.6+0.57 ms clock, 0.43+0.11/2.1/2.0+2.2 ms cpu, 132->152->132 MB, 134 MB goal, 0 MB stacks, 0 MB globals, 4 P
gc 2439 @49.174s 5%: 0.83+1.3+0.60 ms clock, 3.3+1.8/0.99/0+2.4 ms cpu, 172->172->132 MB, 132 MB goal, 0 MB stacks, 0 MB globals, 4 P
gc 2440 @49.178s 5%: 0.64+2.5+0.060 ms clock, 2.5+1.4/1.4/0+0.24 ms cpu, 132->142->142 MB, 143 MB goal, 0 MB stacks, 0 MB globals, 4 P
gc 2441 @49.182s 5%: 0.41+3.8+0.076 ms clock, 1.6+1.8/0.95/0+0.30 ms cpu, 162->172->132 MB, 142 MB goal, 0 MB stacks, 0 MB globals, 4 P
gc 2442 @49.187s 5%: 0.49+1.9+0.029 ms clock, 1.9+2.5/1.2/0+0.11 ms cpu, 132->142->112 MB, 143 MB goal, 0 MB stacks, 0 MB globals, 4 P
gc 2443 @49.191s 5%: 0.49+3.8+0.037 ms clock, 1.9+3.2/2.8/0.20+0.14 ms cpu, 142->152->142 MB, 134 MB goal, 0 MB stacks, 0 MB globals, 4 P
gc 2444 @49.196s 5%: 0.79+1.7+0.006 ms clock, 3.1+1.9/1.5/0+0.025 ms cpu, 142->142->112 MB, 143 MB goal, 0 MB stacks, 0 MB globals, 4 P
gc 2445 @49.201s 5%: 0.56+2.7+0.56 ms clock, 2.2+1.5/1.1/0+2.2 ms cpu, 152->152->122 MB, 135 MB goal, 0 MB stacks, 0 MB globals, 4 P
gc 2446 @49.211s 5%: 0.089+1.3+0.004 ms clock, 0.35+0/1.0/2.8+0.016 ms cpu, 142->142->102 MB, 143 MB goal, 0 MB stacks, 0 MB globals, 4 P
gc 2447 @49.220s 5%: 0.19+1.2+0.003 ms clock, 0.76+0.22/1.2/1.5+0.015 ms cpu, 132->132->102 MB, 143 MB goal, 0 MB stacks, 0 MB globals, 4 P
gc 2448 @49.224s 5%: 0.052+1.4+0.003 ms clock, 0.20+1.4/1.3/2.4+0.012 ms cpu, 112->112->102 MB, 118 MB goal, 0 MB stacks, 0 MB globals, 4 P
gc 2449 @49.226s 5%: 0.11+0.88+0.003 ms clock, 0.47+1.3/0.80/0.64+0.013 ms cpu, 102->102->102 MB, 105 MB goal, 0 MB stacks, 0 MB globals, 4 P
gc 2450 @49.229s 5%: 0.27+2.2+0.32 ms clock, 1.0+2.3/1.6/0+1.2 ms cpu, 122->122->122 MB, 102 MB goal, 0 MB stacks, 0 MB globals, 4 P
gc 2451 @49.232s 5%: 0.63+2.1+0.28 ms clock, 2.5+2.2/1.3/0+1.1 ms cpu, 122->142->132 MB, 122 MB goal, 0 MB stacks, 0 MB globals, 4 P
gc 2452 @49.236s 5%: 0.51+2.8+0.48 ms clock, 2.0+2.4/1.8/0+1.9 ms cpu, 132->132->122 MB, 132 MB goal, 0 MB stacks, 0 MB globals, 4 P
gc 2453 @49.240s 5%: 0.18+1.8+0.073 ms clock, 0.72+1.9/1.0/0+0.29 ms cpu, 142->142->122 MB, 122 MB goal, 0 MB stacks, 0 MB globals, 4 P
gc 2454 @49.242s 5%: 0.30+3.0+0.057 ms clock, 1.2+1.8/2.0/0+0.22 ms cpu, 122->132->122 MB, 129 MB goal, 0 MB stacks, 0 MB globals, 4 P
gc 2455 @49.254s 5%: 0.10+2.2+0.005 ms clock, 0.42+0.27/1.4/3.1+0.022 ms cpu, 132->132->102 MB, 129 MB goal, 0 MB stacks, 0 MB globals, 4 P
gc 2456 @49.269s 5%: 0.14+1.2+0.026 ms clock, 0.57+0.19/1.0/2.3+0.10 ms cpu, 122->122->102 MB, 130 MB goal, 0 MB stacks, 0 MB globals, 4 P
gc 2457 @49.272s 5%: 0.067+1.2+0.003 ms clock, 0.26+0.24/1.2/2.5+0.012 ms cpu, 112->112->102 MB, 118 MB goal, 0 MB stacks, 0 MB globals, 4 P
gc 2458 @49.901s 5%: 0.055+0.94+0.004 ms clock, 0.22+0.75/0.82/1.4+0.018 ms cpu, 102->102->102 MB, 105 MB goal, 0 MB stacks, 0 MB globals, 4 P
gc 2459 @49.903s 5%: 0.14+2.3+0.032 ms clock, 0.59+0.087/1.3/1.5+0.12 ms cpu, 112->112->112 MB, 118 MB goal, 0 MB stacks, 0 MB globals, 4 P
gc 2460 @49.941s 5%: 0.56+1.5+0.026 ms clock, 2.2+0.92/0.98/1.0+0.10 ms cpu, 122->122->112 MB, 114 MB goal, 0 MB stacks, 0 MB globals, 4 P
gc 2461 @49.944s 5%: 0.11+1.8+0.58 ms clock, 0.46+0.51/1.1/1.1+2.3 ms cpu, 122->132->122 MB, 129 MB goal, 0 MB stacks, 0 MB globals, 4 P
gc 2462 @49.976s 5%: 0.11+0.99+0.019 ms clock, 0.44+0.19/0.90/2.2+0.078 ms cpu, 132->132->102 MB, 129 MB goal, 0 MB stacks, 0 MB globals, 4 P
gc 2463 @49.982s 5%: 0.067+1.0+0.054 ms clock, 0.27+1.6/0.94/0.81+0.21 ms cpu, 102->102->102 MB, 105 MB goal, 0 MB stacks, 0 MB globals, 4 P
gc 2464 @49.984s 5%: 0.079+3.3+0.054 ms clock, 0.31+1.8/2.6/0+0.21 ms cpu, 122->122->122 MB, 102 MB goal, 0 MB stacks, 0 MB globals, 4 P
gc 2465 @49.988s 5%: 0.60+2.6+0.32 ms clock, 2.4+1.3/1.3/0.63+1.3 ms cpu, 122->142->122 MB, 122 MB goal, 0 MB stacks, 0 MB globals, 4 P
gc 2466 @49.993s 5%: 0.079+1.9+0.005 ms clock, 0.31+0.84/1.6/3.1+0.021 ms cpu, 122->122->102 MB, 130 MB goal, 0 MB stacks, 0 MB globals, 4 P
gc 2467 @49.999s 5%: 0.39+2.2+0.27 ms clock, 1.5+1.5/1.5/0+1.0 ms cpu, 122->122->122 MB, 130 MB goal, 0 MB stacks, 0 MB globals, 4 P
gc 2468 @50.003s 5%: 0.32+2.1+0.50 ms clock, 1.2+1.7/1.5/0+2.0 ms cpu, 132->142->132 MB, 122 MB goal, 0 MB stacks, 0 MB globals, 4 P
gc 2469 @50.006s 5%: 0.53+2.1+0.003 ms clock, 2.1+2.4/1.9/0+0.014 ms cpu, 132->132->112 MB, 132 MB goal, 0 MB stacks, 0 MB globals, 4 P
gc 2470 @50.011s 5%: 0.32+2.9+0.033 ms clock, 1.3+1.3/1.5/0.33+0.13 ms cpu, 132->142->132 MB, 119 MB goal, 0 MB stacks, 0 MB globals, 4 P
gc 2471 @50.023s 5%: 0.13+1.3+0.11 ms clock, 0.55+1.5/1.0/0+0.46 ms cpu, 142->142->112 MB, 132 MB goal, 0 MB stacks, 0 MB globals, 4 P
gc 2472 @50.026s 5%: 0.70+1.9+0.17 ms clock, 2.8+1.7/1.2/0+0.71 ms cpu, 132->142->132 MB, 119 MB goal, 0 MB stacks, 0 MB globals, 4 P
gc 2473 @50.029s 5%: 0.54+2.5+0.036 ms clock, 2.1+1.4/1.6/0.017+0.14 ms cpu, 132->142->132 MB, 143 MB goal, 0 MB stacks, 0 MB globals, 4 P
gc 2474 @50.035s 5%: 0.14+1.3+0.052 ms clock, 0.56+0/1.2/2.0+0.20 ms cpu, 142->142->112 MB, 143 MB goal, 0 MB stacks, 0 MB globals, 4 P
gc 2475 @50.044s 5%: 0.11+1.0+0.004 ms clock, 0.45+0.96/1.0/1.8+0.018 ms cpu, 112->112->102 MB, 118 MB goal, 0 MB stacks, 0 MB globals, 4 P
gc 2476 @50.047s 5%: 0.77+2.9+0.043 ms clock, 3.0+1.5/1.9/0.021+0.17 ms cpu, 132->132->122 MB, 104 MB goal, 0 MB stacks, 0 MB globals, 4 P
gc 2477 @50.051s 5%: 0.11+1.6+0.088 ms clock, 0.46+1.7/1.3/0.80+0.35 ms cpu, 122->122->102 MB, 122 MB goal, 0 MB stacks, 0 MB globals, 4 P
gc 2478 @50.055s 5%: 0.69+1.7+0.49 ms clock, 2.7+2.3/0.84/0+1.9 ms cpu, 132->142->132 MB, 102 MB goal, 0 MB stacks, 0 MB globals, 4 P
gc 2479 @50.060s 5%: 0.057+1.8+0.041 ms clock, 0.23+2.3/1.0/0+0.16 ms cpu, 132->142->122 MB, 132 MB goal, 0 MB stacks, 0 MB globals, 4 P
gc 2480 @50.063s 5%: 0.084+2.4+0.74 ms clock, 0.33+1.6/1.6/0+2.9 ms cpu, 142->142->132 MB, 122 MB goal, 0 MB stacks, 0 MB globals, 4 P
gc 2481 @50.067s 5%: 0.58+1.5+0.003 ms clock, 2.3+0.70/1.4/2.4+0.014 ms cpu, 132->132->102 MB, 155 MB goal, 0 MB stacks, 0 MB globals, 4 P
gc 2482 @50.086s 5%: 0.62+3.0+0.037 ms clock, 2.5+0.81/2.6/1.4+0.14 ms cpu, 152->152->122 MB, 155 MB goal, 0 MB stacks, 0 MB globals, 4 P
gc 2483 @50.095s 5%: 0.68+2.2+0.026 ms clock, 2.7+1.6/1.7/1.4+0.10 ms cpu, 162->162->112 MB, 149 MB goal, 0 MB stacks, 0 MB globals, 4 P
gc 2484 @50.099s 5%: 0.11+4.6+0.035 ms clock, 0.44+0.005/2.0/2.4+0.14 ms cpu, 132->152->142 MB, 134 MB goal, 0 MB stacks, 0 MB globals, 4 P
gc 2485 @50.105s 5%: 0.55+2.0+0.004 ms clock, 2.2+2.9/1.8/0+0.016 ms cpu, 142->142->102 MB, 143 MB goal, 0 MB stacks, 0 MB globals, 4 P
gc 2486 @50.108s 5%: 0.15+2.9+0.065 ms clock, 0.62+1.3/2.3/0+0.26 ms cpu, 132->132->122 MB, 143 MB goal, 0 MB stacks, 0 MB globals, 4 P
gc 2487 @50.113s 5%: 0.15+1.4+0.003 ms clock, 0.62+0.71/1.0/2.1+0.015 ms cpu, 142->142->102 MB, 143 MB goal, 0 MB stacks, 0 MB globals, 4 P
gc 2488 @50.116s 5%: 0.060+1.1+0.004 ms clock, 0.24+0.20/1.1/2.4+0.019 ms cpu, 112->112->102 MB, 118 MB goal, 0 MB stacks, 0 MB globals, 4 P
gc 2489 @50.145s 5%: 0.57+1.6+0.005 ms clock, 2.2+2.4/1.5/0+0.022 ms cpu, 132->132->112 MB, 104 MB goal, 0 MB stacks, 0 MB globals, 4 P
gc 2490 @50.147s 5%: 0.15+2.3+0.084 ms clock, 0.60+1.9/1.3/0.035+0.33 ms cpu, 112->132->122 MB, 112 MB goal, 0 MB stacks, 0 MB globals, 4 P
gc 2491 @50.151s 5%: 0.28+1.9+0.004 ms clock, 1.1+1.8/1.6/0+0.019 ms cpu, 122->122->122 MB, 122 MB goal, 0 MB stacks, 0 MB globals, 4 P
gc 2492 @50.154s 5%: 0.60+4.7+0.007 ms clock, 2.4+6.4/1.6/0+0.028 ms cpu, 132->142->122 MB, 122 MB goal, 0 MB stacks, 0 MB globals, 4 P
gc 2493 @50.160s 5%: 0.12+5.3+0.006 ms clock, 0.48+1.6/1.4/0.22+0.025 ms cpu, 122->132->112 MB, 129 MB goal, 0 MB stacks, 0 MB globals, 4 P
gc 2494 @50.166s 5%: 0.50+2.0+0.025 ms clock, 2.0+1.3/1.4/0+0.10 ms cpu, 132->132->122 MB, 129 MB goal, 0 MB stacks, 0 MB globals, 4 P
gc 2495 @50.169s 5%: 0.63+4.4+0.035 ms clock, 2.5+2.1/1.1/0+0.14 ms cpu, 142->142->132 MB, 122 MB goal, 0 MB stacks, 0 MB globals, 4 P
gc 2496 @50.175s 5%: 0.90+1.6+0.007 ms clock, 3.6+2.2/1.2/0+0.028 ms cpu, 132->132->102 MB, 132 MB goal, 0 MB stacks, 0 MB globals, 4 P
gc 2497 @50.178s 5%: 0.71+1.9+0.084 ms clock, 2.8+1.3/1.3/0+0.33 ms cpu, 122->132->132 MB, 129 MB goal, 0 MB stacks, 0 MB globals, 4 P
gc 2498 @50.181s 5%: 0.66+6.7+0.006 ms clock, 2.6+2.1/1.9/0+0.026 ms cpu, 132->152->142 MB, 155 MB goal, 0 MB stacks, 0 MB globals, 4 P
gc 2499 @50.189s 5%: 0.85+2.2+0.073 ms clock, 3.4+2.2/1.4/0+0.29 ms cpu, 172->172->122 MB, 142 MB goal, 0 MB stacks, 0 MB globals, 4 P
gc 2500 @50.198s 5%: 0.11+2.1+0.54 ms clock, 0.46+2.6/1.2/0+2.1 ms cpu, 162->192->152 MB, 169 MB goal, 0 MB stacks, 0 MB globals, 4 P
gc 2501 @50.206s 5%: 0.24+3.2+0.030 ms clock, 0.98+1.0/2.1/0.019+0.12 ms cpu, 172->192->132 MB, 169 MB goal, 0 MB stacks, 0 MB globals, 4 P
gc 2502 @50.217s 5%: 0.070+1.0+0.005 ms clock, 0.28+0/0.90/2.4+0.020 ms cpu, 172->172->102 MB, 180 MB goal, 0 MB stacks, 0 MB globals, 4 P
gc 2503 @50.221s 5%: 0.053+1.1+0.004 ms clock, 0.21+1.9/1.0/0.77+0.017 ms cpu, 102->102->102 MB, 105 MB goal, 0 MB stacks, 0 MB globals, 4 P
gc 2504 @50.223s 5%: 0.12+2.1+0.062 ms clock, 0.49+1.4/1.4/0+0.24 ms cpu, 122->122->122 MB, 102 MB goal, 0 MB stacks, 0 MB globals, 4 P
gc 2505 @50.226s 5%: 0.63+2.7+0.035 ms clock, 2.5+1.1/1.3/0.21+0.14 ms cpu, 122->132->122 MB, 143 MB goal, 0 MB stacks, 0 MB globals, 4 P
gc 2506 @50.237s 5%: 0.38+1.6+0.026 ms clock, 1.5+0/1.3/2.4+0.10 ms cpu, 142->142->112 MB, 143 MB goal, 0 MB stacks, 0 MB globals, 4 P
gc 2507 @50.246s 5%: 0.075+0.81+0.002 ms clock, 0.30+0.13/0.74/1.9+0.011 ms cpu, 142->142->102 MB, 143 MB goal, 0 MB stacks, 0 MB globals, 4 P
gc 2508 @50.247s 5%: 0.030+1.3+0.003 ms clock, 0.12+0.97/0.97/1.8+0.013 ms cpu, 102->102->102 MB, 105 MB goal, 0 MB stacks, 0 MB globals, 4 P
gc 2509 @50.249s 5%: 0.14+3.1+0.32 ms clock, 0.57+1.3/1.3/0+1.3 ms cpu, 112->122->122 MB, 102 MB goal, 0 MB stacks, 0 MB globals, 4 P
gc 2510 @50.253s 5%: 0.10+1.9+0.68 ms clock, 0.42+0.61/1.1/1.1+2.7 ms cpu, 122->132->112 MB, 129 MB goal, 0 MB stacks, 0 MB globals, 4 P
gc 2511 @50.272s 5%: 0.73+1.6+0.78 ms clock, 2.9+0.20/1.4/2.3+3.1 ms cpu, 132->142->112 MB, 119 MB goal, 0 MB stacks, 0 MB globals, 4 P
gc 2512 @50.278s 5%: 0.064+0.96+0.004 ms clock, 0.25+0/0.87/2.2+0.016 ms cpu, 112->112->102 MB, 118 MB goal, 0 MB stacks, 0 MB globals, 4 P
gc 2513 @50.948s 5%: 0.26+1.7+0.16 ms clock, 1.0+1.2/1.3/1.1+0.65 ms cpu, 122->122->112 MB, 114 MB goal, 0 MB stacks, 0 MB globals, 4 P
gc 2514 @50.951s 5%: 0.23+2.4+0.033 ms clock, 0.92+1.6/1.8/0.12+0.13 ms cpu, 122->132->122 MB, 112 MB goal, 0 MB stacks, 0 MB globals, 4 P
gc 2515 @50.954s 5%: 0.66+1.6+0.049 ms clock, 2.6+0.45/1.4/2.1+0.19 ms cpu, 122->122->112 MB, 122 MB goal, 0 MB stacks, 0 MB globals, 4 P
gc 2516 @50.980s 5%: 0.067+0.90+0.003 ms clock, 0.27+0.26/0.80/1.9+0.012 ms cpu, 122->122->102 MB, 114 MB goal, 0 MB stacks, 0 MB globals, 4 P
gc 2517 @50.990s 5%: 0.053+1.0+0.004 ms clock, 0.21+1.6/0.91/0.77+0.016 ms cpu, 102->102->102 MB, 105 MB goal, 0 MB stacks, 0 MB globals, 4 P
gc 2518 @50.992s 5%: 0.66+4.6+0.007 ms clock, 2.6+1.7/1.6/0+0.031 ms cpu, 122->122->122 MB, 102 MB goal, 0 MB stacks, 0 MB globals, 4 P
gc 2519 @50.998s 5%: 0.12+1.3+0.005 ms clock, 0.49+2.8/1.0/0+0.020 ms cpu, 122->122->102 MB, 130 MB goal, 0 MB stacks, 0 MB globals, 4 P
gc 2520 @51.006s 5%: 0.080+1.1+0.002 ms clock, 0.32+1.7/1.0/0.63+0.011 ms cpu, 122->122->102 MB, 130 MB goal, 0 MB stacks, 0 MB globals, 4 P
gc 2521 @51.007s 5%: 0.30+2.1+0.052 ms clock, 1.2+1.3/1.6/0+0.20 ms cpu, 122->132->132 MB, 129 MB goal, 0 MB stacks, 0 MB globals, 4 P
gc 2522 @51.010s 5%: 0.50+2.3+0.10 ms clock, 2.0+1.2/1.2/0.73+0.40 ms cpu, 132->142->122 MB, 132 MB goal, 0 MB stacks, 0 MB globals, 4 P
gc 2523 @51.013s 5%: 0.52+2.6+0.052 ms clock, 2.0+1.0/1.4/0.60+0.21 ms cpu, 122->132->122 MB, 129 MB goal, 0 MB stacks, 0 MB globals, 4 P
gc 2524 @51.028s 5%: 0.12+1.8+0.004 ms clock, 0.50+1.4/1.0/1.9+0.019 ms cpu, 142->142->102 MB, 122 MB goal, 0 MB stacks, 0 MB globals, 4 P
gc 2525 @51.033s 5%: 0.13+1.1+0.003 ms clock, 0.52+1.9/1.0/0.35+0.013 ms cpu, 122->122->102 MB, 130 MB goal, 0 MB stacks, 0 MB globals, 4 P
gc 2526 @51.034s 5%: 0.091+1.9+0.066 ms clock, 0.36+0.13/1.7/1.5+0.26 ms cpu, 122->122->122 MB, 130 MB goal, 0 MB stacks, 0 MB globals, 4 P
gc 2527 @51.037s 5%: 0.092+3.4+0.24 ms clock, 0.36+0.089/1.6/2.5+0.99 ms cpu, 132->142->122 MB, 143 MB goal, 0 MB stacks, 0 MB globals, 4 P
gc 2528 @51.053s 5%: 0.13+2.9+0.006 ms clock, 0.53+2.1/2.5/0.81+0.026 ms cpu, 142->142->122 MB, 143 MB goal, 0 MB stacks, 0 MB globals, 4 P
gc 2529 @51.057s 5%: 0.25+3.0+0.041 ms clock, 1.0+1.0/2.2/0.45+0.16 ms cpu, 142->152->132 MB, 155 MB goal, 0 MB stacks, 0 MB globals, 4 P
gc 2530 @51.063s 5%: 0.13+2.2+0.003 ms clock, 0.52+0.19/2.2/2.0+0.013 ms cpu, 152->152->112 MB, 155 MB goal, 0 MB stacks, 0 MB globals, 4 P
gc 2531 @51.082s 5%: 0.12+1.5+0.059 ms clock, 0.51+0/1.3/2.3+0.23 ms cpu, 162->162->112 MB, 149 MB goal, 0 MB stacks, 0 MB globals, 4 P
gc 2532 @51.085s 5%: 0.031+1.3+0.004 ms clock, 0.12+0.47/1.2/2.6+0.016 ms cpu, 112->112->102 MB, 118 MB goal, 0 MB stacks, 0 MB globals, 4 P
gc 2533 @51.088s 5%: 0.032+0.88+0.003 ms clock, 0.13+0.80/0.81/1.5+0.013 ms cpu, 102->102->102 MB, 105 MB goal, 0 MB stacks, 0 MB globals, 4 P
gc 2534 @51.089s 5%: 0.13+1.5+0.045 ms clock, 0.52+0.70/1.3/1.8+0.18 ms cpu, 112->112->112 MB, 102 MB goal, 0 MB stacks, 0 MB globals, 4 P
gc 2535 @51.092s 5%: 0.40+4.7+0.50 ms clock, 1.6+2.9/2.3/0+2.0 ms cpu, 112->152->142 MB, 112 MB goal, 0 MB stacks, 0 MB globals, 4 P
gc 2536 @51.098s 5%: 0.63+2.9+0.64 ms clock, 2.5+1.5/1.6/0+2.5 ms cpu, 142->152->152 MB, 142 MB goal, 0 MB stacks, 0 MB globals, 4 P
gc 2537 @51.102s 5%: 0.26+3.3+0.083 ms clock, 1.0+2.9/2.1/0+0.33 ms cpu, 152->162->122 MB, 152 MB goal, 0 MB stacks, 0 MB globals, 4 P
gc 2538 @51.107s 5%: 0.13+4.6+0.064 ms clock, 0.53+1.8/3.9/0+0.25 ms cpu, 132->142->132 MB, 122 MB goal, 0 MB stacks, 0 MB globals, 4 P
gc 2539 @51.112s 5%: 0.12+2.0+0.039 ms clock, 0.49+2.2/1.1/0+0.15 ms cpu, 132->142->112 MB, 132 MB goal, 0 MB stacks, 0 MB globals, 4 P
gc 2540 @51.116s 5%: 0.28+2.2+0.031 ms clock, 1.1+2.7/1.5/0+0.12 ms cpu, 132->142->112 MB, 119 MB goal, 0 MB stacks, 0 MB globals, 4 P
gc 2541 @51.120s 5%: 0.59+2.2+0.22 ms clock, 2.3+1.6/1.9/0+0.90 ms cpu, 132->132->132 MB, 129 MB goal, 0 MB stacks, 0 MB globals, 4 P
gc 2542 @51.123s 5%: 0.79+1.5+0.54 ms clock, 3.1+1.7/1.3/0+2.1 ms cpu, 132->152->122 MB, 132 MB goal, 0 MB stacks, 0 MB globals, 4 P
gc 2543 @51.127s 5%: 0.58+3.2+0.004 ms clock, 2.3+0.26/2.7/2.4+0.016 ms cpu, 122->122->122 MB, 130 MB goal, 0 MB stacks, 0 MB globals, 4 P
gc 2544 @51.140s 5%: 0.054+1.0+0.004 ms clock, 0.21+0.13/0.92/2.5+0.017 ms cpu, 132->132->102 MB, 129 MB goal, 0 MB stacks, 0 MB globals, 4 P
gc 2545 @51.149s 5%: 0.052+1.2+0.003 ms clock, 0.21+1.1/1.2/1.8+0.015 ms cpu, 102->102->102 MB, 105 MB goal, 0 MB stacks, 0 MB globals, 4 P
gc 2546 @51.151s 5%: 0.060+2.3+0.041 ms clock, 0.24+1.5/1.5/0+0.16 ms cpu, 122->122->122 MB, 102 MB goal, 0 MB stacks, 0 MB globals, 4 P
gc 2547 @51.154s 5%: 0.33+1.3+0.053 ms clock, 1.3+2.2/1.2/0+0.21 ms cpu, 122->122->122 MB, 122 MB goal, 0 MB stacks, 0 MB globals, 4 P
gc 2548 @51.156s 5%: 0.20+3.4+0.26 ms clock, 0.83+1.8/2.6/0+1.0 ms cpu, 122->142->122 MB, 122 MB goal, 0 MB stacks, 0 MB globals, 4 P
gc 2549 @51.161s 5%: 0.034+1.3+0.63 ms clock, 0.13+1.1/1.1/1.6+2.5 ms cpu, 122->132->112 MB, 129 MB goal, 0 MB stacks, 0 MB globals, 4 P
gc 2550 @51.167s 5%: 0.20+2.8+0.003 ms clock, 0.82+0.12/2.7/3.2+0.014 ms cpu, 132->132->112 MB, 129 MB goal, 0 MB stacks, 0 MB globals, 4 P
gc 2551 @51.176s 5%: 0.11+1.8+0.028 ms clock, 0.47+1.1/1.2/1.0+0.11 ms cpu, 132->142->122 MB, 119 MB goal, 0 MB stacks, 0 MB globals, 4 P
gc 2552 @51.179s 5%: 0.12+2.6+0.025 ms clock, 0.49+0/2.4/0.66+0.10 ms cpu, 132->132->122 MB, 143 MB goal, 0 MB stacks, 0 MB globals, 4 P
gc 2553 @51.189s 5%: 0.20+0.92+0.005 ms clock, 0.80+2.1/0.87/0.067+0.020 ms cpu, 152->152->102 MB, 134 MB goal, 0 MB stacks, 0 MB globals, 4 P
gc 2554 @51.192s 5%: 0.047+1.2+0.003 ms clock, 0.19+0.19/1.1/2.8+0.015 ms cpu, 122->122->102 MB, 130 MB goal, 0 MB stacks, 0 MB globals, 4 P
gc 2555 @51.195s 5%: 0.036+1.3+0.005 ms clock, 0.14+2.1/1.2/0.047+0.021 ms cpu, 102->102->102 MB, 105 MB goal, 0 MB stacks, 0 MB globals, 4 P
gc 2556 @51.204s 5%: 0.63+1.3+0.045 ms clock, 2.5+2.0/1.1/0+0.18 ms cpu, 122->122->122 MB, 102 MB goal, 0 MB stacks, 0 MB globals, 4 P
gc 2557 @51.206s 5%: 0.47+1.9+0.072 ms clock, 1.9+2.3/1.7/0+0.28 ms cpu, 122->122->112 MB, 122 MB goal, 0 MB stacks, 0 MB globals, 4 P
gc 2558 @51.209s 5%: 0.13+2.1+0.075 ms clock, 0.55+1.4/1.3/0+0.30 ms cpu, 112->142->132 MB, 112 MB goal, 0 MB stacks, 0 MB globals, 4 P
gc 2559 @51.213s 5%: 0.55+2.0+0.005 ms clock, 2.2+1.6/1.4/0+0.022 ms cpu, 142->142->102 MB, 132 MB goal, 0 MB stacks, 0 MB globals, 4 P
gc 2560 @51.216s 5%: 0.14+1.9+0.083 ms clock, 0.58+2.1/1.7/0+0.33 ms cpu, 132->152->142 MB, 102 MB goal, 0 MB stacks, 0 MB globals, 4 P
gc 2561 @51.219s 5%: 0.70+2.4+0.070 ms clock, 2.8+1.6/1.8/0+0.28 ms cpu, 142->142->122 MB, 142 MB goal, 0 MB stacks, 0 MB globals, 4 P
gc 2562 @51.223s 5%: 0.54+1.4+0.12 ms clock, 2.1+1.6/1.0/0+0.51 ms cpu, 122->132->112 MB, 122 MB goal, 0 MB stacks, 0 MB globals, 4 P
gc 2563 @51.225s 5%: 0.30+2.2+0.53 ms clock, 1.2+1.4/1.4/0+2.1 ms cpu, 112->132->132 MB, 112 MB goal, 0 MB stacks, 0 MB globals, 4 P
gc 2564 @51.230s 5%: 0.76+4.5+0.004 ms clock, 3.0+1.7/1.4/0+0.019 ms cpu, 132->142->132 MB, 132 MB goal, 0 MB stacks, 0 MB globals, 4 P
gc 2565 @51.235s 5%: 0.15+1.6+0.067 ms clock, 0.61+1.4/1.4/0+0.26 ms cpu, 132->152->122 MB, 132 MB goal, 0 MB stacks, 0 MB globals, 4 P
gc 2566 @51.237s 5%: 0.92+4.9+0.006 ms clock, 3.6+1.6/1.3/0+0.024 ms cpu, 122->132->122 MB, 122 MB goal, 0 MB stacks, 0 MB globals, 4 P
gc 2567 @51.244s 5%: 0.61+2.4+0.032 ms clock, 2.4+1.6/1.5/0+0.13 ms cpu, 142->142->122 MB, 122 MB goal, 0 MB stacks, 0 MB globals, 4 P
gc 2568 @51.247s 5%: 0.50+2.0+0.027 ms clock, 2.0+2.0/1.1/0+0.10 ms cpu, 122->132->112 MB, 122 MB goal, 0 MB stacks, 0 MB globals, 4 P
gc 2569 @51.251s 5%: 0.64+2.0+0.069 ms clock, 2.5+1.8/1.9/0+0.27 ms cpu, 122->122->122 MB, 112 MB goal, 0 MB stacks, 0 MB globals, 4 P
gc 2570 @51.254s 5%: 0.080+1.9+0.44 ms clock, 0.32+2.1/1.4/0+1.7 ms cpu, 132->132->122 MB, 143 MB goal, 0 MB stacks, 0 MB globals, 4 P
gc 2571 @51.258s 5%: 0.56+2.3+0.50 ms clock, 2.2+1.9/0.96/0+2.0 ms cpu, 152->162->132 MB, 124 MB goal, 0 MB stacks, 0 MB globals, 4 P
gc 2572 @51.262s 5%: 0.56+1.8+0.57 ms clock, 2.2+1.4/1.1/0+2.2 ms cpu, 132->152->142 MB, 135 MB goal, 0 MB stacks, 0 MB globals, 4 P
gc 2573 @51.266s 5%: 0.089+2.1+0.024 ms clock, 0.35+0.054/1.6/1.1+0.098 ms cpu, 142->142->122 MB, 143 MB goal, 0 MB stacks, 0 MB globals, 4 P
gc 2574 @51.278s 5%: 0.13+1.2+0.004 ms clock, 0.55+0.91/1.1/2.0+0.019 ms cpu, 142->142->102 MB, 143 MB goal, 0 MB stacks, 0 MB globals, 4 P
gc 2575 @51.281s 5%: 0.075+1.2+0.004 ms clock, 0.30+0.36/1.0/2.1+0.016 ms cpu, 112->112->102 MB, 118 MB goal, 0 MB stacks, 0 MB globals, 4 P
gc 2576 @51.914s 5%: 0.059+1.0+0.003 ms clock, 0.23+0.75/0.88/1.8+0.014 ms cpu, 102->102->102 MB, 105 MB goal, 0 MB stacks, 0 MB globals, 4 P
gc 2577 @51.916s 5%: 0.12+2.2+0.023 ms clock, 0.51+0.074/1.1/2.4+0.095 ms cpu, 112->112->112 MB, 118 MB goal, 0 MB stacks, 0 MB globals, 4 P
gc 2578 @51.956s 5%: 0.077+0.96+0.003 ms clock, 0.31+0.21/0.90/2.1+0.014 ms cpu, 122->122->102 MB, 114 MB goal, 0 MB stacks, 0 MB globals, 4 P
gc 2579 @51.959s 5%: 0.18+1.0+0.002 ms clock, 0.75+0.16/1.0/1.7+0.011 ms cpu, 122->122->112 MB, 114 MB goal, 0 MB stacks, 0 MB globals, 4 P
gc 2580 @51.985s 5%: 0.20+1.1+0.005 ms clock, 0.82+0.89/0.90/1.7+0.023 ms cpu, 122->122->102 MB, 114 MB goal, 0 MB stacks, 0 MB globals, 4 P
gc 2581 @51.999s 5%: 0.049+1.6+0.024 ms clock, 0.19+0.93/0.94/1.7+0.098 ms cpu, 102->112->112 MB, 102 MB goal, 0 MB stacks, 0 MB globals, 4 P
gc 2582 @52.001s 5%: 0.56+2.8+0.032 ms clock, 2.2+0.14/1.6/0.98+0.12 ms cpu, 112->122->122 MB, 130 MB goal, 0 MB stacks, 0 MB globals, 4 P
gc 2583 @52.010s 5%: 0.096+0.74+0.003 ms clock, 0.38+1.2/0.68/0.65+0.014 ms cpu, 142->142->102 MB, 122 MB goal, 0 MB stacks, 0 MB globals, 4 P
gc 2584 @52.011s 5%: 0.029+0.98+0.002 ms clock, 0.11+1.5/0.88/0.001+0.011 ms cpu, 102->102->102 MB, 105 MB goal, 0 MB stacks, 0 MB globals, 4 P
gc 2585 @52.013s 5%: 0.13+4.0+0.045 ms clock, 0.53+1.2/1.2/0+0.18 ms cpu, 112->122->122 MB, 102 MB goal, 0 MB stacks, 0 MB globals, 4 P
gc 2586 @52.017s 5%: 0.083+1.5+0.015 ms clock, 0.33+1.3/0.94/0+0.063 ms cpu, 122->132->112 MB, 129 MB goal, 0 MB stacks, 0 MB globals, 4 P
gc 2587 @52.021s 5%: 0.24+1.7+0.002 ms clock, 0.97+0/1.7/2.4+0.011 ms cpu, 132->132->112 MB, 129 MB goal, 0 MB stacks, 0 MB globals, 4 P
gc 2588 @52.030s 5%: 0.41+1.0+0.003 ms clock, 1.6+0.13/1.0/1.6+0.013 ms cpu, 132->132->112 MB, 129 MB goal, 0 MB stacks, 0 MB globals, 4 P
gc 2589 @52.034s 5%: 0.032+0.84+0.003 ms clock, 0.13+1.2/0.70/0.64+0.014 ms cpu, 112->112->102 MB, 118 MB goal, 0 MB stacks, 0 MB globals, 4 P
gc 2590 @52.036s 5%: 0.52+4.6+0.005 ms clock, 2.0+3.0/4.3/0.034+0.021 ms cpu, 122->122->122 MB, 130 MB goal, 0 MB stacks, 0 MB globals, 4 P
gc 2591 @52.045s 5%: 0.34+1.7+0.033 ms clock, 1.3+2.1/1.1/0+0.13 ms cpu, 142->142->112 MB, 122 MB goal, 0 MB stacks, 0 MB globals, 4 P
gc 2592 @52.049s 5%: 0.082+2.3+0.005 ms clock, 0.33+0.061/2.1/1.4+0.020 ms cpu, 132->132->132 MB, 129 MB goal, 0 MB stacks, 0 MB globals, 4 P
gc 2593 @52.055s 5%: 0.067+1.6+0.034 ms clock, 0.26+0.90/0.99/0.96+0.13 ms cpu, 132->142->112 MB, 132 MB goal, 0 MB stacks, 0 MB globals, 4 P
gc 2594 @52.060s 5%: 0.56+2.6+0.034 ms clock, 2.2+1.6/1.7/0+0.13 ms cpu, 142->142->122 MB, 119 MB goal, 0 MB stacks, 0 MB globals, 4 P
gc 2595 @52.064s 5%: 0.57+2.4+0.029 ms clock, 2.3+2.0/1.2/0+0.11 ms cpu, 122->132->112 MB, 129 MB goal, 0 MB stacks, 0 MB globals, 4 P
gc 2596 @52.069s 5%: 0.29+2.0+0.79 ms clock, 1.1+0.18/1.8/2.3+3.1 ms cpu, 132->132->122 MB, 129 MB goal, 0 MB stacks, 0 MB globals, 4 P
gc 2597 @52.072s 5%: 0.16+4.5+0.004 ms clock, 0.64+1.1/1.0/0+0.018 ms cpu, 142->142->132 MB, 122 MB goal, 0 MB stacks, 0 MB globals, 4 P
gc 2598 @52.077s 5%: 0.096+1.6+0.041 ms clock, 0.38+1.1/1.0/0.49+0.16 ms cpu, 132->142->112 MB, 143 MB goal, 0 MB stacks, 0 MB globals, 4 P
gc 2599 @52.097s 5%: 0.070+1.0+0.003 ms clock, 0.28+0.12/0.90/2.4+0.013 ms cpu, 142->142->102 MB, 143 MB goal, 0 MB stacks, 0 MB globals, 4 P
gc 2600 @52.102s 5%: 0.044+2.1+0.030 ms clock, 0.17+1.3/1.3/0+0.12 ms cpu, 102->112->112 MB, 102 MB goal, 0 MB stacks, 0 MB globals, 4 P
gc 2601 @52.105s 5%: 0.79+2.2+0.56 ms clock, 3.1+1.4/1.4/0+2.2 ms cpu, 112->132->132 MB, 112 MB goal, 0 MB stacks, 0 MB globals, 4 P
gc 2602 @52.109s 5%: 0.66+3.0+0.041 ms clock, 2.6+0.10/2.8/1.1+0.16 ms cpu, 132->142->132 MB, 155 MB goal, 0 MB stacks, 0 MB globals, 4 P
gc 2603 @52.114s 5%: 0.30+1.9+0.030 ms clock, 1.2+1.7/1.4/0.068+0.12 ms cpu, 152->152->112 MB, 155 MB goal, 0 MB stacks, 0 MB globals, 4 P
gc 2604 @52.119s 5%: 0.13+2.3+0.003 ms clock, 0.54+0.78/2.2/0.31+0.014 ms cpu, 152->152->122 MB, 155 MB goal, 0 MB stacks, 0 MB globals, 4 P
gc 2605 @52.123s 5%: 0.056+1.1+0.003 ms clock, 0.22+1.1/0.99/0.56+0.012 ms cpu, 132->132->102 MB, 143 MB goal, 0 MB stacks, 0 MB globals, 4 P
gc 2606 @52.126s 5%: 0.033+1.2+0.002 ms clock, 0.13+0.26/1.1/2.2+0.011 ms cpu, 112->112->102 MB, 118 MB goal, 0 MB stacks, 0 MB globals, 4 P
gc 2607 @52.130s 5%: 0.27+1.9+0.026 ms clock, 1.1+0.98/1.1/0.53+0.10 ms cpu, 122->122->112 MB, 114 MB goal, 0 MB stacks, 0 MB globals, 4 P
gc 2608 @52.133s 5%: 0.13+2.5+0.50 ms clock, 0.54+1.2/1.2/0+2.0 ms cpu, 122->132->132 MB, 112 MB goal, 0 MB stacks, 0 MB globals, 4 P
gc 2609 @52.136s 5%: 0.46+1.2+0.003 ms clock, 1.8+0.20/1.0/1.4+0.014 ms cpu, 132->132->102 MB, 132 MB goal, 0 MB stacks, 0 MB globals, 4 P
gc 2610 @52.141s 5%: 0.040+0.85+0.003 ms clock, 0.16+0.71/0.71/1.3+0.013 ms cpu, 102->102->102 MB, 105 MB goal, 0 MB stacks, 0 MB globals, 4 P
gc 2611 @52.142s 5%: 0.10+1.9+0.028 ms clock, 0.42+0.072/1.1/2.0+0.11 ms cpu, 112->112->112 MB, 118 MB goal, 0 MB stacks, 0 MB globals, 4 P
gc 2612 @52.163s 5%: 0.13+1.3+0.005 ms clock, 0.54+2.4/1.2/0+0.021 ms cpu, 122->122->112 MB, 114 MB goal, 0 MB stacks, 0 MB globals, 4 P
gc 2613 @52.168s 5%: 0.63+3.3+0.007 ms clock, 2.5+2.1/3.2/0+0.031 ms cpu, 132->142->122 MB, 112 MB goal, 0 MB stacks, 0 MB globals, 4 P
gc 2614 @52.173s 5%: 0.15+5.4+0.004 ms clock, 0.62+2.6/1.2/0.017+0.016 ms cpu, 122->132->112 MB, 122 MB goal, 0 MB stacks, 0 MB globals, 4 P
gc 2615 @52.179s 5%: 0.23+1.5+0.064 ms clock, 0.93+2.2/1.2/0+0.25 ms cpu, 112->122->112 MB, 114 MB goal, 0 MB stacks, 0 MB globals, 4 P
gc 2616 @52.181s 5%: 0.16+1.0+0.055 ms clock, 0.67+2.0/0.97/0+0.22 ms cpu, 122->132->122 MB, 112 MB goal, 0 MB stacks, 0 MB globals, 4 P
gc 2617 @52.182s 5%: 0.46+3.6+0.095 ms clock, 1.8+1.5/0.93/0+0.38 ms cpu, 122->122->122 MB, 122 MB goal, 0 MB stacks, 0 MB globals, 4 P
gc 2618 @52.187s 5%: 0.66+2.3+0.067 ms clock, 2.6+1.4/1.5/0+0.27 ms cpu, 142->142->122 MB, 122 MB goal, 0 MB stacks, 0 MB globals, 4 P
gc 2619 @52.190s 5%: 0.61+4.8+0.007 ms clock, 2.4+6.0/1.1/0+0.031 ms cpu, 122->142->122 MB, 155 MB goal, 0 MB stacks, 0 MB globals, 4 P
gc 2620 @52.196s 5%: 0.10+2.0+0.054 ms clock, 0.42+1.3/1.3/0+0.21 ms cpu, 152->152->132 MB, 155 MB goal, 0 MB stacks, 0 MB globals, 4 P
gc 2621 @52.211s 5%: 0.072+1.0+0.005 ms clock, 0.28+0.18/0.84/2.0+0.021 ms cpu, 152->152->102 MB, 155 MB goal, 0 MB stacks, 0 MB globals, 4 P
gc 2622 @52.212s 5%: 0.020+1.1+0.004 ms clock, 0.082+1.0/1.0/1.8+0.019 ms cpu, 102->102->102 MB, 105 MB goal, 0 MB stacks, 0 MB globals, 4 P
gc 2623 @52.214s 5%: 0.12+2.7+0.64 ms clock, 0.49+1.4/1.2/0.96+2.5 ms cpu, 112->122->122 MB, 114 MB goal, 0 MB stacks, 0 MB globals, 4 P
gc 2624 @52.223s 5%: 0.12+1.7+0.025 ms clock, 0.50+2.1/1.1/0+0.10 ms cpu, 152->152->132 MB, 122 MB goal, 0 MB stacks, 0 MB globals, 4 P
gc 2625 @52.225s 5%: 0.065+1.7+0.004 ms clock, 0.26+2.3/1.4/0.52+0.016 ms cpu, 132->132->102 MB, 143 MB goal, 0 MB stacks, 0 MB globals, 4 P
gc 2626 @52.228s 5%: 0.10+2.0+0.28 ms clock, 0.40+1.2/1.2/0+1.1 ms cpu, 142->142->142 MB, 143 MB goal, 0 MB stacks, 0 MB globals, 4 P
gc 2627 @52.233s 5%: 0.10+2.8+0.45 ms clock, 0.40+2.4/1.0/0+1.8 ms cpu, 162->162->132 MB, 142 MB goal, 0 MB stacks, 0 MB globals, 4 P
gc 2628 @52.237s 5%: 0.45+2.1+0.077 ms clock, 1.8+2.6/1.6/0+0.31 ms cpu, 132->142->122 MB, 143 MB goal, 0 MB stacks, 0 MB globals, 4 P
gc 2629 @52.241s 5%: 0.17+2.6+0.040 ms clock, 0.69+1.6/2.0/0+0.16 ms cpu, 142->142->122 MB, 143 MB goal, 0 MB stacks, 0 MB globals, 4 P
gc 2630 @52.247s 5%: 0.066+2.5+0.39 ms clock, 0.26+1.0/1.4/0.45+1.5 ms cpu, 142->172->142 MB, 139 MB goal, 0 MB stacks, 0 MB globals, 4 P
gc 2631 @52.251s 5%: 0.41+3.1+0.050 ms clock, 1.6+0.41/2.7/0.95+0.20 ms cpu, 142->142->132 MB, 155 MB goal, 0 MB stacks, 0 MB globals, 4 P
gc 2632 @52.260s 5%: 0.12+1.2+0.006 ms clock, 0.51+0/1.1/1.9+0.024 ms cpu, 152->152->102 MB, 155 MB goal, 0 MB stacks, 0 MB globals, 4 P
gc 2633 @52.264s 5%: 0.039+1.1+0.006 ms clock, 0.15+2.5/1.0/0+0.024 ms cpu, 102->102->102 MB, 105 MB goal, 0 MB stacks, 0 MB globals, 4 P
gc 2634 @52.265s 5%: 0.14+3.1+0.48 ms clock, 0.58+1.5/1.9/0+1.9 ms cpu, 132->132->132 MB, 102 MB goal, 0 MB stacks, 0 MB globals, 4 P
gc 2635 @52.270s 5%: 0.43+2.9+0.57 ms clock, 1.7+1.1/1.9/0.16+2.3 ms cpu, 132->152->132 MB, 134 MB goal, 0 MB stacks, 0 MB globals, 4 P
gc 2636 @52.276s 5%: 0.45+2.6+0.047 ms clock, 1.8+2.1/2.4/0+0.19 ms cpu, 152->152->122 MB, 134 MB goal, 0 MB stacks, 0 MB globals, 4 P
gc 2637 @52.281s 5%: 0.18+1.2+0.004 ms clock, 0.73+0.17/1.0/1.5+0.016 ms cpu, 142->142->102 MB, 143 MB goal, 0 MB stacks, 0 MB globals, 4 P
gc 2638 @52.925s 5%: 0.068+1.3+0.003 ms clock, 0.27+0.17/1.2/1.7+0.013 ms cpu, 122->122->102 MB, 114 MB goal, 0 MB stacks, 0 MB globals, 4 P
gc 2639 @52.957s 5%: 0.074+1.1+0.003 ms clock, 0.29+0.87/0.96/1.8+0.015 ms cpu, 102->102->102 MB, 105 MB goal, 0 MB stacks, 0 MB globals, 4 P
gc 2640 @52.958s 5%: 0.46+1.9+0.64 ms clock, 1.8+0.87/1.5/1.5+2.5 ms cpu, 112->112->112 MB, 118 MB goal, 0 MB stacks, 0 MB globals, 4 P
gc 2641 @52.963s 5%: 0.62+3.2+0.034 ms clock, 2.4+3.1/2.7/0+0.13 ms cpu, 132->132->122 MB, 112 MB goal, 0 MB stacks, 0 MB globals, 4 P
gc 2642 @52.967s 5%: 0.028+1.4+0.003 ms clock, 0.11+0.54/1.1/1.7+0.012 ms cpu, 122->122->102 MB, 122 MB goal, 0 MB stacks, 0 MB globals, 4 P
gc 2643 @53.009s 5%: 0.36+1.4+0.037 ms clock, 1.4+0.97/1.1/1.1+0.15 ms cpu, 132->132->112 MB, 104 MB goal, 0 MB stacks, 0 MB globals, 4 P
gc 2644 @53.011s 5%: 0.18+5.4+0.004 ms clock, 0.72+0.59/1.4/1.9+0.018 ms cpu, 112->132->122 MB, 112 MB goal, 0 MB stacks, 0 MB globals, 4 P
gc 2645 @53.017s 5%: 0.11+1.2+0.005 ms clock, 0.46+0.30/1.1/1.6+0.020 ms cpu, 122->122->102 MB, 122 MB goal, 0 MB stacks, 0 MB globals, 4 P
gc 2646 @53.020s 5%: 0.48+1.9+0.003 ms clock, 1.9+1.5/1.7/0.30+0.013 ms cpu, 122->122->112 MB, 114 MB goal, 0 MB stacks, 0 MB globals, 4 P
gc 2647 @53.025s 5%: 0.65+2.0+0.024 ms clock, 2.6+1.5/1.6/0.26+0.097 ms cpu, 142->142->122 MB, 112 MB goal, 0 MB stacks, 0 MB globals, 4 P
gc 2648 @53.028s 5%: 0.031+1.2+0.003 ms clock, 0.12+0.27/1.0/1.7+0.012 ms cpu, 122->122->102 MB, 130 MB goal, 0 MB stacks, 0 MB globals, 4 P
gc 2649 @53.036s 5%: 0.50+0.97+0.005 ms clock, 2.0+0/0.91/2.0+0.020 ms cpu, 122->122->102 MB, 130 MB goal, 0 MB stacks, 0 MB globals, 4 P
gc 2650 @53.041s 5%: 0.031+1.2+0.003 ms clock, 0.12+1.0/1.0/0.94+0.015 ms cpu, 102->102->102 MB, 105 MB goal, 0 MB stacks, 0 MB globals, 4 P
gc 2651 @53.042s 5%: 0.59+2.0+0.29 ms clock, 2.3+1.2/1.2/0+1.1 ms cpu, 122->122->122 MB, 102 MB goal, 0 MB stacks, 0 MB globals, 4 P
gc 2652 @53.046s 5%: 0.65+3.5+0.032 ms clock, 2.6+1.8/1.9/1.9+0.12 ms cpu, 122->132->122 MB, 129 MB goal, 0 MB stacks, 0 MB globals, 4 P
gc 2653 @53.051s 5%: 0.13+3.0+0.004 ms clock, 0.54+1.7/2.9/0+0.017 ms cpu, 132->132->122 MB, 129 MB goal, 0 MB stacks, 0 MB globals, 4 P
gc 2654 @53.054s 5%: 0.14+2.6+0.028 ms clock, 0.58+2.0/2.0/0.025+0.11 ms cpu, 132->142->122 MB, 122 MB goal, 0 MB stacks, 0 MB globals, 4 P
gc 2655 @53.057s 5%: 0.50+1.7+0.004 ms clock, 2.0+0.20/1.4/1.7+0.017 ms cpu, 122->122->112 MB, 130 MB goal, 0 MB stacks, 0 MB globals, 4 P
gc 2656 @53.069s 5%: 0.18+2.1+0.082 ms clock, 0.72+2.0/1.7/0+0.33 ms cpu, 152->152->122 MB, 112 MB goal, 0 MB stacks, 0 MB globals, 4 P
gc 2657 @53.072s 5%: 0.091+2.2+0.028 ms clock, 0.36+2.8/1.4/0.11+0.11 ms cpu, 122->132->112 MB, 143 MB goal, 0 MB stacks, 0 MB globals, 4 P
gc 2658 @53.078s 5%: 0.36+3.4+0.029 ms clock, 1.4+1.9/2.9/0.63+0.11 ms cpu, 142->142->122 MB, 143 MB goal, 0 MB stacks, 0 MB globals, 4 P
gc 2659 @53.086s 5%: 0.16+0.96+0.004 ms clock, 0.64+0.87/0.89/1.3+0.019 ms cpu, 142->142->102 MB, 143 MB goal, 0 MB stacks, 0 MB globals, 4 P
gc 2660 @53.089s 5%: 0.039+4.8+0.003 ms clock, 0.15+1.0/1.1/5.6+0.013 ms cpu, 112->122->112 MB, 114 MB goal, 0 MB stacks, 0 MB globals, 4 P
gc 2661 @53.101s 5%: 0.090+1.1+0.003 ms clock, 0.36+0.18/0.96/2.7+0.013 ms cpu, 122->122->102 MB, 114 MB goal, 0 MB stacks, 0 MB globals, 4 P
gc 2662 @53.111s 5%: 0.054+1.1+0.004 ms clock, 0.21+1.1/1.0/1.7+0.019 ms cpu, 102->102->102 MB, 105 MB goal, 0 MB stacks, 0 MB globals, 4 P
gc 2663 @53.112s 5%: 0.16+2.8+0.48 ms clock, 0.67+1.9/1.9/0+1.9 ms cpu, 112->122->122 MB, 102 MB goal, 0 MB stacks, 0 MB globals, 4 P
gc 2664 @53.117s 5%: 0.047+1.0+0.004 ms clock, 0.18+2.2/0.92/0+0.018 ms cpu, 122->122->112 MB, 122 MB goal, 0 MB stacks, 0 MB globals, 4 P
gc 2665 @53.118s 5%: 0.57+4.9+0.016 ms clock, 2.2+1.4/1.4/0+0.067 ms cpu, 142->142->132 MB, 112 MB goal, 0 MB stacks, 0 MB globals, 4 P
gc 2666 @53.124s 5%: 0.14+2.2+0.029 ms clock, 0.59+1.4/1.4/0+0.11 ms cpu, 132->142->112 MB, 132 MB goal, 0 MB stacks, 0 MB globals, 4 P
gc 2667 @53.127s 5%: 0.67+2.4+0.031 ms clock, 2.7+2.0/1.7/0+0.12 ms cpu, 112->112->112 MB, 112 MB goal, 0 MB stacks, 0 MB globals, 4 P
gc 2668 @53.130s 5%: 0.26+8.0+0.004 ms clock, 1.0+1.9/8.0/0+0.018 ms cpu, 112->152->142 MB, 112 MB goal, 0 MB stacks, 0 MB globals, 4 P
gc 2669 @53.139s 5%: 0.027+1.3+0.006 ms clock, 0.10+1.9/1.2/0.42+0.024 ms cpu, 142->142->102 MB, 142 MB goal, 0 MB stacks, 0 MB globals, 4 P
gc 2670 @53.140s 5%: 0.35+2.3+0.029 ms clock, 1.4+1.7/1.6/0+0.11 ms cpu, 102->122->122 MB, 102 MB goal, 0 MB stacks, 0 MB globals, 4 P
gc 2671 @53.143s 5%: 0.51+2.0+0.045 ms clock, 2.0+2.5/1.4/0+0.18 ms cpu, 122->132->122 MB, 122 MB goal, 0 MB stacks, 0 MB globals, 4 P
gc 2672 @53.148s 5%: 0.27+2.5+0.54 ms clock, 1.1+1.4/1.3/0+2.1 ms cpu, 142->142->132 MB, 122 MB goal, 0 MB stacks, 0 MB globals, 4 P
gc 2673 @53.151s 5%: 0.65+1.7+0.004 ms clock, 2.6+2.3/1.5/0+0.016 ms cpu, 132->132->112 MB, 155 MB goal, 0 MB stacks, 0 MB globals, 4 P
gc 2674 @53.173s 5%: 0.41+0.92+0.003 ms clock, 1.6+1.0/0.89/1.1+0.014 ms cpu, 152->152->102 MB, 155 MB goal, 0 MB stacks, 0 MB globals, 4 P
gc 2675 @53.186s 5%: 0.13+3.2+0.008 ms clock, 0.55+1.1/1.1/1.0+0.033 ms cpu, 142->152->112 MB, 155 MB goal, 0 MB stacks, 0 MB globals, 4 P
gc 2676 @53.192s 5%: 0.039+1.3+0.003 ms clock, 0.15+3.2/1.3/0+0.012 ms cpu, 112->112->102 MB, 118 MB goal, 0 MB stacks, 0 MB globals, 4 P
gc 2677 @53.194s 5%: 1.5+6.6+0.040 ms clock, 6.3+1.6/1.2/0+0.16 ms cpu, 122->132->132 MB, 104 MB goal, 0 MB stacks, 0 MB globals, 4 P
gc 2678 @53.203s 5%: 0.27+1.6+0.029 ms clock, 1.0+2.4/0.92/0+0.11 ms cpu, 132->142->112 MB, 132 MB goal, 0 MB stacks, 0 MB globals, 4 P
gc 2679 @53.205s 5%: 0.91+2.8+0.060 ms clock, 3.6+2.0/2.0/0+0.24 ms cpu, 112->132->132 MB, 112 MB goal, 0 MB stacks, 0 MB globals, 4 P
gc 2680 @53.209s 5%: 0.11+1.6+0.028 ms clock, 0.44+2.2/1.5/0+0.11 ms cpu, 132->132->102 MB, 132 MB goal, 0 MB stacks, 0 MB globals, 4 P
gc 2681 @53.211s 5%: 0.19+4.7+0.059 ms clock, 0.76+1.8/1.9/0+0.23 ms cpu, 122->132->132 MB, 104 MB goal, 0 MB stacks, 0 MB globals, 4 P
gc 2682 @53.216s 5%: 0.025+3.7+0.59 ms clock, 0.10+1.2/1.3/0.79+2.3 ms cpu, 132->142->112 MB, 132 MB goal, 0 MB stacks, 0 MB globals, 4 P
gc 2683 @53.222s 5%: 0.065+1.0+0.003 ms clock, 0.26+0.34/1.0/2.3+0.013 ms cpu, 112->112->102 MB, 118 MB goal, 0 MB stacks, 0 MB globals, 4 P
gc 2684 @53.226s 5%: 0.032+0.91+0.004 ms clock, 0.13+1.4/0.77/0.64+0.016 ms cpu, 102->102->102 MB, 105 MB goal, 0 MB stacks, 0 MB globals, 4 P
gc 2685 @53.231s 5%: 0.81+1.8+0.006 ms clock, 3.2+2.7/1.6/0+0.027 ms cpu, 142->142->132 MB, 102 MB goal, 0 MB stacks, 0 MB globals, 4 P
gc 2686 @53.234s 5%: 0.063+2.1+0.036 ms clock, 0.25+2.2/1.2/0.41+0.14 ms cpu, 132->142->112 MB, 143 MB goal, 0 MB stacks, 0 MB globals, 4 P
gc 2687 @53.239s 5%: 0.60+1.8+0.054 ms clock, 2.4+1.8/1.6/0+0.21 ms cpu, 142->142->112 MB, 143 MB goal, 0 MB stacks, 0 MB globals, 4 P
gc 2688 @53.242s 5%: 0.082+2.6+0.005 ms clock, 0.33+1.6/2.3/0.016+0.022 ms cpu, 142->142->122 MB, 143 MB goal, 0 MB stacks, 0 MB globals, 4 P
gc 2689 @53.246s 5%: 0.12+1.2+0.004 ms clock, 0.51+1.4/1.2/0.022+0.017 ms cpu, 142->142->102 MB, 143 MB goal, 0 MB stacks, 0 MB globals, 4 P
gc 2690 @53.249s 5%: 0.10+1.5+0.003 ms clock, 0.43+1.2/1.3/1.5+0.014 ms cpu, 122->122->102 MB, 130 MB goal, 0 MB stacks, 0 MB globals, 4 P
gc 2691 @53.253s 5%: 0.049+1.6+0.047 ms clock, 0.19+0.92/0.94/1.6+0.18 ms cpu, 102->122->122 MB, 102 MB goal, 0 MB stacks, 0 MB globals, 4 P
gc 2692 @53.255s 5%: 0.39+2.9+0.004 ms clock, 1.5+1.9/1.8/0+0.017 ms cpu, 122->122->122 MB, 122 MB goal, 0 MB stacks, 0 MB globals, 4 P
gc 2693 @53.259s 5%: 0.60+2.1+0.63 ms clock, 2.4+2.5/1.2/0+2.5 ms cpu, 142->142->122 MB, 122 MB goal, 0 MB stacks, 0 MB globals, 4 P
gc 2694 @53.268s 5%: 0.075+1.2+0.005 ms clock, 0.30+1.5/0.88/0.74+0.022 ms cpu, 122->122->122 MB, 155 MB goal, 0 MB stacks, 0 MB globals, 4 P
gc 2695 @53.272s 5%: 1.3+4.7+0.008 ms clock, 5.5+1.6/1.7/0+0.034 ms cpu, 142->152->122 MB, 155 MB goal, 0 MB stacks, 0 MB globals, 4 P
gc 2696 @53.279s 5%: 0.13+1.7+0.089 ms clock, 0.53+1.5/1.5/0+0.35 ms cpu, 152->152->132 MB, 155 MB goal, 0 MB stacks, 0 MB globals, 4 P
gc 2697 @53.281s 5%: 0.17+4.9+0.028 ms clock, 0.68+1.0/1.5/0+0.11 ms cpu, 152->162->152 MB, 168 MB goal, 0 MB stacks, 0 MB globals, 4 P
gc 2698 @53.287s 5%: 0.14+3.8+0.53 ms clock, 0.58+1.7/3.2/0+2.1 ms cpu, 182->182->122 MB, 154 MB goal, 0 MB stacks, 0 MB globals, 4 P
gc 2699 @53.293s 5%: 0.051+1.2+0.003 ms clock, 0.20+0.33/1.1/1.7+0.014 ms cpu, 122->122->102 MB, 130 MB goal, 0 MB stacks, 0 MB globals, 4 P
gc 2700 @53.972s 5%: 0.65+1.1+0.005 ms clock, 2.6+2.2/1.0/0.22+0.020 ms cpu, 142->142->102 MB, 119 MB goal, 0 MB stacks, 0 MB globals, 4 P
gc 2701 @53.991s 5%: 0.086+1.0+0.003 ms clock, 0.34+0.84/0.89/1.6+0.014 ms cpu, 102->102->102 MB, 105 MB goal, 0 MB stacks, 0 MB globals, 4 P
gc 2702 @53.993s 5%: 0.10+1.6+0.024 ms clock, 0.42+0.15/0.94/1.5+0.098 ms cpu, 112->112->112 MB, 118 MB goal, 0 MB stacks, 0 MB globals, 4 P
gc 2703 @54.012s 5%: 0.17+2.2+0.014 ms clock, 0.71+0.95/1.2/2.1+0.058 ms cpu, 122->122->112 MB, 114 MB goal, 0 MB stacks, 0 MB globals, 4 P
gc 2704 @54.015s 5%: 0.21+2.4+0.18 ms clock, 0.84+0.22/1.4/2.0+0.73 ms cpu, 122->132->122 MB, 129 MB goal, 0 MB stacks, 0 MB globals, 4 P
gc 2705 @54.020s 5%: 0.11+2.0+0.003 ms clock, 0.45+0.14/2.0/2.2+0.014 ms cpu, 132->132->112 MB, 129 MB goal, 0 MB stacks, 0 MB globals, 4 P
gc 2706 @54.023s 5%: 0.037+1.2+0.004 ms clock, 0.14+1.5/1.0/1.0+0.016 ms cpu, 112->112->102 MB, 118 MB goal, 0 MB stacks, 0 MB globals, 4 P
gc 2707 @54.025s 5%: 0.72+3.8+0.049 ms clock, 2.9+0.52/2.1/0.47+0.19 ms cpu, 122->132->132 MB, 129 MB goal, 0 MB stacks, 0 MB globals, 4 P
gc 2708 @54.030s 5%: 0.56+2.3+0.55 ms clock, 2.2+2.0/2.1/0.002+2.2 ms cpu, 132->142->122 MB, 132 MB goal, 0 MB stacks, 0 MB globals, 4 P
gc 2709 @54.033s 5%: 0.66+1.7+0.052 ms clock, 2.6+0.16/1.4/1.5+0.20 ms cpu, 122->132->112 MB, 129 MB goal, 0 MB stacks, 0 MB globals, 4 P
gc 2710 @54.043s 5%: 0.053+1.1+0.004 ms clock, 0.21+0.16/1.0/2.0+0.017 ms cpu, 132->132->102 MB, 129 MB goal, 0 MB stacks, 0 MB globals, 4 P
gc 2711 @54.048s 5%: 0.050+1.0+0.004 ms clock, 0.20+0.93/0.89/1.6+0.019 ms cpu, 102->102->102 MB, 105 MB goal, 0 MB stacks, 0 MB globals, 4 P
gc 2712 @54.049s 5%: 0.082+3.8+0.005 ms clock, 0.33+1.3/1.4/0.016+0.023 ms cpu, 112->112->112 MB, 118 MB goal, 0 MB stacks, 0 MB globals, 4 P
gc 2713 @54.055s 5%: 0.20+1.6+0.036 ms clock, 0.81+2.2/1.2/0+0.14 ms cpu, 122->122->112 MB, 114 MB goal, 0 MB stacks, 0 MB globals, 4 P
gc 2714 @54.058s 5%: 0.089+2.6+0.034 ms clock, 0.35+2.0/1.8/0+0.13 ms cpu, 132->132->132 MB, 112 MB goal, 0 MB stacks, 0 MB globals, 4 P
gc 2715 @54.061s 5%: 0.57+2.4+0.62 ms clock, 2.3+1.8/1.1/0.006+2.5 ms cpu, 132->152->122 MB, 155 MB goal, 0 MB stacks, 0 MB globals, 4 P
gc 2716 @54.074s 5%: 0.14+2.3+0.005 ms clock, 0.56+1.8/2.3/0.13+0.022 ms cpu, 152->152->122 MB, 155 MB goal, 0 MB stacks, 0 MB globals, 4 P
gc 2717 @54.080s 5%: 0.11+2.1+0.028 ms clock, 0.44+1.2/1.2/1.5+0.11 ms cpu, 152->162->122 MB, 149 MB goal, 0 MB stacks, 0 MB globals, 4 P
gc 2718 @54.085s 5%: 0.39+1.2+0.002 ms clock, 1.5+2.5/1.1/0.065+0.011 ms cpu, 122->122->102 MB, 130 MB goal, 0 MB stacks, 0 MB globals, 4 P
gc 2719 @54.088s 5%: 0.69+5.0+0.028 ms clock, 2.7+0.67/3.7/0.30+0.11 ms cpu, 122->142->142 MB, 143 MB goal, 0 MB stacks, 0 MB globals, 4 P
gc 2720 @54.097s 5%: 0.14+1.4+0.031 ms clock, 0.58+0.15/1.2/2.1+0.12 ms cpu, 152->152->112 MB, 142 MB goal, 0 MB stacks, 0 MB globals, 4 P
gc 2721 @54.099s 5%: 0.065+1.4+0.003 ms clock, 0.26+0.091/1.1/3.1+0.014 ms cpu, 112->112->102 MB, 118 MB goal, 0 MB stacks, 0 MB globals, 4 P
gc 2722 @54.102s 5%: 0.033+1.0+0.003 ms clock, 0.13+0.96/0.90/0.78+0.013 ms cpu, 102->102->102 MB, 105 MB goal, 0 MB stacks, 0 MB globals, 4 P
gc 2723 @54.104s 5%: 0.11+1.9+0.029 ms clock, 0.46+0.075/1.0/1.9+0.11 ms cpu, 112->112->112 MB, 102 MB goal, 0 MB stacks, 0 MB globals, 4 P
gc 2724 @54.108s 5%: 0.059+0.99+0.003 ms clock, 0.23+0.29/0.96/2.0+0.012 ms cpu, 112->112->102 MB, 112 MB goal, 0 MB stacks, 0 MB globals, 4 P
gc 2725 @54.121s 5%: 0.16+1.1+0.003 ms clock, 0.65+1.3/1.0/1.0+0.014 ms cpu, 122->122->112 MB, 102 MB goal, 0 MB stacks, 0 MB globals, 4 P
gc 2726 @54.123s 5%: 0.053+1.3+0.003 ms clock, 0.21+0.25/1.1/1.7+0.012 ms cpu, 112->112->102 MB, 118 MB goal, 0 MB stacks, 0 MB globals, 4 P
gc 2727 @54.129s 5%: 0.56+1.5+0.003 ms clock, 2.2+1.5/1.3/0.15+0.015 ms cpu, 122->122->122 MB, 114 MB goal, 0 MB stacks, 0 MB globals, 4 P
gc 2728 @54.132s 5%: 0.055+1.7+0.028 ms clock, 0.22+1.0/1.0/1.1+0.11 ms cpu, 122->132->112 MB, 129 MB goal, 0 MB stacks, 0 MB globals, 4 P
gc 2729 @54.141s 5%: 0.63+1.0+0.027 ms clock, 2.5+2.3/0.86/0+0.10 ms cpu, 142->142->112 MB, 119 MB goal, 0 MB stacks, 0 MB globals, 4 P
gc 2730 @54.144s 5%: 0.63+2.8+0.35 ms clock, 2.5+1.4/1.6/0+1.4 ms cpu, 132->142->142 MB, 143 MB goal, 0 MB stacks, 0 MB globals, 4 P
gc 2731 @54.150s 5%: 0.52+1.7+0.031 ms clock, 2.1+1.1/1.2/0.94+0.12 ms cpu, 152->152->112 MB, 142 MB goal, 0 MB stacks, 0 MB globals, 4 P
gc 2732 @54.155s 5%: 0.10+1.6+0.051 ms clock, 0.40+0/1.5/1.9+0.20 ms cpu, 142->142->122 MB, 143 MB goal, 0 MB stacks, 0 MB globals, 4 P
gc 2733 @54.159s 5%: 0.046+0.93+0.003 ms clock, 0.18+1.4/0.84/0.66+0.012 ms cpu, 122->122->102 MB, 130 MB goal, 0 MB stacks, 0 MB globals, 4 P
gc 2734 @54.164s 5%: 0.037+1.0+0.003 ms clock, 0.15+0.052/0.93/1.7+0.012 ms cpu, 122->122->102 MB, 130 MB goal, 0 MB stacks, 0 MB globals, 4 P
gc 2735 @54.178s 5%: 0.16+0.94+0.003 ms clock, 0.65+1.6/0.89/0.39+0.014 ms cpu, 122->122->102 MB, 130 MB goal, 0 MB stacks, 0 MB globals, 4 P
gc 2736 @54.180s 5%: 0.078+1.9+0.003 ms clock, 0.31+0.15/1.7/1.0+0.013 ms cpu, 122->122->122 MB, 130 MB goal, 0 MB stacks, 0 MB globals, 4 P
gc 2737 @54.185s 5%: 0.041+0.92+0.002 ms clock, 0.16+0.074/0.82/1.5+0.011 ms cpu, 132->132->102 MB, 129 MB goal, 0 MB stacks, 0 MB globals, 4 P
gc 2738 @54.188s 5%: 0.030+1.0+0.003 ms clock, 0.12+0.96/0.98/1.7+0.012 ms cpu, 102->102->102 MB, 105 MB goal, 0 MB stacks, 0 MB globals, 4 P
gc 2739 @54.190s 5%: 0.058+1.7+0.025 ms clock, 0.23+1.0/1.0/0.84+0.10 ms cpu, 112->112->112 MB, 118 MB goal, 0 MB stacks, 0 MB globals, 4 P
gc 2740 @54.194s 5%: 0.57+2.8+0.002 ms clock, 2.3+0.098/1.1/3.3+0.011 ms cpu, 122->122->112 MB, 114 MB goal, 0 MB stacks, 0 MB globals, 4 P
gc 2741 @54.205s 5%: 0.66+1.1+0.004 ms clock, 2.6+1.7/0.96/0+0.017 ms cpu, 122->122->112 MB, 114 MB goal, 0 MB stacks, 0 MB globals, 4 P
gc 2742 @54.207s 5%: 0.58+2.4+0.033 ms clock, 2.3+1.6/1.7/0+0.13 ms cpu, 132->132->122 MB, 112 MB goal, 0 MB stacks, 0 MB globals, 4 P
gc 2743 @54.210s 5%: 0.49+1.1+0.005 ms clock, 1.9+1.3/1.0/0+0.020 ms cpu, 122->122->102 MB, 130 MB goal, 0 MB stacks, 0 MB globals, 4 P
gc 2744 @54.214s 5%: 0.50+1.3+0.003 ms clock, 2.0+0.15/1.2/1.2+0.012 ms cpu, 132->132->112 MB, 129 MB goal, 0 MB stacks, 0 MB globals, 4 P
gc 2745 @54.217s 5%: 0.037+0.99+0.002 ms clock, 0.14+2.4/0.84/0+0.010 ms cpu, 112->112->102 MB, 118 MB goal, 0 MB stacks, 0 MB globals, 4 P
gc 2746 @54.220s 5%: 0.63+2.9+0.005 ms clock, 2.5+1.5/0.83/0+0.023 ms cpu, 132->132->122 MB, 105 MB goal, 0 MB stacks, 0 MB globals, 4 P
gc 2747 @54.223s 5%: 0.042+4.5+0.028 ms clock, 0.17+1.3/0.99/0.42+0.11 ms cpu, 122->132->112 MB, 129 MB goal, 0 MB stacks, 0 MB globals, 4 P
gc 2748 @54.236s 5%: 0.39+2.3+0.057 ms clock, 1.5+1.2/1.1/0+0.23 ms cpu, 132->142->122 MB, 119 MB goal, 0 MB stacks, 0 MB globals, 4 P
gc 2749 @54.239s 5%: 0.53+1.5+0.67 ms clock, 2.1+1.4/1.0/0.046+2.6 ms cpu, 122->132->122 MB, 129 MB goal, 0 MB stacks, 0 MB globals, 4 P
gc 2750 @54.243s 5%: 0.12+6.4+0.007 ms clock, 0.51+1.1/1.1/0+0.030 ms cpu, 152->162->152 MB, 122 MB goal, 0 MB stacks, 0 MB globals, 4 P
gc 2751 @54.250s 5%: 0.035+5.3+0.028 ms clock, 0.14+1.7/1.0/0+0.11 ms cpu, 152->182->132 MB, 179 MB goal, 0 MB stacks, 0 MB globals, 4 P
gc 2752 @54.263s 5%: 0.051+0.98+0.026 ms clock, 0.20+0.13/0.83/1.5+0.10 ms cpu, 182->182->102 MB, 179 MB goal, 0 MB stacks, 0 MB globals, 4 P
gc 2753 @54.266s 5%: 0.053+1.0+0.002 ms clock, 0.21+0.40/0.94/2.0+0.011 ms cpu, 112->112->102 MB, 118 MB goal, 0 MB stacks, 0 MB globals, 4 P
gc 2754 @54.270s 5%: 0.12+0.93+0.004 ms clock, 0.49+1.4/0.80/0.66+0.018 ms cpu, 102->102->102 MB, 105 MB goal, 0 MB stacks, 0 MB globals, 4 P
gc 2755 @54.271s 5%: 0.14+3.0+0.40 ms clock, 0.56+2.0/1.9/0+1.6 ms cpu, 112->122->122 MB, 102 MB goal, 0 MB stacks, 0 MB globals, 4 P
gc 2756 @54.276s 5%: 0.060+2.4+0.056 ms clock, 0.24+1.4/1.5/1.0+0.22 ms cpu, 122->132->112 MB, 122 MB goal, 0 MB stacks, 0 MB globals, 4 P
gc 2757 @54.279s 5%: 0.59+2.0+0.003 ms clock, 2.3+2.0/1.9/0+0.014 ms cpu, 112->112->112 MB, 112 MB goal, 0 MB stacks, 0 MB globals, 4 P
gc 2758 @54.282s 5%: 0.47+4.1+0.005 ms clock, 1.8+1.2/2.4/0+0.023 ms cpu, 132->132->122 MB, 112 MB goal, 0 MB stacks, 0 MB globals, 4 P
gc 2759 @54.287s 5%: 0.13+1.8+0.035 ms clock, 0.54+2.1/1.0/0+0.14 ms cpu, 122->132->112 MB, 129 MB goal, 0 MB stacks, 0 MB globals, 4 P
gc 2760 @54.291s 5%: 0.39+2.3+0.044 ms clock, 1.5+2.0/2.2/0+0.17 ms cpu, 132->132->112 MB, 129 MB goal, 0 MB stacks, 0 MB globals, 4 P
gc 2761 @54.294s 5%: 0.12+1.7+0.50 ms clock, 0.50+2.3/1.3/0+2.0 ms cpu, 142->162->152 MB, 112 MB goal, 0 MB stacks, 0 MB globals, 4 P
gc 2762 @54.297s 5%: 0.48+2.7+0.053 ms clock, 1.9+1.4/2.1/0+0.21 ms cpu, 152->162->162 MB, 152 MB goal, 0 MB stacks, 0 MB globals, 4 P
gc 2763 @54.301s 5%: 0.49+3.9+0.092 ms clock, 1.9+1.6/1.7/0+0.36 ms cpu, 162->162->162 MB, 162 MB goal, 0 MB stacks, 0 MB globals, 4 P
gc 2764 @54.306s 5%: 0.078+1.1+0.054 ms clock, 0.31+0.091/0.99/1.5+0.21 ms cpu, 162->162->112 MB, 162 MB goal, 0 MB stacks, 0 MB globals, 4 P
gc 2765 @54.307s 5%: 0.030+1.1+0.003 ms clock, 0.12+0.35/1.0/2.1+0.015 ms cpu, 112->112->102 MB, 130 MB goal, 0 MB stacks, 0 MB globals, 4 P
gc 2766 @54.932s 5%: 0.058+1.0+0.003 ms clock, 0.23+0.83/0.83/1.4+0.015 ms cpu, 102->102->102 MB, 105 MB goal, 0 MB stacks, 0 MB globals, 4 P
gc 2767 @54.933s 5%: 0.12+4.0+0.003 ms clock, 0.51+0.14/1.3/1.6+0.014 ms cpu, 112->112->112 MB, 118 MB goal, 0 MB stacks, 0 MB globals, 4 P
gc 2768 @54.979s 5%: 0.62+1.7+0.037 ms clock, 2.5+2.6/1.5/0.17+0.15 ms cpu, 132->142->112 MB, 112 MB goal, 0 MB stacks, 0 MB globals, 4 P
gc 2769 @54.982s 5%: 0.46+2.8+0.004 ms clock, 1.8+0.43/2.4/1.3+0.017 ms cpu, 112->112->112 MB, 118 MB goal, 0 MB stacks, 0 MB globals, 4 P
gc 2770 @55.001s 5%: 0.083+1.5+0.005 ms clock, 0.33+0/1.4/2.9+0.020 ms cpu, 122->122->102 MB, 114 MB goal, 0 MB stacks, 0 MB globals, 4 P
gc 2771 @55.016s 5%: 0.092+1.0+0.005 ms clock, 0.36+0.91/0.94/1.8+0.022 ms cpu, 102->102->102 MB, 105 MB goal, 0 MB stacks, 0 MB globals, 4 P
gc 2772 @55.017s 5%: 0.14+2.4+0.64 ms clock, 0.57+0.091/1.6/2.1+2.5 ms cpu, 112->112->112 MB, 118 MB goal, 0 MB stacks, 0 MB globals, 4 P
gc 2773 @55.022s 5%: 0.15+6.5+0.034 ms clock, 0.63+2.4/0.003/0+0.13 ms cpu, 132->132->122 MB, 112 MB goal, 0 MB stacks, 0 MB globals, 4 P
gc 2774 @55.030s 5%: 0.039+1.4+0.004 ms clock, 0.15+2.3/1.3/0.10+0.017 ms cpu, 122->122->112 MB, 130 MB goal, 0 MB stacks, 0 MB globals, 4 P
gc 2775 @55.033s 5%: 0.61+5.7+0.047 ms clock, 2.4+1.4/1.5/0+0.19 ms cpu, 132->142->132 MB, 119 MB goal, 0 MB stacks, 0 MB globals, 4 P
gc 2776 @55.040s 5%: 0.71+1.3+0.052 ms clock, 2.8+1.7/1.2/0.13+0.21 ms cpu, 132->142->112 MB, 132 MB goal, 0 MB stacks, 0 MB globals, 4 P
gc 2777 @55.043s 5%: 0.069+2.5+0.24 ms clock, 0.27+1.3/1.8/0+0.98 ms cpu, 132->142->142 MB, 143 MB goal, 0 MB stacks, 0 MB globals, 4 P
gc 2778 @55.048s 5%: 0.52+1.6+0.025 ms clock, 2.1+0.21/1.2/1.9+0.10 ms cpu, 152->152->112 MB, 142 MB goal, 0 MB stacks, 0 MB globals, 4 P
gc 2779 @55.064s 5%: 0.18+1.1+0.050 ms clock, 0.74+0.98/0.90/0.85+0.20 ms cpu, 142->142->112 MB, 143 MB goal, 0 MB stacks, 0 MB globals, 4 P
gc 2780 @55.071s 5%: 0.11+1.9+0.029 ms clock, 0.45+1.7/1.7/0+0.11 ms cpu, 152->152->122 MB, 112 MB goal, 0 MB stacks, 0 MB globals, 4 P
gc 2781 @55.073s 5%: 0.14+1.3+0.002 ms clock, 0.57+0.51/1.1/1.3+0.010 ms cpu, 122->122->102 MB, 130 MB goal, 0 MB stacks, 0 MB globals, 4 P
gc 2782 @55.080s 5%: 0.41+2.8+0.59 ms clock, 1.6+2.2/1.4/0+2.3 ms cpu, 122->142->142 MB, 119 MB goal, 0 MB stacks, 0 MB globals, 4 P
gc 2783 @55.084s 5%: 0.53+2.5+0.021 ms clock, 2.1+1.4/1.7/0+0.086 ms cpu, 142->152->122 MB, 142 MB goal, 0 MB stacks, 0 MB globals, 4 P
gc 2784 @55.088s 5%: 0.67+2.8+0.045 ms clock, 2.6+0.059/1.9/1.8+0.18 ms cpu, 132->132->122 MB, 143 MB goal, 0 MB stacks, 0 MB globals, 4 P
gc 2785 @55.094s 5%: 0.11+1.9+0.004 ms clock, 0.46+1.9/1.5/0.80+0.018 ms cpu, 142->142->112 MB, 143 MB goal, 0 MB stacks, 0 MB globals, 4 P
gc 2786 @55.104s 5%: 0.079+1.3+0.004 ms clock, 0.31+0/1.3/3.1+0.017 ms cpu, 142->142->102 MB, 143 MB goal, 0 MB stacks, 0 MB globals, 4 P
gc 2787 @55.110s 5%: 0.067+1.2+0.004 ms clock, 0.26+1.1/1.1/2.0+0.017 ms cpu, 102->102->102 MB, 105 MB goal, 0 MB stacks, 0 MB globals, 4 P
gc 2788 @55.112s 5%: 0.13+1.5+0.083 ms clock, 0.54+0.089/0.98/1.8+0.33 ms cpu, 112->112->112 MB, 102 MB goal, 0 MB stacks, 0 MB globals, 4 P
gc 2789 @55.115s 5%: 0.73+1.4+0.003 ms clock, 2.9+0.45/1.3/2.0+0.015 ms cpu, 112->112->112 MB, 118 MB goal, 0 MB stacks, 0 MB globals, 4 P
gc 2790 @55.128s 5%: 0.19+0.92+0.005 ms clock, 0.76+1.4/0.80/0.75+0.023 ms cpu, 132->132->102 MB, 112 MB goal, 0 MB stacks, 0 MB globals, 4 P
gc 2791 @55.132s 5%: 0.050+1.2+0.005 ms clock, 0.20+2.0/1.0/0+0.020 ms cpu, 102->102->102 MB, 105 MB goal, 0 MB stacks, 0 MB globals, 4 P
gc 2792 @55.134s 5%: 0.47+3.6+0.050 ms clock, 1.8+1.6/1.6/0+0.20 ms cpu, 112->122->122 MB, 102 MB goal, 0 MB stacks, 0 MB globals, 4 P
gc 2793 @55.138s 5%: 0.44+1.1+0.63 ms clock, 1.7+1.0/0.93/0.64+2.5 ms cpu, 122->132->112 MB, 129 MB goal, 0 MB stacks, 0 MB globals, 4 P
gc 2794 @55.146s 5%: 0.11+1.0+0.005 ms clock, 0.44+0.33/0.99/1.3+0.020 ms cpu, 132->132->102 MB, 129 MB goal, 0 MB stacks, 0 MB globals, 4 P
gc 2795 @55.149s 5%: 0.10+1.3+0.054 ms clock, 0.41+1.0/1.0/0.74+0.21 ms cpu, 122->132->122 MB, 129 MB goal, 0 MB stacks, 0 MB globals, 4 P
gc 2796 @55.153s 5%: 0.089+1.3+0.091 ms clock, 0.35+0.12/1.1/1.7+0.36 ms cpu, 132->142->122 MB, 122 MB goal, 0 MB stacks, 0 MB globals, 4 P
gc 2797 @55.154s 5%: 0.47+2.5+0.097 ms clock, 1.9+0.15/1.3/2.3+0.38 ms cpu, 122->142->132 MB, 122 MB goal, 0 MB stacks, 0 MB globals, 4 P
gc 2798 @55.158s 5%: 0.071+5.6+0.031 ms clock, 0.28+1.0/4.5/0.65+0.12 ms cpu, 132->142->132 MB, 155 MB goal, 0 MB stacks, 0 MB globals, 4 P
gc 2799 @55.166s 5%: 0.63+2.8+0.020 ms clock, 2.5+0.37/1.9/2.4+0.081 ms cpu, 152->152->122 MB, 155 MB goal, 0 MB stacks, 0 MB globals, 4 P
gc 2800 @55.184s 5%: 0.55+2.2+0.005 ms clock, 2.2+0/2.1/2.6+0.021 ms cpu, 162->162->112 MB, 149 MB goal, 0 MB stacks, 0 MB globals, 4 P
gc 2801 @55.196s 5%: 0.063+1.8+0.032 ms clock, 0.25+1.0/1.0/1.9+0.13 ms cpu, 122->132->112 MB, 129 MB goal, 0 MB stacks, 0 MB globals, 4 P
gc 2802 @55.198s 5%: 0.069+1.5+0.033 ms clock, 0.27+1.2/1.2/1.2+0.13 ms cpu, 112->112->112 MB, 118 MB goal, 0 MB stacks, 0 MB globals, 4 P
gc 2803 @55.201s 5%: 0.11+2.3+0.037 ms clock, 0.46+0.19/1.2/2.1+0.15 ms cpu, 122->122->112 MB, 130 MB goal, 0 MB stacks, 0 MB globals, 4 P
gc 2804 @55.212s 5%: 0.43+2.0+0.56 ms clock, 1.7+0.96/1.1/1.8+2.2 ms cpu, 132->132->112 MB, 129 MB goal, 0 MB stacks, 0 MB globals, 4 P
gc 2805 @55.217s 5%: 0.61+4.5+0.005 ms clock, 2.4+1.4/4.3/0+0.023 ms cpu, 142->142->122 MB, 120 MB goal, 0 MB stacks, 0 MB globals, 4 P
gc 2806 @55.222s 5%: 0.11+1.0+0.002 ms clock, 0.44+1.1/0.98/0.86+0.010 ms cpu, 122->122->102 MB, 130 MB goal, 0 MB stacks, 0 MB globals, 4 P
gc 2807 @55.225s 5%: 0.46+1.7+0.026 ms clock, 1.8+1.7/1.0/0+0.10 ms cpu, 122->122->112 MB, 130 MB goal, 0 MB stacks, 0 MB globals, 4 P
gc 2808 @55.228s 5%: 0.11+5.5+0.029 ms clock, 0.45+1.3/4.3/0.98+0.11 ms cpu, 132->142->122 MB, 143 MB goal, 0 MB stacks, 0 MB globals, 4 P
gc 2809 @55.243s 5%: 0.062+0.78+0.003 ms clock, 0.25+0.18/0.74/1.8+0.014 ms cpu, 142->142->102 MB, 143 MB goal, 0 MB stacks, 0 MB globals, 4 P
gc 2810 @55.250s 5%: 0.11+1.5+0.24 ms clock, 0.46+1.1/1.2/0+0.97 ms cpu, 132->142->132 MB, 143 MB goal, 0 MB stacks, 0 MB globals, 4 P
gc 2811 @55.253s 5%: 0.13+1.9+0.11 ms clock, 0.54+1.7/1.2/0+0.45 ms cpu, 152->152->132 MB, 135 MB goal, 0 MB stacks, 0 MB globals, 4 P
gc 2812 @55.257s 5%: 0.13+3.1+0.031 ms clock, 0.52+1.4/2.2/0+0.12 ms cpu, 152->152->122 MB, 135 MB goal, 0 MB stacks, 0 MB globals, 4 P
gc 2813 @55.261s 5%: 0.13+1.0+0.055 ms clock, 0.54+1.7/0.90/0+0.22 ms cpu, 142->142->122 MB, 143 MB goal, 0 MB stacks, 0 MB globals, 4 P
gc 2814 @55.263s 5%: 0.11+2.5+0.056 ms clock, 0.46+1.4/2.3/0+0.22 ms cpu, 142->142->122 MB, 143 MB goal, 0 MB stacks, 0 MB globals, 4 P
gc 2815 @55.266s 5%: 0.12+2.6+0.051 ms clock, 0.48+1.8/2.3/0.40+0.20 ms cpu, 142->142->112 MB, 143 MB goal, 0 MB stacks, 0 MB globals, 4 P
gc 2816 @55.278s 5%: 0.12+0.92+0.003 ms clock, 0.51+0/0.81/1.9+0.012 ms cpu, 142->142->102 MB, 143 MB goal, 0 MB stacks, 0 MB globals, 4 P
gc 2817 @55.283s 5%: 0.038+0.93+0.003 ms clock, 0.15+0.76/0.79/1.5+0.013 ms cpu, 102->102->102 MB, 105 MB goal, 0 MB stacks, 0 MB globals, 4 P
gc 2818 @55.285s 5%: 0.12+4.2+0.10 ms clock, 0.49+0.11/1.4/1.4+0.43 ms cpu, 112->122->122 MB, 114 MB goal, 0 MB stacks, 0 MB globals, 4 P
gc 2819 @55.292s 5%: 0.56+1.2+0.004 ms clock, 2.2+1.1/1.2/0.099+0.017 ms cpu, 132->132->112 MB, 122 MB goal, 0 MB stacks, 0 MB globals, 4 P
gc 2820 @55.294s 5%: 0.22+2.0+0.038 ms clock, 0.91+1.2/1.1/0+0.15 ms cpu, 112->132->122 MB, 129 MB goal, 0 MB stacks, 0 MB globals, 4 P
gc 2821 @55.299s 5%: 0.47+1.3+0.002 ms clock, 1.8+0.15/1.1/1.9+0.011 ms cpu, 132->132->112 MB, 129 MB goal, 0 MB stacks, 0 MB globals, 4 P
gc 2822 @55.304s 5%: 0.025+0.83+0.003 ms clock, 0.10+1.9/0.73/0+0.012 ms cpu, 112->112->102 MB, 118 MB goal, 0 MB stacks, 0 MB globals, 4 P
gc 2823 @55.305s 5%: 0.47+1.7+0.45 ms clock, 1.8+1.5/0.83/0+1.8 ms cpu, 122->132->132 MB, 102 MB goal, 0 MB stacks, 0 MB globals, 4 P
gc 2824 @55.308s 5%: 0.84+2.7+0.041 ms clock, 3.3+1.3/2.1/0+0.16 ms cpu, 132->142->132 MB, 132 MB goal, 0 MB stacks, 0 MB globals, 4 P
gc 2825 @55.312s 5%: 0.53+3.0+0.004 ms clock, 2.1+2.5/2.7/0+0.019 ms cpu, 132->132->122 MB, 132 MB goal, 0 MB stacks, 0 MB globals, 4 P
gc 2826 @55.316s 5%: 0.27+2.3+0.051 ms clock, 1.1+1.2/1.8/0+0.20 ms cpu, 122->142->122 MB, 122 MB goal, 0 MB stacks, 0 MB globals, 4 P
gc 2827 @55.319s 5%: 0.58+2.2+0.005 ms clock, 2.3+0.69/1.7/2.0+0.022 ms cpu, 122->122->102 MB, 122 MB goal, 0 MB stacks, 0 MB globals, 4 P
gc 2828 @55.986s 5%: 0.46+2.7+0.69 ms clock, 1.8+4.5/2.4/0.001+2.7 ms cpu, 122->122->112 MB, 114 MB goal, 0 MB stacks, 0 MB globals, 4 P
gc 2829 @55.991s 5%: 0.22+5.3+0.009 ms clock, 0.91+2.1/1.0/0+0.037 ms cpu, 132->132->122 MB, 112 MB goal, 0 MB stacks, 0 MB globals, 4 P
gc 2830 @55.997s 5%: 0.19+2.0+0.006 ms clock, 0.79+0.62/1.4/2.2+0.024 ms cpu, 122->122->102 MB, 130 MB goal, 0 MB stacks, 0 MB globals, 4 P
gc 2831 @56.033s 5%: 0.43+2.5+0.025 ms clock, 1.7+1.8/1.9/0.25+0.10 ms cpu, 142->142->122 MB, 119 MB goal, 0 MB stacks, 0 MB globals, 4 P
gc 2832 @56.037s 5%: 0.028+1.9+0.030 ms clock, 0.11+0.88/1.2/0.88+0.12 ms cpu, 122->132->112 MB, 129 MB goal, 0 MB stacks, 0 MB globals, 4 P
gc 2833 @56.042s 5%: 0.33+1.5+0.035 ms clock, 1.3+0.17/1.3/1.0+0.14 ms cpu, 132->132->112 MB, 129 MB goal, 0 MB stacks, 0 MB globals, 4 P
gc 2834 @56.046s 5%: 0.073+2.1+0.030 ms clock, 0.29+0.10/1.4/2.1+0.12 ms cpu, 132->142->122 MB, 119 MB goal, 0 MB stacks, 0 MB globals, 4 P
gc 2835 @56.049s 5%: 0.61+5.9+0.005 ms clock, 2.4+1.2/1.7/1.1+0.020 ms cpu, 122->142->132 MB, 122 MB goal, 0 MB stacks, 0 MB globals, 4 P
gc 2836 @56.056s 5%: 0.10+0.99+0.002 ms clock, 0.42+0.39/0.71/1.5+0.011 ms cpu, 132->132->102 MB, 132 MB goal, 0 MB stacks, 0 MB globals, 4 P
gc 2837 @56.068s 5%: 0.26+1.6+0.026 ms clock, 1.0+1.0/1.0/0.62+0.10 ms cpu, 132->132->112 MB, 129 MB goal, 0 MB stacks, 0 MB globals, 4 P
gc 2838 @56.073s 5%: 0.083+1.9+0.025 ms clock, 0.33+1.5/1.2/0.27+0.10 ms cpu, 132->142->112 MB, 119 MB goal, 0 MB stacks, 0 MB globals, 4 P
gc 2839 @56.085s 5%: 0.27+1.4+0.004 ms clock, 1.0+1.6/1.2/0.60+0.017 ms cpu, 132->132->102 MB, 129 MB goal, 0 MB stacks, 0 MB globals, 4 P
gc 2840 @56.088s 5%: 0.26+5.0+0.15 ms clock, 1.0+0.063/3.6/2.2+0.60 ms cpu, 122->152->132 MB, 134 MB goal, 0 MB stacks, 0 MB globals, 4 P
gc 2841 @56.097s 5%: 0.15+2.4+0.47 ms clock, 0.61+1.8/1.9/0+1.8 ms cpu, 152->152->122 MB, 134 MB goal, 0 MB stacks, 0 MB globals, 4 P
gc 2842 @56.101s 5%: 0.67+3.4+0.094 ms clock, 2.7+0.073/2.7/2.3+0.37 ms cpu, 142->142->122 MB, 155 MB goal, 0 MB stacks, 0 MB globals, 4 P
gc 2843 @56.133s 5%: 0.25+1.8+0.080 ms clock, 1.0+0.22/1.4/2.3+0.32 ms cpu, 162->162->112 MB, 149 MB goal, 0 MB stacks, 0 MB globals, 4 P
gc 2844 @56.149s 5%: 0.64+3.3+0.006 ms clock, 2.5+1.4/1.5/2.9+0.024 ms cpu, 162->162->102 MB, 149 MB goal, 0 MB stacks, 0 MB globals, 4 P
gc 2845 @56.155s 5%: 0.12+2.8+0.065 ms clock, 0.51+2.1/1.7/0+0.26 ms cpu, 122->142->132 MB, 119 MB goal, 0 MB stacks, 0 MB globals, 4 P
gc 2846 @56.158s 5%: 0.63+7.0+0.009 ms clock, 2.5+1.1/3.2/0+0.036 ms cpu, 132->142->132 MB, 155 MB goal, 0 MB stacks, 0 MB globals, 4 P
gc 2847 @56.168s 5%: 0.43+1.9+0.043 ms clock, 1.7+1.9/1.1/0.050+0.17 ms cpu, 152->152->112 MB, 155 MB goal, 0 MB stacks, 0 MB globals, 4 P
gc 2848 @56.173s 5%: 0.87+2.3+0.002 ms clock, 3.5+0.72/2.3/2.5+0.011 ms cpu, 152->152->112 MB, 155 MB goal, 0 MB stacks, 0 MB globals, 4 P
gc 2849 @56.183s 5%: 0.067+1.0+0.003 ms clock, 0.26+0.89/0.98/1.8+0.013 ms cpu, 112->112->102 MB, 118 MB goal, 0 MB stacks, 0 MB globals, 4 P
gc 2850 @56.188s 5%: 0.16+1.5+0.027 ms clock, 0.64+1.3/1.1/0.75+0.11 ms cpu, 122->122->112 MB, 114 MB goal, 0 MB stacks, 0 MB globals, 4 P
gc 2851 @56.191s 5%: 0.18+2.1+0.054 ms clock, 0.72+1.5/1.5/0+0.21 ms cpu, 132->132->122 MB, 112 MB goal, 0 MB stacks, 0 MB globals, 4 P
gc 2852 @56.193s 5%: 0.44+2.5+0.004 ms clock, 1.7+0.48/2.2/2.4+0.018 ms cpu, 122->122->112 MB, 130 MB goal, 0 MB stacks, 0 MB globals, 4 P
gc 2853 @56.210s 5%: 0.090+1.3+0.005 ms clock, 0.36+0.92/1.2/1.0+0.020 ms cpu, 132->132->102 MB, 129 MB goal, 0 MB stacks, 0 MB globals, 4 P
gc 2854 @56.214s 5%: 0.045+1.1+0.070 ms clock, 0.18+0.32/1.0/2.4+0.28 ms cpu, 112->112->102 MB, 118 MB goal, 0 MB stacks, 0 MB globals, 4 P
gc 2855 @56.216s 5%: 0.033+1.1+0.003 ms clock, 0.13+1.0/0.97/0.86+0.015 ms cpu, 102->102->102 MB, 105 MB goal, 0 MB stacks, 0 MB globals, 4 P
gc 2856 @56.218s 5%: 0.099+2.9+0.029 ms clock, 0.39+0.16/2.0/1.8+0.11 ms cpu, 112->112->112 MB, 102 MB goal, 0 MB stacks, 0 MB globals, 4 P
gc 2857 @56.221s 5%: 0.032+1.0+0.004 ms clock, 0.12+0.27/0.84/1.8+0.019 ms cpu, 112->112->102 MB, 112 MB goal, 0 MB stacks, 0 MB globals, 4 P
gc 2858 @56.222s 5%: 0.037+1.1+0.002 ms clock, 0.15+1.7/1.0/1.1+0.011 ms cpu, 102->102->102 MB, 105 MB goal, 0 MB stacks, 0 MB globals, 4 P
gc 2859 @56.225s 5%: 0.85+7.5+0.063 ms clock, 3.4+1.7/1.6/0+0.25 ms cpu, 132->132->132 MB, 102 MB goal, 0 MB stacks, 0 MB globals, 4 P
gc 2860 @56.234s 5%: 0.066+2.4+0.025 ms clock, 0.26+3.2/1.9/0+0.10 ms cpu, 132->142->112 MB, 143 MB goal, 0 MB stacks, 0 MB globals, 4 P
gc 2861 @56.239s 5%: 0.45+1.5+0.026 ms clock, 1.8+1.5/1.4/0.43+0.10 ms cpu, 142->142->122 MB, 143 MB goal, 0 MB stacks, 0 MB globals, 4 P
gc 2862 @56.241s 5%: 0.11+2.3+0.054 ms clock, 0.47+0.099/2.0/1.9+0.21 ms cpu, 142->142->122 MB, 155 MB goal, 0 MB stacks, 0 MB globals, 4 P
gc 2863 @56.254s 5%: 0.15+1.8+0.25 ms clock, 0.63+1.0/1.1/0.99+1.0 ms cpu, 152->152->112 MB, 155 MB goal, 0 MB stacks, 0 MB globals, 4 P
gc 2864 @56.264s 5%: 0.55+2.2+0.006 ms clock, 2.2+3.2/1.6/0+0.024 ms cpu, 162->162->112 MB, 149 MB goal, 0 MB stacks, 0 MB globals, 4 P
gc 2865 @56.269s 5%: 0.47+2.1+0.004 ms clock, 1.9+1.7/1.8/0.040+0.017 ms cpu, 162->162->122 MB, 149 MB goal, 0 MB stacks, 0 MB globals, 4 P
gc 2866 @56.272s 5%: 0.10+3.3+0.007 ms clock, 0.40+0.068/2.4/0.30+0.031 ms cpu, 152->152->132 MB, 155 MB goal, 0 MB stacks, 0 MB globals, 4 P
gc 2867 @56.281s 5%: 0.15+0.99+0.003 ms clock, 0.61+0.20/0.92/1.8+0.015 ms cpu, 152->152->102 MB, 155 MB goal, 0 MB stacks, 0 MB globals, 4 P
gc 2868 @56.289s 5%: 0.070+1.2+0.004 ms clock, 0.28+1.1/1.0/1.9+0.018 ms cpu, 102->102->102 MB, 105 MB goal, 0 MB stacks, 0 MB globals, 4 P
gc 2869 @56.291s 5%: 0.14+2.5+0.034 ms clock, 0.57+0.10/1.3/2.8+0.13 ms cpu, 112->112->112 MB, 118 MB goal, 0 MB stacks, 0 MB globals, 4 P
gc 2870 @56.295s 5%: 0.36+4.9+0.008 ms clock, 1.4+1.5/1.4/0+0.032 ms cpu, 122->132->122 MB, 112 MB goal, 0 MB stacks, 0 MB globals, 4 P
gc 2871 @56.301s 5%: 0.079+2.4+0.031 ms clock, 0.31+1.4/1.6/0.46+0.12 ms cpu, 122->132->112 MB, 122 MB goal, 0 MB stacks, 0 MB globals, 4 P
gc 2872 @56.304s 5%: 0.64+2.7+0.051 ms clock, 2.5+1.5/1.9/0+0.20 ms cpu, 112->132->132 MB, 112 MB goal, 0 MB stacks, 0 MB globals, 4 P
gc 2873 @56.308s 5%: 0.084+1.5+0.003 ms clock, 0.33+0.45/1.3/1.8+0.015 ms cpu, 132->132->102 MB, 143 MB goal, 0 MB stacks, 0 MB globals, 4 P
gc 2874 @56.316s 5%: 0.18+2.6+0.049 ms clock, 0.73+0.21/2.2/1.7+0.19 ms cpu, 132->142->132 MB, 143 MB goal, 0 MB stacks, 0 MB globals, 4 P
gc 2875 @56.322s 5%: 0.12+1.9+0.004 ms clock, 0.50+1.2/1.4/0.011+0.017 ms cpu, 142->142->112 MB, 143 MB goal, 0 MB stacks, 0 MB globals, 4 P
gc 2876 @56.326s 5%: 0.072+1.2+0.004 ms clock, 0.28+0.35/1.1/2.6+0.017 ms cpu, 122->122->102 MB, 130 MB goal, 0 MB stacks, 0 MB globals, 4 P
gc 2877 @56.942s 5%: 0.070+1.3+0.006 ms clock, 0.28+1.0/1.0/1.0+0.027 ms cpu, 102->102->102 MB, 105 MB goal, 0 MB stacks, 0 MB globals, 4 P
gc 2878 @56.944s 5%: 0.18+3.4+0.10 ms clock, 0.74+0.23/2.5/2.9+0.40 ms cpu, 112->112->112 MB, 118 MB goal, 0 MB stacks, 0 MB globals, 4 P
gc 2879 @56.999s 5%: 0.42+2.6+0.52 ms clock, 1.6+1.9/1.8/0.011+2.1 ms cpu, 112->132->122 MB, 112 MB goal, 0 MB stacks, 0 MB globals, 4 P
gc 2880 @57.003s 5%: 0.50+4.1+0.029 ms clock, 2.0+2.7/2.7/0.73+0.11 ms cpu, 122->132->132 MB, 129 MB goal, 0 MB stacks, 0 MB globals, 4 P
gc 2881 @57.009s 5%: 0.31+2.7+0.048 ms clock, 1.2+1.4/1.2/1.2+0.19 ms cpu, 132->142->122 MB, 132 MB goal, 0 MB stacks, 0 MB globals, 4 P
gc 2882 @57.012s 5%: 0.45+2.7+0.029 ms clock, 1.8+1.1/2.2/1.5+0.11 ms cpu, 122->122->112 MB, 130 MB goal, 0 MB stacks, 0 MB globals, 4 P
gc 2883 @57.039s 5%: 0.71+4.2+0.039 ms clock, 2.8+1.4/1.7/3.4+0.15 ms cpu, 132->132->112 MB, 129 MB goal, 0 MB stacks, 0 MB globals, 4 P
gc 2884 @57.044s 5%: 0.67+3.9+0.054 ms clock, 2.7+2.1/2.2/0+0.21 ms cpu, 122->142->142 MB, 119 MB goal, 0 MB stacks, 0 MB globals, 4 P
gc 2885 @57.049s 5%: 0.45+3.5+0.035 ms clock, 1.8+2.4/3.4/0.031+0.14 ms cpu, 142->152->122 MB, 142 MB goal, 0 MB stacks, 0 MB globals, 4 P
gc 2886 @57.054s 5%: 0.88+2.4+0.075 ms clock, 3.5+2.0/2.0/0+0.30 ms cpu, 122->142->132 MB, 122 MB goal, 0 MB stacks, 0 MB globals, 4 P
gc 2887 @57.058s 5%: 0.23+1.8+0.005 ms clock, 0.94+2.0/1.4/0.035+0.022 ms cpu, 132->132->112 MB, 132 MB goal, 0 MB stacks, 0 MB globals, 4 P
gc 2888 @57.060s 5%: 0.64+1.8+0.074 ms clock, 2.5+1.7/1.7/0+0.29 ms cpu, 142->142->132 MB, 119 MB goal, 0 MB stacks, 0 MB globals, 4 P
gc 2889 @57.063s 5%: 0.56+3.2+0.040 ms clock, 2.2+1.4/2.3/0.50+0.16 ms cpu, 132->142->132 MB, 132 MB goal, 0 MB stacks, 0 MB globals, 4 P
gc 2890 @57.069s 5%: 0.25+1.9+0.038 ms clock, 1.0+1.1/1.2/1.4+0.15 ms cpu, 132->142->122 MB, 132 MB goal, 0 MB stacks, 0 MB globals, 4 P
gc 2891 @57.072s 5%: 0.75+6.6+0.011 ms clock, 3.0+0.10/2.0/1.5+0.045 ms cpu, 122->142->132 MB, 122 MB goal, 0 MB stacks, 0 MB globals, 4 P
gc 2892 @57.079s 5%: 0.062+3.8+0.60 ms clock, 0.25+2.0/2.1/0.066+2.4 ms cpu, 142->162->132 MB, 149 MB goal, 0 MB stacks, 0 MB globals, 4 P
gc 2893 @57.093s 5%: 0.53+1.3+0.005 ms clock, 2.1+0.65/1.1/1.1+0.020 ms cpu, 162->162->112 MB, 149 MB goal, 0 MB stacks, 0 MB globals, 4 P
gc 2894 @57.097s 5%: 0.044+1.2+0.003 ms clock, 0.17+2.4/1.1/0.71+0.015 ms cpu, 122->122->102 MB, 130 MB goal, 0 MB stacks, 0 MB globals, 4 P
gc 2895 @57.099s 5%: 0.61+2.8+0.57 ms clock, 2.4+1.0/1.7/0+2.3 ms cpu, 122->132->132 MB, 129 MB goal, 0 MB stacks, 0 MB globals, 4 P
gc 2896 @57.103s 5%: 0.54+2.8+0.51 ms clock, 2.1+1.3/1.3/0.60+2.0 ms cpu, 132->152->132 MB, 132 MB goal, 0 MB stacks, 0 MB globals, 4 P
gc 2897 @57.107s 5%: 0.62+2.7+0.059 ms clock, 2.4+1.2/2.5/0+0.23 ms cpu, 132->132->122 MB, 132 MB goal, 0 MB stacks, 0 MB globals, 4 P
gc 2898 @57.111s 5%: 0.10+2.1+0.57 ms clock, 0.42+1.5/1.6/0+2.3 ms cpu, 142->142->122 MB, 122 MB goal, 0 MB stacks, 0 MB globals, 4 P
gc 2899 @57.116s 5%: 0.044+1.2+0.003 ms clock, 0.17+0.25/0.92/1.7+0.015 ms cpu, 122->122->102 MB, 130 MB goal, 0 MB stacks, 0 MB globals, 4 P
gc 2900 @57.136s 5%: 0.053+1.8+0.53 ms clock, 0.21+0.16/1.1/2.3+2.1 ms cpu, 122->132->112 MB, 129 MB goal, 0 MB stacks, 0 MB globals, 4 P
gc 2901 @57.141s 5%: 0.057+1.9+0.003 ms clock, 0.22+0.21/0.67/2.7+0.013 ms cpu, 112->112->102 MB, 118 MB goal, 0 MB stacks, 0 MB globals, 4 P
gc 2902 @57.143s 5%: 0.037+0.93+0.004 ms clock, 0.15+1.4/0.80/0.67+0.019 ms cpu, 102->102->102 MB, 105 MB goal, 0 MB stacks, 0 MB globals, 4 P
gc 2903 @57.145s 5%: 0.49+3.7+0.038 ms clock, 1.9+2.5/2.8/0+0.15 ms cpu, 112->122->122 MB, 102 MB goal, 0 MB stacks, 0 MB globals, 4 P
gc 2904 @57.150s 5%: 0.51+2.0+0.039 ms clock, 2.0+1.1/1.1/0.83+0.15 ms cpu, 122->132->112 MB, 122 MB goal, 0 MB stacks, 0 MB globals, 4 P
gc 2905 @57.153s 5%: 0.067+3.4+0.19 ms clock, 0.26+1.0/1.9/0+0.78 ms cpu, 122->132->132 MB, 129 MB goal, 0 MB stacks, 0 MB globals, 4 P
gc 2906 @57.157s 5%: 0.56+1.9+0.031 ms clock, 2.2+2.4/1.4/0.034+0.12 ms cpu, 132->132->112 MB, 132 MB goal, 0 MB stacks, 0 MB globals, 4 P
gc 2907 @57.160s 5%: 0.12+3.1+0.005 ms clock, 0.48+0.82/2.9/1.6+0.020 ms cpu, 132->132->122 MB, 129 MB goal, 0 MB stacks, 0 MB globals, 4 P
gc 2908 @57.166s 5%: 0.40+2.0+0.031 ms clock, 1.6+3.0/1.9/0.33+0.12 ms cpu, 142->142->112 MB, 122 MB goal, 0 MB stacks, 0 MB globals, 4 P
gc 2909 @57.170s 5%: 0.13+2.6+0.082 ms clock, 0.55+0/1.8/3.4+0.33 ms cpu, 132->142->122 MB, 119 MB goal, 0 MB stacks, 0 MB globals, 4 P
gc 2910 @57.174s 5%: 0.36+2.8+0.14 ms clock, 1.4+2.2/1.3/0+0.59 ms cpu, 122->132->122 MB, 129 MB goal, 0 MB stacks, 0 MB globals, 4 P
gc 2911 @57.179s 5%: 0.68+1.8+0.48 ms clock, 2.7+1.7/1.1/0+1.9 ms cpu, 142->142->122 MB, 122 MB goal, 0 MB stacks, 0 MB globals, 4 P
gc 2912 @57.184s 5%: 0.057+1.5+0.004 ms clock, 0.22+0.078/1.3/2.1+0.019 ms cpu, 132->132->102 MB, 143 MB goal, 0 MB stacks, 0 MB globals, 4 P
gc 2913 @57.198s 5%: 0.36+1.9+0.005 ms clock, 1.4+0/1.7/3.8+0.021 ms cpu, 142->142->112 MB, 143 MB goal, 0 MB stacks, 0 MB globals, 4 P
gc 2914 @57.218s 5%: 0.066+1.0+0.004 ms clock, 0.26+0.14/0.96/2.4+0.019 ms cpu, 142->142->102 MB, 143 MB goal, 0 MB stacks, 0 MB globals, 4 P
gc 2915 @57.223s 5%: 0.065+1.2+0.003 ms clock, 0.26+1.0/1.0/1.9+0.015 ms cpu, 102->102->102 MB, 105 MB goal, 0 MB stacks, 0 MB globals, 4 P
gc 2916 @57.225s 5%: 0.63+3.9+0.011 ms clock, 2.5+0.10/1.2/2.3+0.047 ms cpu, 112->112->112 MB, 118 MB goal, 0 MB stacks, 0 MB globals, 4 P
gc 2917 @57.237s 5%: 0.58+1.9+0.006 ms clock, 2.3+2.1/1.6/0.088+0.026 ms cpu, 132->132->122 MB, 112 MB goal, 0 MB stacks, 0 MB globals, 4 P
gc 2918 @57.240s 5%: 0.60+2.0+0.040 ms clock, 2.4+2.8/1.2/0+0.16 ms cpu, 122->132->112 MB, 122 MB goal, 0 MB stacks, 0 MB globals, 4 P
gc 2919 @57.244s 5%: 0.15+8.1+0.041 ms clock, 0.63+1.5/1.5/0+0.16 ms cpu, 152->152->152 MB, 112 MB goal, 0 MB stacks, 0 MB globals, 4 P
gc 2920 @57.253s 5%: 0.048+1.3+0.045 ms clock, 0.19+2.4/1.0/0+0.18 ms cpu, 152->152->102 MB, 152 MB goal, 0 MB stacks, 0 MB globals, 4 P
gc 2921 @57.255s 5%: 0.14+1.8+0.075 ms clock, 0.57+1.6/1.5/0+0.30 ms cpu, 132->132->132 MB, 104 MB goal, 0 MB stacks, 0 MB globals, 4 P
gc 2922 @57.257s 5%: 0.16+4.1+0.027 ms clock, 0.65+0.54/2.8/1.7+0.10 ms cpu, 132->142->112 MB, 143 MB goal, 0 MB stacks, 0 MB globals, 4 P
gc 2923 @57.263s 5%: 0.17+2.9+0.022 ms clock, 0.68+2.2/2.1/0+0.089 ms cpu, 142->152->122 MB, 134 MB goal, 0 MB stacks, 0 MB globals, 4 P
gc 2924 @57.268s 5%: 0.59+3.8+0.023 ms clock, 2.3+0.029/1.7/1.2+0.093 ms cpu, 142->152->132 MB, 134 MB goal, 0 MB stacks, 0 MB globals, 4 P
gc 2925 @57.273s 5%: 0.61+6.5+0.43 ms clock, 2.4+2.2/1.6/0+1.7 ms cpu, 142->172->142 MB, 139 MB goal, 0 MB stacks, 0 MB globals, 4 P
gc 2926 @57.281s 5%: 0.60+3.0+0.004 ms clock, 2.4+2.1/2.8/0.027+0.016 ms cpu, 142->152->112 MB, 155 MB goal, 0 MB stacks, 0 MB globals, 4 P
gc 2927 @57.290s 5%: 0.57+3.1+0.006 ms clock, 2.2+0.39/2.9/0.96+0.027 ms cpu, 152->152->132 MB, 155 MB goal, 0 MB stacks, 0 MB globals, 4 P
gc 2928 @57.302s 5%: 0.058+5.4+0.099 ms clock, 0.23+1.3/1.4/2.3+0.39 ms cpu, 132->162->132 MB, 132 MB goal, 0 MB stacks, 0 MB globals, 4 P
gc 2929 @57.308s 5%: 0.60+5.8+0.006 ms clock, 2.4+2.5/1.5/0+0.024 ms cpu, 132->162->142 MB, 149 MB goal, 0 MB stacks, 0 MB globals, 4 P
gc 2930 @57.319s 5%: 0.15+1.6+0.005 ms clock, 0.60+1.9/1.5/0.99+0.020 ms cpu, 152->152->112 MB, 155 MB goal, 0 MB stacks, 0 MB globals, 4 P
gc 2931 @57.328s 5%: 0.066+1.1+0.004 ms clock, 0.26+1.0/0.99/1.1+0.018 ms cpu, 152->152->102 MB, 155 MB goal, 0 MB stacks, 0 MB globals, 4 P
gc 2932 @57.331s 5%: 0.051+1.4+0.003 ms clock, 0.20+0.47/1.3/2.6+0.013 ms cpu, 112->112->102 MB, 118 MB goal, 0 MB stacks, 0 MB globals, 4 P
gc 2933 @57.951s 5%: 0.062+1.2+0.003 ms clock, 0.25+1.1/1.2/2.2+0.013 ms cpu, 102->102->102 MB, 105 MB goal, 0 MB stacks, 0 MB globals, 4 P
gc 2934 @57.953s 5%: 0.69+2.0+0.026 ms clock, 2.7+0.064/1.2/1.6+0.10 ms cpu, 112->112->112 MB, 118 MB goal, 0 MB stacks, 0 MB globals, 4 P
gc 2935 @58.010s 5%: 0.098+1.0+0.031 ms clock, 0.39+1.8/1.0/0+0.12 ms cpu, 132->132->102 MB, 112 MB goal, 0 MB stacks, 0 MB globals, 4 P
gc 2936 @58.015s 5%: 0.056+1.7+0.035 ms clock, 0.22+0.19/0.92/2.7+0.14 ms cpu, 102->112->112 MB, 102 MB goal, 0 MB stacks, 0 MB globals, 4 P
gc 2937 @58.017s 5%: 0.38+3.5+0.028 ms clock, 1.5+1.3/1.7/1.9+0.11 ms cpu, 112->122->122 MB, 114 MB goal, 0 MB stacks, 0 MB globals, 4 P
gc 2938 @58.021s 5%: 0.51+2.0+0.019 ms clock, 2.0+0.24/1.4/1.7+0.077 ms cpu, 122->122->112 MB, 122 MB goal, 0 MB stacks, 0 MB globals, 4 P
gc 2939 @58.040s 5%: 0.073+0.85+0.004 ms clock, 0.29+0/0.81/2.1+0.019 ms cpu, 122->122->102 MB, 114 MB goal, 0 MB stacks, 0 MB globals, 4 P
gc 2940 @58.048s 5%: 0.040+1.0+0.066 ms clock, 0.16+0.75/0.90/1.5+0.26 ms cpu, 102->102->102 MB, 105 MB goal, 0 MB stacks, 0 MB globals, 4 P
gc 2941 @58.049s 5%: 0.13+3.0+0.34 ms clock, 0.53+1.8/1.9/0.026+1.3 ms cpu, 122->122->122 MB, 102 MB goal, 0 MB stacks, 0 MB globals, 4 P
gc 2942 @58.054s 5%: 0.061+1.1+0.003 ms clock, 0.24+1.9/1.0/0+0.013 ms cpu, 122->122->112 MB, 122 MB goal, 0 MB stacks, 0 MB globals, 4 P
gc 2943 @58.057s 5%: 0.40+2.0+0.004 ms clock, 1.6+2.3/1.9/0.005+0.016 ms cpu, 132->132->122 MB, 112 MB goal, 0 MB stacks, 0 MB globals, 4 P
gc 2944 @58.060s 5%: 0.085+1.1+0.004 ms clock, 0.34+1.7/0.93/0+0.018 ms cpu, 122->122->102 MB, 122 MB goal, 0 MB stacks, 0 MB globals, 4 P
gc 2945 @58.062s 5%: 0.60+2.2+0.033 ms clock, 2.4+1.9/1.7/0+0.13 ms cpu, 122->122->122 MB, 102 MB goal, 0 MB stacks, 0 MB globals, 4 P
gc 2946 @58.065s 5%: 0.58+2.2+0.004 ms clock, 2.3+3.1/1.7/0.009+0.016 ms cpu, 122->122->112 MB, 122 MB goal, 0 MB stacks, 0 MB globals, 4 P
gc 2947 @58.068s 5%: 0.50+4.0+0.13 ms clock, 2.0+1.8/3.0/0+0.53 ms cpu, 142->152->142 MB, 112 MB goal, 0 MB stacks, 0 MB globals, 4 P
gc 2948 @58.073s 5%: 0.56+2.9+0.051 ms clock, 2.2+1.5/1.7/0.086+0.20 ms cpu, 142->152->122 MB, 155 MB goal, 0 MB stacks, 0 MB globals, 4 P
gc 2949 @58.084s 5%: 0.11+5.3+0.006 ms clock, 0.47+1.4/1.4/1.5+0.027 ms cpu, 152->162->122 MB, 149 MB goal, 0 MB stacks, 0 MB globals, 4 P
gc 2950 @58.090s 5%: 0.13+3.9+0.029 ms clock, 0.52+0.38/3.1/2.2+0.11 ms cpu, 152->152->132 MB, 168 MB goal, 0 MB stacks, 0 MB globals, 4 P
gc 2951 @58.099s 5%: 0.15+1.4+0.054 ms clock, 0.62+0/1.2/2.1+0.21 ms cpu, 162->162->112 MB, 168 MB goal, 0 MB stacks, 0 MB globals, 4 P
gc 2952 @58.112s 5%: 0.12+3.6+0.003 ms clock, 0.51+0.77/3.4/2.8+0.014 ms cpu, 152->162->122 MB, 168 MB goal, 0 MB stacks, 0 MB globals, 4 P
gc 2953 @58.118s 5%: 0.046+1.2+0.005 ms clock, 0.18+2.0/1.1/0.86+0.021 ms cpu, 122->122->102 MB, 130 MB goal, 0 MB stacks, 0 MB globals, 4 P
gc 2954 @58.119s 5%: 0.55+3.4+0.057 ms clock, 2.2+0.17/2.5/2.0+0.22 ms cpu, 122->122->122 MB, 130 MB goal, 0 MB stacks, 0 MB globals, 4 P
gc 2955 @58.130s 5%: 0.065+0.98+0.004 ms clock, 0.26+0.15/0.88/2.1+0.018 ms cpu, 132->132->102 MB, 129 MB goal, 0 MB stacks, 0 MB globals, 4 P
gc 2956 @58.137s 5%: 0.061+0.97+0.003 ms clock, 0.24+0.86/0.91/1.6+0.015 ms cpu, 102->102->102 MB, 105 MB goal, 0 MB stacks, 0 MB globals, 4 P
gc 2957 @58.139s 5%: 0.12+1.3+0.049 ms clock, 0.49+0.10/1.0/2.0+0.19 ms cpu, 112->112->112 MB, 102 MB goal, 0 MB stacks, 0 MB globals, 4 P
gc 2958 @58.141s 5%: 0.70+2.8+0.031 ms clock, 2.8+0.39/1.2/1.8+0.12 ms cpu, 112->122->122 MB, 114 MB goal, 0 MB stacks, 0 MB globals, 4 P
gc 2959 @58.148s 5%: 0.064+1.2+0.004 ms clock, 0.25+0.38/1.0/2.4+0.019 ms cpu, 122->122->102 MB, 122 MB goal, 0 MB stacks, 0 MB globals, 4 P
gc 2960 @58.152s 5%: 0.059+0.95+0.003 ms clock, 0.23+1.4/0.83/0.75+0.014 ms cpu, 102->102->102 MB, 105 MB goal, 0 MB stacks, 0 MB globals, 4 P
gc 2961 @58.154s 5%: 0.47+2.3+0.035 ms clock, 1.8+1.7/1.7/0+0.14 ms cpu, 122->122->122 MB, 102 MB goal, 0 MB stacks, 0 MB globals, 4 P
gc 2962 @58.157s 5%: 0.42+2.3+0.026 ms clock, 1.6+0.88/1.3/0.35+0.10 ms cpu, 122->132->112 MB, 122 MB goal, 0 MB stacks, 0 MB globals, 4 P
gc 2963 @58.161s 5%: 0.61+1.6+0.004 ms clock, 2.4+1.6/1.6/0.094+0.016 ms cpu, 122->122->112 MB, 112 MB goal, 0 MB stacks, 0 MB globals, 4 P
gc 2964 @58.164s 5%: 0.27+2.6+0.21 ms clock, 1.1+1.8/1.7/0+0.87 ms cpu, 112->142->132 MB, 112 MB goal, 0 MB stacks, 0 MB globals, 4 P
gc 2965 @58.168s 5%: 0.64+2.8+0.029 ms clock, 2.5+1.8/2.0/0.62+0.11 ms cpu, 132->142->132 MB, 143 MB goal, 0 MB stacks, 0 MB globals, 4 P
gc 2966 @58.174s 5%: 0.40+1.3+0.004 ms clock, 1.6+1.7/1.1/0.034+0.016 ms cpu, 142->142->102 MB, 143 MB goal, 0 MB stacks, 0 MB globals, 4 P
gc 2967 @58.177s 5%: 0.16+1.1+0.003 ms clock, 0.64+0/1.0/2.1+0.014 ms cpu, 122->122->102 MB, 130 MB goal, 0 MB stacks, 0 MB globals, 4 P
gc 2968 @58.188s 5%: 0.66+3.8+0.006 ms clock, 2.6+2.3/3.5/0.024+0.025 ms cpu, 152->152->112 MB, 109 MB goal, 0 MB stacks, 0 MB globals, 4 P
gc 2969 @58.193s 5%: 0.059+1.8+0.093 ms clock, 0.23+1.3/1.3/0.73+0.37 ms cpu, 112->122->112 MB, 114 MB goal, 0 MB stacks, 0 MB globals, 4 P
gc 2970 @58.198s 5%: 0.14+1.8+0.004 ms clock, 0.56+0.90/1.4/1.7+0.019 ms cpu, 122->122->112 MB, 114 MB goal, 0 MB stacks, 0 MB globals, 4 P
gc 2971 @58.200s 5%: 0.15+1.5+0.052 ms clock, 0.61+1.4/1.4/0+0.21 ms cpu, 132->132->122 MB, 112 MB goal, 0 MB stacks, 0 MB globals, 4 P
gc 2972 @58.202s 5%: 0.52+2.3+0.003 ms clock, 2.0+0.38/1.4/2.0+0.015 ms cpu, 122->122->112 MB, 130 MB goal, 0 MB stacks, 0 MB globals, 4 P
gc 2973 @58.219s 5%: 0.43+2.1+0.040 ms clock, 1.7+1.3/1.3/1.3+0.16 ms cpu, 132->142->122 MB, 119 MB goal, 0 MB stacks, 0 MB globals, 4 P
gc 2974 @58.222s 5%: 0.69+2.7+0.029 ms clock, 2.7+0.19/1.6/2.1+0.11 ms cpu, 122->122->112 MB, 130 MB goal, 0 MB stacks, 0 MB globals, 4 P
gc 2975 @58.243s 5%: 0.15+1.5+0.22 ms clock, 0.60+1.3/1.3/1.3+0.89 ms cpu, 132->132->112 MB, 129 MB goal, 0 MB stacks, 0 MB globals, 4 P
gc 2976 @58.252s 5%: 0.12+1.7+0.004 ms clock, 0.50+1.8/1.6/0+0.019 ms cpu, 132->132->112 MB, 129 MB goal, 0 MB stacks, 0 MB globals, 4 P
gc 2977 @58.255s 5%: 0.30+2.7+0.54 ms clock, 1.2+1.6/2.3/0.058+2.1 ms cpu, 132->142->122 MB, 119 MB goal, 0 MB stacks, 0 MB globals, 4 P
gc 2978 @58.258s 5%: 0.23+5.7+0.010 ms clock, 0.93+1.4/1.6/0+0.041 ms cpu, 122->142->132 MB, 122 MB goal, 0 MB stacks, 0 MB globals, 4 P
gc 2979 @58.265s 5%: 0.37+1.2+0.063 ms clock, 1.5+2.1/1.1/0+0.25 ms cpu, 132->142->112 MB, 132 MB goal, 0 MB stacks, 0 MB globals, 4 P
gc 2980 @58.267s 5%: 0.16+3.1+0.026 ms clock, 0.65+1.4/2.2/0+0.10 ms cpu, 132->142->132 MB, 143 MB goal, 0 MB stacks, 0 MB globals, 4 P
gc 2981 @58.272s 5%: 0.096+4.2+0.61 ms clock, 0.38+1.4/1.8/0+2.4 ms cpu, 162->162->142 MB, 132 MB goal, 0 MB stacks, 0 MB globals, 4 P
gc 2982 @58.277s 5%: 0.48+2.4+0.034 ms clock, 1.9+2.7/1.8/0+0.13 ms cpu, 142->152->132 MB, 155 MB goal, 0 MB stacks, 0 MB globals, 4 P
gc 2983 @58.282s 5%: 0.56+1.9+0.056 ms clock, 2.2+2.0/1.0/0+0.22 ms cpu, 152->152->122 MB, 155 MB goal, 0 MB stacks, 0 MB globals, 4 P
gc 2984 @58.286s 5%: 0.49+3.1+0.005 ms clock, 1.9+1.0/2.8/0.32+0.020 ms cpu, 162->162->132 MB, 149 MB goal, 0 MB stacks, 0 MB globals, 4 P
gc 2985 @58.292s 5%: 0.12+1.5+0.003 ms clock, 0.50+1.8/1.4/0.39+0.015 ms cpu, 152->152->112 MB, 155 MB goal, 0 MB stacks, 0 MB globals, 4 P
gc 2986 @58.310s 5%: 0.48+2.0+0.13 ms clock, 1.9+1.3/1.2/0+0.55 ms cpu, 152->162->122 MB, 149 MB goal, 0 MB stacks, 0 MB globals, 4 P
gc 2987 @58.314s 5%: 0.17+3.3+0.60 ms clock, 0.70+1.8/1.8/0.64+2.4 ms cpu, 132->152->132 MB, 134 MB goal, 0 MB stacks, 0 MB globals, 4 P
gc 2988 @58.319s 5%: 3.8+2.7+0.088 ms clock, 15+1.4/1.6/0+0.35 ms cpu, 142->142->132 MB, 143 MB goal, 0 MB stacks, 0 MB globals, 4 P
gc 2989 @58.331s 5%: 0.42+2.0+0.063 ms clock, 1.7+2.0/1.9/0.033+0.25 ms cpu, 172->172->122 MB, 139 MB goal, 0 MB stacks, 0 MB globals, 4 P
gc 2990 @58.961s 5%: 0.093+1.0+0.004 ms clock, 0.37+0/0.85/2.3+0.018 ms cpu, 152->152->102 MB, 155 MB goal, 0 MB stacks, 0 MB globals, 4 P
gc 2991 @59.012s 5%: 0.073+1.7+0.62 ms clock, 0.29+1.2/1.2/1.0+2.4 ms cpu, 102->112->112 MB, 102 MB goal, 0 MB stacks, 0 MB globals, 4 P
gc 2992 @59.015s 5%: 0.71+3.2+0.037 ms clock, 2.8+0.063/1.8/0.99+0.15 ms cpu, 112->122->122 MB, 130 MB goal, 0 MB stacks, 0 MB globals, 4 P
gc 2993 @59.024s 5%: 0.062+0.96+0.003 ms clock, 0.25+0.17/0.89/2.1+0.015 ms cpu, 132->132->102 MB, 129 MB goal, 0 MB stacks, 0 MB globals, 4 P
gc 2994 @59.042s 5%: 0.056+0.80+0.003 ms clock, 0.22+0.13/0.74/1.9+0.013 ms cpu, 122->122->102 MB, 130 MB goal, 0 MB stacks, 0 MB globals, 4 P
gc 2995 @59.055s 5%: 0.061+2.0+0.037 ms clock, 0.24+1.1/1.1/2.0+0.14 ms cpu, 102->122->122 MB, 102 MB goal, 0 MB stacks, 0 MB globals, 4 P
gc 2996 @59.058s 5%: 0.49+2.8+0.028 ms clock, 1.9+0.24/2.3/1.5+0.11 ms cpu, 122->122->122 MB, 130 MB goal, 0 MB stacks, 0 MB globals, 4 P
gc 2997 @59.066s 5%: 0.11+1.0+0.004 ms clock, 0.47+1.2/0.89/1.2+0.018 ms cpu, 142->142->102 MB, 122 MB goal, 0 MB stacks, 0 MB globals, 4 P
gc 2998 @59.069s 5%: 0.091+1.7+0.026 ms clock, 0.36+1.0/1.0/1.1+0.10 ms cpu, 112->122->122 MB, 114 MB goal, 0 MB stacks, 0 MB globals, 4 P
gc 2999 @59.071s 5%: 0.067+2.2+0.065 ms clock, 0.26+0.86/1.7/2.6+0.26 ms cpu, 122->122->112 MB, 122 MB goal, 0 MB stacks, 0 MB globals, 4 P
gc 3000 @59.076s 5%: 0.36+3.6+0.029 ms clock, 1.4+1.2/1.3/0+0.11 ms cpu, 142->142->122 MB, 119 MB goal, 0 MB stacks, 0 MB globals, 4 P
gc 3001 @59.080s 5%: 0.13+1.9+0.032 ms clock, 0.53+2.6/1.0/0+0.13 ms cpu, 122->132->112 MB, 143 MB goal, 0 MB stacks, 0 MB globals, 4 P
gc 3002 @59.084s 5%: 0.48+2.7+0.006 ms clock, 1.9+1.2/2.5/0.43+0.024 ms cpu, 142->142->122 MB, 143 MB goal, 0 MB stacks, 0 MB globals, 4 P
gc 3003 @59.091s 5%: 0.060+0.83+0.003 ms clock, 0.24+0.13/0.79/2.1+0.012 ms cpu, 142->142->102 MB, 143 MB goal, 0 MB stacks, 0 MB globals, 4 P
gc 3004 @59.094s 5%: 0.036+2.3+0.039 ms clock, 0.14+2.5/1.4/1.1+0.15 ms cpu, 102->112->112 MB, 102 MB goal, 0 MB stacks, 0 MB globals, 4 P
gc 3005 @59.096s 5%: 0.67+2.6+0.34 ms clock, 2.6+1.9/1.7/0+1.3 ms cpu, 112->132->132 MB, 112 MB goal, 0 MB stacks, 0 MB globals, 4 P
gc 3006 @59.100s 5%: 0.59+2.3+0.030 ms clock, 2.3+2.0/1.6/0+0.12 ms cpu, 132->142->132 MB, 132 MB goal, 0 MB stacks, 0 MB globals, 4 P
gc 3007 @59.104s 5%: 0.77+2.3+0.064 ms clock, 3.1+1.6/1.5/0+0.25 ms cpu, 132->142->122 MB, 155 MB goal, 0 MB stacks, 0 MB globals, 4 P
gc 3008 @59.109s 5%: 0.098+2.1+0.028 ms clock, 0.39+0/1.6/1.7+0.11 ms cpu, 152->152->112 MB, 155 MB goal, 0 MB stacks, 0 MB globals, 4 P
gc 3009 @59.112s 5%: 0.042+5.1+0.028 ms clock, 0.17+0.27/0.93/2.5+0.11 ms cpu, 112->132->122 MB, 112 MB goal, 0 MB stacks, 0 MB globals, 4 P
gc 3010 @59.117s 5%: 0.54+1.9+0.047 ms clock, 2.1+0.93/1.1/0.69+0.18 ms cpu, 122->132->112 MB, 122 MB goal, 0 MB stacks, 0 MB globals, 4 P
gc 3011 @59.123s 5%: 0.042+1.0+0.003 ms clock, 0.16+0.20/0.97/1.7+0.012 ms cpu, 112->112->102 MB, 118 MB goal, 0 MB stacks, 0 MB globals, 4 P
gc 3012 @59.125s 5%: 0.032+0.82+0.004 ms clock, 0.12+1.3/0.69/0.60+0.018 ms cpu, 102->102->102 MB, 105 MB goal, 0 MB stacks, 0 MB globals, 4 P
gc 3013 @59.126s 5%: 0.16+4.1+0.027 ms clock, 0.67+1.4/1.4/0+0.10 ms cpu, 112->122->122 MB, 102 MB goal, 0 MB stacks, 0 MB globals, 4 P
gc 3014 @59.136s 5%: 0.081+1.0+0.002 ms clock, 0.32+0.90/0.86/0.81+0.010 ms cpu, 122->122->102 MB, 130 MB goal, 0 MB stacks, 0 MB globals, 4 P
gc 3015 @59.146s 5%: 0.056+0.99+0.003 ms clock, 0.22+0/0.93/2.3+0.013 ms cpu, 122->122->102 MB, 130 MB goal, 0 MB stacks, 0 MB globals, 4 P
gc 3016 @59.149s 5%: 0.031+0.90+0.003 ms clock, 0.12+0.76/0.75/1.3+0.013 ms cpu, 102->102->102 MB, 105 MB goal, 0 MB stacks, 0 MB globals, 4 P
gc 3017 @59.150s 5%: 0.094+3.2+0.026 ms clock, 0.37+0.085/1.0/3.3+0.10 ms cpu, 112->112->112 MB, 118 MB goal, 0 MB stacks, 0 MB globals, 4 P
gc 3018 @59.162s 5%: 0.11+0.95+0.004 ms clock, 0.47+1.4/0.86/0.23+0.017 ms cpu, 132->132->102 MB, 112 MB goal, 0 MB stacks, 0 MB globals, 4 P
gc 3019 @59.166s 5%: 0.28+1.4+0.004 ms clock, 1.1+0.18/1.0/2.4+0.019 ms cpu, 122->122->102 MB, 114 MB goal, 0 MB stacks, 0 MB globals, 4 P
gc 3020 @59.169s 5%: 0.029+1.1+0.027 ms clock, 0.11+0.78/0.82/1.8+0.10 ms cpu, 102->102->102 MB, 105 MB goal, 0 MB stacks, 0 MB globals, 4 P
gc 3021 @59.172s 5%: 0.087+2.1+0.37 ms clock, 0.34+2.1/1.5/0+1.5 ms cpu, 122->122->122 MB, 102 MB goal, 0 MB stacks, 0 MB globals, 4 P
gc 3022 @59.175s 5%: 0.13+1.4+0.085 ms clock, 0.52+2.0/1.3/0+0.34 ms cpu, 122->122->112 MB, 122 MB goal, 0 MB stacks, 0 MB globals, 4 P
gc 3023 @59.177s 5%: 0.32+2.7+0.34 ms clock, 1.3+1.3/1.6/0+1.3 ms cpu, 112->142->132 MB, 112 MB goal, 0 MB stacks, 0 MB globals, 4 P
gc 3024 @59.181s 5%: 0.61+6.1+0.031 ms clock, 2.4+2.0/1.7/0.070+0.12 ms cpu, 132->152->132 MB, 134 MB goal, 0 MB stacks, 0 MB globals, 4 P
gc 3025 @59.190s 5%: 0.11+0.97+0.003 ms clock, 0.46+1.0/0.88/0.86+0.013 ms cpu, 142->142->102 MB, 143 MB goal, 0 MB stacks, 0 MB globals, 4 P
gc 3026 @59.191s 5%: 0.099+5.4+0.004 ms clock, 0.39+1.9/5.4/0.041+0.017 ms cpu, 122->142->122 MB, 119 MB goal, 0 MB stacks, 0 MB globals, 4 P
gc 3027 @59.197s 5%: 0.056+1.3+0.003 ms clock, 0.22+0.49/1.2/1.8+0.012 ms cpu, 122->122->102 MB, 130 MB goal, 0 MB stacks, 0 MB globals, 4 P
gc 3028 @59.205s 5%: 0.12+1.9+0.63 ms clock, 0.48+0.49/1.2/2.0+2.5 ms cpu, 132->142->122 MB, 119 MB goal, 0 MB stacks, 0 MB globals, 4 P
gc 3029 @59.208s 5%: 0.062+2.4+0.024 ms clock, 0.24+0.41/1.5/2.0+0.097 ms cpu, 122->122->112 MB, 130 MB goal, 0 MB stacks, 0 MB globals, 4 P
gc 3030 @59.225s 5%: 0.072+2.9+0.016 ms clock, 0.28+0/0.95/2.5+0.067 ms cpu, 132->142->112 MB, 119 MB goal, 0 MB stacks, 0 MB globals, 4 P
gc 3031 @59.230s 5%: 0.046+0.88+0.003 ms clock, 0.18+0.26/0.79/2.0+0.012 ms cpu, 112->112->102 MB, 118 MB goal, 0 MB stacks, 0 MB globals, 4 P
gc 3032 @59.236s 5%: 0.041+0.92+0.003 ms clock, 0.16+0.78/0.87/1.4+0.012 ms cpu, 102->102->102 MB, 105 MB goal, 0 MB stacks, 0 MB globals, 4 P
gc 3033 @59.237s 5%: 0.14+1.4+0.079 ms clock, 0.58+0.077/0.95/1.7+0.31 ms cpu, 112->112->112 MB, 102 MB goal, 0 MB stacks, 0 MB globals, 4 P
gc 3034 @59.239s 5%: 0.49+1.5+0.031 ms clock, 1.9+0.078/1.0/1.9+0.12 ms cpu, 112->112->112 MB, 118 MB goal, 0 MB stacks, 0 MB globals, 4 P
gc 3035 @59.248s 5%: 0.17+1.7+0.036 ms clock, 0.71+1.3/1.6/0.34+0.14 ms cpu, 122->122->112 MB, 115 MB goal, 0 MB stacks, 0 MB globals, 4 P
gc 3036 @59.251s 5%: 0.12+1.8+0.60 ms clock, 0.48+0.10/1.1/2.5+2.4 ms cpu, 122->122->112 MB, 130 MB goal, 0 MB stacks, 0 MB globals, 4 P
gc 3037 @59.260s 5%: 0.55+1.9+0.030 ms clock, 2.2+1.0/1.1/1.0+0.12 ms cpu, 132->142->122 MB, 119 MB goal, 0 MB stacks, 0 MB globals, 4 P
gc 3038 @59.264s 5%: 0.092+2.3+0.003 ms clock, 0.37+0.067/2.0/1.7+0.014 ms cpu, 132->132->122 MB, 129 MB goal, 0 MB stacks, 0 MB globals, 4 P
gc 3039 @59.271s 5%: 0.12+1.1+0.040 ms clock, 0.51+1.7/1.0/0+0.16 ms cpu, 132->132->112 MB, 130 MB goal, 0 MB stacks, 0 MB globals, 4 P
gc 3040 @59.274s 5%: 0.46+2.9+0.024 ms clock, 1.8+0.15/1.8/1.2+0.098 ms cpu, 132->132->122 MB, 143 MB goal, 0 MB stacks, 0 MB globals, 4 P
gc 3041 @59.283s 5%: 0.59+0.93+0.004 ms clock, 2.3+2.0/0.87/0+0.018 ms cpu, 152->152->112 MB, 134 MB goal, 0 MB stacks, 0 MB globals, 4 P
gc 3042 @59.286s 5%: 0.12+3.0+0.13 ms clock, 0.51+1.6/1.8/0+0.52 ms cpu, 142->162->142 MB, 149 MB goal, 0 MB stacks, 0 MB globals, 4 P
gc 3043 @59.290s 5%: 0.36+5.4+0.40 ms clock, 1.4+1.7/1.9/0+1.6 ms cpu, 152->162->152 MB, 150 MB goal, 0 MB stacks, 0 MB globals, 4 P
gc 3044 @59.296s 5%: 0.73+1.7+0.056 ms clock, 2.9+1.9/1.4/0+0.22 ms cpu, 152->162->122 MB, 152 MB goal, 0 MB stacks, 0 MB globals, 4 P
gc 3045 @59.300s 5%: 0.37+3.3+0.57 ms clock, 1.4+0.15/2.8/0+2.3 ms cpu, 152->162->152 MB, 149 MB goal, 0 MB stacks, 0 MB globals, 4 P
gc 3046 @59.305s 5%: 0.12+1.2+0.050 ms clock, 0.50+2.4/1.0/0+0.20 ms cpu, 152->162->112 MB, 152 MB goal, 0 MB stacks, 0 MB globals, 4 P
gc 3047 @59.317s 5%: 0.10+1.5+0.059 ms clock, 0.41+0.60/1.3/1.3+0.23 ms cpu, 152->162->122 MB, 168 MB goal, 0 MB stacks, 0 MB globals, 4 P
gc 3048 @59.319s 5%: 0.065+1.4+0.004 ms clock, 0.26+0.41/1.3/2.0+0.017 ms cpu, 122->122->112 MB, 130 MB goal, 0 MB stacks, 0 MB globals, 4 P
gc 3049 @59.327s 5%: 0.21+1.9+0.025 ms clock, 0.85+1.0/1.1/1.4+0.10 ms cpu, 122->122->112 MB, 114 MB goal, 0 MB stacks, 0 MB globals, 4 P
gc 3050 @59.331s 5%: 0.082+2.3+0.092 ms clock, 0.33+0.11/1.2/2.5+0.36 ms cpu, 122->142->132 MB, 119 MB goal, 0 MB stacks, 0 MB globals, 4 P
gc 3051 @59.334s 5%: 0.60+3.5+0.024 ms clock, 2.4+3.2/2.9/0+0.097 ms cpu, 132->142->132 MB, 132 MB goal, 0 MB stacks, 0 MB globals, 4 P
gc 3052 @59.339s 5%: 0.53+2.2+0.34 ms clock, 2.1+1.5/1.5/0+1.3 ms cpu, 132->152->132 MB, 132 MB goal, 0 MB stacks, 0 MB globals, 4 P
gc 3053 @59.342s 5%: 0.40+2.1+0.060 ms clock, 1.6+2.0/1.9/0+0.24 ms cpu, 132->142->132 MB, 132 MB goal, 0 MB stacks, 0 MB globals, 4 P
gc 3054 @59.345s 5%: 0.090+2.3+0.005 ms clock, 0.36+0.21/2.1/2.4+0.020 ms cpu, 142->142->122 MB, 132 MB goal, 0 MB stacks, 0 MB globals, 4 P
gc 3055 @59.963s 5%: 0.11+2.3+0.043 ms clock, 0.46+0.96/1.1/2.3+0.17 ms cpu, 122->132->112 MB, 129 MB goal, 0 MB stacks, 0 MB globals, 4 P
gc 3056 @59.969s 5%: 0.045+1.0+0.003 ms clock, 0.18+0.34/0.99/2.4+0.015 ms cpu, 112->112->102 MB, 118 MB goal, 0 MB stacks, 0 MB globals, 4 P
gc 3057 @60.019s 5%: 0.072+1.3+0.005 ms clock, 0.28+1.2/1.1/1.8+0.022 ms cpu, 102->102->102 MB, 105 MB goal, 0 MB stacks, 0 MB globals, 4 P
gc 3058 @60.021s 5%: 0.17+2.7+0.39 ms clock, 0.71+1.5/1.9/0+1.5 ms cpu, 112->122->122 MB, 102 MB goal, 0 MB stacks, 0 MB globals, 4 P
gc 3059 @60.025s 5%: 0.69+2.0+0.028 ms clock, 2.7+1.1/1.2/0.50+0.11 ms cpu, 122->132->132 MB, 129 MB goal, 0 MB stacks, 0 MB globals, 4 P
gc 3060 @60.029s 5%: 0.092+1.1+0.034 ms clock, 0.37+0.96/0.96/0.87+0.13 ms cpu, 132->132->112 MB, 132 MB goal, 0 MB stacks, 0 MB globals, 4 P
gc 3061 @60.047s 5%: 0.079+1.0+0.002 ms clock, 0.31+0/0.87/2.1+0.011 ms cpu, 132->132->102 MB, 129 MB goal, 0 MB stacks, 0 MB globals, 4 P
gc 3062 @60.062s 5%: 0.063+1.0+0.003 ms clock, 0.25+1.4/0.83/0.69+0.014 ms cpu, 102->102->102 MB, 105 MB goal, 0 MB stacks, 0 MB globals, 4 P
gc 3063 @60.063s 5%: 0.14+2.7+0.56 ms clock, 0.56+1.5/1.5/0+2.2 ms cpu, 112->122->122 MB, 102 MB goal, 0 MB stacks, 0 MB globals, 4 P
gc 3064 @60.067s 5%: 0.50+1.3+0.004 ms clock, 2.0+1.1/1.2/0.75+0.016 ms cpu, 122->122->102 MB, 130 MB goal, 0 MB stacks, 0 MB globals, 4 P
gc 3065 @60.071s 5%: 0.038+0.88+0.003 ms clock, 0.15+0.86/0.85/0.57+0.012 ms cpu, 122->122->102 MB, 130 MB goal, 0 MB stacks, 0 MB globals, 4 P
gc 3066 @60.077s 5%: 0.041+0.88+0.004 ms clock, 0.16+0.12/0.76/2.1+0.017 ms cpu, 122->122->102 MB, 130 MB goal, 0 MB stacks, 0 MB globals, 4 P
gc 3067 @60.081s 5%: 0.083+0.89+0.004 ms clock, 0.33+2.0/0.86/0.10+0.017 ms cpu, 102->102->102 MB, 105 MB goal, 0 MB stacks, 0 MB globals, 4 P
gc 3068 @60.083s 5%: 0.13+2.6+0.65 ms clock, 0.53+1.5/1.5/0+2.6 ms cpu, 122->132->132 MB, 102 MB goal, 0 MB stacks, 0 MB globals, 4 P
gc 3069 @60.087s 5%: 0.76+1.8+0.006 ms clock, 3.0+2.3/1.6/0.020+0.025 ms cpu, 132->132->102 MB, 132 MB goal, 0 MB stacks, 0 MB globals, 4 P
gc 3070 @60.090s 5%: 0.56+5.2+0.065 ms clock, 2.2+1.6/5.1/0+0.26 ms cpu, 132->132->132 MB, 102 MB goal, 0 MB stacks, 0 MB globals, 4 P
gc 3071 @60.097s 5%: 0.079+1.9+0.042 ms clock, 0.31+1.7/1.1/0+0.16 ms cpu, 132->142->112 MB, 143 MB goal, 0 MB stacks, 0 MB globals, 4 P
gc 3072 @60.103s 5%: 0.11+1.1+0.003 ms clock, 0.47+0.59/1.0/1.6+0.014 ms cpu, 142->142->112 MB, 143 MB goal, 0 MB stacks, 0 MB globals, 4 P
gc 3073 @60.106s 5%: 0.11+1.4+0.026 ms clock, 0.47+0.10/1.2/2.1+0.10 ms cpu, 132->132->112 MB, 129 MB goal, 0 MB stacks, 0 MB globals, 4 P
gc 3074 @60.110s 5%: 0.23+5.2+0.006 ms clock, 0.95+1.4/1.0/0+0.024 ms cpu, 132->142->122 MB, 143 MB goal, 0 MB stacks, 0 MB globals, 4 P
gc 3075 @60.115s 5%: 0.11+1.9+0.027 ms clock, 0.44+0/1.7/1.6+0.11 ms cpu, 142->142->122 MB, 143 MB goal, 0 MB stacks, 0 MB globals, 4 P
gc 3076 @60.121s 5%: 0.10+0.81+0.003 ms clock, 0.43+0.25/0.72/1.7+0.012 ms cpu, 142->142->102 MB, 143 MB goal, 0 MB stacks, 0 MB globals, 4 P
gc 3077 @60.124s 5%: 0.039+0.93+0.003 ms clock, 0.15+0.84/0.80/1.4+0.012 ms cpu, 102->102->102 MB, 105 MB goal, 0 MB stacks, 0 MB globals, 4 P
gc 3078 @60.126s 5%: 0.15+2.5+0.029 ms clock, 0.60+0.14/1.1/2.0+0.11 ms cpu, 112->112->112 MB, 118 MB goal, 0 MB stacks, 0 MB globals, 4 P
gc 3079 @60.140s 5%: 0.28+0.91+0.003 ms clock, 1.1+2.1/0.83/0+0.014 ms cpu, 132->132->102 MB, 112 MB goal, 0 MB stacks, 0 MB globals, 4 P
gc 3080 @60.150s 5%: 0.085+1.0+0.002 ms clock, 0.34+1.0/0.98/1.8+0.011 ms cpu, 122->122->102 MB, 114 MB goal, 0 MB stacks, 0 MB globals, 4 P
gc 3081 @60.155s 5%: 0.054+1.2+0.005 ms clock, 0.21+1.0/1.0/1.9+0.020 ms cpu, 102->102->102 MB, 105 MB goal, 0 MB stacks, 0 MB globals, 4 P
gc 3082 @60.157s 5%: 0.49+1.6+0.064 ms clock, 1.9+0.077/1.1/1.9+0.25 ms cpu, 112->112->112 MB, 102 MB goal, 0 MB stacks, 0 MB globals, 4 P
gc 3083 @60.160s 5%: 0.47+1.4+0.004 ms clock, 1.9+0.082/1.2/2.4+0.017 ms cpu, 112->112->112 MB, 118 MB goal, 0 MB stacks, 0 MB globals, 4 P
gc 3084 @60.164s 5%: 0.60+1.7+0.027 ms clock, 2.4+0.98/1.0/0.97+0.11 ms cpu, 122->122->112 MB, 115 MB goal, 0 MB stacks, 0 MB globals, 4 P
gc 3085 @60.167s 5%: 0.14+1.2+0.052 ms clock, 0.58+1.7/1.0/0.015+0.20 ms cpu, 122->122->112 MB, 114 MB goal, 0 MB stacks, 0 MB globals, 4 P
gc 3086 @60.171s 5%: 0.15+1.5+0.027 ms clock, 0.61+2.7/1.3/0+0.10 ms cpu, 132->132->112 MB, 112 MB goal, 0 MB stacks, 0 MB globals, 4 P
gc 3087 @60.173s 5%: 0.045+1.4+0.003 ms clock, 0.18+0.92/1.2/1.8+0.012 ms cpu, 112->112->102 MB, 118 MB goal, 0 MB stacks, 0 MB globals, 4 P
gc 3088 @60.188s 5%: 0.66+1.7+0.004 ms clock, 2.6+1.9/1.7/0.014+0.017 ms cpu, 152->152->122 MB, 102 MB goal, 0 MB stacks, 0 MB globals, 4 P
gc 3089 @60.191s 5%: 0.086+6.3+0.032 ms clock, 0.34+18/2.3/0+0.13 ms cpu, 122->132->112 MB, 122 MB goal, 0 MB stacks, 0 MB globals, 4 P
gc 3090 @60.197s 5%: 0.27+1.7+0.028 ms clock, 1.1+1.9/1.6/0+0.11 ms cpu, 112->132->122 MB, 112 MB goal, 0 MB stacks, 0 MB globals, 4 P
gc 3091 @60.200s 5%: 0.55+1.8+0.030 ms clock, 2.2+1.9/1.1/0+0.12 ms cpu, 122->132->122 MB, 143 MB goal, 0 MB stacks, 0 MB globals, 4 P
gc 3092 @60.204s 5%: 0.59+4.3+0.006 ms clock, 2.3+1.4/1.1/0+0.025 ms cpu, 142->142->132 MB, 143 MB goal, 0 MB stacks, 0 MB globals, 4 P
gc 3093 @60.209s 5%: 0.24+5.7+0.045 ms clock, 0.99+1.8/5.1/0+0.18 ms cpu, 142->152->122 MB, 135 MB goal, 0 MB stacks, 0 MB globals, 4 P
gc 3094 @60.216s 5%: 0.58+1.0+0.060 ms clock, 2.3+1.6/0.93/0+0.24 ms cpu, 152->152->132 MB, 135 MB goal, 0 MB stacks, 0 MB globals, 4 P
gc 3095 @60.221s 5%: 0.086+1.4+0.024 ms clock, 0.34+0.19/1.1/1.6+0.097 ms cpu, 142->142->112 MB, 143 MB goal, 0 MB stacks, 0 MB globals, 4 P
gc 3096 @60.223s 5%: 0.035+0.90+0.003 ms clock, 0.14+0.27/0.84/1.9+0.014 ms cpu, 112->112->102 MB, 118 MB goal, 0 MB stacks, 0 MB globals, 4 P
gc 3097 @60.226s 5%: 0.029+0.75+0.003 ms clock, 0.11+0.63/0.67/1.1+0.014 ms cpu, 102->102->102 MB, 105 MB goal, 0 MB stacks, 0 MB globals, 4 P
gc 3098 @60.227s 5%: 0.10+1.3+0.067 ms clock, 0.42+0.065/0.81/1.4+0.27 ms cpu, 112->112->112 MB, 102 MB goal, 0 MB stacks, 0 MB globals, 4 P
gc 3099 @60.230s 5%: 0.52+0.92+0.002 ms clock, 2.0+0.085/0.86/1.5+0.011 ms cpu, 112->112->112 MB, 118 MB goal, 0 MB stacks, 0 MB globals, 4 P
gc 3100 @60.235s 5%: 0.030+0.75+0.003 ms clock, 0.12+0.094/0.69/1.6+0.012 ms cpu, 122->122->102 MB, 114 MB goal, 0 MB stacks, 0 MB globals, 4 P
gc 3101 @60.243s 5%: 0.029+0.78+0.003 ms clock, 0.11+0.63/0.69/1.3+0.015 ms cpu, 102->102->102 MB, 105 MB goal, 0 MB stacks, 0 MB globals, 4 P
gc 3102 @60.244s 5%: 0.45+1.5+0.25 ms clock, 1.8+0.071/0.89/1.6+1.0 ms cpu, 112->112->112 MB, 102 MB goal, 0 MB stacks, 0 MB globals, 4 P
gc 3103 @60.247s 5%: 0.61+0.80+0.002 ms clock, 2.4+0.17/0.77/1.6+0.010 ms cpu, 112->112->102 MB, 118 MB goal, 0 MB stacks, 0 MB globals, 4 P
gc 3104 @60.259s 5%: 0.42+0.87+0.003 ms clock, 1.6+0.75/0.83/1.2+0.014 ms cpu, 122->122->102 MB, 114 MB goal, 0 MB stacks, 0 MB globals, 4 P
gc 3105 @60.264s 5%: 0.044+0.77+0.003 ms clock, 0.17+0.066/0.73/1.8+0.013 ms cpu, 122->122->102 MB, 114 MB goal, 0 MB stacks, 0 MB globals, 4 P
gc 3106 @60.267s 5%: 0.077+0.94+0.003 ms clock, 0.30+1.3/0.76/0.64+0.014 ms cpu, 102->102->102 MB, 105 MB goal, 0 MB stacks, 0 MB globals, 4 P
gc 3107 @60.268s 5%: 0.13+2.6+0.36 ms clock, 0.52+1.9/1.6/0+1.4 ms cpu, 112->122->122 MB, 102 MB goal, 0 MB stacks, 0 MB globals, 4 P
gc 3108 @60.272s 5%: 0.54+1.1+0.003 ms clock, 2.1+0.16/1.0/1.7+0.013 ms cpu, 122->122->112 MB, 122 MB goal, 0 MB stacks, 0 MB globals, 4 P
gc 3109 @60.275s 5%: 0.057+0.84+0.003 ms clock, 0.23+0.79/0.74/1.4+0.014 ms cpu, 112->112->102 MB, 112 MB goal, 0 MB stacks, 0 MB globals, 4 P
gc 3110 @60.276s 5%: 0.20+1.1+0.049 ms clock, 0.81+0.99/0.90/0.30+0.19 ms cpu, 102->112->112 MB, 118 MB goal, 0 MB stacks, 0 MB globals, 4 P
gc 3111 @60.288s 5%: 0.077+0.90+0.014 ms clock, 0.31+1.7/0.73/0+0.057 ms cpu, 122->122->112 MB, 114 MB goal, 0 MB stacks, 0 MB globals, 4 P
gc 3112 @60.289s 5%: 0.17+2.0+0.55 ms clock, 0.71+1.0/1.4/0+2.2 ms cpu, 112->142->132 MB, 112 MB goal, 0 MB stacks, 0 MB globals, 4 P
gc 3113 @60.292s 5%: 0.53+1.5+0.043 ms clock, 2.1+1.4/1.4/0+0.17 ms cpu, 132->142->122 MB, 132 MB goal, 0 MB stacks, 0 MB globals, 4 P
gc 3114 @60.295s 5%: 0.12+1.3+0.062 ms clock, 0.50+1.4/1.0/0+0.24 ms cpu, 122->142->122 MB, 122 MB goal, 0 MB stacks, 0 MB globals, 4 P
gc 3115 @60.297s 5%: 0.072+2.3+0.039 ms clock, 0.29+3.4/1.7/0+0.15 ms cpu, 122->142->122 MB, 122 MB goal, 0 MB stacks, 0 MB globals, 4 P
gc 3116 @60.300s 5%: 0.61+1.0+0.071 ms clock, 2.4+1.5/0.86/0+0.28 ms cpu, 132->132->132 MB, 143 MB goal, 0 MB stacks, 0 MB globals, 4 P
gc 3117 @60.303s 5%: 0.60+3.3+0.040 ms clock, 2.4+1.6/2.6/0+0.16 ms cpu, 142->152->132 MB, 134 MB goal, 0 MB stacks, 0 MB globals, 4 P
gc 3118 @60.308s 5%: 0.12+5.4+0.006 ms clock, 0.50+1.8/0.96/0+0.026 ms cpu, 152->162->142 MB, 132 MB goal, 0 MB stacks, 0 MB globals, 4 P
gc 3119 @60.314s 5%: 0.11+0.94+0.028 ms clock, 0.44+2.1/0.85/0+0.11 ms cpu, 142->142->102 MB, 143 MB goal, 0 MB stacks, 0 MB globals, 4 P
gc 3120 @60.317s 5%: 0.32+2.5+0.39 ms clock, 1.2+1.7/1.7/0+1.5 ms cpu, 152->152->142 MB, 134 MB goal, 0 MB stacks, 0 MB globals, 4 P
gc 3121 @60.320s 5%: 0.53+2.1+0.43 ms clock, 2.1+1.2/1.2/0+1.7 ms cpu, 142->142->142 MB, 155 MB goal, 0 MB stacks, 0 MB globals, 4 P
gc 3122 @60.327s 5%: 0.56+1.1+0.005 ms clock, 2.2+1.8/1.0/0+0.023 ms cpu, 172->172->102 MB, 142 MB goal, 0 MB stacks, 0 MB globals, 4 P
gc 3123 @60.339s 5%: 0.13+1.8+0.004 ms clock, 0.54+0/1.7/1.8+0.016 ms cpu, 142->142->122 MB, 155 MB goal, 0 MB stacks, 0 MB globals, 4 P
gc 3124 @60.344s 5%: 0.11+2.3+0.045 ms clock, 0.47+0.97/1.2/1.6+0.18 ms cpu, 122->142->122 MB, 122 MB goal, 0 MB stacks, 0 MB globals, 4 P
gc 3125 @60.347s 5%: 0.45+3.5+0.060 ms clock, 1.8+4.6/1.3/0+0.24 ms cpu, 122->132->132 MB, 129 MB goal, 0 MB stacks, 0 MB globals, 4 P
gc 3126 @60.351s 5%: 0.50+2.9+0.024 ms clock, 2.0+1.3/2.1/0.048+0.096 ms cpu, 132->142->122 MB, 143 MB goal, 0 MB stacks, 0 MB globals, 4 P
gc 3127 @60.973s 5%: 0.066+1.6+0.003 ms clock, 0.26+0/1.5/2.0+0.015 ms cpu, 142->142->102 MB, 143 MB goal, 0 MB stacks, 0 MB globals, 4 P
gc 3128 @61.027s 5%: 0.055+1.1+0.003 ms clock, 0.22+1.4/0.87/0.71+0.015 ms cpu, 102->102->102 MB, 105 MB goal, 0 MB stacks, 0 MB globals, 4 P
gc 3129 @61.029s 5%: 0.23+3.2+0.044 ms clock, 0.94+1.8/2.6/0+0.17 ms cpu, 122->122->122 MB, 102 MB goal, 0 MB stacks, 0 MB globals, 4 P
gc 3130 @61.033s 5%: 0.032+2.4+0.082 ms clock, 0.13+1.0/1.1/1.2+0.33 ms cpu, 122->142->122 MB, 122 MB goal, 0 MB stacks, 0 MB globals, 4 P
gc 3131 @61.038s 5%: 0.17+1.9+0.026 ms clock, 0.68+0/1.8/2.9+0.10 ms cpu, 122->122->112 MB, 130 MB goal, 0 MB stacks, 0 MB globals, 4 P
gc 3132 @61.052s 5%: 0.076+1.1+0.006 ms clock, 0.30+0.15/0.92/2.5+0.024 ms cpu, 122->122->102 MB, 114 MB goal, 0 MB stacks, 0 MB globals, 4 P
gc 3133 @61.069s 5%: 0.072+1.6+0.052 ms clock, 0.28+1.0/0.92/1.3+0.20 ms cpu, 102->122->122 MB, 102 MB goal, 0 MB stacks, 0 MB globals, 4 P
gc 3134 @61.071s 5%: 0.39+3.2+0.035 ms clock, 1.5+1.7/1.9/0+0.14 ms cpu, 122->122->122 MB, 130 MB goal, 0 MB stacks, 0 MB globals, 4 P
gc 3135 @61.075s 5%: 0.18+3.0+0.44 ms clock, 0.75+1.8/1.9/0+1.7 ms cpu, 122->152->132 MB, 122 MB goal, 0 MB stacks, 0 MB globals, 4 P
gc 3136 @61.079s 5%: 0.67+3.7+0.026 ms clock, 2.6+0.76/2.5/0.36+0.10 ms cpu, 132->142->142 MB, 132 MB goal, 0 MB stacks, 0 MB globals, 4 P
gc 3137 @61.087s 5%: 0.058+1.0+0.004 ms clock, 0.23+0.12/0.96/1.6+0.017 ms cpu, 142->142->102 MB, 142 MB goal, 0 MB stacks, 0 MB globals, 4 P
gc 3138 @61.090s 5%: 0.072+0.94+0.004 ms clock, 0.29+1.5/0.80/0.71+0.017 ms cpu, 102->102->102 MB, 105 MB goal, 0 MB stacks, 0 MB globals, 4 P
gc 3139 @61.091s 5%: 0.50+5.3+0.031 ms clock, 2.0+1.6/4.7/0+0.12 ms cpu, 112->122->122 MB, 102 MB goal, 0 MB stacks, 0 MB globals, 4 P
gc 3140 @61.098s 5%: 0.47+1.9+0.028 ms clock, 1.8+1.8/1.1/0+0.11 ms cpu, 122->122->112 MB, 122 MB goal, 0 MB stacks, 0 MB globals, 4 P
gc 3141 @61.100s 5%: 0.17+3.8+0.005 ms clock, 0.70+1.0/1.5/0+0.022 ms cpu, 112->132->122 MB, 112 MB goal, 0 MB stacks, 0 MB globals, 4 P
gc 3142 @61.105s 5%: 0.10+1.3+0.003 ms clock, 0.41+2.6/0.94/0+0.013 ms cpu, 122->122->102 MB, 122 MB goal, 0 MB stacks, 0 MB globals, 4 P
gc 3143 @61.106s 5%: 0.15+2.8+0.068 ms clock, 0.62+1.6/1.6/0+0.27 ms cpu, 102->132->132 MB, 102 MB goal, 0 MB stacks, 0 MB globals, 4 P
gc 3144 @61.110s 5%: 0.64+1.9+0.029 ms clock, 2.5+1.8/1.3/0+0.11 ms cpu, 132->132->122 MB, 132 MB goal, 0 MB stacks, 0 MB globals, 4 P
gc 3145 @61.113s 5%: 0.16+4.5+0.005 ms clock, 0.64+1.6/0.88/0+0.020 ms cpu, 132->142->122 MB, 122 MB goal, 0 MB stacks, 0 MB globals, 4 P
gc 3146 @61.118s 5%: 0.11+7.4+0.048 ms clock, 0.46+2.1/1.1/0+0.19 ms cpu, 122->152->132 MB, 134 MB goal, 0 MB stacks, 0 MB globals, 4 P
gc 3147 @61.127s 5%: 0.64+2.8+0.004 ms clock, 2.5+2.2/2.8/0+0.018 ms cpu, 172->172->112 MB, 132 MB goal, 0 MB stacks, 0 MB globals, 4 P
gc 3148 @61.139s 5%: 0.11+1.5+0.006 ms clock, 0.46+2.2/0.94/0+0.024 ms cpu, 152->152->132 MB, 135 MB goal, 0 MB stacks, 0 MB globals, 4 P
gc 3149 @61.144s 5%: 0.38+1.8+0.036 ms clock, 1.5+2.1/1.2/0.096+0.14 ms cpu, 152->152->112 MB, 134 MB goal, 0 MB stacks, 0 MB globals, 4 P
gc 3150 @61.148s 5%: 0.047+0.96+0.003 ms clock, 0.19+0.25/0.90/2.0+0.013 ms cpu, 122->122->102 MB, 130 MB goal, 0 MB stacks, 0 MB globals, 4 P
gc 3151 @61.152s 5%: 0.037+1.0+0.005 ms clock, 0.14+0.92/0.99/1.5+0.020 ms cpu, 102->102->102 MB, 105 MB goal, 0 MB stacks, 0 MB globals, 4 P
gc 3152 @61.154s 5%: 0.12+1.5+0.049 ms clock, 0.50+0.090/1.3/1.6+0.19 ms cpu, 112->112->112 MB, 102 MB goal, 0 MB stacks, 0 MB globals, 4 P
gc 3153 @61.158s 5%: 0.040+0.94+0.003 ms clock, 0.16+0.18/0.85/2.0+0.015 ms cpu, 112->112->102 MB, 112 MB goal, 0 MB stacks, 0 MB globals, 4 P
gc 3154 @61.159s 5%: 0.018+1.0+0.003 ms clock, 0.075+0.11/0.88/1.9+0.014 ms cpu, 102->102->102 MB, 105 MB goal, 0 MB stacks, 0 MB globals, 4 P
gc 3155 @61.166s 5%: 0.057+1.0+0.004 ms clock, 0.22+0.21/0.78/1.9+0.019 ms cpu, 112->112->102 MB, 102 MB goal, 0 MB stacks, 0 MB globals, 4 P
gc 3156 @61.167s 5%: 0.022+0.97+0.003 ms clock, 0.089+0.091/0.81/1.9+0.012 ms cpu, 102->102->102 MB, 105 MB goal, 0 MB stacks, 0 MB globals, 4 P
gc 3157 @61.172s 5%: 0.049+0.82+0.003 ms clock, 0.19+0.16/0.74/1.8+0.012 ms cpu, 112->112->102 MB, 102 MB goal, 0 MB stacks, 0 MB globals, 4 P
gc 3158 @61.174s 5%: 0.030+1.1+0.003 ms clock, 0.12+0.62/1.0/1.0+0.015 ms cpu, 102->102->102 MB, 105 MB goal, 0 MB stacks, 0 MB globals, 4 P
gc 3159 @61.175s 5%: 0.70+2.2+0.34 ms clock, 2.8+1.3/1.3/0+1.3 ms cpu, 132->132->132 MB, 102 MB goal, 0 MB stacks, 0 MB globals, 4 P
gc 3160 @61.179s 5%: 0.53+5.5+0.051 ms clock, 2.1+0.51/5.4/1.4+0.20 ms cpu, 132->142->132 MB, 143 MB goal, 0 MB stacks, 0 MB globals, 4 P
gc 3161 @61.191s 5%: 0.10+1.1+0.003 ms clock, 0.41+2.2/1.0/0+0.013 ms cpu, 142->142->102 MB, 143 MB goal, 0 MB stacks, 0 MB globals, 4 P
gc 3162 @61.198s 5%: 0.080+1.6+0.057 ms clock, 0.32+0.15/1.4/1.2+0.22 ms cpu, 142->142->122 MB, 155 MB goal, 0 MB stacks, 0 MB globals, 4 P
gc 3163 @61.213s 5%: 0.64+0.97+0.003 ms clock, 2.5+0.98/0.85/1.3+0.015 ms cpu, 152->152->102 MB, 155 MB goal, 0 MB stacks, 0 MB globals, 4 P
gc 3164 @61.220s 5%: 0.14+1.1+0.005 ms clock, 0.57+2.1/1.1/0+0.022 ms cpu, 142->142->112 MB, 155 MB goal, 0 MB stacks, 0 MB globals, 4 P
gc 3165 @61.236s 5%: 0.075+1.1+0.004 ms clock, 0.30+0.81/1.1/1.1+0.018 ms cpu, 162->162->102 MB, 149 MB goal, 0 MB stacks, 0 MB globals, 4 P
gc 3166 @61.239s 5%: 0.048+1.0+0.004 ms clock, 0.19+0.15/0.95/2.2+0.017 ms cpu, 112->112->102 MB, 118 MB goal, 0 MB stacks, 0 MB globals, 4 P
gc 3167 @61.249s 5%: 0.11+1.1+0.005 ms clock, 0.45+0.94/1.0/0.90+0.020 ms cpu, 102->102->102 MB, 105 MB goal, 0 MB stacks, 0 MB globals, 4 P
gc 3168 @61.251s 5%: 0.11+2.4+0.029 ms clock, 0.46+0.13/1.0/2.2+0.11 ms cpu, 112->112->112 MB, 118 MB goal, 0 MB stacks, 0 MB globals, 4 P
gc 3169 @61.255s 5%: 0.60+9.7+0.003 ms clock, 2.4+0.17/1.4/10+0.014 ms cpu, 122->122->102 MB, 114 MB goal, 0 MB stacks, 0 MB globals, 4 P
gc 3170 @61.266s 5%: 0.13+3.0+0.042 ms clock, 0.54+1.2/1.7/0+0.16 ms cpu, 132->132->132 MB, 104 MB goal, 0 MB stacks, 0 MB globals, 4 P
gc 3171 @61.269s 5%: 0.56+1.6+0.004 ms clock, 2.2+0.30/1.2/1.8+0.017 ms cpu, 132->132->112 MB, 132 MB goal, 0 MB stacks, 0 MB globals, 4 P
gc 3172 @61.273s 5%: 0.057+0.88+0.005 ms clock, 0.23+1.4/0.79/0.70+0.020 ms cpu, 112->112->102 MB, 118 MB goal, 0 MB stacks, 0 MB globals, 4 P
gc 3173 @61.275s 5%: 0.45+5.4+0.004 ms clock, 1.8+3.0/2.4/0+0.018 ms cpu, 122->122->122 MB, 114 MB goal, 0 MB stacks, 0 MB globals, 4 P
gc 3174 @61.281s 5%: 0.030+1.0+0.003 ms clock, 0.12+0.083/0.86/1.5+0.014 ms cpu, 122->122->102 MB, 122 MB goal, 0 MB stacks, 0 MB globals, 4 P
gc 3175 @61.289s 5%: 0.11+0.99+0.004 ms clock, 0.46+1.5/0.86/0.79+0.018 ms cpu, 102->102->102 MB, 105 MB goal, 0 MB stacks, 0 MB globals, 4 P
gc 3176 @61.291s 5%: 0.62+3.7+0.053 ms clock, 2.5+1.7/3.0/0+0.21 ms cpu, 122->122->122 MB, 102 MB goal, 0 MB stacks, 0 MB globals, 4 P
gc 3177 @61.296s 5%: 0.15+1.2+0.004 ms clock, 0.62+1.5/0.89/0+0.016 ms cpu, 122->122->102 MB, 122 MB goal, 0 MB stacks, 0 MB globals, 4 P
gc 3178 @61.298s 5%: 0.11+2.5+0.094 ms clock, 0.44+1.8/1.8/0+0.37 ms cpu, 132->132->122 MB, 102 MB goal, 0 MB stacks, 0 MB globals, 4 P
gc 3179 @61.301s 5%: 0.50+2.0+0.030 ms clock, 2.0+2.0/1.3/0+0.12 ms cpu, 122->132->122 MB, 122 MB goal, 0 MB stacks, 0 MB globals, 4 P
gc 3180 @61.304s 5%: 0.64+2.1+0.039 ms clock, 2.5+1.2/1.3/0+0.15 ms cpu, 132->132->122 MB, 122 MB goal, 0 MB stacks, 0 MB globals, 4 P
gc 3181 @61.307s 5%: 0.70+1.6+0.054 ms clock, 2.8+1.3/1.5/0+0.21 ms cpu, 122->132->122 MB, 122 MB goal, 0 MB stacks, 0 MB globals, 4 P
gc 3182 @61.309s 5%: 0.21+2.4+0.040 ms clock, 0.87+1.3/1.3/0+0.16 ms cpu, 122->142->122 MB, 122 MB goal, 0 MB stacks, 0 MB globals, 4 P
gc 3183 @61.313s 5%: 0.64+8.1+0.66 ms clock, 2.5+1.2/2.0/0+2.6 ms cpu, 122->152->142 MB, 134 MB goal, 0 MB stacks, 0 MB globals, 4 P
gc 3184 @61.323s 5%: 0.55+3.5+0.043 ms clock, 2.2+1.6/2.7/0+0.17 ms cpu, 142->152->132 MB, 142 MB goal, 0 MB stacks, 0 MB globals, 4 P
gc 3185 @61.327s 5%: 0.22+4.4+0.47 ms clock, 0.89+1.6/1.4/0+1.9 ms cpu, 142->162->132 MB, 132 MB goal, 0 MB stacks, 0 MB globals, 4 P
gc 3186 @61.333s 5%: 0.55+1.4+0.004 ms clock, 2.2+2.0/1.1/0+0.018 ms cpu, 132->132->102 MB, 143 MB goal, 0 MB stacks, 0 MB globals, 4 P
gc 3187 @61.337s 5%: 0.39+2.8+0.005 ms clock, 1.5+2.0/2.3/0+0.021 ms cpu, 142->142->122 MB, 143 MB goal, 0 MB stacks, 0 MB globals, 4 P
gc 3188 @61.340s 5%: 0.17+2.6+0.76 ms clock, 0.70+1.6/1.4/0+3.0 ms cpu, 142->162->142 MB, 125 MB goal, 0 MB stacks, 0 MB globals, 4 P
gc 3189 @61.344s 5%: 0.34+1.9+0.063 ms clock, 1.3+2.0/1.8/0+0.25 ms cpu, 142->142->112 MB, 143 MB goal, 0 MB stacks, 0 MB globals, 4 P
gc 3190 @61.347s 5%: 0.41+3.2+0.006 ms clock, 1.6+0/2.8/0.79+0.026 ms cpu, 142->142->132 MB, 143 MB goal, 0 MB stacks, 0 MB globals, 4 P
gc 3191 @61.353s 5%: 0.54+1.5+0.81 ms clock, 2.1+1.0/1.0/0.91+3.2 ms cpu, 142->142->112 MB, 143 MB goal, 0 MB stacks, 0 MB globals, 4 P
gc 3192 @61.358s 5%: 0.11+2.9+0.032 ms clock, 0.47+1.2/2.8/0.49+0.12 ms cpu, 142->142->112 MB, 143 MB goal, 0 MB stacks, 0 MB globals, 4 P
gc 3193 @61.363s 5%: 0.047+0.87+0.002 ms clock, 0.18+0.22/0.82/1.7+0.010 ms cpu, 122->122->102 MB, 130 MB goal, 0 MB stacks, 0 MB globals, 4 P
gc 3194 @61.974s 5%: 0.11+0.95+0.005 ms clock, 0.46+0.80/0.92/1.5+0.020 ms cpu, 102->102->102 MB, 105 MB goal, 0 MB stacks, 0 MB globals, 4 P
gc 3195 @61.975s 5%: 0.12+2.1+0.040 ms clock, 0.49+0.073/1.6/2.6+0.16 ms cpu, 112->112->112 MB, 118 MB goal, 0 MB stacks, 0 MB globals, 4 P
gc 3196 @62.038s 5%: 0.25+1.7+0.005 ms clock, 1.0+0.94/1.5/1.7+0.021 ms cpu, 132->132->112 MB, 112 MB goal, 0 MB stacks, 0 MB globals, 4 P
gc 3197 @62.041s 5%: 0.12+1.2+0.003 ms clock, 0.49+1.2/1.1/0.57+0.015 ms cpu, 112->112->102 MB, 118 MB goal, 0 MB stacks, 0 MB globals, 4 P
gc 3198 @62.045s 5%: 0.22+0.92+0.003 ms clock, 0.90+1.4/0.89/0.73+0.015 ms cpu, 122->122->102 MB, 114 MB goal, 0 MB stacks, 0 MB globals, 4 P
gc 3199 @62.053s 5%: 0.026+0.85+0.002 ms clock, 0.10+0.74/0.77/1.5+0.011 ms cpu, 102->102->102 MB, 105 MB goal, 0 MB stacks, 0 MB globals, 4 P
gc 3200 @62.055s 5%: 0.48+2.3+0.016 ms clock, 1.9+0.070/0.98/1.4+0.065 ms cpu, 112->112->112 MB, 118 MB goal, 0 MB stacks, 0 MB globals, 4 P
gc 3201 @62.079s 5%: 0.25+1.3+0.005 ms clock, 1.0+0.84/1.2/1.3+0.022 ms cpu, 132->132->112 MB, 112 MB goal, 0 MB stacks, 0 MB globals, 4 P
gc 3202 @62.081s 5%: 0.052+1.3+0.002 ms clock, 0.20+0.72/1.0/1.7+0.011 ms cpu, 112->112->102 MB, 118 MB goal, 0 MB stacks, 0 MB globals, 4 P
gc 3203 @62.086s 5%: 0.47+1.4+0.003 ms clock, 1.9+2.2/1.3/0.12+0.013 ms cpu, 132->132->112 MB, 104 MB goal, 0 MB stacks, 0 MB globals, 4 P
gc 3204 @62.089s 5%: 0.10+1.3+0.003 ms clock, 0.40+1.3/1.1/0.84+0.015 ms cpu, 112->112->102 MB, 118 MB goal, 0 MB stacks, 0 MB globals, 4 P
gc 3205 @62.101s 5%: 0.38+1.8+0.54 ms clock, 1.5+0.87/1.0/1.7+2.1 ms cpu, 122->122->112 MB, 114 MB goal, 0 MB stacks, 0 MB globals, 4 P
gc 3206 @62.105s 5%: 0.11+1.6+0.26 ms clock, 0.47+1.5/0.82/0+1.0 ms cpu, 132->132->122 MB, 112 MB goal, 0 MB stacks, 0 MB globals, 4 P
gc 3207 @62.107s 5%: 0.55+2.6+0.53 ms clock, 2.2+1.6/1.9/0+2.1 ms cpu, 122->132->132 MB, 122 MB goal, 0 MB stacks, 0 MB globals, 4 P
gc 3208 @62.111s 5%: 0.62+5.4+0.029 ms clock, 2.5+2.1/1.3/0.44+0.11 ms cpu, 132->152->132 MB, 134 MB goal, 0 MB stacks, 0 MB globals, 4 P
gc 3209 @62.119s 5%: 0.12+0.96+0.004 ms clock, 0.50+1.6/0.93/0.21+0.017 ms cpu, 142->142->102 MB, 143 MB goal, 0 MB stacks, 0 MB globals, 4 P
gc 3210 @62.122s 5%: 0.053+1.1+0.005 ms clock, 0.21+0.37/0.99/1.9+0.020 ms cpu, 122->122->102 MB, 130 MB goal, 0 MB stacks, 0 MB globals, 4 P
gc 3211 @62.128s 5%: 0.54+2.0+0.048 ms clock, 2.1+1.0/1.4/1.5+0.19 ms cpu, 132->132->112 MB, 129 MB goal, 0 MB stacks, 0 MB globals, 4 P
gc 3212 @62.131s 5%: 0.053+1.6+0.56 ms clock, 0.21+1.3/1.4/0+2.2 ms cpu, 132->142->132 MB, 143 MB goal, 0 MB stacks, 0 MB globals, 4 P
gc 3213 @62.133s 5%: 0.49+3.0+0.004 ms clock, 1.9+0.16/2.9/2.0+0.019 ms cpu, 142->142->122 MB, 143 MB goal, 0 MB stacks, 0 MB globals, 4 P
gc 3214 @62.140s 5%: 0.033+1.2+0.63 ms clock, 0.13+0.85/1.0/1.9+2.5 ms cpu, 122->132->112 MB, 129 MB goal, 0 MB stacks, 0 MB globals, 4 P
gc 3215 @62.144s 5%: 0.17+3.0+0.40 ms clock, 0.69+1.4/2.1/0+1.6 ms cpu, 132->142->142 MB, 120 MB goal, 0 MB stacks, 0 MB globals, 4 P
gc 3216 @62.148s 5%: 0.54+1.5+0.003 ms clock, 2.1+2.7/1.5/0+0.014 ms cpu, 142->142->102 MB, 143 MB goal, 0 MB stacks, 0 MB globals, 4 P
gc 3217 @62.152s 5%: 0.15+6.8+0.053 ms clock, 0.62+0.021/1.2/7.5+0.21 ms cpu, 132->142->112 MB, 143 MB goal, 0 MB stacks, 0 MB globals, 4 P
gc 3218 @62.182s 5%: 0.26+2.1+0.031 ms clock, 1.0+0.94/1.6/0.94+0.12 ms cpu, 152->152->112 MB, 135 MB goal, 0 MB stacks, 0 MB globals, 4 P
gc 3219 @62.187s 5%: 0.12+1.6+0.054 ms clock, 0.49+0.14/1.4/1.4+0.21 ms cpu, 132->132->122 MB, 129 MB goal, 0 MB stacks, 0 MB globals, 4 P
gc 3220 @62.195s 5%: 0.58+1.2+0.003 ms clock, 2.3+2.1/1.1/0+0.014 ms cpu, 132->132->102 MB, 129 MB goal, 0 MB stacks, 0 MB globals, 4 P
gc 3221 @62.197s 5%: 0.11+2.4+0.038 ms clock, 0.46+0.25/1.9/1.6+0.15 ms cpu, 122->122->122 MB, 130 MB goal, 0 MB stacks, 0 MB globals, 4 P
gc 3222 @62.203s 5%: 0.14+1.4+0.029 ms clock, 0.58+1.0/1.0/1.0+0.11 ms cpu, 142->142->112 MB, 122 MB goal, 0 MB stacks, 0 MB globals, 4 P
gc 3223 @62.207s 5%: 0.035+1.0+0.003 ms clock, 0.14+1.7/0.92/0.039+0.012 ms cpu, 112->112->102 MB, 118 MB goal, 0 MB stacks, 0 MB globals, 4 P
gc 3224 @62.209s 5%: 0.11+3.3+0.030 ms clock, 0.47+0.16/2.3/1.6+0.12 ms cpu, 122->122->122 MB, 130 MB goal, 0 MB stacks, 0 MB globals, 4 P
gc 3225 @62.218s 5%: 0.31+0.97+0.004 ms clock, 1.2+1.5/0.86/0.41+0.016 ms cpu, 132->132->102 MB, 129 MB goal, 0 MB stacks, 0 MB globals, 4 P
gc 3226 @62.221s 5%: 0.27+5.8+0.033 ms clock, 1.1+1.1/5.7/1.2+0.13 ms cpu, 132->142->122 MB, 143 MB goal, 0 MB stacks, 0 MB globals, 4 P
gc 3227 @62.229s 5%: 0.52+1.7+0.78 ms clock, 2.1+1.8/1.0/0+3.1 ms cpu, 162->162->132 MB, 124 MB goal, 0 MB stacks, 0 MB globals, 4 P
gc 3228 @62.232s 5%: 0.48+2.1+0.004 ms clock, 1.9+0.28/1.8/1.5+0.016 ms cpu, 132->132->112 MB, 143 MB goal, 0 MB stacks, 0 MB globals, 4 P
gc 3229 @62.261s 5%: 0.10+0.92+0.003 ms clock, 0.41+0/0.83/2.1+0.014 ms cpu, 142->142->102 MB, 143 MB goal, 0 MB stacks, 0 MB globals, 4 P
gc 3230 @62.266s 5%: 0.039+1.3+0.004 ms clock, 0.15+1.1/1.1/2.2+0.017 ms cpu, 102->102->102 MB, 105 MB goal, 0 MB stacks, 0 MB globals, 4 P
gc 3231 @62.268s 5%: 0.12+2.9+0.045 ms clock, 0.49+1.3/1.6/1.4+0.18 ms cpu, 112->122->122 MB, 114 MB goal, 0 MB stacks, 0 MB globals, 4 P
gc 3232 @62.272s 5%: 0.72+1.9+0.045 ms clock, 2.8+1.4/1.3/0.034+0.18 ms cpu, 122->132->122 MB, 122 MB goal, 0 MB stacks, 0 MB globals, 4 P
gc 3233 @62.275s 5%: 0.64+3.1+0.036 ms clock, 2.5+0.085/1.5/2.9+0.14 ms cpu, 122->132->112 MB, 143 MB goal, 0 MB stacks, 0 MB globals, 4 P
gc 3234 @62.300s 5%: 0.33+1.3+0.003 ms clock, 1.3+2.3/1.2/0+0.014 ms cpu, 152->152->102 MB, 134 MB goal, 0 MB stacks, 0 MB globals, 4 P
gc 3235 @62.306s 5%: 0.080+0.95+0.004 ms clock, 0.32+0.14/0.89/2.2+0.016 ms cpu, 132->132->102 MB, 143 MB goal, 0 MB stacks, 0 MB globals, 4 P
gc 3236 @62.309s 5%: 0.098+1.2+0.004 ms clock, 0.39+1.0/1.1/1.1+0.018 ms cpu, 112->112->102 MB, 102 MB goal, 0 MB stacks, 0 MB globals, 4 P
gc 3237 @62.311s 5%: 0.20+2.6+0.005 ms clock, 0.83+0.96/1.4/1.3+0.021 ms cpu, 102->112->112 MB, 118 MB goal, 0 MB stacks, 0 MB globals, 4 P
gc 3238 @62.316s 5%: 0.20+2.0+0.005 ms clock, 0.83+1.6/1.9/0+0.022 ms cpu, 122->122->112 MB, 114 MB goal, 0 MB stacks, 0 MB globals, 4 P
gc 3239 @62.319s 5%: 0.11+3.5+0.006 ms clock, 0.45+1.2/1.3/0+0.026 ms cpu, 132->132->122 MB, 112 MB goal, 0 MB stacks, 0 MB globals, 4 P
gc 3240 @62.323s 5%: 0.12+2.1+0.027 ms clock, 0.48+1.3/1.1/0.29+0.11 ms cpu, 122->132->112 MB, 129 MB goal, 0 MB stacks, 0 MB globals, 4 P
gc 3241 @62.328s 5%: 0.13+4.9+0.052 ms clock, 0.53+1.6/4.8/0+0.21 ms cpu, 142->142->122 MB, 119 MB goal, 0 MB stacks, 0 MB globals, 4 P
gc 3242 @62.334s 5%: 0.088+2.6+0.035 ms clock, 0.35+1.8/1.5/0+0.14 ms cpu, 122->132->122 MB, 129 MB goal, 0 MB stacks, 0 MB globals, 4 P
gc 3243 @62.338s 5%: 0.60+2.7+0.028 ms clock, 2.4+1.8/1.9/0+0.11 ms cpu, 142->142->132 MB, 122 MB goal, 0 MB stacks, 0 MB globals, 4 P
gc 3244 @62.342s 5%: 0.53+1.1+0.030 ms clock, 2.1+2.1/0.98/0.031+0.12 ms cpu, 132->132->102 MB, 132 MB goal, 0 MB stacks, 0 MB globals, 4 P
gc 3245 @62.344s 5%: 0.20+3.1+0.39 ms clock, 0.83+1.4/1.8/0+1.5 ms cpu, 122->142->132 MB, 119 MB goal, 0 MB stacks, 0 MB globals, 4 P
gc 3246 @62.348s 5%: 0.41+2.6+0.072 ms clock, 1.6+1.0/2.5/0+0.29 ms cpu, 132->142->132 MB, 132 MB goal, 0 MB stacks, 0 MB globals, 4 P
gc 3247 @62.351s 5%: 0.18+1.3+0.61 ms clock, 0.74+0.92/1.1/0+2.4 ms cpu, 132->152->132 MB, 132 MB goal, 0 MB stacks, 0 MB globals, 4 P
gc 3248 @62.354s 5%: 0.74+2.7+0.60 ms clock, 2.9+0.76/1.8/0+2.4 ms cpu, 132->152->142 MB, 155 MB goal, 0 MB stacks, 0 MB globals, 4 P
gc 3249 @62.358s 5%: 0.21+2.8+0.098 ms clock, 0.84+1.5/1.5/0+0.39 ms cpu, 152->162->132 MB, 149 MB goal, 0 MB stacks, 0 MB globals, 4 P
gc 3250 @62.363s 5%: 0.63+2.2+0.004 ms clock, 2.5+2.5/1.5/0+0.019 ms cpu, 162->162->112 MB, 180 MB goal, 0 MB stacks, 0 MB globals, 4 P
gc 3251 @63.044s 5%: 0.085+1.1+0.003 ms clock, 0.34+0.15/0.91/2.0+0.014 ms cpu, 162->162->102 MB, 180 MB goal, 0 MB stacks, 0 MB globals, 4 P
gc 3252 @63.047s 5%: 0.056+1.2+0.003 ms clock, 0.22+2.1/1.1/0.91+0.013 ms cpu, 102->102->102 MB, 105 MB goal, 0 MB stacks, 0 MB globals, 4 P
gc 3253 @63.050s 5%: 0.10+2.7+0.36 ms clock, 0.43+1.8/1.8/0+1.4 ms cpu, 122->122->122 MB, 102 MB goal, 0 MB stacks, 0 MB globals, 4 P
gc 3254 @63.054s 5%: 0.047+1.1+0.003 ms clock, 0.18+0.24/1.0/1.3+0.013 ms cpu, 122->122->102 MB, 130 MB goal, 0 MB stacks, 0 MB globals, 4 P
gc 3255 @63.082s 5%: 0.10+1.5+0.006 ms clock, 0.41+0.18/1.4/2.5+0.024 ms cpu, 122->122->112 MB, 130 MB goal, 0 MB stacks, 0 MB globals, 4 P
gc 3256 @63.090s 5%: 0.19+2.1+0.57 ms clock, 0.78+1.5/1.7/0.090+2.2 ms cpu, 132->142->122 MB, 119 MB goal, 0 MB stacks, 0 MB globals, 4 P
gc 3257 @63.093s 5%: 0.53+2.6+0.032 ms clock, 2.1+1.9/1.5/0.21+0.12 ms cpu, 122->132->122 MB, 129 MB goal, 0 MB stacks, 0 MB globals, 4 P
gc 3258 @63.099s 5%: 0.60+2.3+0.023 ms clock, 2.4+0.17/1.8/1.6+0.093 ms cpu, 132->132->112 MB, 129 MB goal, 0 MB stacks, 0 MB globals, 4 P
gc 3259 @63.106s 5%: 0.030+1.1+0.004 ms clock, 0.12+1.0/1.1/0.82+0.016 ms cpu, 112->112->102 MB, 118 MB goal, 0 MB stacks, 0 MB globals, 4 P
gc 3260 @63.110s 5%: 0.11+1.8+0.56 ms clock, 0.44+0.16/1.0/1.6+2.2 ms cpu, 122->132->122 MB, 104 MB goal, 0 MB stacks, 0 MB globals, 4 P
gc 3261 @63.113s 5%: 0.55+2.8+0.024 ms clock, 2.2+0.22/1.3/1.5+0.097 ms cpu, 122->122->112 MB, 130 MB goal, 0 MB stacks, 0 MB globals, 4 P
gc 3262 @63.122s 5%: 0.14+1.4+0.027 ms clock, 0.56+1.5/0.88/0+0.10 ms cpu, 142->142->112 MB, 119 MB goal, 0 MB stacks, 0 MB globals, 4 P
gc 3263 @63.125s 5%: 0.60+2.2+0.062 ms clock, 2.4+1.3/1.6/0+0.24 ms cpu, 142->142->132 MB, 119 MB goal, 0 MB stacks, 0 MB globals, 4 P
gc 3264 @63.128s 5%: 0.47+2.5+0.024 ms clock, 1.8+1.8/1.7/0.11+0.098 ms cpu, 132->152->132 MB, 134 MB goal, 0 MB stacks, 0 MB globals, 4 P
gc 3265 @63.144s 5%: 0.094+1.0+0.004 ms clock, 0.37+1.6/0.87/0+0.018 ms cpu, 142->142->112 MB, 143 MB goal, 0 MB stacks, 0 MB globals, 4 P
gc 3266 @63.145s 5%: 0.50+3.7+0.040 ms clock, 2.0+0.29/2.9/0+0.16 ms cpu, 142->152->142 MB, 135 MB goal, 0 MB stacks, 0 MB globals, 4 P
gc 3267 @63.150s 5%: 0.51+1.8+0.047 ms clock, 2.0+1.5/1.6/0+0.19 ms cpu, 142->142->112 MB, 143 MB goal, 0 MB stacks, 0 MB globals, 4 P
gc 3268 @63.153s 5%: 0.12+1.2+0.074 ms clock, 0.49+1.5/1.0/0+0.29 ms cpu, 142->142->132 MB, 143 MB goal, 0 MB stacks, 0 MB globals, 4 P
gc 3269 @63.155s 5%: 0.52+4.7+0.004 ms clock, 2.1+1.5/4.6/0.66+0.018 ms cpu, 142->162->132 MB, 149 MB goal, 0 MB stacks, 0 MB globals, 4 P
gc 3270 @63.162s 5%: 0.11+1.1+0.003 ms clock, 0.44+0/0.91/1.5+0.015 ms cpu, 152->152->112 MB, 155 MB goal, 0 MB stacks, 0 MB globals, 4 P
gc 3271 @63.170s 5%: 0.11+1.2+0.003 ms clock, 0.46+1.0/1.2/1.9+0.015 ms cpu, 112->112->102 MB, 118 MB goal, 0 MB stacks, 0 MB globals, 4 P
gc 3272 @63.181s 5%: 0.10+1.0+0.003 ms clock, 0.40+0.15/0.89/2.3+0.013 ms cpu, 122->122->102 MB, 114 MB goal, 0 MB stacks, 0 MB globals, 4 P
gc 3273 @63.183s 5%: 0.036+1.0+0.003 ms clock, 0.14+0.90/0.91/1.7+0.013 ms cpu, 102->102->102 MB, 105 MB goal, 0 MB stacks, 0 MB globals, 4 P
gc 3274 @63.185s 5%: 0.13+1.7+0.59 ms clock, 0.54+0.069/1.0/1.7+2.3 ms cpu, 112->112->112 MB, 118 MB goal, 0 MB stacks, 0 MB globals, 4 P
gc 3275 @63.189s 5%: 0.51+5.3+0.006 ms clock, 2.0+1.1/1.1/0+0.025 ms cpu, 122->122->122 MB, 114 MB goal, 0 MB stacks, 0 MB globals, 4 P
gc 3276 @63.195s 5%: 0.63+1.7+0.56 ms clock, 2.5+1.6/1.6/0.038+2.2 ms cpu, 142->142->122 MB, 122 MB goal, 0 MB stacks, 0 MB globals, 4 P
gc 3277 @63.198s 5%: 0.55+2.7+0.029 ms clock, 2.2+1.2/1.6/0.52+0.11 ms cpu, 122->132->122 MB, 129 MB goal, 0 MB stacks, 0 MB globals, 4 P
gc 3278 @63.203s 5%: 0.53+3.0+0.74 ms clock, 2.1+1.5/2.1/0+2.9 ms cpu, 142->142->132 MB, 122 MB goal, 0 MB stacks, 0 MB globals, 4 P
gc 3279 @63.208s 5%: 0.042+2.4+0.039 ms clock, 0.16+1.8/1.0/0.083+0.15 ms cpu, 132->152->122 MB, 155 MB goal, 0 MB stacks, 0 MB globals, 4 P
gc 3280 @63.221s 5%: 0.060+0.97+0.005 ms clock, 0.24+0/0.83/2.2+0.021 ms cpu, 152->152->102 MB, 155 MB goal, 0 MB stacks, 0 MB globals, 4 P
gc 3281 @63.223s 5%: 0.035+1.2+0.003 ms clock, 0.14+1.9/1.0/0.84+0.013 ms cpu, 102->102->102 MB, 105 MB goal, 0 MB stacks, 0 MB globals, 4 P
gc 3282 @63.225s 5%: 0.13+2.4+0.38 ms clock, 0.52+1.7/1.6/0+1.5 ms cpu, 112->122->122 MB, 102 MB goal, 0 MB stacks, 0 MB globals, 4 P
gc 3283 @63.229s 5%: 0.59+1.0+0.003 ms clock, 2.3+0.97/0.91/0.64+0.012 ms cpu, 122->122->102 MB, 130 MB goal, 0 MB stacks, 0 MB globals, 4 P
gc 3284 @63.234s 5%: 0.20+1.5+0.61 ms clock, 0.82+1.2/1.4/0+2.4 ms cpu, 122->132->122 MB, 129 MB goal, 0 MB stacks, 0 MB globals, 4 P
gc 3285 @63.237s 5%: 0.13+2.1+0.025 ms clock, 0.54+1.4/1.4/0+0.10 ms cpu, 142->142->132 MB, 122 MB goal, 0 MB stacks, 0 MB globals, 4 P
gc 3286 @63.239s 5%: 0.58+2.0+0.061 ms clock, 2.3+1.6/1.5/0+0.24 ms cpu, 142->142->122 MB, 132 MB goal, 0 MB stacks, 0 MB globals, 4 P
gc 3287 @63.243s 5%: 0.22+1.2+0.050 ms clock, 0.91+0.56/1.1/0.91+0.20 ms cpu, 122->132->112 MB, 129 MB goal, 0 MB stacks, 0 MB globals, 4 P
gc 3288 @63.265s 5%: 0.094+1.0+0.004 ms clock, 0.37+0.15/0.98/2.3+0.019 ms cpu, 132->132->102 MB, 129 MB goal, 0 MB stacks, 0 MB globals, 4 P
gc 3289 @63.274s 5%: 0.088+1.2+0.005 ms clock, 0.35+1.3/1.1/1.8+0.020 ms cpu, 102->102->102 MB, 105 MB goal, 0 MB stacks, 0 MB globals, 4 P
gc 3290 @63.278s 5%: 0.91+1.7+0.036 ms clock, 3.6+1.5/1.5/0+0.14 ms cpu, 112->122->122 MB, 102 MB goal, 0 MB stacks, 0 MB globals, 4 P
gc 3291 @63.281s 5%: 0.47+2.9+0.004 ms clock, 1.8+1.7/1.6/0+0.019 ms cpu, 122->122->112 MB, 122 MB goal, 0 MB stacks, 0 MB globals, 4 P
gc 3292 @63.285s 5%: 0.21+2.2+0.091 ms clock, 0.87+1.8/1.8/0+0.36 ms cpu, 112->132->122 MB, 112 MB goal, 0 MB stacks, 0 MB globals, 4 P
gc 3293 @63.288s 5%: 0.85+1.7+0.003 ms clock, 3.4+3.1/1.7/0.67+0.014 ms cpu, 122->122->102 MB, 130 MB goal, 0 MB stacks, 0 MB globals, 4 P
gc 3294 @63.292s 5%: 0.50+1.8+0.035 ms clock, 2.0+0.19/1.2/1.7+0.14 ms cpu, 122->122->112 MB, 130 MB goal, 0 MB stacks, 0 MB globals, 4 P
gc 3295 @63.305s 5%: 0.15+1.7+0.057 ms clock, 0.62+1.8/1.4/0.88+0.22 ms cpu, 132->132->112 MB, 129 MB goal, 0 MB stacks, 0 MB globals, 4 P
gc 3296 @63.307s 5%: 0.079+5.8+0.006 ms clock, 0.31+1.1/1.4/0+0.025 ms cpu, 132->142->132 MB, 143 MB goal, 0 MB stacks, 0 MB globals, 4 P
gc 3297 @63.313s 5%: 0.19+2.5+0.003 ms clock, 0.77+0.14/1.3/3.7+0.015 ms cpu, 142->142->112 MB, 143 MB goal, 0 MB stacks, 0 MB globals, 4 P
gc 3298 @63.318s 5%: 0.050+0.99+0.003 ms clock, 0.20+0.30/0.94/2.0+0.012 ms cpu, 122->122->102 MB, 130 MB goal, 0 MB stacks, 0 MB globals, 4 P
gc 3299 @63.320s 5%: 0.033+1.0+0.019 ms clock, 0.13+0.89/0.89/0.77+0.078 ms cpu, 102->102->102 MB, 105 MB goal, 0 MB stacks, 0 MB globals, 4 P
gc 3300 @63.321s 5%: 0.10+2.3+0.036 ms clock, 0.40+0.066/1.4/2.0+0.14 ms cpu, 112->112->112 MB, 118 MB goal, 0 MB stacks, 0 MB globals, 4 P
gc 3301 @63.325s 5%: 0.49+1.7+0.029 ms clock, 1.9+1.1/1.1/0.44+0.11 ms cpu, 122->122->112 MB, 114 MB goal, 0 MB stacks, 0 MB globals, 4 P
gc 3302 @63.328s 5%: 0.12+1.6+0.049 ms clock, 0.49+0.065/1.1/1.4+0.19 ms cpu, 122->122->112 MB, 130 MB goal, 0 MB stacks, 0 MB globals, 4 P
gc 3303 @63.335s 5%: 0.089+1.5+0.032 ms clock, 0.35+1.0/1.1/1.1+0.12 ms cpu, 132->132->112 MB, 129 MB goal, 0 MB stacks, 0 MB globals, 4 P
gc 3304 @63.337s 5%: 0.11+2.2+0.047 ms clock, 0.46+0.079/1.7/1.6+0.19 ms cpu, 132->132->122 MB, 129 MB goal, 0 MB stacks, 0 MB globals, 4 P
gc 3305 @63.344s 5%: 0.13+1.3+0.052 ms clock, 0.54+1.1/1.1/0+0.20 ms cpu, 132->142->122 MB, 122 MB goal, 0 MB stacks, 0 MB globals, 4 P
gc 3306 @63.346s 5%: 0.16+3.1+0.036 ms clock, 0.66+0.88/1.8/0+0.14 ms cpu, 132->142->142 MB, 143 MB goal, 0 MB stacks, 0 MB globals, 4 P
gc 3307 @63.352s 5%: 0.11+1.5+0.041 ms clock, 0.45+1.2/1.0/0.85+0.16 ms cpu, 152->152->112 MB, 142 MB goal, 0 MB stacks, 0 MB globals, 4 P
gc 3308 @63.355s 5%: 0.19+2.2+0.005 ms clock, 0.76+0.65/1.6/1.4+0.022 ms cpu, 142->142->112 MB, 143 MB goal, 0 MB stacks, 0 MB globals, 4 P
gc 3309 @63.360s 5%: 0.12+2.4+0.058 ms clock, 0.49+0.34/1.8/1.8+0.23 ms cpu, 142->142->112 MB, 143 MB goal, 0 MB stacks, 0 MB globals, 4 P
gc 3310 @63.365s 5%: 0.11+1.1+0.055 ms clock, 0.44+1.7/1.0/0+0.22 ms cpu, 142->142->112 MB, 143 MB goal, 0 MB stacks, 0 MB globals, 4 P
gc 3311 @63.368s 5%: 0.10+2.0+0.029 ms clock, 0.41+0.50/1.3/0.76+0.11 ms cpu, 142->152->122 MB, 155 MB goal, 0 MB stacks, 0 MB globals, 4 P
gc 3312 @64.045s 5%: 0.063+1.2+0.004 ms clock, 0.25+0.86/1.0/0.97+0.019 ms cpu, 152->152->102 MB, 155 MB goal, 0 MB stacks, 0 MB globals, 4 P
gc 3313 @64.048s 5%: 0.051+1.2+0.003 ms clock, 0.20+0.33/1.0/2.4+0.013 ms cpu, 112->112->102 MB, 118 MB goal, 0 MB stacks, 0 MB globals, 4 P
gc 3314 @64.055s 5%: 0.036+1.0+0.005 ms clock, 0.14+1.7/0.97/0.67+0.022 ms cpu, 102->102->102 MB, 105 MB goal, 0 MB stacks, 0 MB globals, 4 P
gc 3315 @64.057s 5%: 0.11+3.4+0.18 ms clock, 0.44+2.3/2.3/0.002+0.72 ms cpu, 122->122->122 MB, 102 MB goal, 0 MB stacks, 0 MB globals, 4 P
gc 3316 @64.061s 5%: 0.042+4.9+0.004 ms clock, 0.17+0.50/1.3/5.3+0.017 ms cpu, 122->132->112 MB, 129 MB goal, 0 MB stacks, 0 MB globals, 4 P
gc 3317 @64.089s 5%: 0.097+1.0+0.004 ms clock, 0.39+0.18/0.91/2.4+0.017 ms cpu, 132->132->102 MB, 129 MB goal, 0 MB stacks, 0 MB globals, 4 P
gc 3318 @64.095s 5%: 0.071+2.0+0.032 ms clock, 0.28+1.2/1.4/1.9+0.13 ms cpu, 102->112->112 MB, 102 MB goal, 0 MB stacks, 0 MB globals, 4 P
gc 3319 @64.098s 5%: 0.66+3.5+0.051 ms clock, 2.6+0.23/2.4/1.7+0.20 ms cpu, 112->132->132 MB, 129 MB goal, 0 MB stacks, 0 MB globals, 4 P
gc 3320 @64.105s 5%: 0.049+1.8+0.037 ms clock, 0.19+1.0/1.1/0.94+0.15 ms cpu, 132->142->112 MB, 132 MB goal, 0 MB stacks, 0 MB globals, 4 P
gc 3321 @64.110s 5%: 0.059+1.2+0.004 ms clock, 0.23+0.28/1.1/2.3+0.016 ms cpu, 112->112->102 MB, 118 MB goal, 0 MB stacks, 0 MB globals, 4 P
gc 3322 @64.116s 5%: 0.13+1.5+0.064 ms clock, 0.55+0.15/1.4/2.2+0.25 ms cpu, 122->122->112 MB, 114 MB goal, 0 MB stacks, 0 MB globals, 4 P
gc 3323 @64.118s 5%: 0.30+3.0+0.032 ms clock, 1.2+0.095/2.1/2.6+0.13 ms cpu, 122->122->122 MB, 130 MB goal, 0 MB stacks, 0 MB globals, 4 P
gc 3324 @64.127s 5%: 0.52+1.3+0.004 ms clock, 2.1+1.6/1.1/0+0.016 ms cpu, 142->142->122 MB, 122 MB goal, 0 MB stacks, 0 MB globals, 4 P
gc 3325 @64.129s 5%: 0.091+2.0+0.096 ms clock, 0.36+1.1/1.2/0+0.38 ms cpu, 132->142->122 MB, 122 MB goal, 0 MB stacks, 0 MB globals, 4 P
gc 3326 @64.132s 5%: 0.65+3.5+0.028 ms clock, 2.6+1.6/2.3/0.023+0.11 ms cpu, 122->142->132 MB, 122 MB goal, 0 MB stacks, 0 MB globals, 4 P
gc 3327 @64.136s 5%: 0.55+1.6+0.070 ms clock, 2.2+0.34/1.2/1.5+0.28 ms cpu, 132->132->112 MB, 132 MB goal, 0 MB stacks, 0 MB globals, 4 P
gc 3328 @64.139s 5%: 0.030+0.82+0.002 ms clock, 0.12+0.16/0.75/1.9+0.010 ms cpu, 112->112->102 MB, 118 MB goal, 0 MB stacks, 0 MB globals, 4 P
gc 3329 @64.149s 5%: 0.34+1.0+0.004 ms clock, 1.3+1.7/0.66/0.41+0.017 ms cpu, 132->132->122 MB, 102 MB goal, 0 MB stacks, 0 MB globals, 4 P
gc 3330 @64.150s 5%: 0.028+1.7+0.024 ms clock, 0.11+1.5/1.0/0+0.098 ms cpu, 122->132->112 MB, 129 MB goal, 0 MB stacks, 0 MB globals, 4 P
gc 3331 @64.154s 5%: 0.099+1.7+0.14 ms clock, 0.39+0.91/1.0/0.34+0.56 ms cpu, 132->142->122 MB, 119 MB goal, 0 MB stacks, 0 MB globals, 4 P
gc 3332 @64.156s 5%: 0.56+1.3+0.16 ms clock, 2.2+1.1/1.1/0+0.66 ms cpu, 122->132->122 MB, 130 MB goal, 0 MB stacks, 0 MB globals, 4 P
gc 3333 @64.161s 5%: 1.2+2.2+0.030 ms clock, 4.8+2.4/1.2/0+0.12 ms cpu, 142->152->142 MB, 122 MB goal, 0 MB stacks, 0 MB globals, 4 P
gc 3334 @64.165s 5%: 0.50+2.5+0.028 ms clock, 2.0+1.2/1.4/0+0.11 ms cpu, 142->152->122 MB, 142 MB goal, 0 MB stacks, 0 MB globals, 4 P
gc 3335 @64.168s 5%: 0.49+2.0+0.053 ms clock, 1.9+1.4/1.4/0+0.21 ms cpu, 132->142->132 MB, 122 MB goal, 0 MB stacks, 0 MB globals, 4 P
gc 3336 @64.171s 5%: 0.095+2.0+0.023 ms clock, 0.38+1.8/1.1/0.67+0.095 ms cpu, 132->142->112 MB, 143 MB goal, 0 MB stacks, 0 MB globals, 4 P
gc 3337 @64.197s 5%: 0.39+1.7+0.062 ms clock, 1.5+1.0/1.0/1.0+0.25 ms cpu, 152->152->112 MB, 134 MB goal, 0 MB stacks, 0 MB globals, 4 P
gc 3338 @64.202s 5%: 0.057+0.98+0.003 ms clock, 0.23+0/0.82/2.2+0.012 ms cpu, 122->122->102 MB, 130 MB goal, 0 MB stacks, 0 MB globals, 4 P
gc 3339 @64.204s 5%: 0.037+0.79+0.002 ms clock, 0.15+0.68/0.75/1.3+0.011 ms cpu, 102->102->102 MB, 105 MB goal, 0 MB stacks, 0 MB globals, 4 P
gc 3340 @64.205s 5%: 0.13+2.3+0.084 ms clock, 0.54+0.10/1.6/2.1+0.33 ms cpu, 112->122->122 MB, 114 MB goal, 0 MB stacks, 0 MB globals, 4 P
gc 3341 @64.209s 5%: 0.54+3.7+0.033 ms clock, 2.1+1.4/2.3/0.082+0.13 ms cpu, 122->132->122 MB, 122 MB goal, 0 MB stacks, 0 MB globals, 4 P
gc 3342 @64.214s 5%: 0.69+2.0+0.091 ms clock, 2.7+1.6/1.8/0+0.36 ms cpu, 122->132->112 MB, 122 MB goal, 0 MB stacks, 0 MB globals, 4 P
gc 3343 @64.217s 5%: 0.13+1.9+0.064 ms clock, 0.52+1.8/0.94/0+0.25 ms cpu, 122->132->122 MB, 112 MB goal, 0 MB stacks, 0 MB globals, 4 P
gc 3344 @64.219s 5%: 0.46+1.7+0.037 ms clock, 1.8+1.7/1.3/0+0.15 ms cpu, 122->122->112 MB, 122 MB goal, 0 MB stacks, 0 MB globals, 4 P
gc 3345 @64.226s 5%: 0.089+1.1+0.003 ms clock, 0.35+1.8/1.1/0.078+0.013 ms cpu, 142->142->112 MB, 112 MB goal, 0 MB stacks, 0 MB globals, 4 P
gc 3346 @64.227s 5%: 0.029+1.1+0.005 ms clock, 0.11+1.2/0.99/1.2+0.020 ms cpu, 112->112->102 MB, 118 MB goal, 0 MB stacks, 0 MB globals, 4 P
gc 3347 @64.231s 5%: 0.023+0.78+0.002 ms clock, 0.095+1.1/0.66/0.62+0.011 ms cpu, 102->102->102 MB, 105 MB goal, 0 MB stacks, 0 MB globals, 4 P
gc 3348 @64.232s 5%: 0.64+1.6+0.59 ms clock, 2.5+1.4/1.5/0+2.3 ms cpu, 122->122->122 MB, 102 MB goal, 0 MB stacks, 0 MB globals, 4 P
gc 3349 @64.235s 5%: 0.53+1.2+0.003 ms clock, 2.1+1.0/1.0/0.34+0.013 ms cpu, 122->122->112 MB, 130 MB goal, 0 MB stacks, 0 MB globals, 4 P
gc 3350 @64.241s 5%: 0.46+1.6+0.023 ms clock, 1.8+0.95/1.1/0.75+0.094 ms cpu, 132->142->122 MB, 120 MB goal, 0 MB stacks, 0 MB globals, 4 P
gc 3351 @64.244s 5%: 0.13+2.6+0.23 ms clock, 0.52+1.2/1.4/0+0.92 ms cpu, 132->142->132 MB, 122 MB goal, 0 MB stacks, 0 MB globals, 4 P
gc 3352 @64.247s 5%: 0.057+2.1+0.003 ms clock, 0.23+2.3/1.4/0.21+0.015 ms cpu, 132->132->102 MB, 143 MB goal, 0 MB stacks, 0 MB globals, 4 P
gc 3353 @64.251s 5%: 0.49+1.6+0.023 ms clock, 1.9+0.043/1.0/1.6+0.092 ms cpu, 132->132->112 MB, 143 MB goal, 0 MB stacks, 0 MB globals, 4 P
gc 3354 @64.287s 5%: 0.087+1.1+0.003 ms clock, 0.35+0/1.1/2.5+0.014 ms cpu, 142->142->102 MB, 143 MB goal, 0 MB stacks, 0 MB globals, 4 P
gc 3355 @64.290s 5%: 0.055+1.0+0.003 ms clock, 0.22+1.6/0.90/0.72+0.013 ms cpu, 102->102->102 MB, 105 MB goal, 0 MB stacks, 0 MB globals, 4 P
gc 3356 @64.292s 5%: 0.22+2.3+0.44 ms clock, 0.89+1.3/1.3/0+1.7 ms cpu, 112->122->122 MB, 102 MB goal, 0 MB stacks, 0 MB globals, 4 P
gc 3357 @64.296s 5%: 0.63+1.8+0.041 ms clock, 2.5+1.3/1.2/0.055+0.16 ms cpu, 122->132->122 MB, 122 MB goal, 0 MB stacks, 0 MB globals, 4 P
gc 3358 @64.301s 5%: 0.37+1.0+0.003 ms clock, 1.5+0.24/0.95/1.4+0.015 ms cpu, 132->132->102 MB, 122 MB goal, 0 MB stacks, 0 MB globals, 4 P
gc 3359 @64.302s 5%: 0.027+0.94+0.003 ms clock, 0.10+0.19/0.85/2.0+0.012 ms cpu, 102->102->102 MB, 105 MB goal, 0 MB stacks, 0 MB globals, 4 P
gc 3360 @64.308s 5%: 0.10+1.5+0.045 ms clock, 0.42+1.1/1.4/0.20+0.18 ms cpu, 112->112->112 MB, 102 MB goal, 0 MB stacks, 0 MB globals, 4 P
gc 3361 @64.310s 5%: 0.61+3.9+0.005 ms clock, 2.4+1.5/0.86/0+0.021 ms cpu, 122->122->112 MB, 112 MB goal, 0 MB stacks, 0 MB globals, 4 P
gc 3362 @64.315s 5%: 0.27+4.4+0.059 ms clock, 1.0+4.3/2.3/0+0.23 ms cpu, 112->132->122 MB, 112 MB goal, 0 MB stacks, 0 MB globals, 4 P
gc 3363 @64.320s 5%: 0.12+1.5+0.006 ms clock, 0.48+1.4/1.2/0+0.027 ms cpu, 122->122->102 MB, 122 MB goal, 0 MB stacks, 0 MB globals, 4 P
gc 3364 @64.322s 5%: 0.62+1.7+0.027 ms clock, 2.4+1.4/1.4/0+0.11 ms cpu, 122->122->122 MB, 102 MB goal, 0 MB stacks, 0 MB globals, 4 P
gc 3365 @64.331s 5%: 0.038+1.8+0.047 ms clock, 0.15+2.2/0.90/0+0.18 ms cpu, 122->132->112 MB, 122 MB goal, 0 MB stacks, 0 MB globals, 4 P
gc 3366 @64.333s 5%: 0.65+2.3+0.33 ms clock, 2.6+1.4/1.4/0+1.3 ms cpu, 112->142->142 MB, 112 MB goal, 0 MB stacks, 0 MB globals, 4 P
gc 3367 @64.337s 5%: 0.39+3.0+0.11 ms clock, 1.5+1.8/1.3/0+0.47 ms cpu, 142->152->132 MB, 142 MB goal, 0 MB stacks, 0 MB globals, 4 P
gc 3368 @64.341s 5%: 0.48+3.1+0.004 ms clock, 1.9+1.4/1.1/0+0.018 ms cpu, 132->142->122 MB, 132 MB goal, 0 MB stacks, 0 MB globals, 4 P
gc 3369 @64.345s 5%: 0.31+1.6+0.053 ms clock, 1.2+1.2/1.0/0+0.21 ms cpu, 122->142->122 MB, 122 MB goal, 0 MB stacks, 0 MB globals, 4 P
gc 3370 @64.347s 5%: 0.068+3.0+0.023 ms clock, 0.27+4.0/2.2/0+0.092 ms cpu, 122->132->132 MB, 129 MB goal, 0 MB stacks, 0 MB globals, 4 P
gc 3371 @64.351s 5%: 0.70+2.0+0.030 ms clock, 2.8+1.6/1.5/0.002+0.12 ms cpu, 142->142->122 MB, 132 MB goal, 0 MB stacks, 0 MB globals, 4 P
gc 3372 @64.354s 5%: 0.67+4.0+0.035 ms clock, 2.6+1.4/3.4/0+0.14 ms cpu, 122->142->122 MB, 122 MB goal, 0 MB stacks, 0 MB globals, 4 P
gc 3373 @64.360s 5%: 0.14+1.6+0.004 ms clock, 0.56+2.6/1.2/0.066+0.018 ms cpu, 122->122->102 MB, 130 MB goal, 0 MB stacks, 0 MB globals, 4 P
gc 3374 @64.363s 5%: 1.1+2.5+0.92 ms clock, 4.6+1.3/1.9/0+3.6 ms cpu, 132->152->142 MB, 109 MB goal, 0 MB stacks, 0 MB globals, 4 P
gc 3375 @64.369s 5%: 0.13+3.0+0.30 ms clock, 0.55+1.2/1.8/0+1.2 ms cpu, 152->152->132 MB, 142 MB goal, 0 MB stacks, 0 MB globals, 4 P
gc 3376 @64.373s 5%: 0.17+3.5+0.041 ms clock, 0.71+1.4/2.8/0+0.16 ms cpu, 132->152->132 MB, 132 MB goal, 0 MB stacks, 0 MB globals, 4 P
gc 3377 @64.377s 5%: 0.75+2.1+0.036 ms clock, 3.0+1.7/1.7/0+0.14 ms cpu, 132->152->132 MB, 132 MB goal, 0 MB stacks, 0 MB globals, 4 P
gc 3378 @64.381s 5%: 0.73+2.1+0.044 ms clock, 2.9+1.7/1.9/0+0.17 ms cpu, 132->142->122 MB, 132 MB goal, 0 MB stacks, 0 MB globals, 4 P
gc 3379 @64.384s 5%: 0.56+1.9+0.043 ms clock, 2.2+2.3/1.3/0+0.17 ms cpu, 122->132->112 MB, 130 MB goal, 0 MB stacks, 0 MB globals, 4 P
gc 3380 @64.387s 5%: 0.63+1.8+0.056 ms clock, 2.5+1.2/1.2/0+0.22 ms cpu, 142->142->132 MB, 120 MB goal, 0 MB stacks, 0 MB globals, 4 P
gc 3381 @64.390s 5%: 0.54+1.7+0.003 ms clock, 2.1+0.27/1.7/1.6+0.013 ms cpu, 132->132->102 MB, 132 MB goal, 0 MB stacks, 0 MB globals, 4 P
gc 3382 @65.051s 5%: 0.13+1.7+0.004 ms clock, 0.52+0.24/1.7/2.9+0.016 ms cpu, 132->132->112 MB, 129 MB goal, 0 MB stacks, 0 MB globals, 4 P
gc 3383 @65.063s 5%: 0.080+0.92+0.005 ms clock, 0.32+1.4/0.84/0.76+0.022 ms cpu, 112->112->102 MB, 118 MB goal, 0 MB stacks, 0 MB globals, 4 P
gc 3384 @65.064s 5%: 0.61+3.3+0.032 ms clock, 2.4+2.5/2.4/0+0.12 ms cpu, 122->122->122 MB, 115 MB goal, 0 MB stacks, 0 MB globals, 4 P
gc 3385 @65.068s 5%: 0.038+1.9+0.042 ms clock, 0.15+1.1/1.1/0.45+0.17 ms cpu, 122->132->112 MB, 129 MB goal, 0 MB stacks, 0 MB globals, 4 P
gc 3386 @65.092s 5%: 0.077+1.3+0.003 ms clock, 0.30+0.17/1.1/1.8+0.014 ms cpu, 132->132->102 MB, 129 MB goal, 0 MB stacks, 0 MB globals, 4 P
gc 3387 @65.102s 5%: 0.062+1.1+0.004 ms clock, 0.25+0.96/0.96/1.7+0.016 ms cpu, 102->102->102 MB, 105 MB goal, 0 MB stacks, 0 MB globals, 4 P
gc 3388 @65.103s 5%: 0.13+2.9+0.41 ms clock, 0.53+0.061/1.7/1.7+1.6 ms cpu, 112->112->112 MB, 118 MB goal, 0 MB stacks, 0 MB globals, 4 P
gc 3389 @65.108s 5%: 0.10+2.4+0.61 ms clock, 0.41+1.3/1.6/0+2.4 ms cpu, 132->132->122 MB, 112 MB goal, 0 MB stacks, 0 MB globals, 4 P
gc 3390 @65.112s 5%: 0.46+2.6+0.034 ms clock, 1.8+1.1/1.7/0.50+0.13 ms cpu, 122->132->122 MB, 129 MB goal, 0 MB stacks, 0 MB globals, 4 P
gc 3391 @65.118s 5%: 0.11+1.4+0.004 ms clock, 0.45+0.19/1.1/2.0+0.019 ms cpu, 132->132->112 MB, 129 MB goal, 0 MB stacks, 0 MB globals, 4 P
gc 3392 @65.121s 5%: 0.023+1.0+0.003 ms clock, 0.092+0.82/0.95/1.6+0.013 ms cpu, 112->112->102 MB, 118 MB goal, 0 MB stacks, 0 MB globals, 4 P
gc 3393 @65.126s 5%: 0.54+1.2+0.003 ms clock, 2.1+0.17/1.0/2.3+0.012 ms cpu, 122->122->102 MB, 114 MB goal, 0 MB stacks, 0 MB globals, 4 P
gc 3394 @65.131s 5%: 0.081+0.82+0.004 ms clock, 0.32+1.4/0.75/0.71+0.018 ms cpu, 102->102->102 MB, 105 MB goal, 0 MB stacks, 0 MB globals, 4 P
gc 3395 @65.132s 5%: 0.54+1.8+0.034 ms clock, 2.1+1.9/1.7/0+0.13 ms cpu, 122->122->122 MB, 102 MB goal, 0 MB stacks, 0 MB globals, 4 P
gc 3396 @65.135s 5%: 0.48+1.8+0.032 ms clock, 1.9+2.2/1.1/0+0.12 ms cpu, 122->122->122 MB, 122 MB goal, 0 MB stacks, 0 MB globals, 4 P
gc 3397 @65.137s 5%: 0.15+1.6+0.50 ms clock, 0.61+1.5/1.3/0+2.0 ms cpu, 122->142->122 MB, 122 MB goal, 0 MB stacks, 0 MB globals, 4 P
gc 3398 @65.140s 5%: 0.65+6.0+0.005 ms clock, 2.6+2.0/1.1/0+0.022 ms cpu, 122->132->132 MB, 122 MB goal, 0 MB stacks, 0 MB globals, 4 P
gc 3399 @65.147s 5%: 0.18+1.4+0.028 ms clock, 0.75+0.15/1.1/1.6+0.11 ms cpu, 132->142->112 MB, 132 MB goal, 0 MB stacks, 0 MB globals, 4 P
gc 3400 @65.149s 5%: 0.44+2.9+0.032 ms clock, 1.7+0.57/1.3/1.4+0.12 ms cpu, 112->122->122 MB, 114 MB goal, 0 MB stacks, 0 MB globals, 4 P
gc 3401 @65.153s 5%: 0.64+3.9+0.018 ms clock, 2.5+1.6/1.6/0+0.072 ms cpu, 122->132->122 MB, 122 MB goal, 0 MB stacks, 0 MB globals, 4 P
gc 3402 @65.158s 5%: 0.21+1.0+0.24 ms clock, 0.86+1.7/0.91/0+0.98 ms cpu, 122->142->122 MB, 122 MB goal, 0 MB stacks, 0 MB globals, 4 P
gc 3403 @65.161s 5%: 0.082+3.0+0.029 ms clock, 0.33+1.6/1.9/0+0.11 ms cpu, 122->132->122 MB, 129 MB goal, 0 MB stacks, 0 MB globals, 4 P
gc 3404 @65.166s 5%: 0.40+2.2+0.027 ms clock, 1.6+2.5/1.6/0+0.10 ms cpu, 142->142->122 MB, 122 MB goal, 0 MB stacks, 0 MB globals, 4 P
gc 3405 @65.169s 5%: 0.092+2.3+0.088 ms clock, 0.37+2.5/1.5/0.053+0.35 ms cpu, 122->142->132 MB, 122 MB goal, 0 MB stacks, 0 MB globals, 4 P
gc 3406 @65.173s 5%: 0.65+0.83+0.047 ms clock, 2.6+1.8/0.72/0+0.18 ms cpu, 132->132->122 MB, 132 MB goal, 0 MB stacks, 0 MB globals, 4 P
gc 3407 @65.176s 5%: 0.35+2.6+0.54 ms clock, 1.4+2.1/1.9/0+2.1 ms cpu, 142->152->142 MB, 122 MB goal, 0 MB stacks, 0 MB globals, 4 P
gc 3408 @65.180s 5%: 0.29+2.0+0.63 ms clock, 1.1+2.1/1.3/0+2.5 ms cpu, 142->152->132 MB, 142 MB goal, 0 MB stacks, 0 MB globals, 4 P
gc 3409 @65.184s 5%: 0.29+2.3+0.46 ms clock, 1.1+1.4/1.4/0+1.8 ms cpu, 132->152->132 MB, 132 MB goal, 0 MB stacks, 0 MB globals, 4 P
gc 3410 @65.187s 5%: 0.70+5.2+0.004 ms clock, 2.8+2.4/1.4/0+0.018 ms cpu, 132->142->122 MB, 132 MB goal, 0 MB stacks, 0 MB globals, 4 P
gc 3411 @65.195s 5%: 0.098+1.3+0.006 ms clock, 0.39+0.29/0.93/1.8+0.027 ms cpu, 132->132->102 MB, 143 MB goal, 0 MB stacks, 0 MB globals, 4 P
gc 3412 @65.206s 5%: 0.056+1.0+0.003 ms clock, 0.22+0.14/0.96/2.2+0.012 ms cpu, 132->132->102 MB, 143 MB goal, 0 MB stacks, 0 MB globals, 4 P
gc 3413 @65.218s 5%: 0.14+1.8+0.040 ms clock, 0.58+0.94/0.99/0.92+0.16 ms cpu, 132->142->122 MB, 143 MB goal, 0 MB stacks, 0 MB globals, 4 P
gc 3414 @65.223s 5%: 0.14+1.6+0.003 ms clock, 0.57+1.5/1.4/0.56+0.012 ms cpu, 132->132->112 MB, 129 MB goal, 0 MB stacks, 0 MB globals, 4 P
gc 3415 @65.228s 5%: 0.62+2.4+0.029 ms clock, 2.5+1.3/1.4/0+0.11 ms cpu, 132->142->122 MB, 119 MB goal, 0 MB stacks, 0 MB globals, 4 P
gc 3416 @65.234s 5%: 0.34+2.6+0.053 ms clock, 1.3+0.056/1.8/1.8+0.21 ms cpu, 122->142->122 MB, 143 MB goal, 0 MB stacks, 0 MB globals, 4 P
gc 3417 @65.240s 5%: 0.11+1.2+0.004 ms clock, 0.44+0.17/1.1/1.6+0.019 ms cpu, 142->142->112 MB, 143 MB goal, 0 MB stacks, 0 MB globals, 4 P
gc 3418 @65.243s 5%: 0.054+1.0+0.004 ms clock, 0.21+0.95/1.0/1.6+0.017 ms cpu, 112->112->102 MB, 118 MB goal, 0 MB stacks, 0 MB globals, 4 P
gc 3419 @65.250s 5%: 0.30+2.7+0.030 ms clock, 1.2+1.6/2.0/0+0.12 ms cpu, 132->132->122 MB, 104 MB goal, 0 MB stacks, 0 MB globals, 4 P
gc 3420 @65.253s 5%: 0.15+1.5+0.005 ms clock, 0.63+2.2/1.1/0+0.022 ms cpu, 122->122->102 MB, 122 MB goal, 0 MB stacks, 0 MB globals, 4 P
gc 3421 @65.257s 5%: 0.65+3.1+0.023 ms clock, 2.6+1.7/2.8/0.14+0.095 ms cpu, 142->142->132 MB, 102 MB goal, 0 MB stacks, 0 MB globals, 4 P
gc 3422 @65.261s 5%: 0.032+1.4+0.002 ms clock, 0.13+0.28/1.2/2.4+0.010 ms cpu, 132->132->102 MB, 143 MB goal, 0 MB stacks, 0 MB globals, 4 P
gc 3423 @65.289s 5%: 0.18+1.8+0.005 ms clock, 0.74+0/1.2/2.1+0.020 ms cpu, 132->132->112 MB, 143 MB goal, 0 MB stacks, 0 MB globals, 4 P
gc 3424 @65.298s 5%: 0.047+1.1+0.003 ms clock, 0.19+1.8/1.0/0.84+0.014 ms cpu, 112->112->102 MB, 118 MB goal, 0 MB stacks, 0 MB globals, 4 P
gc 3425 @65.301s 5%: 0.75+2.4+0.027 ms clock, 3.0+0.065/1.8/1.7+0.11 ms cpu, 122->122->122 MB, 130 MB goal, 0 MB stacks, 0 MB globals, 4 P
gc 3426 @65.306s 5%: 0.66+2.5+0.26 ms clock, 2.6+1.1/1.6/0+1.0 ms cpu, 142->142->122 MB, 122 MB goal, 0 MB stacks, 0 MB globals, 4 P
gc 3427 @65.314s 5%: 0.044+0.98+0.002 ms clock, 0.17+0/0.89/2.4+0.011 ms cpu, 132->132->102 MB, 129 MB goal, 0 MB stacks, 0 MB globals, 4 P
gc 3428 @65.319s 5%: 0.029+0.97+0.003 ms clock, 0.11+0.81/0.81/1.4+0.012 ms cpu, 102->102->102 MB, 105 MB goal, 0 MB stacks, 0 MB globals, 4 P
gc 3429 @65.320s 5%: 0.10+2.7+0.062 ms clock, 0.40+0.41/1.3/0.83+0.24 ms cpu, 112->122->122 MB, 114 MB goal, 0 MB stacks, 0 MB globals, 4 P
gc 3430 @65.324s 5%: 0.54+2.1+0.023 ms clock, 2.1+0.70/1.4/0.50+0.093 ms cpu, 132->132->122 MB, 122 MB goal, 0 MB stacks, 0 MB globals, 4 P
gc 3431 @65.328s 5%: 0.10+3.1+0.024 ms clock, 0.42+0.085/1.3/1.3+0.099 ms cpu, 132->132->122 MB, 122 MB goal, 0 MB stacks, 0 MB globals, 4 P
gc 3432 @65.332s 5%: 0.067+1.5+0.026 ms clock, 0.27+0.91/0.87/1.3+0.10 ms cpu, 122->132->112 MB, 122 MB goal, 0 MB stacks, 0 MB globals, 4 P
gc 3433 @65.334s 5%: 0.46+1.3+0.029 ms clock, 1.8+0.20/0.99/1.4+0.11 ms cpu, 112->112->112 MB, 118 MB goal, 0 MB stacks, 0 MB globals, 4 P
gc 3434 @65.342s 5%: 0.11+0.86+0.004 ms clock, 0.47+2.1/0.74/0.022+0.017 ms cpu, 132->132->102 MB, 112 MB goal, 0 MB stacks, 0 MB globals, 4 P
gc 3435 @65.344s 5%: 0.10+3.2+0.099 ms clock, 0.43+0.088/1.9/2.5+0.39 ms cpu, 122->132->132 MB, 129 MB goal, 0 MB stacks, 0 MB globals, 4 P
gc 3436 @65.347s 5%: 0.52+3.0+0.47 ms clock, 2.1+1.1/1.0/1.9+1.9 ms cpu, 132->142->122 MB, 132 MB goal, 0 MB stacks, 0 MB globals, 4 P
gc 3437 @65.351s 5%: 0.71+2.3+0.054 ms clock, 2.8+0.77/1.4/0.42+0.21 ms cpu, 122->142->122 MB, 143 MB goal, 0 MB stacks, 0 MB globals, 4 P
gc 3438 @65.361s 5%: 0.10+1.4+0.055 ms clock, 0.40+1.2/1.3/0+0.22 ms cpu, 142->142->122 MB, 143 MB goal, 0 MB stacks, 0 MB globals, 4 P
gc 3439 @65.363s 5%: 0.12+2.7+0.026 ms clock, 0.50+0.27/1.7/1.1+0.10 ms cpu, 142->152->132 MB, 155 MB goal, 0 MB stacks, 0 MB globals, 4 P
gc 3440 @65.371s 5%: 0.11+1.2+0.016 ms clock, 0.44+1.1/1.1/0.58+0.066 ms cpu, 152->152->112 MB, 155 MB goal, 0 MB stacks, 0 MB globals, 4 P
gc 3441 @65.375s 5%: 0.038+1.0+0.048 ms clock, 0.15+1.1/0.95/1.3+0.19 ms cpu, 122->122->102 MB, 130 MB goal, 0 MB stacks, 0 MB globals, 4 P
gc 3442 @65.378s 5%: 0.56+1.5+0.025 ms clock, 2.2+0.10/1.4/2.1+0.10 ms cpu, 122->122->112 MB, 130 MB goal, 0 MB stacks, 0 MB globals, 4 P
gc 3443 @65.381s 5%: 0.10+4.6+0.004 ms clock, 0.43+0.005/0.97/1.7+0.017 ms cpu, 122->132->122 MB, 112 MB goal, 0 MB stacks, 0 MB globals, 4 P
gc 3444 @65.386s 5%: 0.039+2.4+0.016 ms clock, 0.15+1.3/1.4/0.16+0.066 ms cpu, 122->132->112 MB, 129 MB goal, 0 MB stacks, 0 MB globals, 4 P
gc 3445 @65.390s 5%: 0.11+1.7+0.003 ms clock, 0.46+0/1.3/1.1+0.012 ms cpu, 132->132->122 MB, 129 MB goal, 0 MB stacks, 0 MB globals, 4 P
gc 3446 @65.394s 5%: 0.034+1.8+0.74 ms clock, 0.13+1.3/0.90/0.39+2.9 ms cpu, 132->152->132 MB, 134 MB goal, 0 MB stacks, 0 MB globals, 4 P
gc 3447 @65.399s 5%: 0.097+1.5+0.11 ms clock, 0.39+0.15/1.3/2.0+0.46 ms cpu, 142->142->112 MB, 143 MB goal, 0 MB stacks, 0 MB globals, 4 P
gc 3448 @65.991s 5%: 0.076+2.3+0.049 ms clock, 0.30+0.39/1.4/3.1+0.19 ms cpu, 112->122->112 MB, 114 MB goal, 0 MB stacks, 0 MB globals, 4 P
gc 3449 @66.053s 5%: 0.11+2.5+0.047 ms clock, 0.45+1.5/1.6/0+0.18 ms cpu, 122->122->112 MB, 114 MB goal, 0 MB stacks, 0 MB globals, 4 P
gc 3450 @66.057s 5%: 0.12+4.8+0.004 ms clock, 0.49+0.16/4.6/1.9+0.016 ms cpu, 122->122->112 MB, 130 MB goal, 0 MB stacks, 0 MB globals, 4 P
gc 3451 @66.072s 5%: 0.53+1.8+0.024 ms clock, 2.1+0/1.5/2.7+0.097 ms cpu, 132->132->112 MB, 130 MB goal, 0 MB stacks, 0 MB globals, 4 P
gc 3452 @66.093s 5%: 0.094+1.0+0.003 ms clock, 0.37+0.49/0.97/2.0+0.012 ms cpu, 132->132->102 MB, 129 MB goal, 0 MB stacks, 0 MB globals, 4 P
gc 3453 @66.096s 5%: 0.052+1.1+0.004 ms clock, 0.20+0/1.0/2.5+0.017 ms cpu, 112->112->102 MB, 118 MB goal, 0 MB stacks, 0 MB globals, 4 P
gc 3454 @66.114s 5%: 0.061+0.93+0.004 ms clock, 0.24+1.4/0.79/0.69+0.018 ms cpu, 102->102->102 MB, 105 MB goal, 0 MB stacks, 0 MB globals, 4 P
gc 3455 @66.115s 5%: 0.67+2.7+0.24 ms clock, 2.6+1.9/1.9/0+0.99 ms cpu, 132->132->132 MB, 102 MB goal, 0 MB stacks, 0 MB globals, 4 P
gc 3456 @66.119s 5%: 0.34+3.5+0.029 ms clock, 1.3+1.5/2.8/0+0.11 ms cpu, 132->142->142 MB, 143 MB goal, 0 MB stacks, 0 MB globals, 4 P
gc 3457 @66.126s 5%: 0.70+1.7+0.004 ms clock, 2.8+0.71/1.5/2.5+0.017 ms cpu, 152->152->112 MB, 142 MB goal, 0 MB stacks, 0 MB globals, 4 P
gc 3458 @66.141s 5%: 0.070+1.0+0.004 ms clock, 0.28+0/0.95/2.5+0.018 ms cpu, 142->142->102 MB, 143 MB goal, 0 MB stacks, 0 MB globals, 4 P
gc 3459 @66.143s 5%: 0.12+1.2+0.003 ms clock, 0.49+2.1/1.1/1.0+0.012 ms cpu, 102->102->102 MB, 105 MB goal, 0 MB stacks, 0 MB globals, 4 P
gc 3460 @66.145s 5%: 0.14+2.7+0.44 ms clock, 0.56+1.9/1.9/0+1.7 ms cpu, 112->122->122 MB, 102 MB goal, 0 MB stacks, 0 MB globals, 4 P
gc 3461 @66.149s 5%: 0.62+2.1+0.005 ms clock, 2.4+2.2/1.8/0+0.020 ms cpu, 122->122->122 MB, 122 MB goal, 0 MB stacks, 0 MB globals, 4 P
gc 3462 @66.152s 5%: 0.21+2.8+0.039 ms clock, 0.87+2.8/2.1/0+0.15 ms cpu, 122->142->122 MB, 122 MB goal, 0 MB stacks, 0 MB globals, 4 P
gc 3463 @66.156s 5%: 0.67+1.6+0.032 ms clock, 2.7+2.6/1.2/0+0.13 ms cpu, 122->122->112 MB, 122 MB goal, 0 MB stacks, 0 MB globals, 4 P
gc 3464 @66.158s 5%: 0.23+2.9+0.12 ms clock, 0.93+2.1/2.2/0+0.51 ms cpu, 112->132->122 MB, 112 MB goal, 0 MB stacks, 0 MB globals, 4 P
gc 3465 @66.162s 5%: 0.86+2.3+0.030 ms clock, 3.4+2.7/1.5/0+0.12 ms cpu, 122->132->122 MB, 129 MB goal, 0 MB stacks, 0 MB globals, 4 P
gc 3466 @66.167s 5%: 0.37+2.2+0.005 ms clock, 1.4+2.5/2.2/0+0.021 ms cpu, 142->142->122 MB, 122 MB goal, 0 MB stacks, 0 MB globals, 4 P
gc 3467 @66.170s 5%: 0.030+1.4+0.003 ms clock, 0.12+1.5/1.2/0.17+0.015 ms cpu, 122->122->102 MB, 130 MB goal, 0 MB stacks, 0 MB globals, 4 P
gc 3468 @66.173s 5%: 0.68+2.2+0.004 ms clock, 2.7+0/2.1/2.1+0.017 ms cpu, 132->132->122 MB, 129 MB goal, 0 MB stacks, 0 MB globals, 4 P
gc 3469 @66.183s 5%: 0.45+2.8+0.041 ms clock, 1.8+2.2/2.2/0+0.16 ms cpu, 152->152->132 MB, 122 MB goal, 0 MB stacks, 0 MB globals, 4 P
gc 3470 @66.186s 5%: 0.56+2.3+0.027 ms clock, 2.2+1.0/1.5/0.82+0.10 ms cpu, 132->142->112 MB, 143 MB goal, 0 MB stacks, 0 MB globals, 4 P
gc 3471 @66.190s 5%: 0.58+1.7+0.58 ms clock, 2.3+1.4/1.5/0+2.3 ms cpu, 132->142->142 MB, 143 MB goal, 0 MB stacks, 0 MB globals, 4 P
gc 3472 @66.194s 5%: 0.081+8.4+0.068 ms clock, 0.32+1.0/1.8/0+0.27 ms cpu, 152->172->152 MB, 164 MB goal, 0 MB stacks, 0 MB globals, 4 P
gc 3473 @66.205s 5%: 0.20+1.9+0.065 ms clock, 0.82+0/1.7/1.6+0.26 ms cpu, 172->172->112 MB, 165 MB goal, 0 MB stacks, 0 MB globals, 4 P
gc 3474 @66.209s 5%: 0.051+1.3+0.004 ms clock, 0.20+0.35/1.2/2.3+0.018 ms cpu, 122->122->102 MB, 130 MB goal, 0 MB stacks, 0 MB globals, 4 P
gc 3475 @66.214s 5%: 0.049+1.7+0.026 ms clock, 0.19+0.32/1.0/2.1+0.10 ms cpu, 102->112->112 MB, 102 MB goal, 0 MB stacks, 0 MB globals, 4 P
gc 3476 @66.216s 5%: 0.49+1.7+0.020 ms clock, 1.9+1.3/1.3/0.41+0.080 ms cpu, 112->112->112 MB, 112 MB goal, 0 MB stacks, 0 MB globals, 4 P
gc 3477 @66.219s 5%: 0.18+4.3+0.036 ms clock, 0.75+1.0/1.3/0.16+0.14 ms cpu, 112->122->112 MB, 112 MB goal, 0 MB stacks, 0 MB globals, 4 P
gc 3478 @66.224s 5%: 0.19+2.2+0.004 ms clock, 0.76+1.8/1.8/0+0.018 ms cpu, 112->122->112 MB, 112 MB goal, 0 MB stacks, 0 MB globals, 4 P
gc 3479 @66.227s 5%: 0.081+1.8+0.056 ms clock, 0.32+1.4/1.5/0.90+0.22 ms cpu, 122->122->112 MB, 130 MB goal, 0 MB stacks, 0 MB globals, 4 P
gc 3480 @66.231s 5%: 0.23+3.1+0.003 ms clock, 0.93+0.14/3.0/3.6+0.015 ms cpu, 132->132->112 MB, 129 MB goal, 0 MB stacks, 0 MB globals, 4 P
gc 3481 @66.236s 5%: 0.037+1.2+0.003 ms clock, 0.14+2.0/1.0/0.97+0.012 ms cpu, 112->112->102 MB, 118 MB goal, 0 MB stacks, 0 MB globals, 4 P
gc 3482 @66.237s 5%: 0.52+3.8+0.10 ms clock, 2.1+3.1/3.7/0+0.43 ms cpu, 122->122->122 MB, 115 MB goal, 0 MB stacks, 0 MB globals, 4 P
gc 3483 @66.242s 5%: 0.043+1.7+0.011 ms clock, 0.17+2.1/1.1/0+0.044 ms cpu, 122->122->102 MB, 122 MB goal, 0 MB stacks, 0 MB globals, 4 P
gc 3484 @66.244s 5%: 0.12+6.4+0.007 ms clock, 0.50+1.5/1.7/0+0.030 ms cpu, 122->132->132 MB, 105 MB goal, 0 MB stacks, 0 MB globals, 4 P
gc 3485 @66.251s 5%: 0.19+2.4+0.040 ms clock, 0.77+1.2/1.2/0.68+0.16 ms cpu, 132->142->112 MB, 132 MB goal, 0 MB stacks, 0 MB globals, 4 P
gc 3486 @66.255s 5%: 0.10+2.4+0.11 ms clock, 0.43+2.1/1.7/0+0.44 ms cpu, 132->132->122 MB, 112 MB goal, 0 MB stacks, 0 MB globals, 4 P
gc 3487 @66.258s 5%: 0.66+2.6+0.032 ms clock, 2.6+1.0/1.4/0.23+0.12 ms cpu, 122->132->122 MB, 122 MB goal, 0 MB stacks, 0 MB globals, 4 P
gc 3488 @66.265s 5%: 0.062+1.1+0.004 ms clock, 0.24+2.2/1.0/0.066+0.018 ms cpu, 122->122->102 MB, 122 MB goal, 0 MB stacks, 0 MB globals, 4 P
gc 3489 @66.267s 5%: 0.20+2.1+0.070 ms clock, 0.82+1.7/1.7/0+0.28 ms cpu, 132->142->142 MB, 102 MB goal, 0 MB stacks, 0 MB globals, 4 P
gc 3490 @66.271s 5%: 0.58+3.9+0.027 ms clock, 2.3+1.2/3.2/0.52+0.11 ms cpu, 142->142->112 MB, 143 MB goal, 0 MB stacks, 0 MB globals, 4 P
gc 3491 @66.293s 5%: 0.12+1.3+0.004 ms clock, 0.48+0.15/1.2/1.0+0.019 ms cpu, 142->142->112 MB, 143 MB goal, 0 MB stacks, 0 MB globals, 4 P
gc 3492 @66.305s 5%: 0.054+1.0+0.006 ms clock, 0.21+0.87/0.95/1.7+0.024 ms cpu, 112->112->102 MB, 118 MB goal, 0 MB stacks, 0 MB globals, 4 P
gc 3493 @66.312s 5%: 0.64+2.2+0.057 ms clock, 2.5+1.5/1.5/0+0.22 ms cpu, 132->132->122 MB, 104 MB goal, 0 MB stacks, 0 MB globals, 4 P
gc 3494 @66.315s 5%: 0.068+1.8+0.052 ms clock, 0.27+1.7/1.1/0+0.21 ms cpu, 122->142->122 MB, 122 MB goal, 0 MB stacks, 0 MB globals, 4 P
gc 3495 @66.317s 5%: 0.47+2.7+0.004 ms clock, 1.8+0.20/2.1/1.3+0.017 ms cpu, 122->122->122 MB, 122 MB goal, 0 MB stacks, 0 MB globals, 4 P
gc 3496 @66.326s 5%: 0.026+1.1+0.60 ms clock, 0.10+0.93/0.94/1.8+2.4 ms cpu, 122->132->112 MB, 122 MB goal, 0 MB stacks, 0 MB globals, 4 P
gc 3497 @66.328s 5%: 0.53+2.1+0.040 ms clock, 2.1+1.8/1.8/0.036+0.16 ms cpu, 112->112->112 MB, 118 MB goal, 0 MB stacks, 0 MB globals, 4 P
gc 3498 @66.331s 5%: 0.60+2.4+0.028 ms clock, 2.4+1.9/1.7/0+0.11 ms cpu, 132->132->122 MB, 112 MB goal, 0 MB stacks, 0 MB globals, 4 P
gc 3499 @66.335s 5%: 0.093+1.4+0.003 ms clock, 0.37+1.5/1.2/0.84+0.014 ms cpu, 122->122->102 MB, 130 MB goal, 0 MB stacks, 0 MB globals, 4 P
gc 3500 @66.342s 5%: 0.044+0.79+0.003 ms clock, 0.17+0.19/0.67/1.8+0.012 ms cpu, 122->122->102 MB, 130 MB goal, 0 MB stacks, 0 MB globals, 4 P
gc 3501 @66.344s 5%: 0.035+0.89+0.003 ms clock, 0.14+1.2/0.72/0.57+0.014 ms cpu, 102->102->102 MB, 105 MB goal, 0 MB stacks, 0 MB globals, 4 P
gc 3502 @66.345s 5%: 0.12+2.7+0.44 ms clock, 0.48+1.9/1.9/0.044+1.7 ms cpu, 122->122->122 MB, 102 MB goal, 0 MB stacks, 0 MB globals, 4 P
gc 3503 @66.349s 5%: 0.53+1.9+0.026 ms clock, 2.1+1.2/1.0/0.018+0.10 ms cpu, 122->132->112 MB, 129 MB goal, 0 MB stacks, 0 MB globals, 4 P
gc 3504 @66.354s 5%: 0.065+1.2+0.004 ms clock, 0.26+1.0/1.1/0.70+0.016 ms cpu, 132->132->112 MB, 129 MB goal, 0 MB stacks, 0 MB globals, 4 P
gc 3505 @66.356s 5%: 0.073+2.1+0.097 ms clock, 0.29+0.073/1.5/1.3+0.38 ms cpu, 132->142->132 MB, 143 MB goal, 0 MB stacks, 0 MB globals, 4 P
gc 3506 @66.366s 5%: 0.29+1.2+0.59 ms clock, 1.1+1.6/1.1/0+2.3 ms cpu, 152->152->112 MB, 135 MB goal, 0 MB stacks, 0 MB globals, 4 P
gc 3507 @66.371s 5%: 0.58+1.8+0.060 ms clock, 2.3+0/1.1/1.9+0.24 ms cpu, 142->152->122 MB, 134 MB goal, 0 MB stacks, 0 MB globals, 4 P
gc 3508 @66.377s 5%: 0.092+3.5+0.003 ms clock, 0.36+0.22/1.1/4.0+0.012 ms cpu, 142->142->112 MB, 143 MB goal, 0 MB stacks, 0 MB globals, 4 P
gc 3509 @66.381s 5%: 0.046+4.8+0.004 ms clock, 0.18+0.92/1.1/0.95+0.019 ms cpu, 122->132->122 MB, 129 MB goal, 0 MB stacks, 0 MB globals, 4 P
gc 3510 @66.387s 5%: 0.23+1.1+0.054 ms clock, 0.93+0.080/1.0/1.8+0.21 ms cpu, 132->132->112 MB, 143 MB goal, 0 MB stacks, 0 MB globals, 4 P
gc 3511 @66.393s 5%: 0.12+1.3+0.023 ms clock, 0.50+1.0/1.0/0.46+0.094 ms cpu, 142->142->112 MB, 143 MB goal, 0 MB stacks, 0 MB globals, 4 P
gc 3512 @66.396s 5%: 0.17+1.1+0.002 ms clock, 0.70+0.80/0.91/1.0+0.011 ms cpu, 122->122->102 MB, 130 MB goal, 0 MB stacks, 0 MB globals, 4 P
gc 3513 @66.399s 5%: 0.031+1.0+0.002 ms clock, 0.12+0.20/0.95/2.4+0.011 ms cpu, 112->112->102 MB, 118 MB goal, 0 MB stacks, 0 MB globals, 4 P
gc 3514 @66.401s 5%: 0.12+1.2+0.004 ms clock, 0.49+1.6/0.95/0.83+0.016 ms cpu, 102->102->102 MB, 105 MB goal, 0 MB stacks, 0 MB globals, 4 P
gc 3515 @66.403s 5%: 0.18+2.8+0.52 ms clock, 0.74+2.0/1.9/0+2.0 ms cpu, 122->132->132 MB, 102 MB goal, 0 MB stacks, 0 MB globals, 4 P
gc 3516 @66.407s 5%: 0.74+2.1+0.003 ms clock, 2.9+0.072/1.9/1.4+0.015 ms cpu, 132->132->122 MB, 132 MB goal, 0 MB stacks, 0 MB globals, 4 P
gc 3517 @66.998s 5%: 0.080+1.0+0.004 ms clock, 0.32+0.82/0.85/1.5+0.016 ms cpu, 122->122->102 MB, 122 MB goal, 0 MB stacks, 0 MB globals, 4 P
gc 3518 @67.000s 5%: 0.37+1.4+0.061 ms clock, 1.4+0.16/1.1/1.5+0.24 ms cpu, 102->112->112 MB, 118 MB goal, 0 MB stacks, 0 MB globals, 4 P
gc 3519 @67.062s 5%: 0.21+1.7+0.005 ms clock, 0.84+1.6/1.5/0.58+0.021 ms cpu, 122->122->112 MB, 114 MB goal, 0 MB stacks, 0 MB globals, 4 P
gc 3520 @67.065s 5%: 0.71+3.1+0.068 ms clock, 2.8+0.10/1.8/2.7+0.27 ms cpu, 122->122->112 MB, 130 MB goal, 0 MB stacks, 0 MB globals, 4 P
gc 3521 @67.077s 5%: 0.13+2.6+0.049 ms clock, 0.53+0.16/1.3/2.1+0.19 ms cpu, 132->142->122 MB, 119 MB goal, 0 MB stacks, 0 MB globals, 4 P
gc 3522 @67.080s 5%: 0.57+2.7+0.008 ms clock, 2.2+1.9/1.9/1.7+0.032 ms cpu, 122->122->112 MB, 130 MB goal, 0 MB stacks, 0 MB globals, 4 P
gc 3523 @67.097s 5%: 0.39+1.6+0.032 ms clock, 1.5+1.0/1.1/1.1+0.13 ms cpu, 122->122->112 MB, 114 MB goal, 0 MB stacks, 0 MB globals, 4 P
gc 3524 @67.099s 5%: 0.12+2.0+0.044 ms clock, 0.49+0.23/1.2/1.8+0.17 ms cpu, 122->122->112 MB, 130 MB goal, 0 MB stacks, 0 MB globals, 4 P
gc 3525 @67.125s 5%: 0.60+2.3+0.62 ms clock, 2.4+1.7/1.8/0.032+2.5 ms cpu, 142->142->122 MB, 119 MB goal, 0 MB stacks, 0 MB globals, 4 P
gc 3526 @67.129s 5%: 0.16+2.0+0.67 ms clock, 0.67+1.4/1.8/0+2.6 ms cpu, 132->142->122 MB, 122 MB goal, 0 MB stacks, 0 MB globals, 4 P
gc 3527 @67.132s 5%: 0.10+4.1+0.69 ms clock, 0.42+3.1/2.5/0.009+2.7 ms cpu, 122->132->122 MB, 129 MB goal, 0 MB stacks, 0 MB globals, 4 P
gc 3528 @67.139s 5%: 0.10+1.2+0.003 ms clock, 0.40+0.26/1.2/1.8+0.014 ms cpu, 132->132->102 MB, 129 MB goal, 0 MB stacks, 0 MB globals, 4 P
gc 3529 @67.143s 5%: 0.048+1.3+0.004 ms clock, 0.19+1.1/1.2/2.2+0.016 ms cpu, 102->102->102 MB, 105 MB goal, 0 MB stacks, 0 MB globals, 4 P
gc 3530 @67.146s 5%: 0.92+1.9+0.031 ms clock, 3.7+0.24/1.3/2.5+0.12 ms cpu, 112->112->112 MB, 118 MB goal, 0 MB stacks, 0 MB globals, 4 P
gc 3531 @67.156s 5%: 0.59+1.4+0.005 ms clock, 2.3+2.4/1.3/1.0+0.022 ms cpu, 132->132->102 MB, 112 MB goal, 0 MB stacks, 0 MB globals, 4 P
gc 3532 @67.160s 5%: 0.10+1.9+0.033 ms clock, 0.41+0.10/1.2/1.9+0.13 ms cpu, 122->122->112 MB, 130 MB goal, 0 MB stacks, 0 MB globals, 4 P
gc 3533 @67.165s 5%: 0.26+2.5+0.038 ms clock, 1.0+0/1.9/3.5+0.15 ms cpu, 132->132->112 MB, 129 MB goal, 0 MB stacks, 0 MB globals, 4 P
gc 3534 @67.172s 5%: 0.10+2.0+0.004 ms clock, 0.42+1.8/1.9/0.17+0.019 ms cpu, 132->132->122 MB, 143 MB goal, 0 MB stacks, 0 MB globals, 4 P
gc 3535 @67.176s 5%: 0.57+2.7+0.027 ms clock, 2.3+2.7/2.1/0.14+0.11 ms cpu, 142->142->112 MB, 143 MB goal, 0 MB stacks, 0 MB globals, 4 P
gc 3536 @67.188s 5%: 0.12+1.2+0.003 ms clock, 0.49+1.2/1.0/0.83+0.014 ms cpu, 142->142->112 MB, 143 MB goal, 0 MB stacks, 0 MB globals, 4 P
gc 3537 @67.194s 5%: 0.11+1.1+0.050 ms clock, 0.44+1.0/0.98/0.88+0.20 ms cpu, 142->142->112 MB, 143 MB goal, 0 MB stacks, 0 MB globals, 4 P
gc 3538 @67.196s 5%: 0.084+1.4+0.053 ms clock, 0.33+0.19/1.3/2.2+0.21 ms cpu, 122->122->112 MB, 130 MB goal, 0 MB stacks, 0 MB globals, 4 P
gc 3539 @67.198s 5%: 0.081+2.1+0.028 ms clock, 0.32+0.15/1.7/2.5+0.11 ms cpu, 122->122->112 MB, 114 MB goal, 0 MB stacks, 0 MB globals, 4 P
gc 3540 @67.202s 5%: 0.14+2.7+0.46 ms clock, 0.59+1.3/1.7/0.67+1.8 ms cpu, 122->142->132 MB, 119 MB goal, 0 MB stacks, 0 MB globals, 4 P
gc 3541 @67.206s 5%: 0.59+10+0.008 ms clock, 2.3+1.7/9.8/0.089+0.034 ms cpu, 142->142->132 MB, 132 MB goal, 0 MB stacks, 0 MB globals, 4 P
gc 3542 @67.217s 5%: 0.20+5.6+0.006 ms clock, 0.83+0.81/1.8/0+0.024 ms cpu, 132->162->132 MB, 132 MB goal, 0 MB stacks, 0 MB globals, 4 P
gc 3543 @67.223s 5%: 0.072+5.5+0.006 ms clock, 0.28+2.1/1.2/0.75+0.024 ms cpu, 132->142->112 MB, 132 MB goal, 0 MB stacks, 0 MB globals, 4 P
gc 3544 @67.230s 5%: 0.74+6.6+0.064 ms clock, 2.9+1.7/1.6/0+0.25 ms cpu, 132->142->132 MB, 143 MB goal, 0 MB stacks, 0 MB globals, 4 P
gc 3545 @67.238s 5%: 0.12+2.4+0.003 ms clock, 0.49+0.47/2.4/0.54+0.014 ms cpu, 142->142->112 MB, 143 MB goal, 0 MB stacks, 0 MB globals, 4 P
gc 3546 @67.246s 5%: 0.12+2.1+0.024 ms clock, 0.50+2.7/1.6/0.19+0.096 ms cpu, 142->142->112 MB, 119 MB goal, 0 MB stacks, 0 MB globals, 4 P
gc 3547 @67.249s 5%: 0.27+5.8+0.005 ms clock, 1.1+0.19/2.2/0+0.023 ms cpu, 132->142->142 MB, 143 MB goal, 0 MB stacks, 0 MB globals, 4 P
gc 3548 @67.262s 5%: 0.65+2.7+0.028 ms clock, 2.6+1.3/1.3/0+0.11 ms cpu, 162->162->122 MB, 142 MB goal, 0 MB stacks, 0 MB globals, 4 P
gc 3549 @67.268s 5%: 0.11+2.4+0.031 ms clock, 0.44+0/1.8/1.9+0.12 ms cpu, 142->142->112 MB, 143 MB goal, 0 MB stacks, 0 MB globals, 4 P
gc 3550 @67.271s 5%: 0.036+1.3+0.003 ms clock, 0.14+0.83/1.2/1.0+0.012 ms cpu, 112->112->102 MB, 118 MB goal, 0 MB stacks, 0 MB globals, 4 P
gc 3551 @67.277s 5%: 0.083+2.2+0.035 ms clock, 0.33+1.7/1.1/0+0.14 ms cpu, 132->132->122 MB, 105 MB goal, 0 MB stacks, 0 MB globals, 4 P
gc 3552 @67.280s 5%: 0.022+1.8+0.025 ms clock, 0.089+1.4/1.1/0+0.10 ms cpu, 122->132->112 MB, 122 MB goal, 0 MB stacks, 0 MB globals, 4 P
gc 3553 @67.284s 5%: 0.30+1.5+0.005 ms clock, 1.2+0/1.2/1.5+0.023 ms cpu, 122->122->112 MB, 114 MB goal, 0 MB stacks, 0 MB globals, 4 P
gc 3554 @67.294s 5%: 0.11+2.3+0.004 ms clock, 0.46+1.1/1.2/2.2+0.019 ms cpu, 122->122->102 MB, 114 MB goal, 0 MB stacks, 0 MB globals, 4 P
gc 3555 @67.315s 5%: 0.088+1.5+0.003 ms clock, 0.35+0.24/1.0/1.6+0.014 ms cpu, 122->122->102 MB, 114 MB goal, 0 MB stacks, 0 MB globals, 4 P
gc 3556 @67.319s 5%: 0.061+2.0+0.003 ms clock, 0.24+0.097/1.5/1.9+0.014 ms cpu, 122->122->102 MB, 130 MB goal, 0 MB stacks, 0 MB globals, 4 P
gc 3557 @67.323s 5%: 0.12+1.2+0.003 ms clock, 0.49+0.14/0.001/2.6+0.013 ms cpu, 122->122->102 MB, 130 MB goal, 0 MB stacks, 0 MB globals, 4 P
gc 3558 @67.337s 5%: 0.20+1.9+0.004 ms clock, 0.81+5.1/0.001/0+0.019 ms cpu, 102->102->102 MB, 105 MB goal, 0 MB stacks, 0 MB globals, 4 P
gc 3559 @67.343s 5%: 0.49+1.8+0.016 ms clock, 1.9+2.0/1.1/0+0.066 ms cpu, 122->132->122 MB, 102 MB goal, 0 MB stacks, 0 MB globals, 4 P
gc 3560 @67.346s 5%: 0.27+3.8+0.005 ms clock, 1.0+4.0/1.1/0+0.023 ms cpu, 122->122->112 MB, 130 MB goal, 0 MB stacks, 0 MB globals, 4 P
gc 3561 @67.356s 5%: 0.13+2.1+0.026 ms clock, 0.54+1.2/1.6/0+0.10 ms cpu, 142->142->112 MB, 120 MB goal, 0 MB stacks, 0 MB globals, 4 P
gc 3562 @67.363s 5%: 0.18+1.5+0.052 ms clock, 0.72+1.2/1.2/0+0.21 ms cpu, 142->142->132 MB, 120 MB goal, 0 MB stacks, 0 MB globals, 4 P
gc 3563 @67.365s 5%: 0.59+5.8+0.025 ms clock, 2.3+2.3/1.3/0.027+0.10 ms cpu, 132->142->112 MB, 132 MB goal, 0 MB stacks, 0 MB globals, 4 P
gc 3564 @67.374s 5%: 0.54+5.5+0.006 ms clock, 2.1+6.8/1.5/0+0.027 ms cpu, 142->152->122 MB, 112 MB goal, 0 MB stacks, 0 MB globals, 4 P
gc 3565 @67.380s 5%: 0.033+5.5+0.005 ms clock, 0.13+2.4/1.6/0+0.023 ms cpu, 122->132->112 MB, 129 MB goal, 0 MB stacks, 0 MB globals, 4 P
gc 3566 @67.387s 5%: 0.80+8.0+0.010 ms clock, 3.2+1.9/0.98/0+0.042 ms cpu, 122->142->132 MB, 119 MB goal, 0 MB stacks, 0 MB globals, 4 P
gc 3567 @67.397s 5%: 0.19+5.8+0.005 ms clock, 0.76+2.4/1.6/0.67+0.023 ms cpu, 132->142->112 MB, 143 MB goal, 0 MB stacks, 0 MB globals, 4 P
gc 3568 @67.407s 5%: 0.86+5.5+0.008 ms clock, 3.4+1.4/1.7/0+0.034 ms cpu, 162->172->162 MB, 114 MB goal, 0 MB stacks, 0 MB globals, 4 P
gc 3569 @67.414s 5%: 0.10+6.1+0.005 ms clock, 0.41+1.7/1.5/0+0.023 ms cpu, 162->172->112 MB, 162 MB goal, 0 MB stacks, 0 MB globals, 4 P
gc 3570 @67.427s 5%: 0.23+1.3+0.10 ms clock, 0.95+1.7/1.2/0+0.43 ms cpu, 162->162->112 MB, 124 MB goal, 0 MB stacks, 0 MB globals, 4 P
gc 3571 @68.008s 5%: 0.074+1.3+0.005 ms clock, 0.29+0.15/1.0/1.7+0.021 ms cpu, 132->132->102 MB, 129 MB goal, 0 MB stacks, 0 MB globals, 4 P
gc 3572 @68.064s 5%: 0.054+1.4+0.003 ms clock, 0.21+1.3/1.3/2.1+0.014 ms cpu, 102->102->102 MB, 105 MB goal, 0 MB stacks, 0 MB globals, 4 P
gc 3573 @68.066s 5%: 0.12+8.8+0.004 ms clock, 0.50+0.090/1.2/1.2+0.019 ms cpu, 112->122->122 MB, 114 MB goal, 0 MB stacks, 0 MB globals, 4 P
gc 3574 @68.078s 5%: 0.034+1.1+0.003 ms clock, 0.13+1.0/1.1/0.034+0.014 ms cpu, 122->122->102 MB, 122 MB goal, 0 MB stacks, 0 MB globals, 4 P
gc 3575 @68.084s 5%: 0.55+1.2+0.003 ms clock, 2.2+1.1/1.1/1.4+0.014 ms cpu, 122->122->102 MB, 114 MB goal, 0 MB stacks, 0 MB globals, 4 P
gc 3576 @68.102s 5%: 0.098+1.7+0.032 ms clock, 0.39+0/1.3/3.5+0.12 ms cpu, 122->122->102 MB, 114 MB goal, 0 MB stacks, 0 MB globals, 4 P
gc 3577 @68.130s 5%: 0.46+2.0+0.005 ms clock, 1.8+3.6/1.9/0.88+0.021 ms cpu, 122->122->102 MB, 114 MB goal, 0 MB stacks, 0 MB globals, 4 P
gc 3578 @68.134s 5%: 0.11+5.2+0.083 ms clock, 0.46+0.084/3.8/4.4+0.33 ms cpu, 122->142->132 MB, 119 MB goal, 0 MB stacks, 0 MB globals, 4 P
gc 3579 @68.141s 5%: 0.72+1.9+0.003 ms clock, 2.9+3.2/1.6/0.69+0.013 ms cpu, 132->132->102 MB, 132 MB goal, 0 MB stacks, 0 MB globals, 4 P
gc 3580 @68.153s 5%: 0.097+1.3+0.006 ms clock, 0.39+0.21/1.1/1.8+0.025 ms cpu, 132->132->102 MB, 129 MB goal, 0 MB stacks, 0 MB globals, 4 P
gc 3581 @68.159s 5%: 0.057+1.2+0.004 ms clock, 0.22+2.2/1.0/1.0+0.016 ms cpu, 102->102->102 MB, 105 MB goal, 0 MB stacks, 0 MB globals, 4 P
gc 3582 @68.172s 5%: 0.11+1.6+0.003 ms clock, 0.44+1.7/1.2/0+0.012 ms cpu, 112->112->112 MB, 118 MB goal, 0 MB stacks, 0 MB globals, 4 P
gc 3583 @68.174s 5%: 0.47+3.4+0.033 ms clock, 1.8+1.8/1.9/0+0.13 ms cpu, 132->132->122 MB, 112 MB goal, 0 MB stacks, 0 MB globals, 4 P
gc 3584 @68.179s 5%: 0.58+3.2+0.056 ms clock, 2.3+2.8/2.0/0+0.22 ms cpu, 122->132->112 MB, 143 MB goal, 0 MB stacks, 0 MB globals, 4 P
gc 3585 @68.196s 5%: 0.65+1.8+0.027 ms clock, 2.6+1.9/1.1/0+0.10 ms cpu, 182->182->142 MB, 112 MB goal, 0 MB stacks, 0 MB globals, 4 P
gc 3586 @68.199s 5%: 0.095+2.2+0.047 ms clock, 0.38+1.1/1.2/0+0.18 ms cpu, 142->152->112 MB, 142 MB goal, 0 MB stacks, 0 MB globals, 4 P
gc 3587 @68.205s 5%: 0.15+10+0.010 ms clock, 0.61+7.1/1.6/0+0.040 ms cpu, 142->152->122 MB, 134 MB goal, 0 MB stacks, 0 MB globals, 4 P
gc 3588 @68.219s 5%: 0.048+1.5+0.085 ms clock, 0.19+3.5/1.3/0+0.34 ms cpu, 152->152->122 MB, 135 MB goal, 0 MB stacks, 0 MB globals, 4 P
gc 3589 @68.225s 5%: 0.36+3.2+0.051 ms clock, 1.4+3.0/2.3/0+0.20 ms cpu, 162->172->132 MB, 122 MB goal, 0 MB stacks, 0 MB globals, 4 P
gc 3590 @68.229s 5%: 0.57+1.9+0.46 ms clock, 2.3+1.5/1.5/0+1.8 ms cpu, 132->152->132 MB, 193 MB goal, 0 MB stacks, 0 MB globals, 4 P
gc 3591 @68.245s 5%: 0.54+4.0+0.83 ms clock, 2.1+0.27/1.7/2.1+3.3 ms cpu, 182->192->122 MB, 193 MB goal, 0 MB stacks, 0 MB globals, 4 P
gc 3592 @68.268s 5%: 0.17+2.3+0.056 ms clock, 0.68+1.3/1.9/2.1+0.22 ms cpu, 182->192->122 MB, 193 MB goal, 0 MB stacks, 0 MB globals, 4 P
gc 3593 @68.274s 5%: 0.085+1.2+0.003 ms clock, 0.34+0.22/1.1/1.8+0.013 ms cpu, 132->132->102 MB, 129 MB goal, 0 MB stacks, 0 MB globals, 4 P
gc 3594 @68.281s 5%: 0.060+1.4+0.026 ms clock, 0.24+2.4/1.3/0+0.10 ms cpu, 102->102->102 MB, 105 MB goal, 0 MB stacks, 0 MB globals, 4 P
gc 3595 @68.283s 5%: 0.27+7.4+0.008 ms clock, 1.1+3.8/0.001/0+0.033 ms cpu, 112->132->132 MB, 102 MB goal, 0 MB stacks, 0 MB globals, 4 P
gc 3596 @68.291s 5%: 0.39+2.7+0.029 ms clock, 1.5+2.2/1.8/0.38+0.11 ms cpu, 132->142->112 MB, 143 MB goal, 0 MB stacks, 0 MB globals, 4 P
gc 3597 @68.303s 5%: 0.089+1.4+0.004 ms clock, 0.35+0/1.2/3.1+0.017 ms cpu, 142->142->102 MB, 143 MB goal, 0 MB stacks, 0 MB globals, 4 P
gc 3598 @68.317s 5%: 0.072+1.6+0.004 ms clock, 0.29+1.4/1.4/1.0+0.016 ms cpu, 102->102->102 MB, 105 MB goal, 0 MB stacks, 0 MB globals, 4 P
gc 3599 @68.320s 5%: 0.15+4.0+0.52 ms clock, 0.63+0.86/2.1/0.97+2.1 ms cpu, 112->122->122 MB, 114 MB goal, 0 MB stacks, 0 MB globals, 4 P
gc 3600 @68.325s 5%: 1.2+2.1+0.66 ms clock, 4.8+1.4/1.4/0+2.6 ms cpu, 122->132->132 MB, 122 MB goal, 0 MB stacks, 0 MB globals, 4 P
gc 3601 @68.330s 5%: 0.58+5.4+0.039 ms clock, 2.3+5.3/1.9/0+0.15 ms cpu, 132->152->142 MB, 132 MB goal, 0 MB stacks, 0 MB globals, 4 P
gc 3602 @68.337s 5%: 0.17+2.0+0.003 ms clock, 0.71+0.63/1.4/1.5+0.012 ms cpu, 142->142->102 MB, 142 MB goal, 0 MB stacks, 0 MB globals, 4 P
gc 3603 @68.347s 5%: 0.15+1.8+0.032 ms clock, 0.63+2.6/1.1/0.87+0.13 ms cpu, 102->112->112 MB, 118 MB goal, 0 MB stacks, 0 MB globals, 4 P
gc 3604 @68.356s 5%: 0.10+2.6+0.034 ms clock, 0.40+1.0/1.6/0+0.13 ms cpu, 122->132->122 MB, 129 MB goal, 0 MB stacks, 0 MB globals, 4 P
gc 3605 @68.362s 5%: 0.26+1.1+0.049 ms clock, 1.0+1.8/1.0/0+0.19 ms cpu, 142->142->112 MB, 122 MB goal, 0 MB stacks, 0 MB globals, 4 P
gc 3606 @68.365s 5%: 0.041+5.9+0.007 ms clock, 0.16+0.21/1.5/2.2+0.029 ms cpu, 112->122->112 MB, 114 MB goal, 0 MB stacks, 0 MB globals, 4 P
gc 3607 @68.375s 5%: 0.052+1.7+0.006 ms clock, 0.21+2.2/1.2/0.057+0.026 ms cpu, 132->132->122 MB, 112 MB goal, 0 MB stacks, 0 MB globals, 4 P
gc 3608 @68.377s 5%: 0.14+1.6+0.033 ms clock, 0.57+1.9/0.95/0+0.13 ms cpu, 122->132->112 MB, 122 MB goal, 0 MB stacks, 0 MB globals, 4 P
gc 3609 @68.381s 5%: 0.13+2.5+0.030 ms clock, 0.55+2.1/1.8/0.028+0.12 ms cpu, 122->132->112 MB, 112 MB goal, 0 MB stacks, 0 MB globals, 4 P
gc 3610 @68.387s 5%: 0.23+1.9+0.007 ms clock, 0.94+1.4/1.4/0+0.029 ms cpu, 122->122->122 MB, 114 MB goal, 0 MB stacks, 0 MB globals, 4 P
gc 3611 @68.390s 5%: 0.14+8.0+0.058 ms clock, 0.57+1.2/1.2/0+0.23 ms cpu, 132->142->122 MB, 122 MB goal, 0 MB stacks, 0 MB globals, 4 P
gc 3612 @68.398s 5%: 0.033+2.2+0.027 ms clock, 0.13+1.8/1.3/0+0.11 ms cpu, 122->132->112 MB, 122 MB goal, 0 MB stacks, 0 MB globals, 4 P
gc 3613 @68.401s 5%: 0.18+4.7+0.039 ms clock, 0.72+1.3/1.4/0+0.15 ms cpu, 122->132->132 MB, 112 MB goal, 0 MB stacks, 0 MB globals, 4 P
gc 3614 @68.407s 5%: 0.28+1.5+0.004 ms clock, 1.1+1.6/1.3/0+0.019 ms cpu, 132->132->102 MB, 143 MB goal, 0 MB stacks, 0 MB globals, 4 P
gc 3615 @68.415s 5%: 0.15+4.6+0.005 ms clock, 0.63+2.1/2.1/0+0.020 ms cpu, 142->142->122 MB, 143 MB goal, 0 MB stacks, 0 MB globals, 4 P
gc 3616 @68.422s 5%: 0.13+1.3+0.003 ms clock, 0.53+1.5/1.2/0.068+0.014 ms cpu, 142->142->102 MB, 155 MB goal, 0 MB stacks, 0 MB globals, 4 P
gc 3617 @68.425s 5%: 0.18+2.9+0.024 ms clock, 0.72+3.3/1.6/0+0.098 ms cpu, 142->152->122 MB, 155 MB goal, 0 MB stacks, 0 MB globals, 4 P
gc 3618 @68.430s 5%: 0.58+2.5+0.052 ms clock, 2.3+4.4/0/0+0.21 ms cpu, 132->142->112 MB, 143 MB goal, 0 MB stacks, 0 MB globals, 4 P
gc 3619 @69.014s 5%: 0.10+2.0+0.004 ms clock, 0.41+0.21/1.6/1.5+0.019 ms cpu, 142->142->102 MB, 143 MB goal, 0 MB stacks, 0 MB globals, 4 P
gc 3620 @69.072s 5%: 0.053+1.3+0.003 ms clock, 0.21+1.1/1.1/1.0+0.014 ms cpu, 102->102->102 MB, 105 MB goal, 0 MB stacks, 0 MB globals, 4 P
gc 3621 @69.074s 5%: 0.50+1.8+0.79 ms clock, 2.0+0.10/0.93/1.5+3.1 ms cpu, 112->112->112 MB, 102 MB goal, 0 MB stacks, 0 MB globals, 4 P
gc 3622 @69.078s 5%: 0.82+5.1+0.028 ms clock, 3.2+0.28/2.7/0.80+0.11 ms cpu, 122->132->132 MB, 129 MB goal, 0 MB stacks, 0 MB globals, 4 P
gc 3623 @69.086s 5%: 0.10+2.3+0.025 ms clock, 0.42+1.5/1.7/0.48+0.10 ms cpu, 132->142->112 MB, 132 MB goal, 0 MB stacks, 0 MB globals, 4 P
gc 3624 @69.089s 5%: 0.082+2.6+0.004 ms clock, 0.33+1.5/1.5/0+0.017 ms cpu, 112->112->112 MB, 118 MB goal, 0 MB stacks, 0 MB globals, 4 P
gc 3625 @69.093s 5%: 0.66+2.9+0.029 ms clock, 2.6+0.066/2.0/3.7+0.11 ms cpu, 122->122->112 MB, 114 MB goal, 0 MB stacks, 0 MB globals, 4 P
gc 3626 @69.107s 5%: 0.086+1.9+0.004 ms clock, 0.34+1.5/1.8/2.5+0.018 ms cpu, 122->122->102 MB, 115 MB goal, 0 MB stacks, 0 MB globals, 4 P
gc 3627 @69.136s 5%: 0.13+1.6+0.005 ms clock, 0.53+1.0/1.5/2.6+0.021 ms cpu, 122->122->102 MB, 114 MB goal, 0 MB stacks, 0 MB globals, 4 P
gc 3628 @69.140s 5%: 0.79+1.5+0.003 ms clock, 3.1+0.18/1.5/2.5+0.012 ms cpu, 122->122->112 MB, 114 MB goal, 0 MB stacks, 0 MB globals, 4 P
gc 3629 @69.147s 5%: 0.26+1.7+0.030 ms clock, 1.0+1.9/1.2/0.011+0.12 ms cpu, 132->132->112 MB, 112 MB goal, 0 MB stacks, 0 MB globals, 4 P
gc 3630 @69.150s 5%: 0.19+2.1+0.033 ms clock, 0.77+2.0/1.2/0.51+0.13 ms cpu, 112->122->112 MB, 114 MB goal, 0 MB stacks, 0 MB globals, 4 P
gc 3631 @69.154s 5%: 0.50+2.2+0.038 ms clock, 2.0+1.5/1.5/0.42+0.15 ms cpu, 122->122->122 MB, 114 MB goal, 0 MB stacks, 0 MB globals, 4 P
gc 3632 @69.157s 5%: 0.21+1.5+0.59 ms clock, 0.84+0.19/1.2/1.5+2.3 ms cpu, 122->132->112 MB, 143 MB goal, 0 MB stacks, 0 MB globals, 4 P
gc 3633 @69.183s 5%: 0.19+2.5+0.032 ms clock, 0.79+0.16/1.9/2.0+0.12 ms cpu, 142->142->112 MB, 143 MB goal, 0 MB stacks, 0 MB globals, 4 P
gc 3634 @69.200s 5%: 0.061+1.6+0.032 ms clock, 0.24+0.14/0.84/1.9+0.12 ms cpu, 142->152->112 MB, 134 MB goal, 0 MB stacks, 0 MB globals, 4 P
gc 3635 @69.203s 5%: 0.13+2.6+0.27 ms clock, 0.55+1.4/1.5/0+1.1 ms cpu, 142->142->142 MB, 143 MB goal, 0 MB stacks, 0 MB globals, 4 P
gc 3636 @69.208s 5%: 0.21+4.4+0.068 ms clock, 0.86+5.7/1.5/0.021+0.27 ms cpu, 142->162->122 MB, 142 MB goal, 0 MB stacks, 0 MB globals, 4 P
gc 3637 @69.214s 5%: 0.14+2.8+0.021 ms clock, 0.59+2.7/2.5/0.25+0.086 ms cpu, 142->142->112 MB, 143 MB goal, 0 MB stacks, 0 MB globals, 4 P
gc 3638 @69.222s 5%: 0.53+2.5+0.005 ms clock, 2.1+2.7/2.5/0.046+0.022 ms cpu, 142->142->112 MB, 143 MB goal, 0 MB stacks, 0 MB globals, 4 P
gc 3639 @69.232s 5%: 0.23+3.2+0.039 ms clock, 0.95+1.7/1.7/0+0.15 ms cpu, 142->152->122 MB, 134 MB goal, 0 MB stacks, 0 MB globals, 4 P
gc 3640 @69.237s 5%: 0.14+1.8+0.11 ms clock, 0.57+2.7/1.1/0+0.47 ms cpu, 142->152->132 MB, 155 MB goal, 0 MB stacks, 0 MB globals, 4 P
gc 3641 @69.242s 5%: 0.15+3.4+0.046 ms clock, 0.63+1.9/2.7/0.078+0.18 ms cpu, 152->162->112 MB, 149 MB goal, 0 MB stacks, 0 MB globals, 4 P
gc 3642 @69.252s 5%: 0.12+1.3+0.054 ms clock, 0.51+0.86/1.2/1.0+0.21 ms cpu, 152->162->122 MB, 168 MB goal, 0 MB stacks, 0 MB globals, 4 P
gc 3643 @69.255s 5%: 0.070+1.5+0.003 ms clock, 0.28+1.0/1.3/1.7+0.015 ms cpu, 122->122->102 MB, 130 MB goal, 0 MB stacks, 0 MB globals, 4 P
gc 3644 @69.258s 5%: 0.79+3.9+0.19 ms clock, 3.1+1.4/1.4/0+0.79 ms cpu, 122->132->132 MB, 129 MB goal, 0 MB stacks, 0 MB globals, 4 P
gc 3645 @69.263s 5%: 0.16+2.0+0.037 ms clock, 0.65+0/1.8/1.7+0.15 ms cpu, 132->142->122 MB, 132 MB goal, 0 MB stacks, 0 MB globals, 4 P
gc 3646 @69.270s 5%: 0.12+1.2+0.003 ms clock, 0.48+1.0/1.0/1.0+0.012 ms cpu, 132->132->112 MB, 129 MB goal, 0 MB stacks, 0 MB globals, 4 P
gc 3647 @69.275s 5%: 0.12+1.3+0.004 ms clock, 0.50+0.85/1.1/0.99+0.019 ms cpu, 132->132->102 MB, 129 MB goal, 0 MB stacks, 0 MB globals, 4 P
gc 3648 @69.293s 5%: 0.15+1.1+0.004 ms clock, 0.62+1.8/0.96/0.86+0.017 ms cpu, 112->112->102 MB, 118 MB goal, 0 MB stacks, 0 MB globals, 4 P
gc 3649 @69.295s 5%: 0.14+3.2+0.060 ms clock, 0.57+1.6/1.9/0.047+0.24 ms cpu, 122->132->132 MB, 129 MB goal, 0 MB stacks, 0 MB globals, 4 P
gc 3650 @69.299s 5%: 0.21+1.6+0.67 ms clock, 0.87+2.0/1.4/0.006+2.6 ms cpu, 132->132->112 MB, 132 MB goal, 0 MB stacks, 0 MB globals, 4 P
gc 3651 @69.303s 5%: 0.14+2.0+0.034 ms clock, 0.56+2.0/1.5/0+0.13 ms cpu, 142->142->132 MB, 120 MB goal, 0 MB stacks, 0 MB globals, 4 P
gc 3652 @69.306s 5%: 0.54+5.3+0.004 ms clock, 2.1+1.6/1.6/0.51+0.017 ms cpu, 132->142->122 MB, 132 MB goal, 0 MB stacks, 0 MB globals, 4 P
gc 3653 @69.329s 5%: 0.065+0.98+0.003 ms clock, 0.26+0.80/0.93/1.7+0.015 ms cpu, 122->122->102 MB, 130 MB goal, 0 MB stacks, 0 MB globals, 4 P
gc 3654 @69.334s 5%: 0.080+1.2+0.003 ms clock, 0.32+0.34/1.1/2.7+0.015 ms cpu, 112->112->102 MB, 118 MB goal, 0 MB stacks, 0 MB globals, 4 P
gc 3655 @69.338s 5%: 0.099+1.0+0.024 ms clock, 0.39+1.5/0.91/0.76+0.099 ms cpu, 102->102->102 MB, 105 MB goal, 0 MB stacks, 0 MB globals, 4 P
gc 3656 @69.340s 5%: 0.20+2.4+0.49 ms clock, 0.80+1.2/1.5/0+1.9 ms cpu, 132->142->142 MB, 102 MB goal, 0 MB stacks, 0 MB globals, 4 P
gc 3657 @69.343s 5%: 0.58+3.3+0.003 ms clock, 2.3+0.11/2.7/1.8+0.013 ms cpu, 142->142->132 MB, 155 MB goal, 0 MB stacks, 0 MB globals, 4 P
gc 3658 @69.360s 5%: 0.31+1.8+0.016 ms clock, 1.2+0/1.6/3.0+0.067 ms cpu, 152->152->112 MB, 155 MB goal, 0 MB stacks, 0 MB globals, 4 P
gc 3659 @69.364s 5%: 0.065+2.1+0.028 ms clock, 0.26+1.3/1.4/2.3+0.11 ms cpu, 112->122->112 MB, 114 MB goal, 0 MB stacks, 0 MB globals, 4 P
gc 3660 @69.368s 5%: 0.80+3.1+0.48 ms clock, 3.2+2.2/2.1/0+1.9 ms cpu, 132->132->122 MB, 112 MB goal, 0 MB stacks, 0 MB globals, 4 P
gc 3661 @69.373s 5%: 0.58+1.5+0.002 ms clock, 2.3+0.65/1.4/2.5+0.011 ms cpu, 122->122->102 MB, 143 MB goal, 0 MB stacks, 0 MB globals, 4 P
gc 3662 @69.380s 5%: 0.12+2.0+0.004 ms clock, 0.50+0/1.8/1.3+0.017 ms cpu, 132->132->122 MB, 143 MB goal, 0 MB stacks, 0 MB globals, 4 P
gc 3663 @69.383s 5%: 0.11+1.3+0.056 ms clock, 0.46+1.1/1.1/1.0+0.22 ms cpu, 132->132->112 MB, 129 MB goal, 0 MB stacks, 0 MB globals, 4 P
gc 3664 @69.390s 5%: 0.13+1.2+0.023 ms clock, 0.54+1.0/1.1/1.0+0.094 ms cpu, 132->132->112 MB, 129 MB goal, 0 MB stacks, 0 MB globals, 4 P
gc 3665 @69.402s 5%: 0.58+1.3+0.052 ms clock, 2.3+1.0/1.1/0.97+0.21 ms cpu, 142->142->112 MB, 119 MB goal, 0 MB stacks, 0 MB globals, 4 P
gc 3666 @69.406s 5%: 0.033+1.8+0.080 ms clock, 0.13+1.1/1.1/2.0+0.32 ms cpu, 112->132->122 MB, 112 MB goal, 0 MB stacks, 0 MB globals, 4 P
gc 3667 @69.408s 5%: 0.13+3.8+0.61 ms clock, 0.54+1.4/2.9/0.091+2.4 ms cpu, 122->132->122 MB, 129 MB goal, 0 MB stacks, 0 MB globals, 4 P
gc 3668 @69.413s 5%: 0.57+2.4+0.031 ms clock, 2.3+1.3/1.9/0+0.12 ms cpu, 132->142->112 MB, 122 MB goal, 0 MB stacks, 0 MB globals, 4 P
gc 3669 @69.420s 5%: 0.044+0.93+0.004 ms clock, 0.17+0.72/0.81/1.4+0.016 ms cpu, 112->112->102 MB, 118 MB goal, 0 MB stacks, 0 MB globals, 4 P
gc 3670 @69.428s 5%: 0.68+4.4+0.004 ms clock, 2.7+1.4/4.4/0+0.018 ms cpu, 142->152->132 MB, 102 MB goal, 0 MB stacks, 0 MB globals, 4 P
gc 3671 @69.434s 5%: 0.16+2.0+0.036 ms clock, 0.66+2.4/1.1/0.90+0.14 ms cpu, 132->142->112 MB, 132 MB goal, 0 MB stacks, 0 MB globals, 4 P
gc 3672 @69.436s 5%: 1.0+1.8+0.067 ms clock, 4.2+1.7/1.2/0+0.27 ms cpu, 112->122->122 MB, 114 MB goal, 0 MB stacks, 0 MB globals, 4 P
gc 3673 @69.440s 5%: 0.27+2.1+0.30 ms clock, 1.1+2.1/1.1/0+1.2 ms cpu, 142->142->132 MB, 122 MB goal, 0 MB stacks, 0 MB globals, 4 P
gc 3674 @69.443s 5%: 0.91+3.0+0.006 ms clock, 3.6+1.4/2.7/0.047+0.025 ms cpu, 132->142->132 MB, 143 MB goal, 0 MB stacks, 0 MB globals, 4 P
gc 3675 @69.448s 5%: 0.14+3.7+0.030 ms clock, 0.58+1.1/3.1/0+0.12 ms cpu, 162->162->132 MB, 132 MB goal, 0 MB stacks, 0 MB globals, 4 P
gc 3676 @70.018s 5%: 0.088+1.2+0.004 ms clock, 0.35+0/1.1/2.9+0.016 ms cpu, 142->142->102 MB, 143 MB goal, 0 MB stacks, 0 MB globals, 4 P
gc 3677 @70.082s 5%: 0.069+2.1+0.053 ms clock, 0.27+0.42/1.1/2.6+0.21 ms cpu, 102->112->112 MB, 102 MB goal, 0 MB stacks, 0 MB globals, 4 P
gc 3678 @70.084s 5%: 0.54+3.1+0.048 ms clock, 2.1+1.5/2.1/0.68+0.19 ms cpu, 112->122->122 MB, 114 MB goal, 0 MB stacks, 0 MB globals, 4 P
gc 3679 @70.089s 5%: 0.070+2.5+0.003 ms clock, 0.28+1.2/1.3/0+0.015 ms cpu, 122->122->112 MB, 122 MB goal, 0 MB stacks, 0 MB globals, 4 P
gc 3680 @70.092s 5%: 0.56+1.9+0.033 ms clock, 2.2+0.89/0.90/0.90+0.13 ms cpu, 122->122->112 MB, 130 MB goal, 0 MB stacks, 0 MB globals, 4 P
gc 3681 @70.101s 5%: 0.066+0.91+0.003 ms clock, 0.26+0.17/0.80/2.1+0.013 ms cpu, 132->132->102 MB, 129 MB goal, 0 MB stacks, 0 MB globals, 4 P
gc 3682 @70.109s 5%: 0.036+0.90+0.004 ms clock, 0.14+0.79/0.83/1.5+0.017 ms cpu, 102->102->102 MB, 105 MB goal, 0 MB stacks, 0 MB globals, 4 P
gc 3683 @70.110s 5%: 0.10+1.6+0.083 ms clock, 0.40+0.071/1.0/1.9+0.33 ms cpu, 112->112->112 MB, 102 MB goal, 0 MB stacks, 0 MB globals, 4 P
gc 3684 @70.113s 5%: 0.064+5.5+0.011 ms clock, 0.25+0.20/1.3/1.0+0.046 ms cpu, 112->122->122 MB, 114 MB goal, 0 MB stacks, 0 MB globals, 4 P
gc 3685 @70.138s 5%: 0.12+1.1+0.003 ms clock, 0.48+0.98/0.99/1.9+0.012 ms cpu, 122->122->102 MB, 122 MB goal, 0 MB stacks, 0 MB globals, 4 P
gc 3686 @70.143s 5%: 0.60+1.5+0.004 ms clock, 2.4+1.2/1.4/1.2+0.018 ms cpu, 122->122->112 MB, 114 MB goal, 0 MB stacks, 0 MB globals, 4 P
gc 3687 @70.146s 5%: 0.12+1.5+0.048 ms clock, 0.50+0.081/1.3/2.5+0.19 ms cpu, 122->122->112 MB, 114 MB goal, 0 MB stacks, 0 MB globals, 4 P
gc 3688 @70.153s 5%: 0.38+1.0+0.003 ms clock, 1.5+1.0/0.99/0.97+0.013 ms cpu, 132->132->112 MB, 112 MB goal, 0 MB stacks, 0 MB globals, 4 P
gc 3689 @70.155s 5%: 0.022+1.5+0.003 ms clock, 0.091+0.96/0.95/1.7+0.014 ms cpu, 112->112->102 MB, 118 MB goal, 0 MB stacks, 0 MB globals, 4 P
gc 3690 @70.160s 5%: 0.45+3.6+0.020 ms clock, 1.8+0.12/1.0/1.9+0.081 ms cpu, 122->132->122 MB, 104 MB goal, 0 MB stacks, 0 MB globals, 4 P
gc 3691 @70.172s 5%: 0.085+1.1+0.002 ms clock, 0.34+0.28/0.93/1.4+0.011 ms cpu, 122->122->102 MB, 122 MB goal, 0 MB stacks, 0 MB globals, 4 P
gc 3692 @70.187s 5%: 0.061+2.3+0.027 ms clock, 0.24+0/1.2/3.0+0.10 ms cpu, 122->132->112 MB, 104 MB goal, 0 MB stacks, 0 MB globals, 4 P
gc 3693 @70.190s 5%: 0.53+1.4+0.031 ms clock, 2.1+1.7/1.1/0.032+0.12 ms cpu, 112->112->112 MB, 118 MB goal, 0 MB stacks, 0 MB globals, 4 P
gc 3694 @70.193s 5%: 0.67+2.6+0.005 ms clock, 2.6+2.3/2.6/0+0.021 ms cpu, 132->132->122 MB, 112 MB goal, 0 MB stacks, 0 MB globals, 4 P
gc 3695 @70.197s 5%: 0.10+1.3+0.003 ms clock, 0.40+1.1/1.2/1.2+0.014 ms cpu, 122->122->102 MB, 130 MB goal, 0 MB stacks, 0 MB globals, 4 P
gc 3696 @70.208s 5%: 0.040+1.0+0.76 ms clock, 0.16+0.17/0.89/1.5+3.0 ms cpu, 122->142->122 MB, 119 MB goal, 0 MB stacks, 0 MB globals, 4 P
gc 3697 @70.210s 5%: 0.49+3.9+0.030 ms clock, 1.9+1.3/1.7/0+0.12 ms cpu, 122->122->122 MB, 130 MB goal, 0 MB stacks, 0 MB globals, 4 P
gc 3698 @70.215s 5%: 0.55+2.3+0.046 ms clock, 2.2+1.5/1.6/0+0.18 ms cpu, 142->142->122 MB, 122 MB goal, 0 MB stacks, 0 MB globals, 4 P
gc 3699 @70.218s 5%: 0.16+1.6+0.052 ms clock, 0.64+1.8/0.95/0+0.21 ms cpu, 132->142->132 MB, 122 MB goal, 0 MB stacks, 0 MB globals, 4 P
gc 3700 @70.221s 5%: 0.55+3.0+0.065 ms clock, 2.2+1.3/2.2/0+0.26 ms cpu, 132->142->132 MB, 155 MB goal, 0 MB stacks, 0 MB globals, 4 P
gc 3701 @70.225s 5%: 0.094+2.0+0.029 ms clock, 0.37+1.6/1.3/0+0.11 ms cpu, 152->152->122 MB, 155 MB goal, 0 MB stacks, 0 MB globals, 4 P
gc 3702 @70.229s 5%: 0.13+2.4+0.048 ms clock, 0.52+0.12/1.3/2.6+0.19 ms cpu, 152->152->122 MB, 155 MB goal, 0 MB stacks, 0 MB globals, 4 P
gc 3703 @70.232s 5%: 0.038+0.87+0.016 ms clock, 0.15+0.11/0.83/1.8+0.066 ms cpu, 122->122->102 MB, 130 MB goal, 0 MB stacks, 0 MB globals, 4 P
gc 3704 @70.236s 5%: 0.039+0.91+0.002 ms clock, 0.15+0.84/0.78/1.4+0.010 ms cpu, 102->102->102 MB, 105 MB goal, 0 MB stacks, 0 MB globals, 4 P
gc 3705 @70.237s 5%: 0.11+1.5+0.089 ms clock, 0.46+0.082/0.79/1.5+0.35 ms cpu, 112->112->112 MB, 102 MB goal, 0 MB stacks, 0 MB globals, 4 P
gc 3706 @70.240s 5%: 0.051+2.2+0.004 ms clock, 0.20+1.0/1.1/0+0.017 ms cpu, 112->112->112 MB, 118 MB goal, 0 MB stacks, 0 MB globals, 4 P
gc 3707 @70.242s 5%: 0.14+1.9+0.22 ms clock, 0.58+1.3/1.0/0+0.89 ms cpu, 142->142->132 MB, 112 MB goal, 0 MB stacks, 0 MB globals, 4 P
gc 3708 @70.245s 5%: 0.57+2.6+0.004 ms clock, 2.2+1.3/2.4/0+0.019 ms cpu, 132->132->122 MB, 132 MB goal, 0 MB stacks, 0 MB globals, 4 P
gc 3709 @70.248s 5%: 0.19+2.5+0.081 ms clock, 0.78+2.0/1.7/0+0.32 ms cpu, 122->152->132 MB, 122 MB goal, 0 MB stacks, 0 MB globals, 4 P
gc 3710 @70.251s 5%: 0.52+5.3+0.004 ms clock, 2.0+1.3/1.4/0+0.019 ms cpu, 132->142->132 MB, 132 MB goal, 0 MB stacks, 0 MB globals, 4 P
gc 3711 @70.258s 5%: 0.12+1.2+0.078 ms clock, 0.51+0.70/0.87/0.74+0.31 ms cpu, 132->142->112 MB, 132 MB goal, 0 MB stacks, 0 MB globals, 4 P
gc 3712 @70.260s 5%: 0.14+2.6+0.023 ms clock, 0.59+1.3/1.4/0+0.093 ms cpu, 122->132->132 MB, 129 MB goal, 0 MB stacks, 0 MB globals, 4 P
gc 3713 @70.263s 5%: 0.64+3.8+0.029 ms clock, 2.5+1.2/3.1/0+0.11 ms cpu, 132->142->122 MB, 132 MB goal, 0 MB stacks, 0 MB globals, 4 P
gc 3714 @70.268s 5%: 0.13+3.0+0.005 ms clock, 0.53+1.5/0.82/0+0.022 ms cpu, 132->132->112 MB, 130 MB goal, 0 MB stacks, 0 MB globals, 4 P
gc 3715 @70.271s 5%: 0.64+4.2+0.034 ms clock, 2.5+1.4/1.1/0+0.13 ms cpu, 142->152->142 MB, 112 MB goal, 0 MB stacks, 0 MB globals, 4 P
gc 3716 @70.277s 5%: 0.54+5.3+0.004 ms clock, 2.1+2.7/1.5/0+0.016 ms cpu, 142->152->122 MB, 142 MB goal, 0 MB stacks, 0 MB globals, 4 P
gc 3717 @70.283s 5%: 0.26+1.1+0.046 ms clock, 1.0+1.9/1.0/0+0.18 ms cpu, 122->132->112 MB, 129 MB goal, 0 MB stacks, 0 MB globals, 4 P
gc 3718 @70.285s 5%: 0.52+2.0+0.023 ms clock, 2.1+0.16/1.8/1.2+0.093 ms cpu, 132->132->132 MB, 143 MB goal, 0 MB stacks, 0 MB globals, 4 P
gc 3719 @70.301s 5%: 0.10+1.7+0.025 ms clock, 0.40+1.0/1.0/0.98+0.10 ms cpu, 142->142->112 MB, 143 MB goal, 0 MB stacks, 0 MB globals, 4 P
gc 3720 @70.304s 5%: 0.041+0.99+0.004 ms clock, 0.16+0.22/0.93/2.2+0.018 ms cpu, 122->122->102 MB, 130 MB goal, 0 MB stacks, 0 MB globals, 4 P
gc 3721 @70.307s 5%: 0.048+0.95+0.004 ms clock, 0.19+2.1/0.79/0+0.017 ms cpu, 102->102->102 MB, 105 MB goal, 0 MB stacks, 0 MB globals, 4 P
gc 3722 @70.309s 5%: 0.16+2.1+0.050 ms clock, 0.67+2.1/0.81/0+0.20 ms cpu, 102->132->132 MB, 102 MB goal, 0 MB stacks, 0 MB globals, 4 P
gc 3723 @70.311s 5%: 0.58+3.1+0.19 ms clock, 2.3+1.4/1.6/0+0.76 ms cpu, 132->142->142 MB, 132 MB goal, 0 MB stacks, 0 MB globals, 4 P
gc 3724 @70.316s 5%: 0.62+3.8+0.003 ms clock, 2.4+0.042/2.3/0.41+0.015 ms cpu, 152->152->122 MB, 168 MB goal, 0 MB stacks, 0 MB globals, 4 P
gc 3725 @70.348s 5%: 0.17+2.2+0.025 ms clock, 0.70+1.8/1.7/0+0.10 ms cpu, 162->162->122 MB, 168 MB goal, 0 MB stacks, 0 MB globals, 4 P
gc 3726 @70.375s 5%: 0.25+3.4+0.047 ms clock, 1.0+1.9/1.9/0+0.19 ms cpu, 162->182->132 MB, 154 MB goal, 0 MB stacks, 0 MB globals, 4 P
gc 3727 @70.380s 5%: 0.10+3.6+0.042 ms clock, 0.41+1.5/2.2/1.2+0.16 ms cpu, 132->152->132 MB, 134 MB goal, 0 MB stacks, 0 MB globals, 4 P
gc 3728 @70.385s 5%: 0.10+6.8+0.005 ms clock, 0.43+0.98/2.4/0+0.023 ms cpu, 142->152->142 MB, 155 MB goal, 0 MB stacks, 0 MB globals, 4 P
gc 3729 @70.393s 5%: 0.59+2.2+0.028 ms clock, 2.3+2.0/1.5/0.39+0.11 ms cpu, 152->152->112 MB, 155 MB goal, 0 MB stacks, 0 MB globals, 4 P
gc 3730 @70.398s 5%: 0.074+0.94+0.003 ms clock, 0.29+0.31/0.90/1.7+0.014 ms cpu, 132->132->102 MB, 143 MB goal, 0 MB stacks, 0 MB globals, 4 P
gc 3731 @70.405s 5%: 0.092+0.83+0.003 ms clock, 0.37+1.3/0.75/0.64+0.015 ms cpu, 102->102->102 MB, 105 MB goal, 0 MB stacks, 0 MB globals, 4 P
gc 3732 @70.406s 5%: 0.092+2.2+0.068 ms clock, 0.36+1.4/1.5/0.045+0.27 ms cpu, 122->122->122 MB, 102 MB goal, 0 MB stacks, 0 MB globals, 4 P
gc 3733 @70.409s 5%: 0.48+1.7+0.002 ms clock, 1.9+0.041/1.0/1.7+0.010 ms cpu, 122->122->102 MB, 130 MB goal, 0 MB stacks, 0 MB globals, 4 P
gc 3734 @70.416s 5%: 0.081+1.0+0.004 ms clock, 0.32+0.21/0.94/2.5+0.016 ms cpu, 122->122->102 MB, 130 MB goal, 0 MB stacks, 0 MB globals, 4 P
gc 3735 @70.419s 5%: 0.10+1.1+0.003 ms clock, 0.42+1.0/1.0/0.77+0.012 ms cpu, 122->122->112 MB, 130 MB goal, 0 MB stacks, 0 MB globals, 4 P
gc 3736 @70.429s 5%: 0.060+0.81+0.002 ms clock, 0.24+0.13/0.73/1.9+0.011 ms cpu, 132->132->102 MB, 129 MB goal, 0 MB stacks, 0 MB globals, 4 P
gc 3737 @70.435s 5%: 0.049+1.0+0.004 ms clock, 0.19+0.71/0.83/1.7+0.018 ms cpu, 102->102->102 MB, 105 MB goal, 0 MB stacks, 0 MB globals, 4 P
gc 3738 @70.436s 5%: 0.13+2.5+0.50 ms clock, 0.54+1.6/1.6/0+2.0 ms cpu, 132->132->132 MB, 102 MB goal, 0 MB stacks, 0 MB globals, 4 P
gc 3739 @70.441s 5%: 0.37+1.3+0.63 ms clock, 1.5+0.91/1.0/0.66+2.5 ms cpu, 132->142->112 MB, 143 MB goal, 0 MB stacks, 0 MB globals, 4 P
gc 3740 @70.448s 5%: 0.23+5.0+0.004 ms clock, 0.92+2.0/1.9/0+0.017 ms cpu, 142->152->112 MB, 134 MB goal, 0 MB stacks, 0 MB globals, 4 P
gc 3741 @70.454s 5%: 0.097+2.7+0.004 ms clock, 0.39+1.5/2.5/0+0.016 ms cpu, 142->142->132 MB, 155 MB goal, 0 MB stacks, 0 MB globals, 4 P
gc 3742 @71.022s 5%: 0.061+1.6+0.005 ms clock, 0.24+0.15/1.4/2.5+0.021 ms cpu, 152->152->102 MB, 155 MB goal, 0 MB stacks, 0 MB globals, 4 P
gc 3743 @71.090s 5%: 0.068+1.4+0.004 ms clock, 0.27+1.3/1.3/2.3+0.016 ms cpu, 102->102->102 MB, 105 MB goal, 0 MB stacks, 0 MB globals, 4 P
gc 3744 @71.093s 5%: 0.054+1.3+0.024 ms clock, 0.21+1.0/1.1/0.94+0.096 ms cpu, 112->112->112 MB, 118 MB goal, 0 MB stacks, 0 MB globals, 4 P
gc 3745 @71.096s 5%: 0.18+3.2+0.005 ms clock, 0.73+1.4/1.3/0+0.022 ms cpu, 122->122->112 MB, 115 MB goal, 0 MB stacks, 0 MB globals, 4 P
gc 3746 @71.100s 5%: 0.14+2.4+0.27 ms clock, 0.56+1.5/1.6/0+1.0 ms cpu, 122->132->122 MB, 112 MB goal, 0 MB stacks, 0 MB globals, 4 P
gc 3747 @71.103s 5%: 0.50+1.7+0.022 ms clock, 2.0+0.95/0.97/0.62+0.091 ms cpu, 122->132->112 MB, 129 MB goal, 0 MB stacks, 0 MB globals, 4 P
gc 3748 @71.122s 5%: 0.052+1.0+0.003 ms clock, 0.20+0/1.0/2.7+0.014 ms cpu, 132->132->102 MB, 129 MB goal, 0 MB stacks, 0 MB globals, 4 P
gc 3749 @71.143s 5%: 0.053+1.1+0.003 ms clock, 0.21+0.97/1.0/1.7+0.015 ms cpu, 102->102->102 MB, 105 MB goal, 0 MB stacks, 0 MB globals, 4 P
gc 3750 @71.144s 5%: 0.64+1.5+0.032 ms clock, 2.5+0.085/1.0/1.9+0.12 ms cpu, 112->112->112 MB, 118 MB goal, 0 MB stacks, 0 MB globals, 4 P
gc 3751 @71.148s 5%: 0.089+3.3+0.004 ms clock, 0.35+0.28/1.5/1.2+0.017 ms cpu, 122->122->112 MB, 114 MB goal, 0 MB stacks, 0 MB globals, 4 P
gc 3752 @71.152s 5%: 0.11+1.2+0.055 ms clock, 0.45+0.069/1.0/1.6+0.22 ms cpu, 122->122->112 MB, 130 MB goal, 0 MB stacks, 0 MB globals, 4 P
gc 3753 @71.157s 5%: 0.56+1.8+0.004 ms clock, 2.2+0/1.4/1.3+0.017 ms cpu, 132->132->112 MB, 129 MB goal, 0 MB stacks, 0 MB globals, 4 P
gc 3754 @71.175s 5%: 0.37+2.2+0.005 ms clock, 1.5+1.2/1.4/1.3+0.020 ms cpu, 142->142->112 MB, 119 MB goal, 0 MB stacks, 0 MB globals, 4 P
gc 3755 @71.183s 5%: 0.040+1.0+0.003 ms clock, 0.16+0.83/0.87/1.7+0.013 ms cpu, 112->112->102 MB, 118 MB goal, 0 MB stacks, 0 MB globals, 4 P
gc 3756 @71.192s 5%: 0.064+0.93+0.003 ms clock, 0.25+0.25/0.85/2.1+0.014 ms cpu, 122->122->102 MB, 114 MB goal, 0 MB stacks, 0 MB globals, 4 P
gc 3757 @71.198s 5%: 0.046+1.2+0.004 ms clock, 0.18+1.7/1.1/0.14+0.018 ms cpu, 102->102->102 MB, 105 MB goal, 0 MB stacks, 0 MB globals, 4 P
gc 3758 @71.200s 5%: 0.11+2.7+0.31 ms clock, 0.47+1.6/1.6/0+1.2 ms cpu, 132->132->132 MB, 102 MB goal, 0 MB stacks, 0 MB globals, 4 P
gc 3759 @71.204s 5%: 0.44+3.3+0.040 ms clock, 1.7+1.1/2.0/0.95+0.16 ms cpu, 132->142->122 MB, 143 MB goal, 0 MB stacks, 0 MB globals, 4 P
gc 3760 @71.215s 5%: 0.095+1.2+0.050 ms clock, 0.38+0.96/1.0/0.95+0.20 ms cpu, 142->142->112 MB, 143 MB goal, 0 MB stacks, 0 MB globals, 4 P
gc 3761 @71.217s 5%: 0.093+2.2+0.002 ms clock, 0.37+0.22/2.1/1.7+0.011 ms cpu, 122->122->112 MB, 130 MB goal, 0 MB stacks, 0 MB globals, 4 P
gc 3762 @71.224s 5%: 0.041+1.1+0.005 ms clock, 0.16+1.4/0.97/0.50+0.020 ms cpu, 122->122->102 MB, 114 MB goal, 0 MB stacks, 0 MB globals, 4 P
gc 3763 @71.225s 5%: 0.22+2.5+0.029 ms clock, 0.88+2.2/0.74/0+0.11 ms cpu, 122->122->122 MB, 130 MB goal, 0 MB stacks, 0 MB globals, 4 P
gc 3764 @71.229s 5%: 0.66+2.6+0.32 ms clock, 2.6+1.4/1.6/0+1.2 ms cpu, 142->152->142 MB, 122 MB goal, 0 MB stacks, 0 MB globals, 4 P
gc 3765 @71.233s 5%: 0.94+3.3+0.045 ms clock, 3.7+2.4/3.7/0+0.18 ms cpu, 142->142->112 MB, 142 MB goal, 0 MB stacks, 0 MB globals, 4 P
gc 3766 @71.239s 5%: 0.53+1.6+0.035 ms clock, 2.1+1.7/0.98/0+0.14 ms cpu, 152->152->122 MB, 112 MB goal, 0 MB stacks, 0 MB globals, 4 P
gc 3767 @71.242s 5%: 0.36+1.2+0.002 ms clock, 1.4+0.42/1.1/1.0+0.011 ms cpu, 122->122->102 MB, 130 MB goal, 0 MB stacks, 0 MB globals, 4 P
gc 3768 @71.251s 5%: 0.060+0.92+0.003 ms clock, 0.24+0.92/0.80/0.97+0.013 ms cpu, 132->132->102 MB, 129 MB goal, 0 MB stacks, 0 MB globals, 4 P
gc 3769 @71.254s 5%: 0.094+0.85+0.003 ms clock, 0.37+0.75/0.73/1.2+0.013 ms cpu, 112->112->102 MB, 118 MB goal, 0 MB stacks, 0 MB globals, 4 P
gc 3770 @71.261s 5%: 0.23+0.99+0.002 ms clock, 0.94+1.5/0.96/0.48+0.011 ms cpu, 122->122->102 MB, 114 MB goal, 0 MB stacks, 0 MB globals, 4 P
gc 3771 @71.262s 5%: 0.13+2.9+0.031 ms clock, 0.52+0.065/1.7/1.4+0.12 ms cpu, 122->132->132 MB, 129 MB goal, 0 MB stacks, 0 MB globals, 4 P
gc 3772 @71.266s 5%: 0.58+3.2+0.041 ms clock, 2.3+0.32/2.8/0+0.16 ms cpu, 132->142->122 MB, 132 MB goal, 0 MB stacks, 0 MB globals, 4 P
gc 3773 @71.270s 5%: 0.66+1.2+0.053 ms clock, 2.6+1.0/1.0/0+0.21 ms cpu, 122->142->122 MB, 122 MB goal, 0 MB stacks, 0 MB globals, 4 P
gc 3774 @71.272s 5%: 0.084+1.2+0.003 ms clock, 0.33+0.15/1.0/1.2+0.013 ms cpu, 122->122->102 MB, 130 MB goal, 0 MB stacks, 0 MB globals, 4 P
gc 3775 @71.276s 5%: 0.30+1.7+0.023 ms clock, 1.2+0.16/1.0/1.9+0.095 ms cpu, 122->122->112 MB, 130 MB goal, 0 MB stacks, 0 MB globals, 4 P
gc 3776 @71.280s 5%: 0.12+2.4+0.35 ms clock, 0.50+1.3/1.4/0.60+1.4 ms cpu, 132->142->122 MB, 119 MB goal, 0 MB stacks, 0 MB globals, 4 P
gc 3777 @71.283s 5%: 0.51+2.7+0.032 ms clock, 2.0+1.1/1.2/0.66+0.12 ms cpu, 122->132->122 MB, 129 MB goal, 0 MB stacks, 0 MB globals, 4 P
gc 3778 @71.287s 5%: 0.11+2.3+0.023 ms clock, 0.45+1.5/1.6/0.062+0.094 ms cpu, 132->132->122 MB, 129 MB goal, 0 MB stacks, 0 MB globals, 4 P
gc 3779 @71.291s 5%: 0.12+2.6+0.039 ms clock, 0.50+1.4/1.4/0.16+0.15 ms cpu, 142->142->122 MB, 122 MB goal, 0 MB stacks, 0 MB globals, 4 P
gc 3780 @71.294s 5%: 0.49+2.0+0.002 ms clock, 1.9+0.12/1.9/1.0+0.011 ms cpu, 122->122->122 MB, 130 MB goal, 0 MB stacks, 0 MB globals, 4 P
gc 3781 @71.306s 5%: 0.053+1.0+0.003 ms clock, 0.21+0.95/1.0/1.7+0.015 ms cpu, 132->132->102 MB, 129 MB goal, 0 MB stacks, 0 MB globals, 4 P
gc 3782 @71.309s 5%: 0.056+1.0+0.003 ms clock, 0.22+0.35/0.99/2.2+0.013 ms cpu, 112->112->102 MB, 118 MB goal, 0 MB stacks, 0 MB globals, 4 P
gc 3783 @71.315s 5%: 0.037+1.3+0.004 ms clock, 0.14+0.76/0.88/1.7+0.018 ms cpu, 102->102->102 MB, 105 MB goal, 0 MB stacks, 0 MB globals, 4 P
gc 3784 @71.316s 5%: 0.16+4.2+0.42 ms clock, 0.67+1.4/3.5/0+1.6 ms cpu, 122->132->132 MB, 102 MB goal, 0 MB stacks, 0 MB globals, 4 P
gc 3785 @71.321s 5%: 0.10+1.7+0.044 ms clock, 0.40+1.3/1.0/0.073+0.17 ms cpu, 132->142->112 MB, 132 MB goal, 0 MB stacks, 0 MB globals, 4 P
gc 3786 @71.326s 5%: 0.46+1.5+0.004 ms clock, 1.8+0/1.4/2.3+0.016 ms cpu, 122->122->112 MB, 112 MB goal, 0 MB stacks, 0 MB globals, 4 P
gc 3787 @71.328s 5%: 0.071+1.0+0.003 ms clock, 0.28+0.37/0.92/1.8+0.012 ms cpu, 112->112->102 MB, 118 MB goal, 0 MB stacks, 0 MB globals, 4 P
gc 3788 @71.353s 5%: 0.19+0.94+0.018 ms clock, 0.79+2.1/0.80/0+0.075 ms cpu, 132->132->112 MB, 104 MB goal, 0 MB stacks, 0 MB globals, 4 P
gc 3789 @71.355s 5%: 0.11+4.9+0.10 ms clock, 0.47+1.9/1.0/0.88+0.40 ms cpu, 112->122->112 MB, 114 MB goal, 0 MB stacks, 0 MB globals, 4 P
gc 3790 @71.360s 5%: 0.74+1.8+0.043 ms clock, 2.9+0.29/1.6/2.0+0.17 ms cpu, 122->122->112 MB, 130 MB goal, 0 MB stacks, 0 MB globals, 4 P
gc 3791 @71.372s 5%: 0.040+1.1+0.005 ms clock, 0.16+0.10/0.90/2.2+0.020 ms cpu, 132->132->102 MB, 129 MB goal, 0 MB stacks, 0 MB globals, 4 P
gc 3792 @71.378s 5%: 0.048+1.1+0.004 ms clock, 0.19+0.94/1.0/1.8+0.017 ms cpu, 102->102->102 MB, 105 MB goal, 0 MB stacks, 0 MB globals, 4 P
gc 3793 @71.380s 5%: 0.69+3.1+0.18 ms clock, 2.7+0.087/1.3/2.5+0.73 ms cpu, 112->132->132 MB, 104 MB goal, 0 MB stacks, 0 MB globals, 4 P
gc 3794 @71.385s 5%: 0.53+7.5+0.084 ms clock, 2.1+1.7/3.7/6.4+0.33 ms cpu, 132->142->112 MB, 132 MB goal, 0 MB stacks, 0 MB globals, 4 P
gc 3795 @71.394s 5%: 0.31+2.9+0.16 ms clock, 1.2+1.5/2.2/0+0.64 ms cpu, 112->132->122 MB, 112 MB goal, 0 MB stacks, 0 MB globals, 4 P
gc 3796 @71.398s 5%: 0.46+1.3+0.004 ms clock, 1.8+1.9/1.1/0+0.016 ms cpu, 122->122->102 MB, 122 MB goal, 0 MB stacks, 0 MB globals, 4 P
gc 3797 @71.401s 5%: 0.39+2.4+0.46 ms clock, 1.5+1.6/0.85/0+1.8 ms cpu, 142->142->132 MB, 102 MB goal, 0 MB stacks, 0 MB globals, 4 P
gc 3798 @71.406s 5%: 0.58+1.7+0.004 ms clock, 2.3+0.22/1.4/1.5+0.016 ms cpu, 132->132->102 MB, 132 MB goal, 0 MB stacks, 0 MB globals, 4 P
gc 3799 @71.414s 5%: 0.46+1.6+0.026 ms clock, 1.8+1.3/1.1/0.82+0.10 ms cpu, 122->122->112 MB, 115 MB goal, 0 MB stacks, 0 MB globals, 4 P
gc 3800 @71.417s 5%: 0.10+4.0+0.20 ms clock, 0.40+1.3/1.4/1.1+0.81 ms cpu, 122->132->122 MB, 129 MB goal, 0 MB stacks, 0 MB globals, 4 P
gc 3801 @71.421s 5%: 0.21+2.5+0.26 ms clock, 0.85+1.3/1.6/0+1.0 ms cpu, 142->142->132 MB, 122 MB goal, 0 MB stacks, 0 MB globals, 4 P
gc 3802 @71.425s 5%: 0.080+2.0+0.031 ms clock, 0.32+1.3/1.1/0.81+0.12 ms cpu, 132->142->112 MB, 143 MB goal, 0 MB stacks, 0 MB globals, 4 P
gc 3803 @71.443s 5%: 0.43+1.5+0.024 ms clock, 1.7+1.4/1.2/0+0.098 ms cpu, 152->152->122 MB, 134 MB goal, 0 MB stacks, 0 MB globals, 4 P
gc 3804 @71.447s 5%: 0.053+1.8+0.029 ms clock, 0.21+0.97/1.0/1.9+0.11 ms cpu, 122->132->112 MB, 129 MB goal, 0 MB stacks, 0 MB globals, 4 P
gc 3805 @71.450s 5%: 0.61+3.4+0.048 ms clock, 2.4+1.4/1.9/0+0.19 ms cpu, 132->142->142 MB, 119 MB goal, 0 MB stacks, 0 MB globals, 4 P
gc 3806 @71.456s 5%: 0.24+4.6+0.60 ms clock, 0.98+1.4/2.9/1.5+2.4 ms cpu, 152->172->142 MB, 164 MB goal, 0 MB stacks, 0 MB globals, 4 P
gc 3807 @71.463s 5%: 0.57+1.6+0.004 ms clock, 2.3+0/1.2/2.4+0.017 ms cpu, 162->162->112 MB, 168 MB goal, 0 MB stacks, 0 MB globals, 4 P
gc 3808 @72.107s 5%: 0.39+1.5+0.004 ms clock, 1.5+0/1.4/1.5+0.017 ms cpu, 162->162->112 MB, 168 MB goal, 0 MB stacks, 0 MB globals, 4 P
gc 3809 @72.110s 5%: 0.060+1.0+0.003 ms clock, 0.24+0.93/1.0/1.6+0.012 ms cpu, 112->112->102 MB, 118 MB goal, 0 MB stacks, 0 MB globals, 4 P
gc 3810 @72.122s 5%: 0.056+1.8+0.022 ms clock, 0.22+0.13/0.93/2.5+0.089 ms cpu, 122->132->112 MB, 104 MB goal, 0 MB stacks, 0 MB globals, 4 P
gc 3811 @72.124s 5%: 0.52+1.8+0.029 ms clock, 2.0+0.33/1.3/2.0+0.11 ms cpu, 112->112->112 MB, 118 MB goal, 0 MB stacks, 0 MB globals, 4 P
gc 3812 @72.153s 5%: 0.25+1.3+0.007 ms clock, 1.0+1.1/1.1/1.0+0.031 ms cpu, 122->122->112 MB, 114 MB goal, 0 MB stacks, 0 MB globals, 4 P
gc 3813 @72.155s 5%: 0.64+4.0+0.042 ms clock, 2.5+1.2/2.4/1.1+0.17 ms cpu, 122->132->122 MB, 129 MB goal, 0 MB stacks, 0 MB globals, 4 P
gc 3814 @72.163s 5%: 0.64+1.2+0.005 ms clock, 2.5+2.2/1.1/0.013+0.023 ms cpu, 142->142->112 MB, 122 MB goal, 0 MB stacks, 0 MB globals, 4 P
gc 3815 @72.179s 5%: 0.33+1.9+0.059 ms clock, 1.3+1.1/1.2/1.1+0.23 ms cpu, 132->132->112 MB, 129 MB goal, 0 MB stacks, 0 MB globals, 4 P
gc 3816 @72.191s 5%: 0.084+1.2+0.004 ms clock, 0.33+0/1.0/3.0+0.016 ms cpu, 132->132->102 MB, 129 MB goal, 0 MB stacks, 0 MB globals, 4 P
gc 3817 @72.194s 5%: 0.038+1.0+0.003 ms clock, 0.15+0.89/0.98/1.5+0.015 ms cpu, 102->102->102 MB, 105 MB goal, 0 MB stacks, 0 MB globals, 4 P
gc 3818 @72.195s 5%: 0.12+1.6+0.042 ms clock, 0.50+0.081/1.1/1.9+0.17 ms cpu, 112->112->112 MB, 118 MB goal, 0 MB stacks, 0 MB globals, 4 P
gc 3819 @72.207s 5%: 0.38+1.8+0.032 ms clock, 1.5+2.2/1.2/0.070+0.13 ms cpu, 122->122->112 MB, 114 MB goal, 0 MB stacks, 0 MB globals, 4 P
gc 3820 @72.211s 5%: 0.14+2.0+0.033 ms clock, 0.57+1.9/1.4/0+0.13 ms cpu, 132->132->132 MB, 112 MB goal, 0 MB stacks, 0 MB globals, 4 P
gc 3821 @72.213s 5%: 0.54+2.1+0.085 ms clock, 2.1+2.1/1.4/0+0.34 ms cpu, 132->132->112 MB, 143 MB goal, 0 MB stacks, 0 MB globals, 4 P
gc 3822 @72.220s 5%: 0.65+1.2+0.004 ms clock, 2.6+1.1/1.1/1.1+0.016 ms cpu, 142->142->112 MB, 143 MB goal, 0 MB stacks, 0 MB globals, 4 P
gc 3823 @72.232s 5%: 0.065+1.0+0.004 ms clock, 0.26+0.17/0.93/1.6+0.016 ms cpu, 142->142->102 MB, 143 MB goal, 0 MB stacks, 0 MB globals, 4 P
gc 3824 @72.236s 5%: 0.036+1.2+0.034 ms clock, 0.14+2.9/1.1/0+0.13 ms cpu, 102->102->102 MB, 105 MB goal, 0 MB stacks, 0 MB globals, 4 P
gc 3825 @72.238s 5%: 0.18+3.1+0.60 ms clock, 0.72+1.6/2.2/0+2.4 ms cpu, 112->132->132 MB, 102 MB goal, 0 MB stacks, 0 MB globals, 4 P
gc 3826 @72.242s 5%: 0.98+5.9+0.005 ms clock, 3.9+1.3/1.4/0+0.021 ms cpu, 132->142->122 MB, 143 MB goal, 0 MB stacks, 0 MB globals, 4 P
gc 3827 @72.249s 5%: 0.17+2.5+0.026 ms clock, 0.70+1.4/1.3/0+0.10 ms cpu, 142->152->132 MB, 134 MB goal, 0 MB stacks, 0 MB globals, 4 P
gc 3828 @72.253s 5%: 0.14+2.1+0.088 ms clock, 0.58+2.0/0.92/0+0.35 ms cpu, 152->152->132 MB, 135 MB goal, 0 MB stacks, 0 MB globals, 4 P
gc 3829 @72.255s 5%: 0.88+2.5+0.005 ms clock, 3.5+1.0/2.3/0+0.023 ms cpu, 142->142->122 MB, 143 MB goal, 0 MB stacks, 0 MB globals, 4 P
gc 3830 @72.259s 5%: 0.69+2.3+0.032 ms clock, 2.7+1.6/1.5/0+0.13 ms cpu, 142->152->132 MB, 135 MB goal, 0 MB stacks, 0 MB globals, 4 P
gc 3831 @72.263s 5%: 0.21+2.7+0.049 ms clock, 0.85+0.37/1.8/1.3+0.19 ms cpu, 142->142->122 MB, 143 MB goal, 0 MB stacks, 0 MB globals, 4 P
gc 3832 @72.270s 5%: 0.53+1.2+0.007 ms clock, 2.1+1.1/1.1/0.87+0.031 ms cpu, 142->142->112 MB, 143 MB goal, 0 MB stacks, 0 MB globals, 4 P
gc 3833 @72.274s 5%: 0.13+1.1+0.60 ms clock, 0.53+0.15/0.91/1.6+2.4 ms cpu, 142->152->122 MB, 134 MB goal, 0 MB stacks, 0 MB globals, 4 P
gc 3834 @72.277s 5%: 0.57+2.1+0.002 ms clock, 2.3+2.1/2.0/2.0+0.011 ms cpu, 122->122->112 MB, 130 MB goal, 0 MB stacks, 0 MB globals, 4 P
gc 3835 @72.281s 5%: 0.22+3.5+0.063 ms clock, 0.88+2.0/2.5/0+0.25 ms cpu, 132->142->132 MB, 143 MB goal, 0 MB stacks, 0 MB globals, 4 P
gc 3836 @72.286s 5%: 0.31+2.8+0.046 ms clock, 1.2+1.3/1.3/0+0.18 ms cpu, 142->142->122 MB, 143 MB goal, 0 MB stacks, 0 MB globals, 4 P
gc 3837 @72.290s 5%: 0.089+2.7+0.026 ms clock, 0.35+0.18/2.1/1.9+0.10 ms cpu, 142->152->132 MB, 155 MB goal, 0 MB stacks, 0 MB globals, 4 P
gc 3838 @72.298s 5%: 0.10+1.5+0.051 ms clock, 0.42+0.18/1.1/2.3+0.20 ms cpu, 152->152->112 MB, 155 MB goal, 0 MB stacks, 0 MB globals, 4 P
gc 3839 @72.307s 5%: 0.054+0.99+0.003 ms clock, 0.21+0.81/0.92/1.6+0.012 ms cpu, 112->112->102 MB, 118 MB goal, 0 MB stacks, 0 MB globals, 4 P
gc 3840 @72.312s 5%: 0.58+1.2+0.003 ms clock, 2.3+0.19/1.1/1.8+0.014 ms cpu, 122->122->112 MB, 114 MB goal, 0 MB stacks, 0 MB globals, 4 P
gc 3841 @72.323s 5%: 0.14+1.6+0.035 ms clock, 0.56+1.7/0.92/0+0.14 ms cpu, 122->122->112 MB, 114 MB goal, 0 MB stacks, 0 MB globals, 4 P
gc 3842 @72.325s 5%: 0.14+3.6+0.043 ms clock, 0.58+1.4/3.0/0+0.17 ms cpu, 122->132->122 MB, 112 MB goal, 0 MB stacks, 0 MB globals, 4 P
gc 3843 @72.329s 5%: 0.50+1.3+0.028 ms clock, 2.0+1.7/1.0/0.043+0.11 ms cpu, 122->122->112 MB, 122 MB goal, 0 MB stacks, 0 MB globals, 4 P
gc 3844 @72.336s 5%: 0.038+1.0+0.092 ms clock, 0.15+1.9/0.85/0+0.37 ms cpu, 132->132->112 MB, 112 MB goal, 0 MB stacks, 0 MB globals, 4 P
gc 3845 @72.337s 5%: 0.060+1.0+0.003 ms clock, 0.24+0.47/0.91/1.5+0.012 ms cpu, 112->112->102 MB, 118 MB goal, 0 MB stacks, 0 MB globals, 4 P
gc 3846 @72.361s 5%: 0.30+1.1+0.004 ms clock, 1.2+1.6/1.0/0+0.019 ms cpu, 132->132->102 MB, 104 MB goal, 0 MB stacks, 0 MB globals, 4 P
gc 3847 @72.366s 5%: 0.13+2.8+0.024 ms clock, 0.52+1.1/1.1/2.1+0.096 ms cpu, 122->122->112 MB, 114 MB goal, 0 MB stacks, 0 MB globals, 4 P
gc 3848 @72.370s 5%: 0.098+1.8+0.005 ms clock, 0.39+0.068/1.6/2.0+0.022 ms cpu, 122->122->112 MB, 130 MB goal, 0 MB stacks, 0 MB globals, 4 P
gc 3849 @72.389s 5%: 0.49+1.6+0.029 ms clock, 1.9+2.0/1.3/0.47+0.11 ms cpu, 132->132->112 MB, 129 MB goal, 0 MB stacks, 0 MB globals, 4 P
gc 3850 @72.392s 5%: 0.49+3.4+0.093 ms clock, 1.9+0.18/2.0/1.2+0.37 ms cpu, 132->142->132 MB, 143 MB goal, 0 MB stacks, 0 MB globals, 4 P
gc 3851 @72.399s 5%: 0.098+1.1+0.003 ms clock, 0.39+0.70/0.99/1.0+0.014 ms cpu, 142->142->102 MB, 143 MB goal, 0 MB stacks, 0 MB globals, 4 P
gc 3852 @72.407s 5%: 0.075+1.6+0.028 ms clock, 0.30+2.1/0.87/0+0.11 ms cpu, 112->122->112 MB, 114 MB goal, 0 MB stacks, 0 MB globals, 4 P
gc 3853 @72.410s 5%: 0.15+1.5+0.068 ms clock, 0.60+1.4/1.4/0+0.27 ms cpu, 122->132->132 MB, 112 MB goal, 0 MB stacks, 0 MB globals, 4 P
gc 3854 @72.412s 5%: 0.56+3.5+0.027 ms clock, 2.2+0.56/2.5/0.77+0.11 ms cpu, 142->142->122 MB, 132 MB goal, 0 MB stacks, 0 MB globals, 4 P
gc 3855 @72.417s 5%: 0.096+1.9+0.052 ms clock, 0.38+1.0/1.1/1.6+0.20 ms cpu, 132->132->112 MB, 122 MB goal, 0 MB stacks, 0 MB globals, 4 P
gc 3856 @72.420s 5%: 0.11+1.5+0.055 ms clock, 0.44+0.10/1.2/1.5+0.22 ms cpu, 122->122->112 MB, 130 MB goal, 0 MB stacks, 0 MB globals, 4 P
gc 3857 @72.426s 5%: 0.094+1.6+0.045 ms clock, 0.37+1.8/1.5/0+0.18 ms cpu, 132->132->112 MB, 130 MB goal, 0 MB stacks, 0 MB globals, 4 P
gc 3858 @72.429s 5%: 0.064+2.0+0.003 ms clock, 0.25+0.043/1.7/1.4+0.014 ms cpu, 132->132->122 MB, 143 MB goal, 0 MB stacks, 0 MB globals, 4 P
gc 3859 @72.436s 5%: 0.044+0.87+0.003 ms clock, 0.17+0.11/0.76/2.1+0.013 ms cpu, 142->142->102 MB, 143 MB goal, 0 MB stacks, 0 MB globals, 4 P
gc 3860 @72.447s 5%: 0.10+1.0+0.003 ms clock, 0.41+2.1/0.91/0+0.014 ms cpu, 102->102->102 MB, 105 MB goal, 0 MB stacks, 0 MB globals, 4 P
gc 3861 @72.449s 5%: 0.14+2.2+0.46 ms clock, 0.56+1.3/1.2/0+1.8 ms cpu, 132->132->132 MB, 102 MB goal, 0 MB stacks, 0 MB globals, 4 P
gc 3862 @72.452s 5%: 0.64+3.3+0.039 ms clock, 2.5+1.3/1.7/0+0.15 ms cpu, 132->142->132 MB, 143 MB goal, 0 MB stacks, 0 MB globals, 4 P
gc 3863 @72.457s 5%: 0.61+2.0+0.034 ms clock, 2.4+1.3/1.4/0.076+0.13 ms cpu, 142->142->122 MB, 143 MB goal, 0 MB stacks, 0 MB globals, 4 P
gc 3864 @72.461s 5%: 0.10+1.9+0.004 ms clock, 0.42+0.84/1.8/0.62+0.016 ms cpu, 142->142->112 MB, 143 MB goal, 0 MB stacks, 0 MB globals, 4 P
gc 3865 @72.466s 5%: 0.12+10+0.003 ms clock, 0.48+1.8/10/0.029+0.015 ms cpu, 142->142->122 MB, 143 MB goal, 0 MB stacks, 0 MB globals, 4 P
gc 3866 @72.481s 5%: 0.067+3.0+0.016 ms clock, 0.26+0.15/0.93/1.2+0.067 ms cpu, 142->142->102 MB, 155 MB goal, 0 MB stacks, 0 MB globals, 4 P
gc 3867 @73.110s 5%: 0.47+1.7+0.044 ms clock, 1.8+0.18/1.4/2.3+0.17 ms cpu, 152->152->112 MB, 155 MB goal, 0 MB stacks, 0 MB globals, 4 P
gc 3868 @73.115s 5%: 0.047+1.7+0.004 ms clock, 0.18+1.4/1.3/1.1+0.019 ms cpu, 112->112->102 MB, 118 MB goal, 0 MB stacks, 0 MB globals, 4 P
gc 3869 @73.127s 5%: 0.21+1.1+0.004 ms clock, 0.86+0/1.0/2.7+0.017 ms cpu, 122->122->102 MB, 114 MB goal, 0 MB stacks, 0 MB globals, 4 P
gc 3870 @73.159s 5%: 0.095+1.1+0.004 ms clock, 0.38+0.15/1.0/2.7+0.019 ms cpu, 122->122->102 MB, 114 MB goal, 0 MB stacks, 0 MB globals, 4 P
gc 3871 @73.162s 5%: 0.039+0.98+0.003 ms clock, 0.15+0.84/0.93/1.7+0.014 ms cpu, 102->102->102 MB, 105 MB goal, 0 MB stacks, 0 MB globals, 4 P
gc 3872 @73.163s 5%: 0.13+1.4+0.037 ms clock, 0.53+0.096/1.1/2.1+0.15 ms cpu, 112->112->112 MB, 102 MB goal, 0 MB stacks, 0 MB globals, 4 P
gc 3873 @73.166s 5%: 0.51+1.8+0.13 ms clock, 2.0+2.1/1.1/0+0.55 ms cpu, 112->122->122 MB, 114 MB goal, 0 MB stacks, 0 MB globals, 4 P
gc 3874 @73.169s 5%: 0.78+2.1+0.22 ms clock, 3.1+1.9/0.98/0+0.88 ms cpu, 122->142->132 MB, 122 MB goal, 0 MB stacks, 0 MB globals, 4 P
gc 3875 @73.173s 5%: 0.52+3.9+0.56 ms clock, 2.1+1.1/2.5/0.56+2.2 ms cpu, 132->142->122 MB, 143 MB goal, 0 MB stacks, 0 MB globals, 4 P
gc 3876 @73.188s 5%: 0.051+1.1+0.003 ms clock, 0.20+0.16/1.0/1.6+0.015 ms cpu, 142->142->102 MB, 143 MB goal, 0 MB stacks, 0 MB globals, 4 P
gc 3877 @73.192s 5%: 0.040+1.0+0.002 ms clock, 0.16+0.97/0.86/1.5+0.011 ms cpu, 102->102->102 MB, 105 MB goal, 0 MB stacks, 0 MB globals, 4 P
gc 3878 @73.193s 5%: 0.086+1.8+0.042 ms clock, 0.34+0.069/1.0/2.0+0.17 ms cpu, 112->112->112 MB, 118 MB goal, 0 MB stacks, 0 MB globals, 4 P
gc 3879 @73.204s 5%: 0.059+1.6+0.004 ms clock, 0.23+0.17/1.2/1.0+0.017 ms cpu, 122->122->102 MB, 114 MB goal, 0 MB stacks, 0 MB globals, 4 P
gc 3880 @73.214s 5%: 0.054+1.9+0.32 ms clock, 0.21+0.39/1.1/2.5+1.3 ms cpu, 102->112->112 MB, 102 MB goal, 0 MB stacks, 0 MB globals, 4 P
gc 3881 @73.217s 5%: 0.28+1.7+0.037 ms clock, 1.1+1.9/1.1/0.033+0.14 ms cpu, 112->112->112 MB, 118 MB goal, 0 MB stacks, 0 MB globals, 4 P
gc 3882 @73.221s 5%: 0.76+3.6+0.70 ms clock, 3.0+2.1/2.2/0+2.8 ms cpu, 142->152->142 MB, 112 MB goal, 0 MB stacks, 0 MB globals, 4 P
gc 3883 @73.227s 5%: 0.15+1.7+0.004 ms clock, 0.63+2.0/1.4/0+0.019 ms cpu, 142->142->132 MB, 142 MB goal, 0 MB stacks, 0 MB globals, 4 P
gc 3884 @73.230s 5%: 0.50+2.1+0.057 ms clock, 2.0+1.6/1.6/0+0.23 ms cpu, 142->152->122 MB, 132 MB goal, 0 MB stacks, 0 MB globals, 4 P
gc 3885 @73.234s 5%: 0.64+6.1+0.19 ms clock, 2.5+2.2/1.1/0+0.79 ms cpu, 122->142->142 MB, 122 MB goal, 0 MB stacks, 0 MB globals, 4 P
gc 3886 @73.241s 5%: 0.11+0.92+0.003 ms clock, 0.44+0.15/0.87/1.8+0.015 ms cpu, 142->142->102 MB, 142 MB goal, 0 MB stacks, 0 MB globals, 4 P
gc 3887 @73.245s 5%: 0.046+1.9+0.028 ms clock, 0.18+2.0/1.1/0.87+0.11 ms cpu, 102->112->112 MB, 118 MB goal, 0 MB stacks, 0 MB globals, 4 P
gc 3888 @73.247s 5%: 0.12+2.6+0.49 ms clock, 0.49+1.8/1.8/0+1.9 ms cpu, 132->132->132 MB, 112 MB goal, 0 MB stacks, 0 MB globals, 4 P
gc 3889 @73.251s 5%: 0.40+2.7+0.030 ms clock, 1.6+1.7/1.6/0+0.12 ms cpu, 132->142->112 MB, 143 MB goal, 0 MB stacks, 0 MB globals, 4 P
gc 3890 @73.257s 5%: 0.66+1.4+0.059 ms clock, 2.6+1.5/1.3/0.16+0.23 ms cpu, 142->142->122 MB, 143 MB goal, 0 MB stacks, 0 MB globals, 4 P
gc 3891 @73.259s 5%: 0.14+4.5+0.005 ms clock, 0.58+1.1/1.9/0+0.022 ms cpu, 142->152->142 MB, 135 MB goal, 0 MB stacks, 0 MB globals, 4 P
gc 3892 @73.264s 5%: 0.10+1.5+0.003 ms clock, 0.43+2.2/1.2/0+0.015 ms cpu, 142->142->102 MB, 143 MB goal, 0 MB stacks, 0 MB globals, 4 P
gc 3893 @73.268s 5%: 0.60+2.5+0.066 ms clock, 2.4+1.6/1.7/0+0.26 ms cpu, 142->142->132 MB, 143 MB goal, 0 MB stacks, 0 MB globals, 4 P
gc 3894 @73.271s 5%: 0.11+5.5+0.52 ms clock, 0.44+0.17/2.2/0.19+2.1 ms cpu, 142->162->142 MB, 149 MB goal, 0 MB stacks, 0 MB globals, 4 P
gc 3895 @73.279s 5%: 0.70+2.2+0.004 ms clock, 2.8+1.2/2.1/0.83+0.017 ms cpu, 162->162->112 MB, 150 MB goal, 0 MB stacks, 0 MB globals, 4 P
gc 3896 @73.284s 5%: 0.068+1.0+0.002 ms clock, 0.27+0.33/0.94/2.1+0.011 ms cpu, 122->122->102 MB, 130 MB goal, 0 MB stacks, 0 MB globals, 4 P
gc 3897 @73.286s 5%: 0.21+2.6+0.006 ms clock, 0.86+0.98/1.1/2.0+0.027 ms cpu, 102->112->112 MB, 102 MB goal, 0 MB stacks, 0 MB globals, 4 P
gc 3898 @73.289s 5%: 0.21+4.0+0.35 ms clock, 0.86+2.4/2.8/0.21+1.4 ms cpu, 112->132->122 MB, 129 MB goal, 0 MB stacks, 0 MB globals, 4 P
gc 3899 @73.294s 5%: 0.65+4.4+0.026 ms clock, 2.6+1.6/1.6/0+0.10 ms cpu, 122->142->132 MB, 122 MB goal, 0 MB stacks, 0 MB globals, 4 P
gc 3900 @73.300s 5%: 0.57+1.3+0.052 ms clock, 2.3+2.3/1.1/0+0.21 ms cpu, 132->132->102 MB, 132 MB goal, 0 MB stacks, 0 MB globals, 4 P
gc 3901 @73.302s 5%: 0.14+1.4+0.062 ms clock, 0.56+1.2/1.2/0+0.25 ms cpu, 142->142->142 MB, 119 MB goal, 0 MB stacks, 0 MB globals, 4 P
gc 3902 @73.305s 5%: 0.56+3.5+0.025 ms clock, 2.2+0.18/2.8/1.2+0.10 ms cpu, 142->142->132 MB, 142 MB goal, 0 MB stacks, 0 MB globals, 4 P
gc 3903 @73.309s 5%: 0.029+1.0+0.002 ms clock, 0.11+0/0.95/2.3+0.011 ms cpu, 132->132->102 MB, 132 MB goal, 0 MB stacks, 0 MB globals, 4 P
gc 3904 @73.314s 5%: 0.030+1.8+0.034 ms clock, 0.12+0.97/1.0/1.0+0.13 ms cpu, 102->112->112 MB, 102 MB goal, 0 MB stacks, 0 MB globals, 4 P
gc 3905 @73.316s 5%: 0.69+2.6+0.43 ms clock, 2.7+0.18/1.4/1.1+1.7 ms cpu, 112->122->122 MB, 112 MB goal, 0 MB stacks, 0 MB globals, 4 P
gc 3906 @73.320s 5%: 0.81+1.4+0.004 ms clock, 3.2+0.19/1.3/0.93+0.018 ms cpu, 122->122->102 MB, 130 MB goal, 0 MB stacks, 0 MB globals, 4 P
gc 3907 @73.334s 5%: 0.12+1.0+0.003 ms clock, 0.49+0.47/0.91/2.0+0.013 ms cpu, 122->122->102 MB, 130 MB goal, 0 MB stacks, 0 MB globals, 4 P
gc 3908 @73.337s 5%: 0.041+1.9+0.061 ms clock, 0.16+1.2/1.1/1.9+0.24 ms cpu, 102->122->122 MB, 102 MB goal, 0 MB stacks, 0 MB globals, 4 P
gc 3909 @73.339s 5%: 0.64+4.1+0.044 ms clock, 2.5+0.15/3.3/0.082+0.17 ms cpu, 122->132->132 MB, 143 MB goal, 0 MB stacks, 0 MB globals, 4 P
gc 3910 @73.349s 5%: 0.079+1.2+0.004 ms clock, 0.31+0/0.99/1.8+0.018 ms cpu, 142->142->102 MB, 143 MB goal, 0 MB stacks, 0 MB globals, 4 P
gc 3911 @73.362s 5%: 0.046+1.3+0.003 ms clock, 0.18+1.3/1.1/1.8+0.014 ms cpu, 102->102->102 MB, 105 MB goal, 0 MB stacks, 0 MB globals, 4 P
gc 3912 @73.364s 5%: 0.70+4.0+0.005 ms clock, 2.8+2.9/4.0/0+0.022 ms cpu, 122->122->122 MB, 102 MB goal, 0 MB stacks, 0 MB globals, 4 P
gc 3913 @73.369s 5%: 0.072+1.6+0.034 ms clock, 0.28+1.3/0.96/1.1+0.13 ms cpu, 122->132->112 MB, 129 MB goal, 0 MB stacks, 0 MB globals, 4 P
gc 3914 @73.376s 5%: 0.055+1.0+0.004 ms clock, 0.22+0.62/0.87/1.8+0.016 ms cpu, 132->132->102 MB, 129 MB goal, 0 MB stacks, 0 MB globals, 4 P
gc 3915 @73.395s 5%: 0.14+1.3+0.056 ms clock, 0.57+1.0/1.1/1.0+0.22 ms cpu, 122->132->122 MB, 129 MB goal, 0 MB stacks, 0 MB globals, 4 P
gc 3916 @73.399s 5%: 0.12+5.1+0.006 ms clock, 0.50+0.49/1.3/1.9+0.026 ms cpu, 132->142->122 MB, 122 MB goal, 0 MB stacks, 0 MB globals, 4 P
gc 3917 @73.404s 5%: 0.28+3.0+0.032 ms clock, 1.1+1.0/1.6/0.45+0.13 ms cpu, 122->142->122 MB, 143 MB goal, 0 MB stacks, 0 MB globals, 4 P
gc 3918 @73.417s 5%: 0.13+1.3+0.030 ms clock, 0.55+1.1/1.1/1.0+0.12 ms cpu, 142->142->112 MB, 143 MB goal, 0 MB stacks, 0 MB globals, 4 P
gc 3919 @73.422s 5%: 0.038+1.0+0.004 ms clock, 0.15+0.013/0.88/2.1+0.017 ms cpu, 142->142->102 MB, 143 MB goal, 0 MB stacks, 0 MB globals, 4 P
gc 3920 @73.425s 5%: 0.047+1.1+0.003 ms clock, 0.19+1.0/1.0/1.2+0.014 ms cpu, 112->112->102 MB, 118 MB goal, 0 MB stacks, 0 MB globals, 4 P
gc 3921 @73.431s 5%: 0.10+1.9+0.028 ms clock, 0.41+1.1/1.8/0.89+0.11 ms cpu, 122->122->112 MB, 114 MB goal, 0 MB stacks, 0 MB globals, 4 P
gc 3922 @73.433s 5%: 0.12+2.3+0.56 ms clock, 0.49+1.0/1.6/0+2.2 ms cpu, 142->142->132 MB, 112 MB goal, 0 MB stacks, 0 MB globals, 4 P
gc 3923 @73.437s 5%: 0.54+2.4+0.022 ms clock, 2.1+0.94/1.3/0.55+0.090 ms cpu, 132->142->122 MB, 143 MB goal, 0 MB stacks, 0 MB globals, 4 P
gc 3924 @73.456s 5%: 0.12+1.0+0.004 ms clock, 0.50+0.99/1.0/0.75+0.017 ms cpu, 142->142->102 MB, 143 MB goal, 0 MB stacks, 0 MB globals, 4 P
gc 3925 @73.459s 5%: 0.059+0.94+0.003 ms clock, 0.23+0.75/0.88/1.5+0.012 ms cpu, 112->112->102 MB, 118 MB goal, 0 MB stacks, 0 MB globals, 4 P
gc 3926 @73.461s 5%: 0.62+1.9+0.043 ms clock, 2.4+0.86/1.4/1.4+0.17 ms cpu, 122->122->122 MB, 114 MB goal, 0 MB stacks, 0 MB globals, 4 P
gc 3927 @73.465s 5%: 0.095+2.3+0.028 ms clock, 0.38+0.94/1.8/0.49+0.11 ms cpu, 132->132->112 MB, 122 MB goal, 0 MB stacks, 0 MB globals, 4 P
gc 3928 @73.468s 5%: 0.22+2.5+0.050 ms clock, 0.88+1.1/1.7/0.88+0.20 ms cpu, 112->132->122 MB, 129 MB goal, 0 MB stacks, 0 MB globals, 4 P
gc 3929 @73.473s 5%: 0.52+2.4+0.007 ms clock, 2.0+2.3/1.5/0.10+0.031 ms cpu, 142->142->112 MB, 122 MB goal, 0 MB stacks, 0 MB globals, 4 P
gc 3930 @73.480s 5%: 0.033+0.85+0.002 ms clock, 0.13+0.77/0.78/1.4+0.011 ms cpu, 112->112->102 MB, 118 MB goal, 0 MB stacks, 0 MB globals, 4 P
gc 3931 @73.484s 5%: 0.59+1.3+0.003 ms clock, 2.3+0.14/1.1/2.1+0.012 ms cpu, 122->122->102 MB, 114 MB goal, 0 MB stacks, 0 MB globals, 4 P
gc 3932 @74.031s 5%: 0.081+1.9+0.004 ms clock, 0.32+1.4/1.5/1.5+0.019 ms cpu, 102->102->102 MB, 105 MB goal, 0 MB stacks, 0 MB globals, 4 P
gc 3933 @74.034s 5%: 0.33+3.6+0.041 ms clock, 1.3+0.11/2.5/1.9+0.16 ms cpu, 112->112->112 MB, 118 MB goal, 0 MB stacks, 0 MB globals, 4 P
gc 3934 @74.110s 5%: 0.66+1.0+0.004 ms clock, 2.6+1.6/0.94/0.90+0.019 ms cpu, 132->132->102 MB, 112 MB goal, 0 MB stacks, 0 MB globals, 4 P
gc 3935 @74.114s 5%: 0.090+1.7+0.069 ms clock, 0.36+0.17/1.1/2.2+0.27 ms cpu, 122->122->112 MB, 114 MB goal, 0 MB stacks, 0 MB globals, 4 P
gc 3936 @74.125s 5%: 0.079+1.2+0.004 ms clock, 0.31+0.16/1.0/2.8+0.018 ms cpu, 122->122->102 MB, 114 MB goal, 0 MB stacks, 0 MB globals, 4 P
gc 3937 @74.135s 5%: 0.092+1.2+0.034 ms clock, 0.36+0.25/1.0/2.4+0.13 ms cpu, 122->122->102 MB, 114 MB goal, 0 MB stacks, 0 MB globals, 4 P
gc 3938 @74.162s 5%: 0.068+1.4+0.005 ms clock, 0.27+1.1/1.1/1.9+0.023 ms cpu, 102->102->102 MB, 105 MB goal, 0 MB stacks, 0 MB globals, 4 P
gc 3939 @74.164s 5%: 0.24+2.1+0.62 ms clock, 0.96+0.091/1.1/2.1+2.5 ms cpu, 112->112->112 MB, 118 MB goal, 0 MB stacks, 0 MB globals, 4 P
gc 3940 @74.177s 5%: 0.30+2.1+0.033 ms clock, 1.2+1.8/1.7/0+0.13 ms cpu, 132->132->122 MB, 112 MB goal, 0 MB stacks, 0 MB globals, 4 P
gc 3941 @74.180s 5%: 0.049+1.5+0.063 ms clock, 0.19+1.8/1.3/0+0.25 ms cpu, 122->122->102 MB, 122 MB goal, 0 MB stacks, 0 MB globals, 4 P
gc 3942 @74.182s 5%: 0.71+1.7+0.58 ms clock, 2.8+1.4/1.4/0+2.3 ms cpu, 132->132->132 MB, 104 MB goal, 0 MB stacks, 0 MB globals, 4 P
gc 3943 @74.185s 5%: 0.49+2.8+0.036 ms clock, 1.9+1.4/1.7/0+0.14 ms cpu, 132->142->132 MB, 143 MB goal, 0 MB stacks, 0 MB globals, 4 P
gc 3944 @74.191s 5%: 0.12+1.1+0.004 ms clock, 0.49+0.15/1.0/2.1+0.019 ms cpu, 142->142->102 MB, 143 MB goal, 0 MB stacks, 0 MB globals, 4 P
gc 3945 @74.200s 5%: 0.058+1.2+0.005 ms clock, 0.23+1.0/1.1/1.8+0.021 ms cpu, 102->102->102 MB, 105 MB goal, 0 MB stacks, 0 MB globals, 4 P
gc 3946 @74.201s 5%: 0.14+3.0+0.052 ms clock, 0.56+0.13/1.4/1.7+0.21 ms cpu, 112->112->112 MB, 118 MB goal, 0 MB stacks, 0 MB globals, 4 P
gc 3947 @74.210s 5%: 0.089+1.1+0.004 ms clock, 0.35+0.23/0.99/2.6+0.016 ms cpu, 122->122->102 MB, 114 MB goal, 0 MB stacks, 0 MB globals, 4 P
gc 3948 @74.228s 5%: 0.084+1.3+0.003 ms clock, 0.33+2.4/1.2/0.43+0.014 ms cpu, 102->102->102 MB, 105 MB goal, 0 MB stacks, 0 MB globals, 4 P
gc 3949 @74.230s 5%: 0.38+2.9+0.30 ms clock, 1.5+1.9/2.0/0+1.2 ms cpu, 112->132->132 MB, 102 MB goal, 0 MB stacks, 0 MB globals, 4 P
gc 3950 @74.235s 5%: 0.53+3.9+0.025 ms clock, 2.1+1.5/2.4/0+0.10 ms cpu, 132->142->112 MB, 132 MB goal, 0 MB stacks, 0 MB globals, 4 P
gc 3951 @74.240s 5%: 0.15+3.7+0.029 ms clock, 0.61+1.3/1.3/0+0.11 ms cpu, 132->142->132 MB, 112 MB goal, 0 MB stacks, 0 MB globals, 4 P
gc 3952 @74.245s 5%: 0.60+1.9+0.036 ms clock, 2.4+1.8/0.95/0.10+0.14 ms cpu, 132->142->112 MB, 143 MB goal, 0 MB stacks, 0 MB globals, 4 P
gc 3953 @74.255s 5%: 0.66+3.7+0.027 ms clock, 2.6+1.9/3.2/0.15+0.10 ms cpu, 152->152->122 MB, 134 MB goal, 0 MB stacks, 0 MB globals, 4 P
gc 3954 @74.260s 5%: 0.14+2.4+0.27 ms clock, 0.57+1.7/1.5/0+1.0 ms cpu, 152->152->132 MB, 134 MB goal, 0 MB stacks, 0 MB globals, 4 P
gc 3955 @74.266s 5%: 0.10+1.4+0.004 ms clock, 0.43+1.6/1.2/0.023+0.019 ms cpu, 142->142->112 MB, 143 MB goal, 0 MB stacks, 0 MB globals, 4 P
gc 3956 @74.270s 5%: 0.12+2.2+0.004 ms clock, 0.49+1.4/2.1/0.11+0.017 ms cpu, 142->142->112 MB, 143 MB goal, 0 MB stacks, 0 MB globals, 4 P
gc 3957 @74.273s 5%: 0.050+3.3+0.023 ms clock, 0.20+0.15/2.1/0.37+0.093 ms cpu, 142->152->142 MB, 155 MB goal, 0 MB stacks, 0 MB globals, 4 P
gc 3958 @74.279s 5%: 0.22+1.9+0.006 ms clock, 0.89+0/1.1/2.3+0.024 ms cpu, 152->152->112 MB, 155 MB goal, 0 MB stacks, 0 MB globals, 4 P
gc 3959 @74.283s 5%: 0.13+2.6+0.053 ms clock, 0.53+0.28/2.3/2.6+0.21 ms cpu, 152->152->112 MB, 155 MB goal, 0 MB stacks, 0 MB globals, 4 P
gc 3960 @74.287s 5%: 0.081+1.5+0.002 ms clock, 0.32+0.23/1.4/2.1+0.011 ms cpu, 122->122->102 MB, 130 MB goal, 0 MB stacks, 0 MB globals, 4 P
gc 3961 @74.290s 5%: 0.031+1.1+0.084 ms clock, 0.12+1.0/1.0/1.7+0.33 ms cpu, 102->112->112 MB, 102 MB goal, 0 MB stacks, 0 MB globals, 4 P
gc 3962 @74.292s 5%: 0.35+1.8+0.024 ms clock, 1.4+0.16/1.1/1.8+0.099 ms cpu, 112->112->112 MB, 118 MB goal, 0 MB stacks, 0 MB globals, 4 P
gc 3963 @74.295s 5%: 0.11+4.1+0.037 ms clock, 0.47+0.13/1.2/3.9+0.14 ms cpu, 122->122->112 MB, 114 MB goal, 0 MB stacks, 0 MB globals, 4 P
gc 3964 @74.301s 5%: 0.10+1.7+0.046 ms clock, 0.40+1.1/1.6/1.0+0.18 ms cpu, 122->122->112 MB, 114 MB goal, 0 MB stacks, 0 MB globals, 4 P
gc 3965 @74.303s 5%: 0.13+3.8+0.18 ms clock, 0.52+1.7/1.7/0+0.73 ms cpu, 132->132->132 MB, 112 MB goal, 0 MB stacks, 0 MB globals, 4 P
gc 3966 @74.308s 5%: 0.13+1.7+0.004 ms clock, 0.53+3.7/1.6/0+0.017 ms cpu, 132->132->102 MB, 132 MB goal, 0 MB stacks, 0 MB globals, 4 P
gc 3967 @74.310s 5%: 0.15+3.1+0.60 ms clock, 0.60+1.3/1.9/0+2.4 ms cpu, 122->142->142 MB, 119 MB goal, 0 MB stacks, 0 MB globals, 4 P
gc 3968 @74.314s 5%: 0.62+2.7+0.032 ms clock, 2.4+0.14/2.4/1.8+0.12 ms cpu, 142->142->122 MB, 142 MB goal, 0 MB stacks, 0 MB globals, 4 P
gc 3969 @74.318s 5%: 0.070+1.3+0.003 ms clock, 0.28+0.20/1.1/2.3+0.012 ms cpu, 122->122->102 MB, 130 MB goal, 0 MB stacks, 0 MB globals, 4 P
gc 3970 @74.324s 5%: 0.50+1.7+0.025 ms clock, 2.0+0.16/1.6/1.7+0.10 ms cpu, 122->122->112 MB, 130 MB goal, 0 MB stacks, 0 MB globals, 4 P
gc 3971 @74.328s 5%: 0.041+0.96+0.002 ms clock, 0.16+0.92/0.89/1.6+0.010 ms cpu, 112->112->102 MB, 118 MB goal, 0 MB stacks, 0 MB globals, 4 P
gc 3972 @74.335s 5%: 0.042+1.0+0.004 ms clock, 0.16+1.5/0.88/0.77+0.016 ms cpu, 102->102->102 MB, 105 MB goal, 0 MB stacks, 0 MB globals, 4 P
gc 3973 @74.337s 5%: 0.52+2.6+0.17 ms clock, 2.1+1.7/1.6/0+0.70 ms cpu, 122->122->122 MB, 102 MB goal, 0 MB stacks, 0 MB globals, 4 P
gc 3974 @74.341s 5%: 0.12+1.4+0.003 ms clock, 0.48+0.34/1.0/1.7+0.014 ms cpu, 122->122->102 MB, 130 MB goal, 0 MB stacks, 0 MB globals, 4 P
gc 3975 @74.346s 5%: 0.10+1.0+0.003 ms clock, 0.43+0.52/0.95/1.4+0.012 ms cpu, 122->122->102 MB, 130 MB goal, 0 MB stacks, 0 MB globals, 4 P
gc 3976 @74.349s 5%: 0.038+0.94+0.004 ms clock, 0.15+0.15/0.81/2.0+0.016 ms cpu, 112->112->102 MB, 118 MB goal, 0 MB stacks, 0 MB globals, 4 P
gc 3977 @74.352s 5%: 0.041+0.86+0.002 ms clock, 0.16+0.091/0.80/2.2+0.010 ms cpu, 112->112->102 MB, 102 MB goal, 0 MB stacks, 0 MB globals, 4 P
gc 3978 @74.353s 5%: 0.019+1.1+0.002 ms clock, 0.077+0.15/0.99/1.5+0.011 ms cpu, 102->102->102 MB, 105 MB goal, 0 MB stacks, 0 MB globals, 4 P
gc 3979 @74.374s 5%: 0.18+1.0+0.004 ms clock, 0.75+1.5/0.87/0.82+0.019 ms cpu, 122->122->102 MB, 102 MB goal, 0 MB stacks, 0 MB globals, 4 P
gc 3980 @74.376s 5%: 0.084+1.0+0.004 ms clock, 0.33+1.1/0.90/0+0.016 ms cpu, 102->102->102 MB, 105 MB goal, 0 MB stacks, 0 MB globals, 4 P
gc 3981 @74.377s 5%: 0.22+5.9+0.005 ms clock, 0.91+1.1/1.2/0+0.022 ms cpu, 112->132->132 MB, 102 MB goal, 0 MB stacks, 0 MB globals, 4 P
gc 3982 @74.384s 5%: 0.11+1.7+0.029 ms clock, 0.46+1.0/0.94/0.74+0.11 ms cpu, 132->142->112 MB, 143 MB goal, 0 MB stacks, 0 MB globals, 4 P
gc 3983 @74.401s 5%: 0.11+1.0+0.049 ms clock, 0.45+0/0.93/1.6+0.19 ms cpu, 142->142->112 MB, 143 MB goal, 0 MB stacks, 0 MB globals, 4 P
gc 3984 @74.405s 5%: 0.046+0.91+0.002 ms clock, 0.18+0.86/0.83/1.4+0.010 ms cpu, 112->112->102 MB, 118 MB goal, 0 MB stacks, 0 MB globals, 4 P
gc 3985 @74.410s 5%: 0.38+1.9+0.028 ms clock, 1.5+1.2/1.1/0.84+0.11 ms cpu, 122->122->112 MB, 114 MB goal, 0 MB stacks, 0 MB globals, 4 P
gc 3986 @74.412s 5%: 0.16+1.5+0.042 ms clock, 0.66+0.076/1.0/2.2+0.17 ms cpu, 122->122->112 MB, 130 MB goal, 0 MB stacks, 0 MB globals, 4 P
gc 3987 @74.421s 5%: 0.49+1.8+0.049 ms clock, 1.9+2.0/1.1/0+0.19 ms cpu, 132->132->112 MB, 129 MB goal, 0 MB stacks, 0 MB globals, 4 P
gc 3988 @74.424s 5%: 0.12+1.5+0.059 ms clock, 0.51+2.4/1.3/0+0.23 ms cpu, 132->132->122 MB, 130 MB goal, 0 MB stacks, 0 MB globals, 4 P
gc 3989 @74.428s 5%: 0.080+1.1+0.003 ms clock, 0.32+1.6/0.94/0+0.015 ms cpu, 132->132->122 MB, 130 MB goal, 0 MB stacks, 0 MB globals, 4 P
gc 3990 @74.429s 5%: 0.12+2.2+0.029 ms clock, 0.49+1.2/1.5/0+0.11 ms cpu, 132->142->122 MB, 122 MB goal, 0 MB stacks, 0 MB globals, 4 P
gc 3991 @74.432s 5%: 0.48+2.0+0.036 ms clock, 1.9+0.48/1.2/1.2+0.14 ms cpu, 122->132->122 MB, 129 MB goal, 0 MB stacks, 0 MB globals, 4 P
gc 3992 @74.439s 5%: 0.12+1.8+0.033 ms clock, 0.48+1.9/1.0/0+0.13 ms cpu, 132->142->112 MB, 122 MB goal, 0 MB stacks, 0 MB globals, 4 P
gc 3993 @74.444s 5%: 0.10+1.8+0.027 ms clock, 0.42+0.18/1.5/1.3+0.10 ms cpu, 132->132->112 MB, 129 MB goal, 0 MB stacks, 0 MB globals, 4 P
gc 3994 @74.448s 5%: 0.062+1.1+0.003 ms clock, 0.24+0/1.0/2.8+0.015 ms cpu, 112->112->102 MB, 118 MB goal, 0 MB stacks, 0 MB globals, 4 P
gc 3995 @74.458s 5%: 0.062+1.1+0.005 ms clock, 0.24+1.6/0.94/0.75+0.021 ms cpu, 102->102->102 MB, 105 MB goal, 0 MB stacks, 0 MB globals, 4 P
gc 3996 @74.460s 5%: 0.16+3.9+0.061 ms clock, 0.65+1.8/2.4/0+0.24 ms cpu, 122->122->122 MB, 102 MB goal, 0 MB stacks, 0 MB globals, 4 P
gc 3997 @74.464s 5%: 0.053+1.7+0.030 ms clock, 0.21+1.9/1.0/0.10+0.12 ms cpu, 122->132->112 MB, 122 MB goal, 0 MB stacks, 0 MB globals, 4 P
gc 3998 @74.467s 5%: 0.68+1.6+0.080 ms clock, 2.7+1.3/1.4/0+0.32 ms cpu, 112->122->122 MB, 112 MB goal, 0 MB stacks, 0 MB globals, 4 P
gc 3999 @74.470s 5%: 0.38+3.2+0.016 ms clock, 1.5+1.8/1.5/0.18+0.064 ms cpu, 132->132->112 MB, 143 MB goal, 0 MB stacks, 0 MB globals, 4 P
gc 4000 @74.477s 5%: 0.32+1.6+0.028 ms clock, 1.2+1.7/0.98/0+0.11 ms cpu, 142->142->112 MB, 143 MB goal, 0 MB stacks, 0 MB globals, 4 P
gc 4001 @74.487s 5%: 0.13+1.2+0.004 ms clock, 0.54+1.1/1.1/0.64+0.018 ms cpu, 142->142->102 MB, 143 MB goal, 0 MB stacks, 0 MB globals, 4 P
gc 4002 @74.491s 5%: 0.057+1.2+0.002 ms clock, 0.23+0.24/1.1/1.8+0.011 ms cpu, 112->112->102 MB, 118 MB goal, 0 MB stacks, 0 MB globals, 4 P
gc 4003 @75.041s 5%: 0.081+1.2+0.005 ms clock, 0.32+1.0/1.1/2.0+0.022 ms cpu, 102->102->102 MB, 105 MB goal, 0 MB stacks, 0 MB globals, 4 P
gc 4004 @75.045s 5%: 0.11+2.9+0.030 ms clock, 0.46+0.11/2.4/2.6+0.12 ms cpu, 112->112->112 MB, 118 MB goal, 0 MB stacks, 0 MB globals, 4 P
gc 4005 @75.115s 5%: 0.65+2.2+0.005 ms clock, 2.6+2.7/2.1/0.053+0.020 ms cpu, 132->132->122 MB, 112 MB goal, 0 MB stacks, 0 MB globals, 4 P
gc 4006 @75.119s 5%: 0.41+2.0+0.048 ms clock, 1.6+2.0/1.1/0+0.19 ms cpu, 122->132->112 MB, 122 MB goal, 0 MB stacks, 0 MB globals, 4 P
gc 4007 @75.121s 5%: 0.44+3.4+0.024 ms clock, 1.7+0.16/3.1/1.9+0.098 ms cpu, 112->122->122 MB, 130 MB goal, 0 MB stacks, 0 MB globals, 4 P
gc 4008 @75.131s 5%: 0.059+1.1+0.004 ms clock, 0.23+0.053/1.0/1.9+0.017 ms cpu, 132->132->102 MB, 129 MB goal, 0 MB stacks, 0 MB globals, 4 P
gc 4009 @75.139s 5%: 0.085+1.0+0.004 ms clock, 0.34+0.17/0.85/2.3+0.017 ms cpu, 122->122->102 MB, 130 MB goal, 0 MB stacks, 0 MB globals, 4 P
gc 4010 @75.170s 5%: 0.059+1.0+0.004 ms clock, 0.23+1.0/0.98/1.6+0.016 ms cpu, 102->102->102 MB, 105 MB goal, 0 MB stacks, 0 MB globals, 4 P
gc 4011 @75.172s 5%: 0.099+4.0+0.005 ms clock, 0.39+0.085/1.2/1.8+0.020 ms cpu, 112->112->112 MB, 118 MB goal, 0 MB stacks, 0 MB globals, 4 P
gc 4012 @75.182s 5%: 0.24+1.7+0.063 ms clock, 0.98+1.0/1.0/0.98+0.25 ms cpu, 122->122->112 MB, 114 MB goal, 0 MB stacks, 0 MB globals, 4 P
gc 4013 @75.185s 5%: 0.099+3.6+0.030 ms clock, 0.39+0.13/1.2/3.4+0.12 ms cpu, 122->132->122 MB, 112 MB goal, 0 MB stacks, 0 MB globals, 4 P
gc 4014 @75.189s 5%: 0.059+2.1+0.026 ms clock, 0.23+2.8/1.5/0+0.10 ms cpu, 122->122->112 MB, 122 MB goal, 0 MB stacks, 0 MB globals, 4 P
gc 4015 @75.192s 5%: 0.11+3.9+0.005 ms clock, 0.44+2.5/3.9/0+0.020 ms cpu, 132->132->122 MB, 112 MB goal, 0 MB stacks, 0 MB globals, 4 P
gc 4016 @75.196s 5%: 0.028+1.2+0.002 ms clock, 0.11+1.5/1.0/0.16+0.011 ms cpu, 122->122->102 MB, 130 MB goal, 0 MB stacks, 0 MB globals, 4 P
gc 4017 @75.199s 5%: 0.072+0.89+0.002 ms clock, 0.29+0/0.76/1.8+0.011 ms cpu, 122->122->102 MB, 130 MB goal, 0 MB stacks, 0 MB globals, 4 P
gc 4018 @75.206s 5%: 0.049+0.82+0.003 ms clock, 0.19+0.67/0.73/1.3+0.012 ms cpu, 102->102->102 MB, 105 MB goal, 0 MB stacks, 0 MB globals, 4 P
gc 4019 @75.208s 5%: 0.56+1.4+0.069 ms clock, 2.2+0.074/0.93/1.7+0.27 ms cpu, 112->112->112 MB, 102 MB goal, 0 MB stacks, 0 MB globals, 4 P
gc 4020 @75.210s 5%: 0.57+1.6+0.014 ms clock, 2.2+0.85/0.97/1.1+0.059 ms cpu, 112->122->122 MB, 114 MB goal, 0 MB stacks, 0 MB globals, 4 P
gc 4021 @75.215s 5%: 0.041+0.96+0.002 ms clock, 0.16+0.15/0.92/2.1+0.010 ms cpu, 122->122->102 MB, 122 MB goal, 0 MB stacks, 0 MB globals, 4 P
gc 4022 @75.237s 5%: 0.071+1.2+0.004 ms clock, 0.28+2.5/1.0/0+0.018 ms cpu, 102->102->102 MB, 105 MB goal, 0 MB stacks, 0 MB globals, 4 P
gc 4023 @75.238s 5%: 0.17+2.6+0.57 ms clock, 0.71+1.7/1.8/0+2.3 ms cpu, 102->132->132 MB, 102 MB goal, 0 MB stacks, 0 MB globals, 4 P
gc 4024 @75.242s 5%: 0.63+3.0+0.040 ms clock, 2.5+2.0/2.2/0.035+0.16 ms cpu, 132->142->142 MB, 143 MB goal, 0 MB stacks, 0 MB globals, 4 P
gc 4025 @75.248s 5%: 0.45+2.5+0.054 ms clock, 1.8+2.0/1.6/0+0.21 ms cpu, 162->162->132 MB, 142 MB goal, 0 MB stacks, 0 MB globals, 4 P
gc 4026 @75.252s 5%: 0.046+2.3+0.035 ms clock, 0.18+1.8/1.4/0.47+0.14 ms cpu, 132->142->132 MB, 143 MB goal, 0 MB stacks, 0 MB globals, 4 P
gc 4027 @75.257s 5%: 0.45+1.7+0.058 ms clock, 1.8+1.7/1.0/0.10+0.23 ms cpu, 152->152->122 MB, 134 MB goal, 0 MB stacks, 0 MB globals, 4 P
gc 4028 @75.262s 5%: 0.52+2.9+0.037 ms clock, 2.1+2.5/1.5/0+0.15 ms cpu, 142->152->122 MB, 155 MB goal, 0 MB stacks, 0 MB globals, 4 P
gc 4029 @75.271s 5%: 0.10+1.4+0.035 ms clock, 0.40+2.0/1.1/0+0.14 ms cpu, 162->162->112 MB, 150 MB goal, 0 MB stacks, 0 MB globals, 4 P
gc 4030 @75.274s 5%: 0.10+5.6+0.005 ms clock, 0.43+2.2/5.6/0.090+0.022 ms cpu, 132->152->132 MB, 134 MB goal, 0 MB stacks, 0 MB globals, 4 P
gc 4031 @75.280s 5%: 0.11+2.0+0.062 ms clock, 0.45+2.1/1.8/0.025+0.24 ms cpu, 142->142->112 MB, 155 MB goal, 0 MB stacks, 0 MB globals, 4 P
gc 4032 @75.285s 5%: 0.66+2.6+0.034 ms clock, 2.6+1.8/1.8/0+0.13 ms cpu, 152->152->112 MB, 155 MB goal, 0 MB stacks, 0 MB globals, 4 P
gc 4033 @75.289s 5%: 0.10+2.0+0.23 ms clock, 0.42+1.7/1.2/0.18+0.95 ms cpu, 132->152->132 MB, 134 MB goal, 0 MB stacks, 0 MB globals, 4 P
gc 4034 @75.298s 5%: 0.066+1.0+0.004 ms clock, 0.26+0.089/0.92/1.6+0.017 ms cpu, 142->142->102 MB, 143 MB goal, 0 MB stacks, 0 MB globals, 4 P
gc 4035 @75.302s 5%: 0.067+1.2+0.003 ms clock, 0.26+1.1/1.1/0.98+0.015 ms cpu, 102->102->102 MB, 105 MB goal, 0 MB stacks, 0 MB globals, 4 P
gc 4036 @75.304s 5%: 0.10+2.3+0.029 ms clock, 0.43+0.093/1.0/2.1+0.11 ms cpu, 112->112->112 MB, 118 MB goal, 0 MB stacks, 0 MB globals, 4 P
gc 4037 @75.310s 5%: 0.33+1.6+0.030 ms clock, 1.3+2.0/1.0/0+0.12 ms cpu, 122->122->112 MB, 114 MB goal, 0 MB stacks, 0 MB globals, 4 P
gc 4038 @75.312s 5%: 0.65+1.8+0.37 ms clock, 2.6+1.7/1.0/0.010+1.4 ms cpu, 112->132->122 MB, 112 MB goal, 0 MB stacks, 0 MB globals, 4 P
gc 4039 @75.315s 5%: 0.59+2.6+0.033 ms clock, 2.3+2.4/1.9/0+0.13 ms cpu, 122->132->132 MB, 122 MB goal, 0 MB stacks, 0 MB globals, 4 P
gc 4040 @75.319s 5%: 0.66+2.3+0.18 ms clock, 2.6+1.3/1.5/0+0.74 ms cpu, 132->162->142 MB, 149 MB goal, 0 MB stacks, 0 MB globals, 4 P
gc 4041 @75.326s 5%: 0.11+2.5+0.050 ms clock, 0.47+0.25/2.4/1.9+0.20 ms cpu, 152->152->112 MB, 155 MB goal, 0 MB stacks, 0 MB globals, 4 P
gc 4042 @75.329s 5%: 0.055+1.2+0.004 ms clock, 0.22+0.40/1.0/2.4+0.018 ms cpu, 112->112->102 MB, 118 MB goal, 0 MB stacks, 0 MB globals, 4 P
gc 4043 @75.346s 5%: 0.17+1.5+0.005 ms clock, 0.69+1.6/1.4/1.0+0.023 ms cpu, 132->132->102 MB, 104 MB goal, 0 MB stacks, 0 MB globals, 4 P
gc 4044 @75.349s 5%: 0.23+2.2+0.60 ms clock, 0.95+0.97/1.9/1.0+2.4 ms cpu, 122->122->122 MB, 114 MB goal, 0 MB stacks, 0 MB globals, 4 P
gc 4045 @75.352s 5%: 0.14+1.8+0.029 ms clock, 0.57+0.092/1.2/2.3+0.11 ms cpu, 132->132->112 MB, 122 MB goal, 0 MB stacks, 0 MB globals, 4 P
gc 4046 @75.355s 5%: 0.12+3.0+0.028 ms clock, 0.49+0.089/1.9/1.7+0.11 ms cpu, 122->122->122 MB, 130 MB goal, 0 MB stacks, 0 MB globals, 4 P
gc 4047 @75.378s 5%: 0.74+1.8+0.036 ms clock, 2.9+1.1/1.1/1.1+0.14 ms cpu, 132->132->112 MB, 129 MB goal, 0 MB stacks, 0 MB globals, 4 P
gc 4048 @75.384s 5%: 0.15+1.9+0.032 ms clock, 0.62+1.8/1.3/0.76+0.13 ms cpu, 132->132->112 MB, 129 MB goal, 0 MB stacks, 0 MB globals, 4 P
gc 4049 @75.387s 5%: 0.21+4.8+0.032 ms clock, 0.84+0.072/2.0/1.3+0.13 ms cpu, 132->142->132 MB, 143 MB goal, 0 MB stacks, 0 MB globals, 4 P
gc 4050 @75.401s 5%: 0.065+1.2+0.004 ms clock, 0.26+0/0.97/2.9+0.017 ms cpu, 142->142->102 MB, 143 MB goal, 0 MB stacks, 0 MB globals, 4 P
gc 4051 @75.404s 5%: 0.11+1.9+0.027 ms clock, 0.45+1.1/1.1/1.1+0.11 ms cpu, 112->122->122 MB, 114 MB goal, 0 MB stacks, 0 MB globals, 4 P
gc 4052 @75.407s 5%: 0.077+2.6+0.048 ms clock, 0.31+0.92/2.1/2.7+0.19 ms cpu, 122->122->112 MB, 130 MB goal, 0 MB stacks, 0 MB globals, 4 P
gc 4053 @75.417s 5%: 0.79+2.0+0.035 ms clock, 3.1+1.2/1.2/1.1+0.14 ms cpu, 142->142->112 MB, 119 MB goal, 0 MB stacks, 0 MB globals, 4 P
gc 4054 @75.429s 5%: 0.10+1.3+0.005 ms clock, 0.43+1.8/1.1/0+0.020 ms cpu, 132->132->102 MB, 129 MB goal, 0 MB stacks, 0 MB globals, 4 P
gc 4055 @75.431s 5%: 0.64+2.8+0.023 ms clock, 2.5+1.3/1.8/0.032+0.093 ms cpu, 132->132->132 MB, 129 MB goal, 0 MB stacks, 0 MB globals, 4 P
gc 4056 @75.440s 5%: 0.064+1.1+0.005 ms clock, 0.25+2.0/1.0/0+0.020 ms cpu, 142->142->102 MB, 132 MB goal, 0 MB stacks, 0 MB globals, 4 P
gc 4057 @75.441s 5%: 0.61+4.7+0.048 ms clock, 2.4+0.91/3.1/0+0.19 ms cpu, 122->142->142 MB, 143 MB goal, 0 MB stacks, 0 MB globals, 4 P
gc 4058 @75.450s 5%: 0.11+1.7+0.033 ms clock, 0.47+1.3/1.5/0+0.13 ms cpu, 152->152->112 MB, 142 MB goal, 0 MB stacks, 0 MB globals, 4 P
gc 4059 @75.454s 5%: 0.058+1.2+0.004 ms clock, 0.23+0.25/1.0/2.8+0.018 ms cpu, 122->122->102 MB, 130 MB goal, 0 MB stacks, 0 MB globals, 4 P
gc 4060 @75.466s 5%: 0.050+1.3+0.005 ms clock, 0.20+1.6/0.92/0.79+0.020 ms cpu, 102->102->102 MB, 105 MB goal, 0 MB stacks, 0 MB globals, 4 P
gc 4061 @75.468s 5%: 0.11+2.7+0.056 ms clock, 0.46+2.1/2.0/0+0.22 ms cpu, 122->122->122 MB, 102 MB goal, 0 MB stacks, 0 MB globals, 4 P
gc 4062 @75.479s 5%: 0.11+1.3+0.003 ms clock, 0.47+2.1/1.1/0.037+0.015 ms cpu, 122->122->102 MB, 122 MB goal, 0 MB stacks, 0 MB globals, 4 P
gc 4063 @75.481s 5%: 0.58+2.5+0.061 ms clock, 2.3+1.8/1.7/0+0.24 ms cpu, 132->142->142 MB, 102 MB goal, 0 MB stacks, 0 MB globals, 4 P
gc 4064 @75.485s 5%: 0.59+2.6+0.035 ms clock, 2.3+2.0/1.9/0+0.14 ms cpu, 142->152->132 MB, 142 MB goal, 0 MB stacks, 0 MB globals, 4 P
gc 4065 @75.490s 5%: 0.40+1.2+0.058 ms clock, 1.6+1.7/0.91/0+0.23 ms cpu, 152->152->132 MB, 132 MB goal, 0 MB stacks, 0 MB globals, 4 P
gc 4066 @75.492s 5%: 0.39+1.9+0.052 ms clock, 1.5+1.2/1.2/0+0.20 ms cpu, 132->142->132 MB, 132 MB goal, 0 MB stacks, 0 MB globals, 4 P
gc 4067 @75.494s 5%: 0.60+4.2+0.004 ms clock, 2.4+1.7/4.1/0+0.019 ms cpu, 132->152->122 MB, 132 MB goal, 0 MB stacks, 0 MB globals, 4 P
gc 4068 @75.500s 5%: 0.031+1.3+0.002 ms clock, 0.12+0.72/1.2/1.7+0.011 ms cpu, 122->122->102 MB, 130 MB goal, 0 MB stacks, 0 MB globals, 4 P
gc 4069 @76.121s 5%: 0.81+1.9+0.061 ms clock, 3.2+1.5/1.6/1.5+0.24 ms cpu, 122->122->112 MB, 130 MB goal, 0 MB stacks, 0 MB globals, 4 P
gc 4070 @76.129s 5%: 0.13+2.1+0.039 ms clock, 0.55+1.1/1.1/1.0+0.15 ms cpu, 142->142->112 MB, 119 MB goal, 0 MB stacks, 0 MB globals, 4 P
gc 4071 @76.137s 5%: 0.069+1.2+0.004 ms clock, 0.27+0/1.0/1.5+0.017 ms cpu, 132->132->102 MB, 129 MB goal, 0 MB stacks, 0 MB globals, 4 P
gc 4072 @76.140s 5%: 0.036+1.0+0.003 ms clock, 0.14+0.87/0.89/1.7+0.012 ms cpu, 102->102->102 MB, 105 MB goal, 0 MB stacks, 0 MB globals, 4 P
gc 4073 @76.141s 5%: 0.12+1.5+0.066 ms clock, 0.51+0.081/0.94/1.7+0.26 ms cpu, 112->112->112 MB, 102 MB goal, 0 MB stacks, 0 MB globals, 4 P
gc 4074 @76.144s 5%: 0.49+1.6+0.029 ms clock, 1.9+0.10/1.1/2.1+0.11 ms cpu, 112->112->112 MB, 118 MB goal, 0 MB stacks, 0 MB globals, 4 P
gc 4075 @76.182s 5%: 0.070+0.97+0.005 ms clock, 0.28+0.14/0.86/2.0+0.020 ms cpu, 122->122->102 MB, 115 MB goal, 0 MB stacks, 0 MB globals, 4 P
gc 4076 @76.186s 5%: 0.059+1.0+0.003 ms clock, 0.23+0.83/0.85/1.5+0.013 ms cpu, 102->102->102 MB, 105 MB goal, 0 MB stacks, 0 MB globals, 4 P
gc 4077 @76.187s 5%: 0.13+2.6+0.023 ms clock, 0.54+0.65/1.7/2.4+0.094 ms cpu, 112->112->112 MB, 118 MB goal, 0 MB stacks, 0 MB globals, 4 P
gc 4078 @76.192s 5%: 0.10+1.8+0.70 ms clock, 0.40+0.14/1.1/2.0+2.8 ms cpu, 122->132->122 MB, 112 MB goal, 0 MB stacks, 0 MB globals, 4 P
gc 4079 @76.195s 5%: 0.087+4.8+0.23 ms clock, 0.35+1.0/3.4/0+0.93 ms cpu, 122->132->122 MB, 122 MB goal, 0 MB stacks, 0 MB globals, 4 P
gc 4080 @76.201s 5%: 0.72+2.2+0.003 ms clock, 2.8+2.2/2.0/0+0.014 ms cpu, 122->132->122 MB, 122 MB goal, 0 MB stacks, 0 MB globals, 4 P
gc 4081 @76.204s 5%: 0.50+2.9+0.14 ms clock, 2.0+1.8/1.7/0+0.58 ms cpu, 132->142->122 MB, 122 MB goal, 0 MB stacks, 0 MB globals, 4 P
gc 4082 @76.208s 5%: 0.63+1.7+0.002 ms clock, 2.5+0.45/1.5/1.5+0.011 ms cpu, 122->122->112 MB, 130 MB goal, 0 MB stacks, 0 MB globals, 4 P
gc 4083 @76.221s 5%: 0.098+0.97+0.003 ms clock, 0.39+0.21/0.92/2.1+0.014 ms cpu, 132->132->102 MB, 129 MB goal, 0 MB stacks, 0 MB globals, 4 P
gc 4084 @76.246s 5%: 0.12+1.1+0.028 ms clock, 0.48+2.6/0.96/0+0.11 ms cpu, 102->102->102 MB, 105 MB goal, 0 MB stacks, 0 MB globals, 4 P
gc 4085 @76.248s 5%: 0.63+3.4+0.32 ms clock, 2.5+2.1/2.2/0+1.2 ms cpu, 122->132->132 MB, 102 MB goal, 0 MB stacks, 0 MB globals, 4 P
gc 4086 @76.253s 5%: 0.63+2.0+0.005 ms clock, 2.5+1.8/1.6/0+0.022 ms cpu, 132->132->112 MB, 132 MB goal, 0 MB stacks, 0 MB globals, 4 P
gc 4087 @76.255s 5%: 0.15+3.4+0.044 ms clock, 0.60+1.9/3.2/0.035+0.17 ms cpu, 122->142->132 MB, 112 MB goal, 0 MB stacks, 0 MB globals, 4 P
gc 4088 @76.260s 5%: 0.045+1.4+0.003 ms clock, 0.18+3.0/1.1/0+0.012 ms cpu, 132->132->102 MB, 155 MB goal, 0 MB stacks, 0 MB globals, 4 P
gc 4089 @76.263s 5%: 0.37+3.8+0.016 ms clock, 1.5+0.32/2.2/3.1+0.065 ms cpu, 142->152->122 MB, 155 MB goal, 0 MB stacks, 0 MB globals, 4 P
gc 4090 @76.269s 5%: 0.64+4.6+0.028 ms clock, 2.5+0.13/1.9/0+0.11 ms cpu, 152->162->152 MB, 149 MB goal, 0 MB stacks, 0 MB globals, 4 P
gc 4091 @76.275s 5%: 0.63+5.6+0.004 ms clock, 2.5+1.4/1.9/0.31+0.016 ms cpu, 162->172->132 MB, 152 MB goal, 0 MB stacks, 0 MB globals, 4 P
gc 4092 @76.281s 5%: 0.13+1.6+0.061 ms clock, 0.54+1.4/1.4/0+0.24 ms cpu, 152->152->122 MB, 155 MB goal, 0 MB stacks, 0 MB globals, 4 P
gc 4093 @76.286s 5%: 0.77+2.4+0.35 ms clock, 3.1+1.4/1.6/0+1.4 ms cpu, 162->162->132 MB, 149 MB goal, 0 MB stacks, 0 MB globals, 4 P
gc 4094 @76.290s 5%: 0.44+5.4+0.081 ms clock, 1.7+0.11/2.0/0+0.32 ms cpu, 152->162->152 MB, 149 MB goal, 0 MB stacks, 0 MB globals, 4 P
gc 4095 @76.296s 5%: 0.075+1.5+0.074 ms clock, 0.30+1.5/0.89/0+0.29 ms cpu, 162->182->132 MB, 179 MB goal, 0 MB stacks, 0 MB globals, 4 P
gc 4096 @76.319s 5%: 0.20+2.4+0.037 ms clock, 0.83+1.3/1.5/0.095+0.14 ms cpu, 172->182->132 MB, 180 MB goal, 0 MB stacks, 0 MB globals, 4 P
gc 4097 @76.325s 5%: 0.066+1.2+0.003 ms clock, 0.26+1.3/1.0/0.66+0.014 ms cpu, 142->142->102 MB, 143 MB goal, 0 MB stacks, 0 MB globals, 4 P
gc 4098 @76.328s 5%: 0.11+2.0+0.047 ms clock, 0.47+0.065/1.9/1.0+0.19 ms cpu, 132->132->122 MB, 143 MB goal, 0 MB stacks, 0 MB globals, 4 P
gc 4099 @76.334s 5%: 0.31+9.6+0.006 ms clock, 1.2+0/1.3/10+0.024 ms cpu, 142->142->102 MB, 143 MB goal, 0 MB stacks, 0 MB globals, 4 P
gc 4100 @76.353s 5%: 0.10+1.3+0.004 ms clock, 0.42+1.3/1.2/1.2+0.016 ms cpu, 132->132->112 MB, 143 MB goal, 0 MB stacks, 0 MB globals, 4 P
gc 4101 @76.357s 5%: 0.047+1.1+0.003 ms clock, 0.18+0.22/1.1/2.5+0.012 ms cpu, 122->122->102 MB, 130 MB goal, 0 MB stacks, 0 MB globals, 4 P
gc 4102 @76.360s 5%: 0.58+2.2+0.040 ms clock, 2.3+0.21/1.5/1.2+0.16 ms cpu, 122->122->112 MB, 114 MB goal, 0 MB stacks, 0 MB globals, 4 P
gc 4103 @76.384s 5%: 0.17+1.8+0.036 ms clock, 0.68+1.1/1.0/0.96+0.14 ms cpu, 122->122->112 MB, 114 MB goal, 0 MB stacks, 0 MB globals, 4 P
gc 4104 @76.387s 5%: 0.10+2.0+0.097 ms clock, 0.43+0.18/1.5/1.6+0.39 ms cpu, 122->132->122 MB, 129 MB goal, 0 MB stacks, 0 MB globals, 4 P
gc 4105 @76.393s 5%: 0.10+3.3+0.034 ms clock, 0.43+1.7/1.0/0.90+0.13 ms cpu, 132->142->112 MB, 122 MB goal, 0 MB stacks, 0 MB globals, 4 P
gc 4106 @76.405s 5%: 0.10+1.0+0.004 ms clock, 0.41+0.91/0.97/1.5+0.018 ms cpu, 132->132->102 MB, 129 MB goal, 0 MB stacks, 0 MB globals, 4 P
gc 4107 @76.408s 5%: 0.059+0.96+0.003 ms clock, 0.23+0.20/0.89/2.0+0.014 ms cpu, 112->112->102 MB, 118 MB goal, 0 MB stacks, 0 MB globals, 4 P
gc 4108 @76.410s 5%: 0.047+0.85+0.002 ms clock, 0.19+0.74/0.80/1.4+0.011 ms cpu, 102->102->102 MB, 105 MB goal, 0 MB stacks, 0 MB globals, 4 P
gc 4109 @76.411s 5%: 0.11+2.5+0.061 ms clock, 0.46+0.073/1.2/2.2+0.24 ms cpu, 112->112->112 MB, 118 MB goal, 0 MB stacks, 0 MB globals, 4 P
gc 4110 @76.420s 5%: 0.039+1.1+0.002 ms clock, 0.15+0.14/1.0/1.8+0.011 ms cpu, 122->122->102 MB, 114 MB goal, 0 MB stacks, 0 MB globals, 4 P
gc 4111 @76.422s 5%: 0.098+3.1+0.028 ms clock, 0.39+0.074/1.9/1.3+0.11 ms cpu, 122->132->132 MB, 129 MB goal, 0 MB stacks, 0 MB globals, 4 P
gc 4112 @76.428s 5%: 0.038+0.94+0.003 ms clock, 0.15+0.16/0.89/1.9+0.014 ms cpu, 132->132->102 MB, 132 MB goal, 0 MB stacks, 0 MB globals, 4 P
gc 4113 @76.436s 5%: 0.11+1.3+0.029 ms clock, 0.47+0/1.0/2.0+0.11 ms cpu, 122->122->112 MB, 130 MB goal, 0 MB stacks, 0 MB globals, 4 P
gc 4114 @76.441s 5%: 0.12+1.1+0.008 ms clock, 0.50+2.3/0.93/0+0.034 ms cpu, 112->112->102 MB, 118 MB goal, 0 MB stacks, 0 MB globals, 4 P
gc 4115 @76.442s 5%: 0.77+2.0+0.48 ms clock, 3.1+1.2/1.2/0+1.9 ms cpu, 122->132->132 MB, 104 MB goal, 0 MB stacks, 0 MB globals, 4 P
gc 4116 @76.446s 5%: 0.64+6.5+0.003 ms clock, 2.5+1.3/1.8/0.015+0.015 ms cpu, 132->152->142 MB, 134 MB goal, 0 MB stacks, 0 MB globals, 4 P
gc 4117 @76.453s 5%: 0.13+1.2+0.006 ms clock, 0.54+1.8/0.95/0+0.027 ms cpu, 142->142->102 MB, 143 MB goal, 0 MB stacks, 0 MB globals, 4 P
gc 4118 @76.456s 5%: 0.57+3.4+0.003 ms clock, 2.3+0.96/2.1/0+0.014 ms cpu, 132->132->122 MB, 143 MB goal, 0 MB stacks, 0 MB globals, 4 P
gc 4119 @76.482s 5%: 0.14+2.2+0.033 ms clock, 0.57+1.7/2.1/1.8+0.13 ms cpu, 152->152->112 MB, 134 MB goal, 0 MB stacks, 0 MB globals, 4 P
gc 4120 @76.488s 5%: 0.093+1.2+0.003 ms clock, 0.37+2.1/1.0/0.61+0.013 ms cpu, 112->112->102 MB, 118 MB goal, 0 MB stacks, 0 MB globals, 4 P
gc 4121 @76.489s 5%: 0.71+2.9+0.65 ms clock, 2.8+2.0/1.9/0+2.6 ms cpu, 122->132->132 MB, 104 MB goal, 0 MB stacks, 0 MB globals, 4 P
gc 4122 @76.495s 5%: 0.13+6.0+0.070 ms clock, 0.52+2.8/1.5/0.006+0.28 ms cpu, 132->142->132 MB, 132 MB goal, 0 MB stacks, 0 MB globals, 4 P
gc 4123 @76.501s 5%: 0.14+1.4+0.029 ms clock, 0.56+2.1/1.2/0+0.11 ms cpu, 142->142->112 MB, 132 MB goal, 0 MB stacks, 0 MB globals, 4 P
gc 4124 @76.503s 5%: 0.22+2.3+0.056 ms clock, 0.90+1.7/2.1/0+0.22 ms cpu, 112->142->132 MB, 112 MB goal, 0 MB stacks, 0 MB globals, 4 P
gc 4125 @76.507s 5%: 0.59+2.6+0.050 ms clock, 2.3+2.1/1.5/0.016+0.20 ms cpu, 132->152->122 MB, 132 MB goal, 0 MB stacks, 0 MB globals, 4 P
gc 4126 @76.513s 5%: 0.29+1.0+0.003 ms clock, 1.1+0.18/0.98/2.0+0.012 ms cpu, 122->122->102 MB, 122 MB goal, 0 MB stacks, 0 MB globals, 4 P
gc 4127 @77.056s 5%: 0.082+0.91+0.004 ms clock, 0.32+0.75/0.82/1.4+0.016 ms cpu, 102->102->102 MB, 105 MB goal, 0 MB stacks, 0 MB globals, 4 P
gc 4128 @77.057s 5%: 0.21+2.1+0.043 ms clock, 0.85+0.23/1.6/1.7+0.17 ms cpu, 112->112->112 MB, 118 MB goal, 0 MB stacks, 0 MB globals, 4 P
gc 4129 @77.126s 5%: 0.15+1.9+0.027 ms clock, 0.60+1.5/1.5/0.97+0.10 ms cpu, 122->122->112 MB, 114 MB goal, 0 MB stacks, 0 MB globals, 4 P
gc 4130 @77.130s 5%: 0.65+5.7+0.58 ms clock, 2.6+0.10/1.9/2.0+2.3 ms cpu, 122->142->142 MB, 119 MB goal, 0 MB stacks, 0 MB globals, 4 P
gc 4131 @77.142s 5%: 0.045+1.1+0.004 ms clock, 0.18+1.4/1.0/0.83+0.018 ms cpu, 142->142->112 MB, 142 MB goal, 0 MB stacks, 0 MB globals, 4 P
gc 4132 @77.143s 5%: 0.12+2.1+0.033 ms clock, 0.50+0.090/1.6/1.3+0.13 ms cpu, 132->132->122 MB, 143 MB goal, 0 MB stacks, 0 MB globals, 4 P
gc 4133 @77.185s 5%: 0.068+1.1+0.004 ms clock, 0.27+0.13/1.0/1.6+0.016 ms cpu, 142->142->102 MB, 143 MB goal, 0 MB stacks, 0 MB globals, 4 P
gc 4134 @77.193s 5%: 0.036+0.99+0.004 ms clock, 0.14+0.76/0.92/1.5+0.016 ms cpu, 102->102->102 MB, 105 MB goal, 0 MB stacks, 0 MB globals, 4 P
gc 4135 @77.195s 5%: 0.52+1.8+0.036 ms clock, 2.0+0.075/1.0/2.0+0.14 ms cpu, 112->112->112 MB, 102 MB goal, 0 MB stacks, 0 MB globals, 4 P
gc 4136 @77.198s 5%: 0.090+1.6+0.004 ms clock, 0.36+1.1/1.5/0.63+0.019 ms cpu, 112->112->112 MB, 118 MB goal, 0 MB stacks, 0 MB globals, 4 P
gc 4137 @77.201s 5%: 0.11+1.6+0.025 ms clock, 0.44+0.99/0.96/0.99+0.10 ms cpu, 122->122->112 MB, 115 MB goal, 0 MB stacks, 0 MB globals, 4 P
gc 4138 @77.204s 5%: 0.57+2.4+0.14 ms clock, 2.3+1.1/1.2/0.38+0.56 ms cpu, 122->122->112 MB, 114 MB goal, 0 MB stacks, 0 MB globals, 4 P
gc 4139 @77.208s 5%: 0.49+3.0+0.30 ms clock, 1.9+2.0/1.3/0+1.2 ms cpu, 132->132->122 MB, 112 MB goal, 0 MB stacks, 0 MB globals, 4 P
gc 4140 @77.212s 5%: 0.10+1.2+0.003 ms clock, 0.42+2.0/1.1/0.31+0.014 ms cpu, 122->122->102 MB, 122 MB goal, 0 MB stacks, 0 MB globals, 4 P
gc 4141 @77.214s 5%: 0.058+2.3+0.037 ms clock, 0.23+0.060/2.0/2.1+0.15 ms cpu, 122->122->122 MB, 130 MB goal, 0 MB stacks, 0 MB globals, 4 P
gc 4142 @77.218s 5%: 0.53+1.0+0.056 ms clock, 2.1+0.14/0.89/1.5+0.22 ms cpu, 132->132->112 MB, 129 MB goal, 0 MB stacks, 0 MB globals, 4 P
gc 4143 @77.221s 5%: 0.51+1.3+0.003 ms clock, 2.0+1.0/1.0/0+0.014 ms cpu, 112->112->112 MB, 118 MB goal, 0 MB stacks, 0 MB globals, 4 P
gc 4144 @77.224s 5%: 0.12+1.5+0.031 ms clock, 0.48+0.27/1.2/1.1+0.12 ms cpu, 122->122->112 MB, 130 MB goal, 0 MB stacks, 0 MB globals, 4 P
gc 4145 @77.256s 5%: 0.22+3.5+0.59 ms clock, 0.91+1.5/1.6/0.80+2.3 ms cpu, 132->142->122 MB, 119 MB goal, 0 MB stacks, 0 MB globals, 4 P
gc 4146 @77.261s 5%: 0.67+2.2+0.006 ms clock, 2.7+1.4/1.5/0+0.025 ms cpu, 122->122->112 MB, 130 MB goal, 0 MB stacks, 0 MB globals, 4 P
gc 4147 @77.267s 5%: 0.82+2.2+0.008 ms clock, 3.3+2.0/1.0/0+0.032 ms cpu, 152->152->122 MB, 112 MB goal, 0 MB stacks, 0 MB globals, 4 P
gc 4148 @77.271s 5%: 0.28+2.4+0.051 ms clock, 1.1+3.0/1.5/0+0.20 ms cpu, 122->142->122 MB, 122 MB goal, 0 MB stacks, 0 MB globals, 4 P
gc 4149 @77.275s 5%: 0.72+3.9+0.078 ms clock, 2.9+2.1/1.2/0+0.31 ms cpu, 142->142->132 MB, 122 MB goal, 0 MB stacks, 0 MB globals, 4 P
gc 4150 @77.281s 5%: 0.080+2.5+0.032 ms clock, 0.32+3.2/1.5/0.060+0.12 ms cpu, 132->142->112 MB, 132 MB goal, 0 MB stacks, 0 MB globals, 4 P
gc 4151 @77.286s 5%: 0.75+1.2+0.062 ms clock, 3.0+2.8/1.0/0+0.24 ms cpu, 142->142->122 MB, 119 MB goal, 0 MB stacks, 0 MB globals, 4 P
gc 4152 @77.289s 5%: 0.71+2.9+0.53 ms clock, 2.8+1.7/1.3/0+2.1 ms cpu, 122->152->132 MB, 155 MB goal, 0 MB stacks, 0 MB globals, 4 P
gc 4153 @77.296s 5%: 0.21+1.6+0.079 ms clock, 0.86+1.4/1.3/0+0.31 ms cpu, 152->152->122 MB, 155 MB goal, 0 MB stacks, 0 MB globals, 4 P
gc 4154 @77.300s 5%: 0.68+2.2+0.49 ms clock, 2.7+2.3/1.9/0.008+1.9 ms cpu, 162->162->112 MB, 168 MB goal, 0 MB stacks, 0 MB globals, 4 P
gc 4155 @77.307s 5%: 0.66+2.6+0.043 ms clock, 2.6+0.17/2.2/1.2+0.17 ms cpu, 172->172->122 MB, 180 MB goal, 0 MB stacks, 0 MB globals, 4 P
gc 4156 @77.312s 5%: 0.034+1.2+0.002 ms clock, 0.13+0.95/1.0/1.7+0.011 ms cpu, 122->122->102 MB, 130 MB goal, 0 MB stacks, 0 MB globals, 4 P
gc 4157 @77.317s 5%: 0.055+1.2+0.002 ms clock, 0.22+0.40/1.1/2.2+0.011 ms cpu, 112->112->102 MB, 118 MB goal, 0 MB stacks, 0 MB globals, 4 P
gc 4158 @77.323s 5%: 0.62+1.4+0.030 ms clock, 2.5+1.2/1.3/0.53+0.12 ms cpu, 122->122->112 MB, 114 MB goal, 0 MB stacks, 0 MB globals, 4 P
gc 4159 @77.326s 5%: 0.30+3.3+0.031 ms clock, 1.2+1.0/2.1/1.2+0.12 ms cpu, 122->132->122 MB, 129 MB goal, 0 MB stacks, 0 MB globals, 4 P
gc 4160 @77.342s 5%: 0.095+0.88+0.003 ms clock, 0.38+1.4/0.79/0.59+0.014 ms cpu, 142->142->122 MB, 122 MB goal, 0 MB stacks, 0 MB globals, 4 P
gc 4161 @77.343s 5%: 0.11+3.8+0.006 ms clock, 0.45+2.3/3.4/0+0.026 ms cpu, 142->142->112 MB, 122 MB goal, 0 MB stacks, 0 MB globals, 4 P
gc 4162 @77.353s 5%: 0.41+1.3+0.004 ms clock, 1.6+1.3/1.0/1.0+0.018 ms cpu, 142->142->112 MB, 119 MB goal, 0 MB stacks, 0 MB globals, 4 P
gc 4163 @77.361s 5%: 0.058+1.1+0.004 ms clock, 0.23+1.1/1.0/0.73+0.016 ms cpu, 132->132->102 MB, 129 MB goal, 0 MB stacks, 0 MB globals, 4 P
gc 4164 @77.364s 5%: 0.042+1.0+0.027 ms clock, 0.16+0.25/0.85/2.2+0.10 ms cpu, 112->112->102 MB, 118 MB goal, 0 MB stacks, 0 MB globals, 4 P
gc 4165 @77.390s 5%: 0.31+2.0+0.005 ms clock, 1.2+1.4/1.6/1.8+0.022 ms cpu, 122->122->112 MB, 114 MB goal, 0 MB stacks, 0 MB globals, 4 P
gc 4166 @77.393s 5%: 0.15+3.1+0.003 ms clock, 0.60+2.3/2.8/0.19+0.014 ms cpu, 122->122->112 MB, 130 MB goal, 0 MB stacks, 0 MB globals, 4 P
gc 4167 @77.399s 5%: 0.61+1.7+0.027 ms clock, 2.4+1.8/1.0/0.069+0.11 ms cpu, 132->132->112 MB, 129 MB goal, 0 MB stacks, 0 MB globals, 4 P
gc 4168 @77.402s 5%: 0.49+2.7+0.004 ms clock, 1.9+0.18/2.3/1.1+0.017 ms cpu, 132->132->122 MB, 129 MB goal, 0 MB stacks, 0 MB globals, 4 P
gc 4169 @77.408s 5%: 0.041+1.0+0.005 ms clock, 0.16+0.14/0.99/2.5+0.020 ms cpu, 132->132->102 MB, 129 MB goal, 0 MB stacks, 0 MB globals, 4 P
gc 4170 @77.410s 5%: 0.058+1.1+0.002 ms clock, 0.23+1.1/1.0/2.0+0.011 ms cpu, 102->102->102 MB, 105 MB goal, 0 MB stacks, 0 MB globals, 4 P
gc 4171 @77.412s 5%: 0.12+1.5+0.039 ms clock, 0.49+0.17/1.3/1.6+0.15 ms cpu, 112->112->112 MB, 118 MB goal, 0 MB stacks, 0 MB globals, 4 P
gc 4172 @77.425s 5%: 0.22+1.3+0.006 ms clock, 0.90+2.1/1.1/0+0.025 ms cpu, 132->132->112 MB, 112 MB goal, 0 MB stacks, 0 MB globals, 4 P
gc 4173 @77.427s 5%: 0.079+1.6+0.005 ms clock, 0.31+2.2/1.3/0.38+0.023 ms cpu, 112->112->102 MB, 118 MB goal, 0 MB stacks, 0 MB globals, 4 P
gc 4174 @77.432s 5%: 0.52+2.3+0.003 ms clock, 2.0+2.1/2.3/0.19+0.015 ms cpu, 132->132->112 MB, 104 MB goal, 0 MB stacks, 0 MB globals, 4 P
gc 4175 @77.436s 5%: 0.10+1.4+0.003 ms clock, 0.43+0.94/1.2/1.4+0.012 ms cpu, 112->112->102 MB, 118 MB goal, 0 MB stacks, 0 MB globals, 4 P
gc 4176 @77.442s 5%: 0.27+1.6+0.005 ms clock, 1.0+0.16/1.5/1.9+0.022 ms cpu, 122->122->112 MB, 114 MB goal, 0 MB stacks, 0 MB globals, 4 P
gc 4177 @77.451s 5%: 0.086+1.1+0.041 ms clock, 0.34+0.15/0.92/2.4+0.16 ms cpu, 122->122->102 MB, 114 MB goal, 0 MB stacks, 0 MB globals, 4 P
gc 4178 @77.454s 5%: 0.078+1.3+0.006 ms clock, 0.31+1.2/1.1/1.3+0.024 ms cpu, 102->102->102 MB, 105 MB goal, 0 MB stacks, 0 MB globals, 4 P
gc 4179 @77.456s 5%: 0.57+4.2+0.031 ms clock, 2.2+2.4/2.9/0+0.12 ms cpu, 122->132->132 MB, 102 MB goal, 0 MB stacks, 0 MB globals, 4 P
gc 4180 @77.462s 5%: 0.59+1.8+0.55 ms clock, 2.3+1.5/1.6/0+2.2 ms cpu, 142->142->122 MB, 132 MB goal, 0 MB stacks, 0 MB globals, 4 P
gc 4181 @77.465s 5%: 0.20+1.7+0.057 ms clock, 0.82+1.3/1.4/0+0.23 ms cpu, 122->132->112 MB, 122 MB goal, 0 MB stacks, 0 MB globals, 4 P
gc 4182 @77.468s 5%: 0.58+3.5+0.054 ms clock, 2.3+0.36/2.3/0+0.21 ms cpu, 142->142->142 MB, 112 MB goal, 0 MB stacks, 0 MB globals, 4 P
gc 4183 @77.473s 5%: 0.057+1.7+0.003 ms clock, 0.23+1.3/1.6/1.3+0.014 ms cpu, 142->142->102 MB, 155 MB goal, 0 MB stacks, 0 MB globals, 4 P
gc 4184 @77.503s 5%: 0.39+2.1+0.026 ms clock, 1.5+0.20/1.6/1.3+0.10 ms cpu, 162->162->122 MB, 149 MB goal, 0 MB stacks, 0 MB globals, 4 P
gc 4185 @77.509s 5%: 0.051+1.8+0.043 ms clock, 0.20+1.9/1.0/0.74+0.17 ms cpu, 122->142->122 MB, 122 MB goal, 0 MB stacks, 0 MB globals, 4 P
gc 4186 @77.511s 5%: 0.63+6.8+0.037 ms clock, 2.5+1.2/1.9/0+0.15 ms cpu, 122->142->142 MB, 143 MB goal, 0 MB stacks, 0 MB globals, 4 P
gc 4187 @77.519s 5%: 0.63+1.9+0.29 ms clock, 2.5+1.1/1.1/0+1.1 ms cpu, 162->162->122 MB, 142 MB goal, 0 MB stacks, 0 MB globals, 4 P
gc 4188 @77.524s 5%: 0.098+1.2+0.004 ms clock, 0.39+0.19/1.1/2.0+0.017 ms cpu, 122->122->112 MB, 130 MB goal, 0 MB stacks, 0 MB globals, 4 P
gc 4189 @78.068s 5%: 0.084+1.0+0.004 ms clock, 0.33+0.23/0.98/2.3+0.019 ms cpu, 122->122->102 MB, 114 MB goal, 0 MB stacks, 0 MB globals, 4 P
gc 4190 @78.132s 5%: 0.11+1.1+0.73 ms clock, 0.45+0.25/1.0/2.5+2.9 ms cpu, 102->112->112 MB, 102 MB goal, 0 MB stacks, 0 MB globals, 4 P
gc 4191 @78.135s 5%: 0.10+2.4+0.070 ms clock, 0.42+2.0/2.0/0+0.28 ms cpu, 112->112->112 MB, 112 MB goal, 0 MB stacks, 0 MB globals, 4 P
gc 4192 @78.138s 5%: 0.13+2.1+0.026 ms clock, 0.53+0.042/1.5/1.3+0.10 ms cpu, 122->122->112 MB, 130 MB goal, 0 MB stacks, 0 MB globals, 4 P
gc 4193 @78.143s 5%: 0.16+7.5+0.006 ms clock, 0.65+0.16/3.1/1.8+0.024 ms cpu, 132->152->132 MB, 112 MB goal, 0 MB stacks, 0 MB globals, 4 P
gc 4194 @78.151s 5%: 0.043+2.0+0.034 ms clock, 0.17+0.93/1.0/1.2+0.13 ms cpu, 132->142->112 MB, 143 MB goal, 0 MB stacks, 0 MB globals, 4 P
gc 4195 @78.208s 5%: 0.11+1.1+0.003 ms clock, 0.44+0/1.0/2.7+0.015 ms cpu, 142->142->102 MB, 143 MB goal, 0 MB stacks, 0 MB globals, 4 P
gc 4196 @78.213s 5%: 0.085+1.1+0.004 ms clock, 0.34+2.9/1.1/0+0.018 ms cpu, 102->102->102 MB, 105 MB goal, 0 MB stacks, 0 MB globals, 4 P
gc 4197 @78.216s 5%: 0.18+3.0+0.43 ms clock, 0.74+2.2/2.2/0+1.7 ms cpu, 122->132->132 MB, 102 MB goal, 0 MB stacks, 0 MB globals, 4 P
gc 4198 @78.220s 5%: 0.56+3.1+0.030 ms clock, 2.2+1.4/1.8/0.030+0.12 ms cpu, 132->142->142 MB, 143 MB goal, 0 MB stacks, 0 MB globals, 4 P
gc 4199 @78.227s 5%: 1.3+2.8+0.34 ms clock, 5.3+1.6/1.7/0.17+1.3 ms cpu, 162->162->122 MB, 142 MB goal, 0 MB stacks, 0 MB globals, 4 P
gc 4200 @78.261s 5%: 0.081+1.0+0.003 ms clock, 0.32+0/0.92/2.5+0.013 ms cpu, 142->142->102 MB, 143 MB goal, 0 MB stacks, 0 MB globals, 4 P
gc 4201 @78.264s 5%: 0.082+2.3+0.031 ms clock, 0.33+1.5/1.5/1.5+0.12 ms cpu, 112->122->122 MB, 114 MB goal, 0 MB stacks, 0 MB globals, 4 P
gc 4202 @78.267s 5%: 0.66+2.4+0.023 ms clock, 2.6+1.1/2.1/2.5+0.094 ms cpu, 122->122->112 MB, 130 MB goal, 0 MB stacks, 0 MB globals, 4 P
gc 4203 @78.273s 5%: 0.60+2.1+0.54 ms clock, 2.4+2.0/1.2/0+2.1 ms cpu, 142->142->122 MB, 119 MB goal, 0 MB stacks, 0 MB globals, 4 P
gc 4204 @78.277s 5%: 0.66+2.1+0.038 ms clock, 2.6+2.2/1.2/0.014+0.15 ms cpu, 122->132->112 MB, 129 MB goal, 0 MB stacks, 0 MB globals, 4 P
gc 4205 @78.288s 5%: 0.18+2.0+0.66 ms clock, 0.74+1.4/1.3/0+2.6 ms cpu, 132->142->122 MB, 119 MB goal, 0 MB stacks, 0 MB globals, 4 P
gc 4206 @78.291s 5%: 0.59+1.5+0.053 ms clock, 2.3+1.6/0.91/0+0.21 ms cpu, 122->132->122 MB, 129 MB goal, 0 MB stacks, 0 MB globals, 4 P
gc 4207 @78.294s 5%: 0.12+4.2+0.050 ms clock, 0.49+0.065/2.3/0+0.20 ms cpu, 132->162->152 MB, 124 MB goal, 0 MB stacks, 0 MB globals, 4 P
gc 4208 @78.299s 5%: 0.32+5.9+0.004 ms clock, 1.3+1.5/2.6/0+0.019 ms cpu, 152->162->142 MB, 152 MB goal, 0 MB stacks, 0 MB globals, 4 P
gc 4209 @78.306s 5%: 0.19+1.4+0.062 ms clock, 0.79+1.9/0.85/0+0.25 ms cpu, 142->172->132 MB, 142 MB goal, 0 MB stacks, 0 MB globals, 4 P
gc 4210 @78.308s 5%: 1.3+2.2+0.028 ms clock, 5.3+2.1/1.8/0+0.11 ms cpu, 132->142->142 MB, 143 MB goal, 0 MB stacks, 0 MB globals, 4 P
gc 4211 @78.314s 5%: 0.11+2.1+0.50 ms clock, 0.46+1.3/1.4/0+2.0 ms cpu, 172->172->132 MB, 142 MB goal, 0 MB stacks, 0 MB globals, 4 P
gc 4212 @78.317s 5%: 0.47+1.5+0.050 ms clock, 1.8+1.1/1.2/0+0.20 ms cpu, 132->142->112 MB, 143 MB goal, 0 MB stacks, 0 MB globals, 4 P
gc 4213 @78.321s 5%: 0.56+4.8+0.036 ms clock, 2.2+0.59/4.6/0+0.14 ms cpu, 142->162->152 MB, 124 MB goal, 0 MB stacks, 0 MB globals, 4 P
gc 4214 @78.326s 5%: 0.69+5.2+0.024 ms clock, 2.7+0.90/1.9/0+0.098 ms cpu, 152->172->132 MB, 152 MB goal, 0 MB stacks, 0 MB globals, 4 P
gc 4215 @78.333s 5%: 0.55+1.5+0.047 ms clock, 2.2+1.9/0.92/0+0.19 ms cpu, 132->152->122 MB, 134 MB goal, 0 MB stacks, 0 MB globals, 4 P
gc 4216 @78.348s 5%: 0.049+1.1+0.004 ms clock, 0.19+1.2/1.0/1.0+0.017 ms cpu, 142->142->102 MB, 143 MB goal, 0 MB stacks, 0 MB globals, 4 P
gc 4217 @78.349s 5%: 0.23+3.6+0.69 ms clock, 0.95+0.043/3.3/2.1+2.7 ms cpu, 132->152->142 MB, 134 MB goal, 0 MB stacks, 0 MB globals, 4 P
gc 4218 @78.355s 5%: 0.25+1.4+0.75 ms clock, 1.0+2.4/1.2/0+3.0 ms cpu, 142->142->112 MB, 143 MB goal, 0 MB stacks, 0 MB globals, 4 P
gc 4219 @78.360s 5%: 0.61+2.0+0.58 ms clock, 2.4+0.25/1.6/2.6+2.3 ms cpu, 142->142->112 MB, 143 MB goal, 0 MB stacks, 0 MB globals, 4 P
gc 4220 @78.365s 5%: 0.035+1.0+0.004 ms clock, 0.14+0.11/0.87/2.2+0.019 ms cpu, 122->122->102 MB, 130 MB goal, 0 MB stacks, 0 MB globals, 4 P
gc 4221 @78.368s 5%: 0.049+1.7+0.033 ms clock, 0.19+0.44/1.0/2.2+0.13 ms cpu, 112->122->112 MB, 114 MB goal, 0 MB stacks, 0 MB globals, 4 P
gc 4222 @78.397s 5%: 0.074+1.3+0.003 ms clock, 0.29+0.17/1.2/2.1+0.015 ms cpu, 122->122->102 MB, 114 MB goal, 0 MB stacks, 0 MB globals, 4 P
gc 4223 @78.400s 5%: 0.093+4.5+0.092 ms clock, 0.37+0/1.2/5.4+0.36 ms cpu, 122->132->122 MB, 104 MB goal, 0 MB stacks, 0 MB globals, 4 P
gc 4224 @78.406s 5%: 0.50+3.2+0.040 ms clock, 2.0+2.1/1.9/0.013+0.16 ms cpu, 122->122->122 MB, 122 MB goal, 0 MB stacks, 0 MB globals, 4 P
gc 4225 @78.410s 5%: 0.64+2.5+0.36 ms clock, 2.5+1.6/1.5/0+1.4 ms cpu, 142->142->122 MB, 122 MB goal, 0 MB stacks, 0 MB globals, 4 P
gc 4226 @78.414s 5%: 0.66+2.3+0.55 ms clock, 2.6+1.8/1.5/0.61+2.2 ms cpu, 122->142->122 MB, 122 MB goal, 0 MB stacks, 0 MB globals, 4 P
gc 4227 @78.420s 5%: 0.25+1.3+0.005 ms clock, 1.0+0.17/1.1/2.0+0.021 ms cpu, 122->122->102 MB, 130 MB goal, 0 MB stacks, 0 MB globals, 4 P
gc 4228 @78.428s 5%: 0.036+1.1+0.004 ms clock, 0.14+1.9/1.0/0+0.018 ms cpu, 102->102->102 MB, 105 MB goal, 0 MB stacks, 0 MB globals, 4 P
gc 4229 @78.429s 5%: 0.60+2.2+0.55 ms clock, 2.4+1.5/1.5/0+2.2 ms cpu, 122->122->122 MB, 102 MB goal, 0 MB stacks, 0 MB globals, 4 P
gc 4230 @78.434s 5%: 0.59+1.1+0.002 ms clock, 2.3+1.4/1.0/0.80+0.011 ms cpu, 122->122->102 MB, 130 MB goal, 0 MB stacks, 0 MB globals, 4 P
gc 4231 @78.437s 5%: 0.10+1.3+0.004 ms clock, 0.42+0.91/1.3/1.2+0.016 ms cpu, 122->122->102 MB, 130 MB goal, 0 MB stacks, 0 MB globals, 4 P
gc 4232 @78.447s 5%: 0.083+1.2+0.004 ms clock, 0.33+0.54/0.91/1.6+0.016 ms cpu, 132->132->102 MB, 143 MB goal, 0 MB stacks, 0 MB globals, 4 P
gc 4233 @78.466s 5%: 0.11+1.2+0.092 ms clock, 0.46+0/1.0/1.8+0.36 ms cpu, 132->142->122 MB, 143 MB goal, 0 MB stacks, 0 MB globals, 4 P
gc 4234 @78.468s 5%: 0.093+1.5+0.027 ms clock, 0.37+0.71/1.3/1.2+0.10 ms cpu, 122->122->112 MB, 130 MB goal, 0 MB stacks, 0 MB globals, 4 P
gc 4235 @78.474s 5%: 0.15+1.8+0.004 ms clock, 0.60+1.4/1.8/0+0.019 ms cpu, 142->142->122 MB, 119 MB goal, 0 MB stacks, 0 MB globals, 4 P
gc 4236 @78.476s 5%: 0.047+2.0+0.026 ms clock, 0.19+1.5/1.1/0.039+0.10 ms cpu, 122->132->112 MB, 129 MB goal, 0 MB stacks, 0 MB globals, 4 P
gc 4237 @78.488s 5%: 0.089+1.0+0.005 ms clock, 0.35+0.18/0.92/2.2+0.022 ms cpu, 132->132->102 MB, 129 MB goal, 0 MB stacks, 0 MB globals, 4 P
gc 4238 @78.491s 5%: 0.047+1.1+0.003 ms clock, 0.18+0.25/1.0/2.6+0.014 ms cpu, 112->112->102 MB, 118 MB goal, 0 MB stacks, 0 MB globals, 4 P
gc 4239 @78.500s 5%: 0.042+0.97+0.094 ms clock, 0.16+0.19/0.80/2.1+0.37 ms cpu, 102->112->112 MB, 102 MB goal, 0 MB stacks, 0 MB globals, 4 P
gc 4240 @78.501s 5%: 0.31+2.4+0.032 ms clock, 1.2+0.13/1.3/2.3+0.12 ms cpu, 112->112->112 MB, 118 MB goal, 0 MB stacks, 0 MB globals, 4 P
gc 4241 @78.506s 5%: 0.18+1.7+0.020 ms clock, 0.72+2.0/1.1/0+0.082 ms cpu, 122->122->112 MB, 114 MB goal, 0 MB stacks, 0 MB globals, 4 P
gc 4242 @78.509s 5%: 0.15+1.6+0.058 ms clock, 0.62+1.6/0.96/0+0.23 ms cpu, 122->132->122 MB, 112 MB goal, 0 MB stacks, 0 MB globals, 4 P
gc 4243 @78.512s 5%: 0.59+2.1+0.003 ms clock, 2.3+0.045/1.9/2.1+0.015 ms cpu, 122->122->122 MB, 130 MB goal, 0 MB stacks, 0 MB globals, 4 P
gc 4244 @78.518s 5%: 0.089+1.3+0.003 ms clock, 0.35+1.5/1.2/0.86+0.013 ms cpu, 132->132->112 MB, 129 MB goal, 0 MB stacks, 0 MB globals, 4 P
gc 4245 @78.520s 5%: 0.10+2.9+0.047 ms clock, 0.42+1.1/2.2/0.22+0.19 ms cpu, 132->142->132 MB, 143 MB goal, 0 MB stacks, 0 MB globals, 4 P
gc 4246 @78.527s 5%: 0.55+1.6+0.033 ms clock, 2.2+0.97/1.1/1.0+0.13 ms cpu, 152->152->112 MB, 135 MB goal, 0 MB stacks, 0 MB globals, 4 P
gc 4247 @79.146s 5%: 0.12+1.6+0.003 ms clock, 0.49+1.5/1.5/1.4+0.013 ms cpu, 142->142->112 MB, 143 MB goal, 0 MB stacks, 0 MB globals, 4 P
gc 4248 @79.150s 5%: 0.059+1.1+0.003 ms clock, 0.23+0.27/1.1/1.7+0.015 ms cpu, 122->122->102 MB, 130 MB goal, 0 MB stacks, 0 MB globals, 4 P
gc 4249 @79.152s 5%: 0.070+1.0+0.043 ms clock, 0.28+2.3/0.91/0+0.17 ms cpu, 102->102->102 MB, 105 MB goal, 0 MB stacks, 0 MB globals, 4 P
gc 4250 @79.154s 5%: 0.67+3.4+0.54 ms clock, 2.6+2.0/2.0/0+2.1 ms cpu, 122->132->132 MB, 102 MB goal, 0 MB stacks, 0 MB globals, 4 P
gc 4251 @79.159s 5%: 0.62+5.9+0.004 ms clock, 2.5+1.4/2.0/0.053+0.016 ms cpu, 132->142->122 MB, 143 MB goal, 0 MB stacks, 0 MB globals, 4 P
gc 4252 @79.206s 5%: 0.061+1.5+0.003 ms clock, 0.24+0/1.5/3.9+0.012 ms cpu, 142->142->102 MB, 143 MB goal, 0 MB stacks, 0 MB globals, 4 P
gc 4253 @79.209s 5%: 0.040+1.4+0.003 ms clock, 0.16+1.1/1.2/1.1+0.014 ms cpu, 102->102->102 MB, 105 MB goal, 0 MB stacks, 0 MB globals, 4 P
gc 4254 @79.211s 5%: 0.72+2.7+0.026 ms clock, 2.8+0.098/1.3/2.4+0.10 ms cpu, 112->112->112 MB, 118 MB goal, 0 MB stacks, 0 MB globals, 4 P
gc 4255 @79.226s 5%: 0.23+1.0+0.004 ms clock, 0.94+2.3/0.96/0.11+0.016 ms cpu, 142->142->102 MB, 112 MB goal, 0 MB stacks, 0 MB globals, 4 P
gc 4256 @79.233s 5%: 0.049+1.1+0.003 ms clock, 0.19+1.7/1.0/0+0.015 ms cpu, 102->102->102 MB, 105 MB goal, 0 MB stacks, 0 MB globals, 4 P
gc 4257 @79.234s 5%: 0.12+2.1+0.037 ms clock, 0.50+1.9/1.3/0+0.14 ms cpu, 122->122->122 MB, 102 MB goal, 0 MB stacks, 0 MB globals, 4 P
gc 4258 @79.237s 5%: 0.64+2.7+0.027 ms clock, 2.5+1.6/1.5/0+0.11 ms cpu, 122->132->132 MB, 143 MB goal, 0 MB stacks, 0 MB globals, 4 P
gc 4259 @79.243s 5%: 0.13+1.2+0.61 ms clock, 0.54+0.21/1.0/1.9+2.4 ms cpu, 142->142->112 MB, 143 MB goal, 0 MB stacks, 0 MB globals, 4 P
gc 4260 @79.246s 5%: 0.050+0.87+0.002 ms clock, 0.20+0.33/0.82/1.9+0.009 ms cpu, 112->112->102 MB, 118 MB goal, 0 MB stacks, 0 MB globals, 4 P
gc 4261 @79.267s 5%: 0.83+1.8+0.046 ms clock, 3.3+0.21/1.2/2.2+0.18 ms cpu, 122->122->112 MB, 114 MB goal, 0 MB stacks, 0 MB globals, 4 P
gc 4262 @79.272s 5%: 0.081+1.4+0.057 ms clock, 0.32+0.25/1.2/1.9+0.22 ms cpu, 122->122->112 MB, 114 MB goal, 0 MB stacks, 0 MB globals, 4 P
gc 4263 @79.281s 5%: 0.15+1.5+0.025 ms clock, 0.61+1.8/0.97/0.11+0.10 ms cpu, 132->132->112 MB, 112 MB goal, 0 MB stacks, 0 MB globals, 4 P
gc 4264 @79.283s 5%: 0.14+1.1+0.003 ms clock, 0.56+1.9/0.95/0.004+0.015 ms cpu, 112->112->102 MB, 118 MB goal, 0 MB stacks, 0 MB globals, 4 P
gc 4265 @79.288s 5%: 0.53+0.96+0.003 ms clock, 2.1+1.7/0.88/0.12+0.015 ms cpu, 132->132->102 MB, 104 MB goal, 0 MB stacks, 0 MB globals, 4 P
gc 4266 @79.293s 5%: 0.029+0.96+0.003 ms clock, 0.11+0.83/0.92/0.83+0.015 ms cpu, 102->102->102 MB, 105 MB goal, 0 MB stacks, 0 MB globals, 4 P
gc 4267 @79.295s 5%: 0.76+2.4+0.045 ms clock, 3.0+0.072/1.1/2.1+0.18 ms cpu, 112->122->122 MB, 114 MB goal, 0 MB stacks, 0 MB globals, 4 P
gc 4268 @79.298s 5%: 0.49+1.6+0.031 ms clock, 1.9+0.21/1.2/2.2+0.12 ms cpu, 122->122->112 MB, 122 MB goal, 0 MB stacks, 0 MB globals, 4 P
gc 4269 @79.301s 5%: 0.55+1.4+0.058 ms clock, 2.2+1.9/0.81/0+0.23 ms cpu, 132->132->122 MB, 112 MB goal, 0 MB stacks, 0 MB globals, 4 P
gc 4270 @79.303s 5%: 0.52+2.6+0.046 ms clock, 2.1+1.8/1.8/0+0.18 ms cpu, 122->142->132 MB, 122 MB goal, 0 MB stacks, 0 MB globals, 4 P
gc 4271 @79.307s 5%: 0.69+2.7+0.51 ms clock, 2.7+1.9/1.9/0+2.0 ms cpu, 132->142->132 MB, 132 MB goal, 0 MB stacks, 0 MB globals, 4 P
gc 4272 @79.311s 5%: 0.21+2.2+0.87 ms clock, 0.87+1.7/2.0/0.025+3.4 ms cpu, 132->162->132 MB, 149 MB goal, 0 MB stacks, 0 MB globals, 4 P
gc 4273 @79.317s 5%: 0.68+2.9+0.049 ms clock, 2.7+1.9/2.8/0.31+0.19 ms cpu, 152->152->122 MB, 155 MB goal, 0 MB stacks, 0 MB globals, 4 P
gc 4274 @79.322s 5%: 0.080+1.8+0.072 ms clock, 0.32+1.4/1.4/0+0.28 ms cpu, 152->152->122 MB, 155 MB goal, 0 MB stacks, 0 MB globals, 4 P
gc 4275 @79.329s 5%: 0.15+4.0+0.005 ms clock, 0.63+2.7/3.9/0.002+0.023 ms cpu, 162->162->122 MB, 149 MB goal, 0 MB stacks, 0 MB globals, 4 P
gc 4276 @79.333s 5%: 0.086+3.9+0.042 ms clock, 0.34+0.80/3.0/0.97+0.17 ms cpu, 152->162->122 MB, 168 MB goal, 0 MB stacks, 0 MB globals, 4 P
gc 4277 @79.353s 5%: 0.095+1.1+0.13 ms clock, 0.38+0.13/0.99/2.5+0.55 ms cpu, 162->182->122 MB, 154 MB goal, 0 MB stacks, 0 MB globals, 4 P
gc 4278 @79.363s 5%: 0.55+1.0+0.69 ms clock, 2.2+0.51/0.95/1.7+2.7 ms cpu, 172->182->112 MB, 193 MB goal, 0 MB stacks, 0 MB globals, 4 P
gc 4279 @79.373s 5%: 0.062+0.86+0.003 ms clock, 0.24+0.21/0.81/2.1+0.013 ms cpu, 132->132->102 MB, 129 MB goal, 0 MB stacks, 0 MB globals, 4 P
gc 4280 @79.400s 5%: 0.076+2.1+0.024 ms clock, 0.30+0.13/1.3/2.6+0.098 ms cpu, 122->132->112 MB, 129 MB goal, 0 MB stacks, 0 MB globals, 4 P
gc 4281 @79.405s 5%: 0.064+1.1+0.003 ms clock, 0.25+0.19/1.1/2.8+0.012 ms cpu, 112->112->102 MB, 118 MB goal, 0 MB stacks, 0 MB globals, 4 P
gc 4282 @79.409s 5%: 0.030+0.82+0.003 ms clock, 0.12+0.68/0.74/1.2+0.013 ms cpu, 102->102->102 MB, 105 MB goal, 0 MB stacks, 0 MB globals, 4 P
gc 4283 @79.411s 5%: 0.10+1.6+0.71 ms clock, 0.41+0.068/0.96/1.8+2.8 ms cpu, 112->112->112 MB, 102 MB goal, 0 MB stacks, 0 MB globals, 4 P
gc 4284 @79.415s 5%: 0.041+1.6+0.034 ms clock, 0.16+1.3/0.93/1.0+0.13 ms cpu, 112->122->112 MB, 112 MB goal, 0 MB stacks, 0 MB globals, 4 P
gc 4285 @79.417s 5%: 0.53+2.2+0.15 ms clock, 2.1+1.3/1.3/0+0.63 ms cpu, 112->132->132 MB, 112 MB goal, 0 MB stacks, 0 MB globals, 4 P
gc 4286 @79.420s 5%: 0.41+2.8+0.044 ms clock, 1.6+0.52/1.4/1.8+0.17 ms cpu, 132->152->132 MB, 132 MB goal, 0 MB stacks, 0 MB globals, 4 P
gc 4287 @79.427s 5%: 0.15+1.3+0.003 ms clock, 0.61+0.25/1.2/1.5+0.013 ms cpu, 132->132->112 MB, 143 MB goal, 0 MB stacks, 0 MB globals, 4 P
gc 4288 @79.439s 5%: 0.59+1.3+0.004 ms clock, 2.3+1.2/1.2/0.095+0.018 ms cpu, 142->142->102 MB, 143 MB goal, 0 MB stacks, 0 MB globals, 4 P
gc 4289 @79.443s 5%: 0.10+1.2+0.003 ms clock, 0.41+0/1.1/2.1+0.012 ms cpu, 122->122->112 MB, 130 MB goal, 0 MB stacks, 0 MB globals, 4 P
gc 4290 @79.450s 5%: 0.19+2.0+0.004 ms clock, 0.79+1.5/2.0/1.7+0.019 ms cpu, 132->132->112 MB, 112 MB goal, 0 MB stacks, 0 MB globals, 4 P
gc 4291 @79.453s 5%: 0.022+1.2+0.025 ms clock, 0.090+1.2/1.0/1.3+0.10 ms cpu, 112->112->102 MB, 118 MB goal, 0 MB stacks, 0 MB globals, 4 P
gc 4292 @79.455s 5%: 0.093+0.84+0.004 ms clock, 0.37+0.66/0.75/1.3+0.019 ms cpu, 102->102->102 MB, 105 MB goal, 0 MB stacks, 0 MB globals, 4 P
gc 4293 @79.456s 5%: 0.13+1.3+0.037 ms clock, 0.55+0.092/0.98/1.8+0.14 ms cpu, 112->112->112 MB, 102 MB goal, 0 MB stacks, 0 MB globals, 4 P
gc 4294 @79.458s 5%: 0.056+1.5+0.027 ms clock, 0.22+0.16/0.94/1.6+0.10 ms cpu, 112->112->112 MB, 118 MB goal, 0 MB stacks, 0 MB globals, 4 P
gc 4295 @79.469s 5%: 0.29+1.8+0.005 ms clock, 1.1+1.6/1.6/0+0.021 ms cpu, 122->122->112 MB, 115 MB goal, 0 MB stacks, 0 MB globals, 4 P
gc 4296 @79.472s 5%: 0.12+1.9+0.062 ms clock, 0.49+0.42/1.2/1.7+0.25 ms cpu, 122->122->112 MB, 114 MB goal, 0 MB stacks, 0 MB globals, 4 P
gc 4297 @79.480s 5%: 0.082+1.3+0.004 ms clock, 0.33+1.8/1.1/0.051+0.016 ms cpu, 122->122->102 MB, 114 MB goal, 0 MB stacks, 0 MB globals, 4 P
gc 4298 @79.484s 5%: 0.33+1.8+0.087 ms clock, 1.3+2.0/1.0/0+0.35 ms cpu, 142->142->132 MB, 102 MB goal, 0 MB stacks, 0 MB globals, 4 P
gc 4299 @79.487s 5%: 0.54+1.5+0.004 ms clock, 2.1+1.4/1.4/0.50+0.018 ms cpu, 132->132->102 MB, 143 MB goal, 0 MB stacks, 0 MB globals, 4 P
gc 4300 @79.493s 5%: 0.11+1.4+0.004 ms clock, 0.45+1.2/1.4/1.4+0.016 ms cpu, 132->132->112 MB, 143 MB goal, 0 MB stacks, 0 MB globals, 4 P
gc 4301 @79.506s 5%: 0.064+1.0+0.004 ms clock, 0.25+0.82/0.91/1.6+0.018 ms cpu, 112->112->102 MB, 118 MB goal, 0 MB stacks, 0 MB globals, 4 P
gc 4302 @79.515s 5%: 0.13+2.1+0.089 ms clock, 0.55+1.6/1.9/0+0.35 ms cpu, 132->132->122 MB, 104 MB goal, 0 MB stacks, 0 MB globals, 4 P
gc 4303 @79.518s 5%: 0.035+1.8+0.038 ms clock, 0.14+1.1/1.0/0.76+0.15 ms cpu, 122->132->112 MB, 129 MB goal, 0 MB stacks, 0 MB globals, 4 P
gc 4304 @79.523s 5%: 0.59+2.1+0.028 ms clock, 2.3+1.4/1.5/0+0.11 ms cpu, 142->142->122 MB, 119 MB goal, 0 MB stacks, 0 MB globals, 4 P
gc 4305 @79.527s 5%: 0.53+2.3+0.10 ms clock, 2.1+1.1/1.1/0.69+0.41 ms cpu, 122->142->122 MB, 122 MB goal, 0 MB stacks, 0 MB globals, 4 P
gc 4306 @79.531s 5%: 0.17+2.5+0.024 ms clock, 0.68+1.7/1.8/0.64+0.098 ms cpu, 122->132->122 MB, 129 MB goal, 0 MB stacks, 0 MB globals, 4 P
gc 4307 @80.076s 5%: 0.12+1.2+0.004 ms clock, 0.51+0.086/1.1/2.0+0.016 ms cpu, 132->132->102 MB, 129 MB goal, 0 MB stacks, 0 MB globals, 4 P
gc 4308 @80.144s 5%: 0.058+1.2+0.003 ms clock, 0.23+1.1/1.1/2.0+0.015 ms cpu, 102->102->102 MB, 105 MB goal, 0 MB stacks, 0 MB globals, 4 P
gc 4309 @80.146s 5%: 0.16+2.6+0.035 ms clock, 0.64+0.096/1.8/3.0+0.14 ms cpu, 112->112->112 MB, 118 MB goal, 0 MB stacks, 0 MB globals, 4 P
gc 4310 @80.150s 5%: 0.71+2.9+0.031 ms clock, 2.8+1.7/2.0/0+0.12 ms cpu, 122->122->112 MB, 114 MB goal, 0 MB stacks, 0 MB globals, 4 P
gc 4311 @80.155s 5%: 0.76+3.0+0.059 ms clock, 3.0+0.10/2.7/2.9+0.23 ms cpu, 122->122->112 MB, 130 MB goal, 0 MB stacks, 0 MB globals, 4 P
gc 4312 @80.164s 5%: 0.14+1.5+0.025 ms clock, 0.58+1.0/1.1/1.0+0.10 ms cpu, 132->132->112 MB, 129 MB goal, 0 MB stacks, 0 MB globals, 4 P
gc 4313 @80.168s 5%: 0.14+1.4+0.003 ms clock, 0.57+0.26/1.1/2.0+0.013 ms cpu, 132->132->112 MB, 129 MB goal, 0 MB stacks, 0 MB globals, 4 P
gc 4314 @80.196s 5%: 0.062+1.1+0.003 ms clock, 0.24+1.0/1.0/1.8+0.014 ms cpu, 112->112->102 MB, 118 MB goal, 0 MB stacks, 0 MB globals, 4 P
gc 4315 @80.210s 5%: 0.093+1.1+0.003 ms clock, 0.37+0.25/0.99/2.5+0.013 ms cpu, 122->122->102 MB, 114 MB goal, 0 MB stacks, 0 MB globals, 4 P
gc 4316 @80.217s 5%: 0.046+1.0+0.003 ms clock, 0.18+0.89/0.92/1.7+0.015 ms cpu, 102->102->102 MB, 105 MB goal, 0 MB stacks, 0 MB globals, 4 P
gc 4317 @80.219s 5%: 0.11+2.4+0.029 ms clock, 0.47+0.086/1.2/2.3+0.11 ms cpu, 112->112->112 MB, 118 MB goal, 0 MB stacks, 0 MB globals, 4 P
gc 4318 @80.232s 5%: 0.38+1.0+0.003 ms clock, 1.5+2.7/1.0/0.12+0.013 ms cpu, 142->142->102 MB, 112 MB goal, 0 MB stacks, 0 MB globals, 4 P
gc 4319 @80.234s 5%: 0.12+1.5+0.003 ms clock, 0.48+0.49/1.3/1.5+0.015 ms cpu, 102->102->102 MB, 105 MB goal, 0 MB stacks, 0 MB globals, 4 P
gc 4320 @80.241s 5%: 0.53+1.6+0.031 ms clock, 2.1+1.0/1.1/1.0+0.12 ms cpu, 112->112->112 MB, 102 MB goal, 0 MB stacks, 0 MB globals, 4 P
gc 4321 @80.244s 5%: 0.70+2.4+0.039 ms clock, 2.8+0.85/1.4/0.70+0.15 ms cpu, 112->122->112 MB, 112 MB goal, 0 MB stacks, 0 MB globals, 4 P
gc 4322 @80.248s 5%: 0.57+1.4+0.055 ms clock, 2.3+1.2/1.2/0.57+0.22 ms cpu, 122->122->112 MB, 112 MB goal, 0 MB stacks, 0 MB globals, 4 P
gc 4323 @80.250s 5%: 0.20+1.4+0.058 ms clock, 0.80+0.074/1.1/1.5+0.23 ms cpu, 112->122->112 MB, 130 MB goal, 0 MB stacks, 0 MB globals, 4 P
gc 4324 @80.276s 5%: 0.52+1.8+0.037 ms clock, 2.0+1.3/1.4/1.3+0.14 ms cpu, 132->132->112 MB, 129 MB goal, 0 MB stacks, 0 MB globals, 4 P
gc 4325 @80.286s 5%: 0.16+1.4+0.004 ms clock, 0.64+1.0/1.3/0.85+0.016 ms cpu, 132->132->102 MB, 129 MB goal, 0 MB stacks, 0 MB globals, 4 P
gc 4326 @80.290s 5%: 0.075+1.4+0.002 ms clock, 0.30+1.6/1.3/1.5+0.011 ms cpu, 112->112->102 MB, 118 MB goal, 0 MB stacks, 0 MB globals, 4 P
gc 4327 @80.292s 5%: 0.63+3.3+0.046 ms clock, 2.5+1.9/2.9/0+0.18 ms cpu, 122->132->122 MB, 104 MB goal, 0 MB stacks, 0 MB globals, 4 P
gc 4328 @80.297s 5%: 0.062+1.2+0.003 ms clock, 0.24+0.45/1.1/1.6+0.012 ms cpu, 122->122->102 MB, 122 MB goal, 0 MB stacks, 0 MB globals, 4 P
gc 4329 @80.300s 5%: 0.047+0.85+0.002 ms clock, 0.18+0.70/0.77/1.4+0.010 ms cpu, 102->102->102 MB, 105 MB goal, 0 MB stacks, 0 MB globals, 4 P
gc 4330 @80.302s 5%: 0.63+2.3+0.023 ms clock, 2.5+0.072/1.0/2.7+0.093 ms cpu, 112->112->112 MB, 118 MB goal, 0 MB stacks, 0 MB globals, 4 P
gc 4331 @80.306s 5%: 0.11+3.5+0.33 ms clock, 0.45+1.5/2.9/0+1.3 ms cpu, 132->132->122 MB, 112 MB goal, 0 MB stacks, 0 MB globals, 4 P
gc 4332 @80.311s 5%: 0.017+1.9+0.028 ms clock, 0.070+0.81/1.0/1.0+0.11 ms cpu, 122->132->112 MB, 129 MB goal, 0 MB stacks, 0 MB globals, 4 P
gc 4333 @80.315s 5%: 0.090+1.5+0.004 ms clock, 0.36+1.5/1.5/1.1+0.016 ms cpu, 132->132->112 MB, 129 MB goal, 0 MB stacks, 0 MB globals, 4 P
gc 4334 @80.317s 5%: 0.14+6.9+0.025 ms clock, 0.58+1.6/6.6/1.0+0.10 ms cpu, 132->142->122 MB, 119 MB goal, 0 MB stacks, 0 MB globals, 4 P
gc 4335 @80.324s 5%: 0.13+2.4+0.53 ms clock, 0.52+1.5/2.2/0.020+2.1 ms cpu, 132->142->122 MB, 122 MB goal, 0 MB stacks, 0 MB globals, 4 P
gc 4336 @80.328s 5%: 0.040+3.8+0.038 ms clock, 0.16+1.6/1.1/0+0.15 ms cpu, 122->132->122 MB, 129 MB goal, 0 MB stacks, 0 MB globals, 4 P
gc 4337 @80.333s 5%: 0.69+2.4+0.039 ms clock, 2.7+2.3/1.8/0+0.15 ms cpu, 142->142->122 MB, 122 MB goal, 0 MB stacks, 0 MB globals, 4 P
gc 4338 @80.337s 5%: 0.58+1.5+0.031 ms clock, 2.3+1.9/1.2/0+0.12 ms cpu, 122->132->112 MB, 129 MB goal, 0 MB stacks, 0 MB globals, 4 P
gc 4339 @80.341s 5%: 0.27+5.6+0.056 ms clock, 1.1+1.8/0.92/0+0.22 ms cpu, 142->162->152 MB, 112 MB goal, 0 MB stacks, 0 MB globals, 4 P
gc 4340 @80.348s 5%: 0.59+1.5+0.005 ms clock, 2.3+2.1/1.3/0.28+0.021 ms cpu, 152->152->112 MB, 152 MB goal, 0 MB stacks, 0 MB globals, 4 P
gc 4341 @80.350s 5%: 0.22+1.5+0.064 ms clock, 0.88+1.3/1.3/0+0.25 ms cpu, 112->142->132 MB, 120 MB goal, 0 MB stacks, 0 MB globals, 4 P
gc 4342 @80.352s 5%: 0.33+1.8+0.036 ms clock, 1.3+1.7/1.6/0+0.14 ms cpu, 132->132->122 MB, 132 MB goal, 0 MB stacks, 0 MB globals, 4 P
gc 4343 @80.355s 5%: 0.82+2.4+0.34 ms clock, 3.2+1.6/1.6/0+1.3 ms cpu, 132->152->132 MB, 122 MB goal, 0 MB stacks, 0 MB globals, 4 P
gc 4344 @80.359s 5%: 0.48+5.5+0.035 ms clock, 1.9+1.3/1.3/0+0.14 ms cpu, 132->152->132 MB, 132 MB goal, 0 MB stacks, 0 MB globals, 4 P
gc 4345 @80.366s 5%: 0.59+1.9+0.004 ms clock, 2.3+1.2/1.7/0.17+0.016 ms cpu, 142->142->112 MB, 132 MB goal, 0 MB stacks, 0 MB globals, 4 P
gc 4346 @80.370s 5%: 0.32+1.1+0.56 ms clock, 1.3+1.6/0.97/0+2.2 ms cpu, 142->162->142 MB, 112 MB goal, 0 MB stacks, 0 MB globals, 4 P
gc 4347 @80.373s 5%: 0.30+3.7+0.036 ms clock, 1.2+1.5/2.4/0+0.14 ms cpu, 142->162->152 MB, 149 MB goal, 0 MB stacks, 0 MB globals, 4 P
gc 4348 @80.378s 5%: 0.70+3.0+0.004 ms clock, 2.8+0.88/3.0/0.47+0.017 ms cpu, 152->162->122 MB, 152 MB goal, 0 MB stacks, 0 MB globals, 4 P
gc 4349 @80.383s 5%: 0.042+0.88+0.004 ms clock, 0.16+0.23/0.85/1.8+0.016 ms cpu, 132->132->102 MB, 143 MB goal, 0 MB stacks, 0 MB globals, 4 P
gc 4350 @80.401s 5%: 0.10+1.0+0.004 ms clock, 0.40+0.90/1.0/1.8+0.016 ms cpu, 102->102->102 MB, 105 MB goal, 0 MB stacks, 0 MB globals, 4 P
gc 4351 @80.403s 5%: 0.12+2.3+0.023 ms clock, 0.51+0.072/1.2/1.9+0.094 ms cpu, 112->112->112 MB, 118 MB goal, 0 MB stacks, 0 MB globals, 4 P
gc 4352 @80.407s 5%: 0.84+5.2+0.020 ms clock, 3.3+0.16/1.4/5.1+0.083 ms cpu, 122->122->112 MB, 114 MB goal, 0 MB stacks, 0 MB globals, 4 P
gc 4353 @80.419s 5%: 0.060+1.1+0.004 ms clock, 0.24+0.12/1.0/1.9+0.017 ms cpu, 122->122->102 MB, 114 MB goal, 0 MB stacks, 0 MB globals, 4 P
gc 4354 @80.422s 5%: 0.070+1.0+0.004 ms clock, 0.28+1.7/0.98/0.066+0.016 ms cpu, 102->102->102 MB, 105 MB goal, 0 MB stacks, 0 MB globals, 4 P
gc 4355 @80.423s 5%: 0.17+2.1+0.45 ms clock, 0.68+1.3/1.4/0+1.8 ms cpu, 112->122->122 MB, 102 MB goal, 0 MB stacks, 0 MB globals, 4 P
gc 4356 @80.427s 5%: 0.078+2.1+0.006 ms clock, 0.31+2.5/1.7/0.58+0.024 ms cpu, 122->122->102 MB, 122 MB goal, 0 MB stacks, 0 MB globals, 4 P
gc 4357 @80.430s 5%: 0.60+1.7+0.030 ms clock, 2.4+1.6/1.6/0.073+0.12 ms cpu, 122->122->122 MB, 102 MB goal, 0 MB stacks, 0 MB globals, 4 P
gc 4358 @80.433s 5%: 0.59+1.8+0.026 ms clock, 2.3+1.0/0.89/0.52+0.10 ms cpu, 122->132->112 MB, 129 MB goal, 0 MB stacks, 0 MB globals, 4 P
gc 4359 @80.443s 5%: 0.50+3.1+0.027 ms clock, 2.0+1.4/2.4/0.28+0.11 ms cpu, 142->142->122 MB, 119 MB goal, 0 MB stacks, 0 MB globals, 4 P
gc 4360 @80.447s 5%: 0.10+1.9+0.57 ms clock, 0.43+2.0/1.1/0+2.3 ms cpu, 122->142->122 MB, 122 MB goal, 0 MB stacks, 0 MB globals, 4 P
gc 4361 @80.450s 5%: 0.51+2.7+0.053 ms clock, 2.0+0.17/1.9/1.1+0.21 ms cpu, 122->132->132 MB, 129 MB goal, 0 MB stacks, 0 MB globals, 4 P
gc 4362 @80.453s 5%: 0.51+2.2+0.024 ms clock, 2.0+1.3/1.1/0.71+0.099 ms cpu, 132->142->122 MB, 132 MB goal, 0 MB stacks, 0 MB globals, 4 P
gc 4363 @80.463s 5%: 0.063+0.83+0.003 ms clock, 0.25+0/0.77/2.1+0.012 ms cpu, 132->132->102 MB, 129 MB goal, 0 MB stacks, 0 MB globals, 4 P
gc 4364 @80.472s 5%: 0.038+0.94+0.002 ms clock, 0.15+0.79/0.89/1.5+0.011 ms cpu, 102->102->102 MB, 105 MB goal, 0 MB stacks, 0 MB globals, 4 P
gc 4365 @80.473s 5%: 0.10+1.4+0.022 ms clock, 0.40+0.081/0.84/1.3+0.088 ms cpu, 112->112->112 MB, 118 MB goal, 0 MB stacks, 0 MB globals, 4 P
gc 4366 @80.485s 5%: 0.10+0.88+0.005 ms clock, 0.43+1.3/0.71/0.68+0.021 ms cpu, 132->132->102 MB, 112 MB goal, 0 MB stacks, 0 MB globals, 4 P
gc 4367 @80.487s 5%: 0.034+4.6+0.006 ms clock, 0.13+1.0/1.1/0.99+0.026 ms cpu, 102->122->122 MB, 102 MB goal, 0 MB stacks, 0 MB globals, 4 P
gc 4368 @80.492s 5%: 0.10+1.4+0.043 ms clock, 0.43+2.3/1.0/0+0.17 ms cpu, 122->122->102 MB, 122 MB goal, 0 MB stacks, 0 MB globals, 4 P
gc 4369 @80.495s 5%: 0.55+4.8+0.004 ms clock, 2.2+2.3/4.8/0+0.016 ms cpu, 142->142->122 MB, 102 MB goal, 0 MB stacks, 0 MB globals, 4 P
gc 4370 @80.501s 5%: 0.026+2.0+0.028 ms clock, 0.10+2.7/1.3/0.77+0.11 ms cpu, 122->132->112 MB, 122 MB goal, 0 MB stacks, 0 MB globals, 4 P
gc 4371 @80.503s 5%: 0.57+1.4+0.025 ms clock, 2.2+0.18/1.1/2.1+0.10 ms cpu, 112->112->112 MB, 118 MB goal, 0 MB stacks, 0 MB globals, 4 P
gc 4372 @80.517s 5%: 0.10+1.3+0.004 ms clock, 0.40+0/1.2/2.2+0.018 ms cpu, 122->122->102 MB, 114 MB goal, 0 MB stacks, 0 MB globals, 4 P
gc 4373 @80.520s 5%: 0.065+0.90+0.003 ms clock, 0.26+1.4/0.79/0.72+0.014 ms cpu, 102->102->102 MB, 105 MB goal, 0 MB stacks, 0 MB globals, 4 P
gc 4374 @80.521s 5%: 0.54+2.8+0.65 ms clock, 2.1+1.4/2.1/0+2.6 ms cpu, 122->122->122 MB, 102 MB goal, 0 MB stacks, 0 MB globals, 4 P
gc 4375 @80.526s 5%: 0.60+2.1+0.034 ms clock, 2.4+2.3/1.2/0+0.13 ms cpu, 122->132->112 MB, 129 MB goal, 0 MB stacks, 0 MB globals, 4 P
gc 4376 @80.529s 5%: 0.097+1.8+0.054 ms clock, 0.38+1.5/1.5/0+0.21 ms cpu, 132->132->122 MB, 129 MB goal, 0 MB stacks, 0 MB globals, 4 P
gc 4377 @80.532s 5%: 0.22+1.9+0.55 ms clock, 0.89+0.84/1.2/0.87+2.2 ms cpu, 132->142->122 MB, 143 MB goal, 0 MB stacks, 0 MB globals, 4 P
gc 4378 @80.537s 5%: 0.13+1.9+0.003 ms clock, 0.53+0.17/1.9/1.9+0.015 ms cpu, 142->142->112 MB, 143 MB goal, 0 MB stacks, 0 MB globals, 4 P
gc 4379 @81.159s 5%: 0.074+0.88+0.020 ms clock, 0.29+0/0.83/2.2+0.080 ms cpu, 142->142->102 MB, 143 MB goal, 0 MB stacks, 0 MB globals, 4 P
gc 4380 @81.160s 5%: 0.051+0.84+0.002 ms clock, 0.20+0.80/0.75/1.2+0.009 ms cpu, 102->102->102 MB, 105 MB goal, 0 MB stacks, 0 MB globals, 4 P
gc 4381 @81.162s 5%: 0.58+1.8+0.59 ms clock, 2.3+0.055/0.97/2.1+2.3 ms cpu, 112->122->122 MB, 114 MB goal, 0 MB stacks, 0 MB globals, 4 P
gc 4382 @81.166s 5%: 0.15+1.9+0.23 ms clock, 0.60+1.7/1.8/1.7+0.92 ms cpu, 122->122->112 MB, 122 MB goal, 0 MB stacks, 0 MB globals, 4 P
gc 4383 @81.169s 5%: 0.13+2.6+0.026 ms clock, 0.54+1.3/1.4/0.004+0.10 ms cpu, 122->122->112 MB, 130 MB goal, 0 MB stacks, 0 MB globals, 4 P
gc 4384 @81.172s 5%: 0.25+2.4+0.029 ms clock, 1.0+0.15/2.2/2.5+0.11 ms cpu, 132->132->122 MB, 129 MB goal, 0 MB stacks, 0 MB globals, 4 P
gc 4385 @81.205s 5%: 0.10+1.2+0.004 ms clock, 0.40+0/1.0/2.5+0.018 ms cpu, 132->132->102 MB, 129 MB goal, 0 MB stacks, 0 MB globals, 4 P
gc 4386 @81.212s 5%: 0.098+1.2+0.017 ms clock, 0.39+1.1/1.1/2.0+0.069 ms cpu, 102->102->102 MB, 105 MB goal, 0 MB stacks, 0 MB globals, 4 P
gc 4387 @81.213s 5%: 0.13+1.7+0.079 ms clock, 0.55+0.079/0.99/1.8+0.31 ms cpu, 112->112->112 MB, 102 MB goal, 0 MB stacks, 0 MB globals, 4 P
gc 4388 @81.216s 5%: 0.040+1.6+0.026 ms clock, 0.16+0.16/1.0/1.8+0.10 ms cpu, 112->112->112 MB, 118 MB goal, 0 MB stacks, 0 MB globals, 4 P
gc 4389 @81.228s 5%: 0.093+1.1+0.003 ms clock, 0.37+0.24/1.0/2.5+0.012 ms cpu, 122->122->102 MB, 114 MB goal, 0 MB stacks, 0 MB globals, 4 P
gc 4390 @81.235s 5%: 0.052+1.0+0.023 ms clock, 0.20+2.3/0.93/0+0.092 ms cpu, 102->102->102 MB, 105 MB goal, 0 MB stacks, 0 MB globals, 4 P
gc 4391 @81.236s 5%: 0.20+2.5+0.54 ms clock, 0.81+1.5/1.7/0+2.1 ms cpu, 112->132->132 MB, 102 MB goal, 0 MB stacks, 0 MB globals, 4 P
gc 4392 @81.241s 5%: 0.62+1.5+0.003 ms clock, 2.4+0.23/1.3/1.7+0.015 ms cpu, 132->132->112 MB, 143 MB goal, 0 MB stacks, 0 MB globals, 4 P
gc 4393 @81.255s 5%: 0.13+1.7+0.033 ms clock, 0.52+0.98/0.93/0.89+0.13 ms cpu, 152->152->112 MB, 134 MB goal, 0 MB stacks, 0 MB globals, 4 P
gc 4394 @81.283s 5%: 0.051+1.3+0.003 ms clock, 0.20+0/1.1/3.1+0.014 ms cpu, 142->142->102 MB, 143 MB goal, 0 MB stacks, 0 MB globals, 4 P
gc 4395 @81.288s 5%: 0.036+1.2+0.003 ms clock, 0.14+0.98/1.1/1.7+0.015 ms cpu, 102->102->102 MB, 105 MB goal, 0 MB stacks, 0 MB globals, 4 P
gc 4396 @81.290s 5%: 0.42+2.6+0.031 ms clock, 1.7+1.1/1.3/1.3+0.12 ms cpu, 112->112->112 MB, 102 MB goal, 0 MB stacks, 0 MB globals, 4 P
gc 4397 @81.294s 5%: 0.64+2.3+0.030 ms clock, 2.5+0.15/2.1/3.8+0.12 ms cpu, 122->122->112 MB, 112 MB goal, 0 MB stacks, 0 MB globals, 4 P
gc 4398 @81.306s 5%: 0.064+1.5+0.004 ms clock, 0.25+1.9/1.3/0+0.018 ms cpu, 112->112->102 MB, 118 MB goal, 0 MB stacks, 0 MB globals, 4 P
gc 4399 @81.309s 5%: 0.079+2.7+0.12 ms clock, 0.31+2.0/2.0/0+0.48 ms cpu, 122->122->122 MB, 114 MB goal, 0 MB stacks, 0 MB globals, 4 P
gc 4400 @81.312s 5%: 0.56+1.9+0.025 ms clock, 2.2+1.8/1.1/0+0.10 ms cpu, 122->132->112 MB, 143 MB goal, 0 MB stacks, 0 MB globals, 4 P
gc 4401 @81.316s 5%: 0.71+2.8+0.038 ms clock, 2.8+3.7/1.9/0+0.15 ms cpu, 142->142->132 MB, 143 MB goal, 0 MB stacks, 0 MB globals, 4 P
gc 4402 @81.320s 5%: 0.29+1.9+0.022 ms clock, 1.1+1.5/1.5/0+0.091 ms cpu, 142->152->122 MB, 134 MB goal, 0 MB stacks, 0 MB globals, 4 P
gc 4403 @81.323s 5%: 0.61+3.3+0.044 ms clock, 2.4+2.4/2.2/0+0.17 ms cpu, 142->152->122 MB, 155 MB goal, 0 MB stacks, 0 MB globals, 4 P
gc 4404 @81.339s 5%: 0.46+1.1+0.59 ms clock, 1.8+1.7/0.98/0+2.3 ms cpu, 152->152->112 MB, 155 MB goal, 0 MB stacks, 0 MB globals, 4 P
gc 4405 @81.341s 5%: 0.056+1.8+0.081 ms clock, 0.22+1.2/1.7/0+0.32 ms cpu, 142->142->132 MB, 143 MB goal, 0 MB stacks, 0 MB globals, 4 P
gc 4406 @81.344s 5%: 0.12+1.8+0.050 ms clock, 0.49+0.039/1.4/2.1+0.20 ms cpu, 142->142->112 MB, 143 MB goal, 0 MB stacks, 0 MB globals, 4 P
gc 4407 @81.348s 5%: 0.13+2.1+0.029 ms clock, 0.52+1.8/1.9/0+0.11 ms cpu, 142->142->122 MB, 143 MB goal, 0 MB stacks, 0 MB globals, 4 P
gc 4408 @81.351s 5%: 0.14+1.8+0.043 ms clock, 0.57+0.30/1.5/1.2+0.17 ms cpu, 142->142->122 MB, 155 MB goal, 0 MB stacks, 0 MB globals, 4 P
gc 4409 @81.357s 5%: 0.55+1.8+0.023 ms clock, 2.2+0/1.4/2.3+0.094 ms cpu, 152->152->112 MB, 155 MB goal, 0 MB stacks, 0 MB globals, 4 P
gc 4410 @81.365s 5%: 0.074+0.94+0.004 ms clock, 0.29+2.3/0.89/0+0.016 ms cpu, 112->112->102 MB, 118 MB goal, 0 MB stacks, 0 MB globals, 4 P
gc 4411 @81.367s 5%: 0.12+2.5+0.65 ms clock, 0.51+1.7/1.6/0+2.6 ms cpu, 132->132->132 MB, 104 MB goal, 0 MB stacks, 0 MB globals, 4 P
gc 4412 @81.371s 5%: 0.57+1.8+0.046 ms clock, 2.2+1.5/1.0/0+0.18 ms cpu, 132->142->112 MB, 155 MB goal, 0 MB stacks, 0 MB globals, 4 P
gc 4413 @81.381s 5%: 0.051+1.1+0.003 ms clock, 0.20+0.88/0.99/0.84+0.015 ms cpu, 162->162->122 MB, 149 MB goal, 0 MB stacks, 0 MB globals, 4 P
gc 4414 @81.386s 5%: 0.23+3.2+0.027 ms clock, 0.92+2.1/2.6/0+0.10 ms cpu, 162->172->152 MB, 140 MB goal, 0 MB stacks, 0 MB globals, 4 P
gc 4415 @81.390s 5%: 0.53+1.3+0.003 ms clock, 2.1+1.4/1.1/0.72+0.013 ms cpu, 152->152->102 MB, 155 MB goal, 0 MB stacks, 0 MB globals, 4 P
gc 4416 @81.422s 5%: 0.066+1.0+0.004 ms clock, 0.26+0/0.96/2.6+0.016 ms cpu, 142->142->102 MB, 155 MB goal, 0 MB stacks, 0 MB globals, 4 P
gc 4417 @81.429s 5%: 0.063+1.1+0.002 ms clock, 0.25+1.8/1.0/0.77+0.011 ms cpu, 102->102->102 MB, 105 MB goal, 0 MB stacks, 0 MB globals, 4 P
gc 4418 @81.431s 5%: 0.14+4.5+0.004 ms clock, 0.57+1.3/4.4/0+0.018 ms cpu, 112->122->112 MB, 102 MB goal, 0 MB stacks, 0 MB globals, 4 P
gc 4419 @81.436s 5%: 0.050+1.4+0.045 ms clock, 0.20+1.2/0.76/0.62+0.18 ms cpu, 112->132->122 MB, 112 MB goal, 0 MB stacks, 0 MB globals, 4 P
gc 4420 @81.437s 5%: 0.63+3.4+0.030 ms clock, 2.5+0.13/3.0/2.6+0.12 ms cpu, 122->132->132 MB, 129 MB goal, 0 MB stacks, 0 MB globals, 4 P
gc 4421 @81.445s 5%: 0.062+1.6+0.033 ms clock, 0.25+0.88/0.94/1.3+0.13 ms cpu, 132->142->112 MB, 132 MB goal, 0 MB stacks, 0 MB globals, 4 P
gc 4422 @81.449s 5%: 0.61+1.5+0.024 ms clock, 2.4+0.12/0.96/1.7+0.097 ms cpu, 132->132->112 MB, 129 MB goal, 0 MB stacks, 0 MB globals, 4 P
gc 4423 @81.455s 5%: 0.13+1.0+0.003 ms clock, 0.52+0.89/0.88/1.0+0.014 ms cpu, 122->122->112 MB, 114 MB goal, 0 MB stacks, 0 MB globals, 4 P
gc 4424 @81.456s 5%: 0.10+1.4+0.048 ms clock, 0.42+0.062/1.0/1.6+0.19 ms cpu, 122->122->112 MB, 130 MB goal, 0 MB stacks, 0 MB globals, 4 P
gc 4425 @81.464s 5%: 0.044+1.0+0.003 ms clock, 0.17+0.63/0.88/0.82+0.012 ms cpu, 132->132->102 MB, 129 MB goal, 0 MB stacks, 0 MB globals, 4 P
gc 4426 @81.466s 5%: 0.057+0.89+0.003 ms clock, 0.23+0.20/0.86/2.0+0.013 ms cpu, 112->112->102 MB, 118 MB goal, 0 MB stacks, 0 MB globals, 4 P
gc 4427 @81.478s 5%: 0.027+0.82+0.003 ms clock, 0.10+0.69/0.70/1.3+0.013 ms cpu, 102->102->102 MB, 105 MB goal, 0 MB stacks, 0 MB globals, 4 P
gc 4428 @81.480s 5%: 0.11+1.8+0.031 ms clock, 0.46+0.093/1.1/1.5+0.12 ms cpu, 112->112->112 MB, 118 MB goal, 0 MB stacks, 0 MB globals, 4 P
gc 4429 @81.490s 5%: 0.087+0.89+0.004 ms clock, 0.34+0.56/0.79/1.3+0.018 ms cpu, 132->132->102 MB, 112 MB goal, 0 MB stacks, 0 MB globals, 4 P
gc 4430 @81.493s 5%: 0.026+0.94+0.003 ms clock, 0.10+1.5/0.87/0.062+0.013 ms cpu, 102->102->102 MB, 105 MB goal, 0 MB stacks, 0 MB globals, 4 P
gc 4431 @81.494s 5%: 0.14+2.2+0.031 ms clock, 0.56+1.3/1.5/0+0.12 ms cpu, 112->122->122 MB, 102 MB goal, 0 MB stacks, 0 MB globals, 4 P
gc 4432 @81.497s 5%: 0.52+1.7+0.002 ms clock, 2.0+0.21/1.1/1.4+0.010 ms cpu, 122->122->112 MB, 122 MB goal, 0 MB stacks, 0 MB globals, 4 P
gc 4433 @81.501s 5%: 0.058+1.0+0.006 ms clock, 0.23+1.5/0.84/0+0.026 ms cpu, 112->112->102 MB, 112 MB goal, 0 MB stacks, 0 MB globals, 4 P
gc 4434 @81.503s 5%: 0.18+2.1+0.61 ms clock, 0.73+1.2/1.2/0+2.4 ms cpu, 112->132->132 MB, 102 MB goal, 0 MB stacks, 0 MB globals, 4 P
gc 4435 @81.506s 5%: 0.55+3.2+0.035 ms clock, 2.2+0.16/2.4/0+0.14 ms cpu, 132->142->142 MB, 132 MB goal, 0 MB stacks, 0 MB globals, 4 P
gc 4436 @81.510s 5%: 0.81+2.7+0.024 ms clock, 3.2+0.060/2.0/2.1+0.097 ms cpu, 142->152->122 MB, 168 MB goal, 0 MB stacks, 0 MB globals, 4 P
gc 4437 @81.535s 5%: 0.52+1.4+0.003 ms clock, 2.1+1.4/1.3/1.0+0.014 ms cpu, 172->172->112 MB, 164 MB goal, 0 MB stacks, 0 MB globals, 4 P
gc 4438 @81.538s 5%: 0.13+2.3+0.039 ms clock, 0.52+2.7/1.5/0+0.15 ms cpu, 122->142->132 MB, 119 MB goal, 0 MB stacks, 0 MB globals, 4 P
gc 4439 @81.543s 5%: 0.45+2.9+0.025 ms clock, 1.8+1.0/1.8/0.53+0.10 ms cpu, 142->152->122 MB, 155 MB goal, 0 MB stacks, 0 MB globals, 4 P
gc 4440 @82.173s 5%: 0.17+1.6+0.72 ms clock, 0.68+2.0/1.1/0.067+2.9 ms cpu, 182->182->112 MB, 130 MB goal, 0 MB stacks, 0 MB globals, 4 P
gc 4441 @82.177s 5%: 0.23+1.3+0.003 ms clock, 0.92+1.5/1.3/1.0+0.015 ms cpu, 122->122->112 MB, 130 MB goal, 0 MB stacks, 0 MB globals, 4 P
gc 4442 @82.210s 5%: 0.074+1.0+0.004 ms clock, 0.29+0/0.89/2.5+0.017 ms cpu, 132->132->102 MB, 129 MB goal, 0 MB stacks, 0 MB globals, 4 P
gc 4443 @82.219s 5%: 0.048+0.96+0.002 ms clock, 0.19+0.80/0.91/1.5+0.010 ms cpu, 102->102->102 MB, 105 MB goal, 0 MB stacks, 0 MB globals, 4 P
gc 4444 @82.221s 5%: 0.12+1.5+0.065 ms clock, 0.50+0.072/0.95/1.7+0.26 ms cpu, 112->112->112 MB, 102 MB goal, 0 MB stacks, 0 MB globals, 4 P
gc 4445 @82.223s 5%: 0.63+1.1+0.023 ms clock, 2.5+0.10/0.99/1.8+0.092 ms cpu, 112->112->112 MB, 118 MB goal, 0 MB stacks, 0 MB globals, 4 P
gc 4446 @82.233s 5%: 0.048+0.93+0.004 ms clock, 0.19+0.095/0.78/2.1+0.018 ms cpu, 122->122->102 MB, 114 MB goal, 0 MB stacks, 0 MB globals, 4 P
gc 4447 @82.243s 5%: 0.11+0.85+0.003 ms clock, 0.47+1.8/0.81/0.087+0.014 ms cpu, 102->102->102 MB, 105 MB goal, 0 MB stacks, 0 MB globals, 4 P
gc 4448 @82.244s 5%: 0.15+2.5+0.33 ms clock, 0.62+1.6/1.6/0+1.3 ms cpu, 122->132->132 MB, 102 MB goal, 0 MB stacks, 0 MB globals, 4 P
gc 4449 @82.247s 5%: 0.49+4.4+0.031 ms clock, 1.9+1.4/2.3/0+0.12 ms cpu, 132->142->142 MB, 143 MB goal, 0 MB stacks, 0 MB globals, 4 P
gc 4450 @82.255s 5%: 0.44+3.3+0.003 ms clock, 1.7+1.0/2.6/1.1+0.015 ms cpu, 152->152->112 MB, 142 MB goal, 0 MB stacks, 0 MB globals, 4 P
gc 4451 @82.260s 5%: 0.094+1.6+0.029 ms clock, 0.37+0.90/0.92/1.1+0.11 ms cpu, 122->132->112 MB, 129 MB goal, 0 MB stacks, 0 MB globals, 4 P
gc 4452 @82.265s 5%: 0.036+0.79+0.002 ms clock, 0.14+0.17/0.75/1.8+0.011 ms cpu, 112->112->102 MB, 118 MB goal, 0 MB stacks, 0 MB globals, 4 P
gc 4453 @82.275s 5%: 0.035+1.4+0.023 ms clock, 0.14+0.17/0.76/1.9+0.092 ms cpu, 102->112->112 MB, 102 MB goal, 0 MB stacks, 0 MB globals, 4 P
gc 4454 @82.277s 5%: 0.41+1.5+0.024 ms clock, 1.6+0.24/1.3/1.6+0.097 ms cpu, 112->112->112 MB, 118 MB goal, 0 MB stacks, 0 MB globals, 4 P
gc 4455 @82.284s 5%: 0.085+1.3+0.023 ms clock, 0.34+0.97/0.97/0.92+0.094 ms cpu, 122->122->112 MB, 114 MB goal, 0 MB stacks, 0 MB globals, 4 P
gc 4456 @82.286s 5%: 0.19+1.1+0.049 ms clock, 0.76+0.13/0.98/1.3+0.19 ms cpu, 122->122->112 MB, 130 MB goal, 0 MB stacks, 0 MB globals, 4 P
gc 4457 @82.311s 5%: 0.061+1.0+0.003 ms clock, 0.24+0/0.98/2.6+0.015 ms cpu, 132->132->102 MB, 129 MB goal, 0 MB stacks, 0 MB globals, 4 P
gc 4458 @82.313s 5%: 0.015+1.0+0.002 ms clock, 0.063+1.5/0.87/0.73+0.011 ms cpu, 102->102->102 MB, 105 MB goal, 0 MB stacks, 0 MB globals, 4 P
gc 4459 @82.315s 5%: 0.11+2.0+0.21 ms clock, 0.46+1.1/1.1/0+0.86 ms cpu, 122->122->122 MB, 102 MB goal, 0 MB stacks, 0 MB globals, 4 P
gc 4460 @82.317s 5%: 0.78+2.5+0.025 ms clock, 3.1+1.1/1.9/0.083+0.10 ms cpu, 122->132->132 MB, 122 MB goal, 0 MB stacks, 0 MB globals, 4 P
gc 4461 @82.323s 5%: 0.56+1.5+0.031 ms clock, 2.2+1.7/0.89/0+0.12 ms cpu, 142->142->122 MB, 132 MB goal, 0 MB stacks, 0 MB globals, 4 P
gc 4462 @82.325s 5%: 0.72+4.4+0.005 ms clock, 2.9+5.7/0.75/0+0.021 ms cpu, 122->142->132 MB, 122 MB goal, 0 MB stacks, 0 MB globals, 4 P
gc 4463 @82.331s 5%: 0.12+1.1+0.006 ms clock, 0.51+2.0/0.88/0+0.024 ms cpu, 132->132->102 MB, 132 MB goal, 0 MB stacks, 0 MB globals, 4 P
gc 4464 @82.332s 5%: 0.22+1.8+0.46 ms clock, 0.90+1.4/1.4/0+1.8 ms cpu, 102->132->132 MB, 102 MB goal, 0 MB stacks, 0 MB globals, 4 P
gc 4465 @82.335s 5%: 0.55+3.9+0.061 ms clock, 2.2+1.8/3.2/0+0.24 ms cpu, 132->152->142 MB, 132 MB goal, 0 MB stacks, 0 MB globals, 4 P
gc 4466 @82.340s 5%: 0.65+2.9+0.059 ms clock, 2.6+2.0/2.7/0+0.23 ms cpu, 142->152->112 MB, 142 MB goal, 0 MB stacks, 0 MB globals, 4 P
gc 4467 @82.344s 5%: 0.29+1.5+0.064 ms clock, 1.1+1.2/1.3/0+0.25 ms cpu, 112->132->122 MB, 112 MB goal, 0 MB stacks, 0 MB globals, 4 P
gc 4468 @82.346s 5%: 0.084+2.1+0.48 ms clock, 0.33+1.1/1.0/0+1.9 ms cpu, 122->142->142 MB, 122 MB goal, 0 MB stacks, 0 MB globals, 4 P
gc 4469 @82.349s 5%: 0.60+2.9+0.028 ms clock, 2.4+1.3/1.3/0+0.11 ms cpu, 142->152->132 MB, 142 MB goal, 0 MB stacks, 0 MB globals, 4 P
gc 4470 @82.353s 5%: 0.76+3.1+0.054 ms clock, 3.0+1.3/1.5/0+0.21 ms cpu, 132->152->132 MB, 155 MB goal, 0 MB stacks, 0 MB globals, 4 P
gc 4471 @82.359s 5%: 0.26+2.2+0.028 ms clock, 1.0+1.4/1.6/0+0.11 ms cpu, 162->162->122 MB, 149 MB goal, 0 MB stacks, 0 MB globals, 4 P
gc 4472 @82.362s 5%: 0.46+2.1+0.063 ms clock, 1.8+1.5/1.6/0+0.25 ms cpu, 142->162->152 MB, 149 MB goal, 0 MB stacks, 0 MB globals, 4 P
gc 4473 @82.365s 5%: 0.10+2.6+0.004 ms clock, 0.41+0/2.4/2.2+0.019 ms cpu, 152->152->122 MB, 155 MB goal, 0 MB stacks, 0 MB globals, 4 P
gc 4474 @82.375s 5%: 0.30+2.0+0.026 ms clock, 1.2+1.4/1.7/0.10+0.10 ms cpu, 152->152->122 MB, 122 MB goal, 0 MB stacks, 0 MB globals, 4 P
gc 4475 @82.378s 5%: 0.18+2.7+0.16 ms clock, 0.73+1.9/1.0/0.035+0.67 ms cpu, 122->142->122 MB, 155 MB goal, 0 MB stacks, 0 MB globals, 4 P
gc 4476 @82.389s 5%: 0.15+2.1+0.033 ms clock, 0.62+1.5/1.5/1.5+0.13 ms cpu, 162->162->112 MB, 149 MB goal, 0 MB stacks, 0 MB globals, 4 P
gc 4477 @82.394s 5%: 0.17+2.9+0.058 ms clock, 0.68+1.1/2.0/0+0.23 ms cpu, 152->172->142 MB, 164 MB goal, 0 MB stacks, 0 MB globals, 4 P
gc 4478 @82.420s 5%: 0.12+1.0+0.004 ms clock, 0.48+0/1.0/2.4+0.019 ms cpu, 162->162->102 MB, 168 MB goal, 0 MB stacks, 0 MB globals, 4 P
gc 4479 @82.424s 5%: 0.040+1.7+0.003 ms clock, 0.16+1.3/1.3/2.0+0.013 ms cpu, 102->102->102 MB, 105 MB goal, 0 MB stacks, 0 MB globals, 4 P
gc 4480 @82.426s 5%: 0.30+3.4+0.19 ms clock, 1.2+0.21/2.2/1.7+0.76 ms cpu, 112->112->112 MB, 102 MB goal, 0 MB stacks, 0 MB globals, 4 P
gc 4481 @82.432s 5%: 0.068+1.1+0.003 ms clock, 0.27+0.25/1.0/2.8+0.015 ms cpu, 112->112->102 MB, 112 MB goal, 0 MB stacks, 0 MB globals, 4 P
gc 4482 @82.434s 5%: 0.059+1.2+0.004 ms clock, 0.23+0.13/1.0/2.5+0.016 ms cpu, 102->102->102 MB, 105 MB goal, 0 MB stacks, 0 MB globals, 4 P
gc 4483 @82.440s 5%: 0.13+1.9+0.005 ms clock, 0.55+1.4/1.6/1.9+0.021 ms cpu, 112->112->112 MB, 102 MB goal, 0 MB stacks, 0 MB globals, 4 P
gc 4484 @82.442s 5%: 0.22+4.5+0.007 ms clock, 0.88+1.4/1.4/0+0.028 ms cpu, 112->142->132 MB, 112 MB goal, 0 MB stacks, 0 MB globals, 4 P
gc 4485 @82.447s 5%: 0.14+2.1+0.11 ms clock, 0.57+1.4/1.2/0.95+0.45 ms cpu, 132->152->122 MB, 134 MB goal, 0 MB stacks, 0 MB globals, 4 P
gc 4486 @82.455s 5%: 0.10+1.6+0.004 ms clock, 0.42+0/1.3/2.4+0.016 ms cpu, 142->142->112 MB, 143 MB goal, 0 MB stacks, 0 MB globals, 4 P
gc 4487 @82.458s 5%: 0.059+1.2+0.003 ms clock, 0.23+0.27/1.1/2.4+0.013 ms cpu, 122->122->102 MB, 130 MB goal, 0 MB stacks, 0 MB globals, 4 P
gc 4488 @82.460s 5%: 0.071+2.8+0.057 ms clock, 0.28+0.99/1.0/2.5+0.22 ms cpu, 112->122->122 MB, 114 MB goal, 0 MB stacks, 0 MB globals, 4 P
gc 4489 @82.464s 5%: 0.10+3.0+0.34 ms clock, 0.43+1.6/1.6/0.50+1.3 ms cpu, 122->132->122 MB, 129 MB goal, 0 MB stacks, 0 MB globals, 4 P
gc 4490 @82.470s 5%: 0.11+1.3+0.005 ms clock, 0.45+0.26/1.1/2.6+0.021 ms cpu, 132->132->102 MB, 129 MB goal, 0 MB stacks, 0 MB globals, 4 P
gc 4491 @82.484s 5%: 0.057+0.93+0.004 ms clock, 0.22+0.76/0.81/1.4+0.016 ms cpu, 102->102->102 MB, 105 MB goal, 0 MB stacks, 0 MB globals, 4 P
gc 4492 @82.486s 5%: 0.14+1.4+0.022 ms clock, 0.59+0.075/1.1/2.0+0.090 ms cpu, 112->112->112 MB, 102 MB goal, 0 MB stacks, 0 MB globals, 4 P
gc 4493 @82.488s 5%: 0.077+1.5+0.030 ms clock, 0.31+0.14/1.4/1.7+0.12 ms cpu, 112->112->112 MB, 118 MB goal, 0 MB stacks, 0 MB globals, 4 P
gc 4494 @82.492s 5%: 0.56+1.5+0.030 ms clock, 2.2+1.1/1.2/1.1+0.12 ms cpu, 122->122->112 MB, 115 MB goal, 0 MB stacks, 0 MB globals, 4 P
gc 4495 @82.495s 5%: 0.16+2.4+0.029 ms clock, 0.66+0.27/1.9/1.1+0.11 ms cpu, 122->122->112 MB, 114 MB goal, 0 MB stacks, 0 MB globals, 4 P
gc 4496 @82.500s 5%: 0.13+1.3+0.052 ms clock, 0.53+0.96/1.1/0.98+0.20 ms cpu, 122->122->112 MB, 114 MB goal, 0 MB stacks, 0 MB globals, 4 P
gc 4497 @82.502s 5%: 0.13+1.7+0.056 ms clock, 0.55+0.072/1.5/1.8+0.22 ms cpu, 122->122->112 MB, 130 MB goal, 0 MB stacks, 0 MB globals, 4 P
gc 4498 @82.511s 5%: 0.31+1.8+0.64 ms clock, 1.2+1.6/1.6/0.61+2.5 ms cpu, 132->132->112 MB, 129 MB goal, 0 MB stacks, 0 MB globals, 4 P
gc 4499 @82.514s 5%: 0.48+3.7+0.43 ms clock, 1.9+0.67/1.9/0.55+1.7 ms cpu, 132->142->132 MB, 143 MB goal, 0 MB stacks, 0 MB globals, 4 P
gc 4500 @82.521s 5%: 0.14+1.5+0.058 ms clock, 0.56+0.14/1.3/1.5+0.23 ms cpu, 142->142->112 MB, 143 MB goal, 0 MB stacks, 0 MB globals, 4 P
gc 4501 @82.530s 5%: 0.045+1.0+0.003 ms clock, 0.18+1.6/0.88/0.78+0.015 ms cpu, 112->112->102 MB, 118 MB goal, 0 MB stacks, 0 MB globals, 4 P
gc 4502 @82.533s 5%: 0.12+2.9+0.054 ms clock, 0.51+0.068/2.0/1.6+0.21 ms cpu, 122->122->122 MB, 130 MB goal, 0 MB stacks, 0 MB globals, 4 P
gc 4503 @82.540s 5%: 0.38+1.1+0.003 ms clock, 1.5+2.1/0.93/0.16+0.012 ms cpu, 142->142->102 MB, 122 MB goal, 0 MB stacks, 0 MB globals, 4 P
gc 4504 @82.544s 5%: 0.039+1.0+0.002 ms clock, 0.15+0.76/0.96/1.7+0.011 ms cpu, 112->112->102 MB, 118 MB goal, 0 MB stacks, 0 MB globals, 4 P
gc 4505 @82.547s 5%: 0.25+3.3+0.45 ms clock, 1.0+1.5/1.8/0.20+1.8 ms cpu, 122->132->132 MB, 129 MB goal, 0 MB stacks, 0 MB globals, 4 P
gc 4506 @82.551s 5%: 0.083+2.1+0.026 ms clock, 0.33+1.3/1.7/0.36+0.10 ms cpu, 132->142->122 MB, 132 MB goal, 0 MB stacks, 0 MB globals, 4 P
gc 4507 @83.085s 5%: 0.098+1.5+0.003 ms clock, 0.39+0.19/1.4/1.8+0.015 ms cpu, 132->132->102 MB, 129 MB goal, 0 MB stacks, 0 MB globals, 4 P
gc 4508 @83.159s 5%: 0.084+1.0+0.003 ms clock, 0.33+0.84/0.94/1.7+0.015 ms cpu, 102->102->102 MB, 105 MB goal, 0 MB stacks, 0 MB globals, 4 P
gc 4509 @83.160s 5%: 0.12+1.4+0.051 ms clock, 0.48+0.10/1.1/1.3+0.20 ms cpu, 112->112->112 MB, 118 MB goal, 0 MB stacks, 0 MB globals, 4 P
gc 4510 @83.164s 5%: 0.59+1.7+0.030 ms clock, 2.3+0.14/1.1/1.9+0.12 ms cpu, 122->122->112 MB, 114 MB goal, 0 MB stacks, 0 MB globals, 4 P
gc 4511 @83.177s 5%: 0.41+1.0+0.031 ms clock, 1.6+0.85/0.93/0.89+0.12 ms cpu, 132->132->112 MB, 112 MB goal, 0 MB stacks, 0 MB globals, 4 P
gc 4512 @83.178s 5%: 0.62+3.8+0.003 ms clock, 2.4+1.9/3.7/0.022+0.015 ms cpu, 112->112->102 MB, 118 MB goal, 0 MB stacks, 0 MB globals, 4 P
gc 4513 @83.183s 5%: 0.49+3.2+0.004 ms clock, 1.9+0.96/1.2/0+0.019 ms cpu, 122->122->122 MB, 114 MB goal, 0 MB stacks, 0 MB globals, 4 P
gc 4514 @83.192s 5%: 0.031+0.94+0.002 ms clock, 0.12+0.41/0.79/1.4+0.010 ms cpu, 132->132->102 MB, 143 MB goal, 0 MB stacks, 0 MB globals, 4 P
gc 4515 @83.252s 5%: 0.30+2.4+0.11 ms clock, 1.2+1.2/1.2/0+0.44 ms cpu, 142->152->122 MB, 134 MB goal, 0 MB stacks, 0 MB globals, 4 P
gc 4516 @83.257s 5%: 0.093+1.8+0.005 ms clock, 0.37+0.22/1.7/2.2+0.021 ms cpu, 142->142->112 MB, 143 MB goal, 0 MB stacks, 0 MB globals, 4 P
gc 4517 @83.260s 5%: 0.037+1.7+0.026 ms clock, 0.15+0.91/0.99/0.84+0.10 ms cpu, 112->122->112 MB, 114 MB goal, 0 MB stacks, 0 MB globals, 4 P
gc 4518 @83.263s 5%: 0.10+5.2+0.38 ms clock, 0.40+0.080/2.6/2.1+1.5 ms cpu, 122->132->132 MB, 129 MB goal, 0 MB stacks, 0 MB globals, 4 P
gc 4519 @83.269s 5%: 0.57+1.8+0.002 ms clock, 2.3+0.22/1.4/2.5+0.011 ms cpu, 132->132->112 MB, 132 MB goal, 0 MB stacks, 0 MB globals, 4 P
gc 4520 @83.289s 5%: 0.32+1.4+0.004 ms clock, 1.3+1.3/1.3/1.1+0.018 ms cpu, 132->132->112 MB, 129 MB goal, 0 MB stacks, 0 MB globals, 4 P
gc 4521 @83.300s 5%: 0.062+1.0+0.003 ms clock, 0.24+0.14/0.86/1.6+0.015 ms cpu, 132->132->102 MB, 129 MB goal, 0 MB stacks, 0 MB globals, 4 P
gc 4522 @83.312s 5%: 0.046+1.0+0.005 ms clock, 0.18+0.87/0.98/1.6+0.021 ms cpu, 102->102->102 MB, 105 MB goal, 0 MB stacks, 0 MB globals, 4 P
gc 4523 @83.314s 5%: 0.51+1.6+0.070 ms clock, 2.0+0.097/1.1/2.0+0.28 ms cpu, 112->112->112 MB, 102 MB goal, 0 MB stacks, 0 MB globals, 4 P
gc 4524 @83.317s 5%: 0.056+1.4+0.003 ms clock, 0.22+0.096/1.0/2.0+0.015 ms cpu, 112->112->112 MB, 118 MB goal, 0 MB stacks, 0 MB globals, 4 P
gc 4525 @83.321s 5%: 0.11+2.1+0.020 ms clock, 0.47+1.4/1.4/0+0.082 ms cpu, 122->122->112 MB, 114 MB goal, 0 MB stacks, 0 MB globals, 4 P
gc 4526 @83.325s 5%: 0.085+2.8+0.19 ms clock, 0.34+0.086/1.0/1.5+0.76 ms cpu, 122->122->112 MB, 130 MB goal, 0 MB stacks, 0 MB globals, 4 P
gc 4527 @83.332s 5%: 0.14+4.1+0.004 ms clock, 0.57+1.8/4.0/0.26+0.018 ms cpu, 142->142->112 MB, 119 MB goal, 0 MB stacks, 0 MB globals, 4 P
gc 4528 @83.338s 5%: 0.10+1.9+0.041 ms clock, 0.40+1.2/1.1/0.74+0.16 ms cpu, 132->142->122 MB, 119 MB goal, 0 MB stacks, 0 MB globals, 4 P
gc 4529 @83.348s 5%: 0.055+2.1+0.060 ms clock, 0.22+1.7/1.2/0.81+0.24 ms cpu, 122->142->132 MB, 122 MB goal, 0 MB stacks, 0 MB globals, 4 P
gc 4530 @83.351s 5%: 1.0+1.7+0.053 ms clock, 4.0+1.7/0.90/0+0.21 ms cpu, 132->142->132 MB, 132 MB goal, 0 MB stacks, 0 MB globals, 4 P
gc 4531 @83.355s 5%: 0.58+3.2+0.042 ms clock, 2.3+1.5/2.0/0+0.16 ms cpu, 132->152->142 MB, 168 MB goal, 0 MB stacks, 0 MB globals, 4 P
gc 4532 @83.362s 5%: 0.17+3.1+0.49 ms clock, 0.71+1.8/2.1/0+1.9 ms cpu, 172->182->142 MB, 154 MB goal, 0 MB stacks, 0 MB globals, 4 P
gc 4533 @83.366s 5%: 0.12+4.6+0.21 ms clock, 0.48+1.9/2.3/0+0.85 ms cpu, 162->182->152 MB, 154 MB goal, 0 MB stacks, 0 MB globals, 4 P
gc 4534 @83.372s 5%: 0.12+2.6+0.061 ms clock, 0.50+1.5/2.2/0+0.24 ms cpu, 172->172->112 MB, 180 MB goal, 0 MB stacks, 0 MB globals, 4 P
gc 4535 @83.379s 5%: 0.62+2.7+0.045 ms clock, 2.4+0.15/2.1/1.8+0.18 ms cpu, 172->172->112 MB, 193 MB goal, 0 MB stacks, 0 MB globals, 4 P
gc 4536 @83.384s 5%: 0.057+1.9+0.033 ms clock, 0.23+2.7/0.98/0.64+0.13 ms cpu, 112->122->112 MB, 114 MB goal, 0 MB stacks, 0 MB globals, 4 P
gc 4537 @83.387s 5%: 0.59+2.7+0.26 ms clock, 2.3+2.6/1.3/0+1.0 ms cpu, 132->132->132 MB, 112 MB goal, 0 MB stacks, 0 MB globals, 4 P
gc 4538 @83.391s 5%: 0.61+2.2+0.052 ms clock, 2.4+1.4/1.6/0.001+0.20 ms cpu, 132->142->122 MB, 143 MB goal, 0 MB stacks, 0 MB globals, 4 P
gc 4539 @83.396s 5%: 0.13+1.2+0.21 ms clock, 0.52+1.7/0.92/0+0.87 ms cpu, 142->142->112 MB, 143 MB goal, 0 MB stacks, 0 MB globals, 4 P
gc 4540 @83.400s 5%: 0.33+1.8+0.055 ms clock, 1.3+2.3/1.5/0+0.22 ms cpu, 142->142->112 MB, 143 MB goal, 0 MB stacks, 0 MB globals, 4 P
gc 4541 @83.404s 5%: 0.097+1.0+0.003 ms clock, 0.39+0.46/1.0/1.6+0.014 ms cpu, 142->142->102 MB, 143 MB goal, 0 MB stacks, 0 MB globals, 4 P
gc 4542 @83.415s 5%: 0.043+1.1+0.005 ms clock, 0.17+1.0/1.0/1.9+0.021 ms cpu, 102->102->102 MB, 105 MB goal, 0 MB stacks, 0 MB globals, 4 P
gc 4543 @83.417s 5%: 0.11+2.3+0.036 ms clock, 0.44+0.15/1.3/2.4+0.14 ms cpu, 112->112->112 MB, 118 MB goal, 0 MB stacks, 0 MB globals, 4 P
gc 4544 @83.425s 5%: 0.046+0.93+0.004 ms clock, 0.18+0/0.84/2.1+0.019 ms cpu, 122->122->102 MB, 114 MB goal, 0 MB stacks, 0 MB globals, 4 P
gc 4545 @83.434s 5%: 0.097+0.97+0.004 ms clock, 0.38+0.86/0.93/1.7+0.016 ms cpu, 102->102->102 MB, 105 MB goal, 0 MB stacks, 0 MB globals, 4 P
gc 4546 @83.435s 5%: 0.13+1.8+0.028 ms clock, 0.54+0.093/1.4/2.2+0.11 ms cpu, 112->112->112 MB, 118 MB goal, 0 MB stacks, 0 MB globals, 4 P
gc 4547 @83.446s 5%: 0.067+1.1+0.003 ms clock, 0.26+0.15/0.97/2.3+0.012 ms cpu, 122->122->102 MB, 114 MB goal, 0 MB stacks, 0 MB globals, 4 P
gc 4548 @83.448s 5%: 0.35+0.90+0.005 ms clock, 1.4+1.9/0.72/0+0.020 ms cpu, 102->102->102 MB, 105 MB goal, 0 MB stacks, 0 MB globals, 4 P
gc 4549 @83.464s 5%: 0.69+1.5+0.58 ms clock, 2.7+1.7/0.90/0+2.3 ms cpu, 122->132->132 MB, 102 MB goal, 0 MB stacks, 0 MB globals, 4 P
gc 4550 @83.467s 5%: 0.58+3.0+0.58 ms clock, 2.3+1.5/1.1/0+2.3 ms cpu, 132->152->132 MB, 134 MB goal, 0 MB stacks, 0 MB globals, 4 P
gc 4551 @83.473s 5%: 0.63+1.0+0.056 ms clock, 2.5+1.7/0.88/0+0.22 ms cpu, 152->152->142 MB, 134 MB goal, 0 MB stacks, 0 MB globals, 4 P
gc 4552 @83.476s 5%: 0.56+2.0+0.035 ms clock, 2.2+2.1/1.3/0.035+0.14 ms cpu, 142->142->112 MB, 143 MB goal, 0 MB stacks, 0 MB globals, 4 P
gc 4553 @83.480s 5%: 0.51+1.9+0.050 ms clock, 2.0+1.5/1.8/0+0.20 ms cpu, 142->152->122 MB, 135 MB goal, 0 MB stacks, 0 MB globals, 4 P
gc 4554 @83.493s 5%: 0.046+0.80+0.003 ms clock, 0.18+0.13/0.75/1.8+0.013 ms cpu, 142->142->102 MB, 143 MB goal, 0 MB stacks, 0 MB globals, 4 P
gc 4555 @83.496s 5%: 0.035+0.94+0.003 ms clock, 0.14+0.85/0.87/1.5+0.012 ms cpu, 102->102->102 MB, 105 MB goal, 0 MB stacks, 0 MB globals, 4 P
gc 4556 @83.497s 5%: 0.13+4.4+0.026 ms clock, 0.55+0.10/1.1/1.6+0.10 ms cpu, 112->122->122 MB, 114 MB goal, 0 MB stacks, 0 MB globals, 4 P
gc 4557 @83.503s 5%: 0.074+1.7+0.027 ms clock, 0.29+1.0/1.0/0.22+0.10 ms cpu, 122->132->112 MB, 122 MB goal, 0 MB stacks, 0 MB globals, 4 P
gc 4558 @83.505s 5%: 0.45+1.4+0.023 ms clock, 1.8+0.86/0.94/0.36+0.095 ms cpu, 112->112->112 MB, 118 MB goal, 0 MB stacks, 0 MB globals, 4 P
gc 4559 @83.508s 5%: 0.097+1.2+0.036 ms clock, 0.39+0.13/1.0/1.8+0.14 ms cpu, 122->122->112 MB, 114 MB goal, 0 MB stacks, 0 MB globals, 4 P
gc 4560 @83.516s 5%: 0.23+0.81+0.003 ms clock, 0.93+0.71/0.78/0.98+0.013 ms cpu, 122->122->102 MB, 114 MB goal, 0 MB stacks, 0 MB globals, 4 P
gc 4561 @83.519s 5%: 0.31+1.7+0.003 ms clock, 1.2+0.97/1.2/0.24+0.012 ms cpu, 122->122->112 MB, 114 MB goal, 0 MB stacks, 0 MB globals, 4 P
gc 4562 @83.522s 5%: 0.12+2.0+0.56 ms clock, 0.49+0.83/1.1/0.31+2.2 ms cpu, 122->132->122 MB, 129 MB goal, 0 MB stacks, 0 MB globals, 4 P
gc 4563 @83.528s 5%: 0.44+0.88+0.003 ms clock, 1.7+0.18/0.80/1.7+0.012 ms cpu, 132->132->102 MB, 129 MB goal, 0 MB stacks, 0 MB globals, 4 P
gc 4564 @83.536s 5%: 0.028+0.83+0.002 ms clock, 0.11+0.69/0.77/1.3+0.011 ms cpu, 102->102->102 MB, 105 MB goal, 0 MB stacks, 0 MB globals, 4 P
gc 4565 @83.537s 5%: 0.13+3.3+0.26 ms clock, 0.53+1.4/2.5/0+1.0 ms cpu, 112->122->122 MB, 102 MB goal, 0 MB stacks, 0 MB globals, 4 P
gc 4566 @83.541s 5%: 0.081+1.7+0.040 ms clock, 0.32+0.20/1.0/1.2+0.16 ms cpu, 122->142->122 MB, 122 MB goal, 0 MB stacks, 0 MB globals, 4 P
gc 4567 @83.545s 5%: 0.49+1.7+0.026 ms clock, 1.9+1.0/1.0/0.43+0.10 ms cpu, 122->132->112 MB, 122 MB goal, 0 MB stacks, 0 MB globals, 4 P
gc 4568 @83.548s 5%: 0.47+1.8+0.039 ms clock, 1.9+1.1/1.5/0.55+0.15 ms cpu, 112->112->112 MB, 112 MB goal, 0 MB stacks, 0 MB globals, 4 P
gc 4569 @83.551s 5%: 0.67+2.0+0.028 ms clock, 2.6+1.1/1.3/0.72+0.11 ms cpu, 112->122->112 MB, 130 MB goal, 0 MB stacks, 0 MB globals, 4 P
gc 4570 @83.555s 5%: 0.22+3.4+0.57 ms clock, 0.89+0.21/1.1/1.1+2.3 ms cpu, 132->142->122 MB, 119 MB goal, 0 MB stacks, 0 MB globals, 4 P
gc 4571 @83.560s 5%: 0.66+1.2+0.004 ms clock, 2.6+1.3/1.2/1.5+0.016 ms cpu, 122->122->102 MB, 130 MB goal, 0 MB stacks, 0 MB globals, 4 P
gc 4572 @84.087s 5%: 0.10+1.4+0.005 ms clock, 0.40+0.63/1.2/2.7+0.020 ms cpu, 102->102->102 MB, 105 MB goal, 0 MB stacks, 0 MB globals, 4 P
gc 4573 @84.089s 5%: 0.15+2.1+0.029 ms clock, 0.63+0.13/1.6/2.2+0.11 ms cpu, 112->112->112 MB, 118 MB goal, 0 MB stacks, 0 MB globals, 4 P
gc 4574 @84.170s 5%: 0.49+1.1+0.004 ms clock, 1.9+0.96/1.1/1.6+0.016 ms cpu, 122->122->102 MB, 114 MB goal, 0 MB stacks, 0 MB globals, 4 P
gc 4575 @84.180s 5%: 0.11+0.93+0.003 ms clock, 0.45+0.79/0.90/1.0+0.014 ms cpu, 122->122->102 MB, 114 MB goal, 0 MB stacks, 0 MB globals, 4 P
gc 4576 @84.191s 5%: 0.075+1.0+0.003 ms clock, 0.30+0/1.0/2.6+0.014 ms cpu, 122->122->102 MB, 114 MB goal, 0 MB stacks, 0 MB globals, 4 P
gc 4577 @84.194s 5%: 0.14+1.1+0.003 ms clock, 0.56+1.1/1.0/0.82+0.015 ms cpu, 122->122->112 MB, 102 MB goal, 0 MB stacks, 0 MB globals, 4 P
gc 4578 @84.196s 5%: 0.038+1.0+0.003 ms clock, 0.15+0.33/0.98/1.5+0.013 ms cpu, 112->112->102 MB, 118 MB goal, 0 MB stacks, 0 MB globals, 4 P
gc 4579 @84.233s 5%: 0.078+1.1+0.004 ms clock, 0.31+0.19/0.92/2.5+0.017 ms cpu, 122->122->102 MB, 114 MB goal, 0 MB stacks, 0 MB globals, 4 P
gc 4580 @84.237s 5%: 0.034+1.0+0.003 ms clock, 0.13+0.84/0.89/1.6+0.014 ms cpu, 102->102->102 MB, 105 MB goal, 0 MB stacks, 0 MB globals, 4 P
gc 4581 @84.238s 5%: 0.13+1.6+0.024 ms clock, 0.53+0.15/0.91/1.5+0.096 ms cpu, 112->112->112 MB, 118 MB goal, 0 MB stacks, 0 MB globals, 4 P
gc 4582 @84.258s 5%: 0.25+4.2+0.34 ms clock, 1.0+1.7/2.1/0+1.3 ms cpu, 122->132->122 MB, 112 MB goal, 0 MB stacks, 0 MB globals, 4 P
gc 4583 @84.263s 5%: 0.44+2.1+0.024 ms clock, 1.7+2.2/1.2/0.053+0.098 ms cpu, 122->132->112 MB, 129 MB goal, 0 MB stacks, 0 MB globals, 4 P
gc 4584 @84.268s 5%: 0.18+1.1+0.59 ms clock, 0.74+0.19/1.0/1.4+2.3 ms cpu, 132->132->112 MB, 129 MB goal, 0 MB stacks, 0 MB globals, 4 P
gc 4585 @84.275s 5%: 0.064+0.82+0.003 ms clock, 0.25+0.12/0.76/2.0+0.012 ms cpu, 132->132->102 MB, 129 MB goal, 0 MB stacks, 0 MB globals, 4 P
gc 4586 @84.283s 5%: 0.048+1.0+0.004 ms clock, 0.19+0.27/1.0/2.3+0.017 ms cpu, 102->102->102 MB, 105 MB goal, 0 MB stacks, 0 MB globals, 4 P
gc 4587 @84.284s 5%: 0.11+3.5+0.15 ms clock, 0.45+0.12/1.2/3.2+0.63 ms cpu, 112->112->112 MB, 118 MB goal, 0 MB stacks, 0 MB globals, 4 P
gc 4588 @84.295s 5%: 0.044+1.8+0.026 ms clock, 0.17+0.12/0.92/2.5+0.10 ms cpu, 122->132->112 MB, 112 MB goal, 0 MB stacks, 0 MB globals, 4 P
gc 4589 @84.298s 5%: 0.70+2.8+0.003 ms clock, 2.8+0.21/1.5/1.8+0.013 ms cpu, 112->112->112 MB, 118 MB goal, 0 MB stacks, 0 MB globals, 4 P
gc 4590 @84.309s 5%: 0.040+0.84+0.002 ms clock, 0.16+0.13/0.78/2.0+0.011 ms cpu, 122->122->102 MB, 114 MB goal, 0 MB stacks, 0 MB globals, 4 P
gc 4591 @84.319s 5%: 0.042+0.80+0.004 ms clock, 0.16+0.73/0.77/1.3+0.016 ms cpu, 102->102->102 MB, 105 MB goal, 0 MB stacks, 0 MB globals, 4 P
gc 4592 @84.320s 5%: 0.13+1.5+0.032 ms clock, 0.52+0.068/0.95/1.7+0.12 ms cpu, 112->112->112 MB, 118 MB goal, 0 MB stacks, 0 MB globals, 4 P
gc 4593 @84.329s 5%: 0.31+0.95+0.003 ms clock, 1.2+1.1/0.89/0.85+0.015 ms cpu, 122->122->102 MB, 114 MB goal, 0 MB stacks, 0 MB globals, 4 P
gc 4594 @84.331s 5%: 0.092+2.9+0.034 ms clock, 0.36+0.058/2.6/2.0+0.13 ms cpu, 122->122->122 MB, 130 MB goal, 0 MB stacks, 0 MB globals, 4 P
gc 4595 @84.339s 5%: 0.55+2.0+0.004 ms clock, 2.2+1.8/1.9/0.14+0.016 ms cpu, 142->142->112 MB, 122 MB goal, 0 MB stacks, 0 MB globals, 4 P
gc 4596 @84.342s 5%: 0.11+1.9+0.054 ms clock, 0.46+0.065/1.5/1.2+0.21 ms cpu, 132->132->122 MB, 129 MB goal, 0 MB stacks, 0 MB globals, 4 P
gc 4597 @84.354s 5%: 0.056+1.0+0.003 ms clock, 0.22+0.11/0.86/2.3+0.012 ms cpu, 132->132->102 MB, 129 MB goal, 0 MB stacks, 0 MB globals, 4 P
gc 4598 @84.357s 5%: 0.078+0.90+0.006 ms clock, 0.31+1.5/0.79/0.66+0.024 ms cpu, 102->102->102 MB, 105 MB goal, 0 MB stacks, 0 MB globals, 4 P
gc 4599 @84.358s 5%: 0.16+2.2+0.058 ms clock, 0.67+1.9/1.6/0+0.23 ms cpu, 112->122->122 MB, 102 MB goal, 0 MB stacks, 0 MB globals, 4 P
gc 4600 @84.361s 5%: 0.48+5.2+0.009 ms clock, 1.9+1.8/1.4/0+0.037 ms cpu, 122->132->122 MB, 143 MB goal, 0 MB stacks, 0 MB globals, 4 P
gc 4601 @84.369s 5%: 0.48+2.4+0.024 ms clock, 1.9+2.0/1.7/0+0.097 ms cpu, 142->142->112 MB, 143 MB goal, 0 MB stacks, 0 MB globals, 4 P
gc 4602 @84.373s 5%: 0.11+5.8+0.004 ms clock, 0.47+0.74/1.9/0.004+0.019 ms cpu, 142->152->142 MB, 134 MB goal, 0 MB stacks, 0 MB globals, 4 P
gc 4603 @84.379s 5%: 0.20+1.2+0.043 ms clock, 0.80+1.9/1.0/0+0.17 ms cpu, 142->152->112 MB, 142 MB goal, 0 MB stacks, 0 MB globals, 4 P
gc 4604 @84.381s 5%: 0.12+1.0+0.079 ms clock, 0.49+1.5/0.88/0+0.31 ms cpu, 142->142->132 MB, 143 MB goal, 0 MB stacks, 0 MB globals, 4 P
gc 4605 @84.383s 5%: 0.11+2.3+0.051 ms clock, 0.47+1.6/1.7/0+0.20 ms cpu, 142->162->132 MB, 132 MB goal, 0 MB stacks, 0 MB globals, 4 P
gc 4606 @84.386s 5%: 0.41+5.4+0.024 ms clock, 1.6+1.4/4.5/0+0.096 ms cpu, 132->162->152 MB, 132 MB goal, 0 MB stacks, 0 MB globals, 4 P
gc 4607 @84.392s 5%: 0.46+2.1+0.17 ms clock, 1.8+2.0/1.5/0+0.69 ms cpu, 152->162->122 MB, 152 MB goal, 0 MB stacks, 0 MB globals, 4 P
gc 4608 @84.397s 5%: 0.10+2.3+0.058 ms clock, 0.40+1.6/1.6/0+0.23 ms cpu, 142->142->132 MB, 155 MB goal, 0 MB stacks, 0 MB globals, 4 P
gc 4609 @84.402s 5%: 0.57+5.0+0.005 ms clock, 2.2+1.4/4.9/0.11+0.021 ms cpu, 152->162->112 MB, 150 MB goal, 0 MB stacks, 0 MB globals, 4 P
gc 4610 @84.409s 5%: 0.38+4.4+0.007 ms clock, 1.5+1.6/4.3/0.017+0.029 ms cpu, 162->162->142 MB, 149 MB goal, 0 MB stacks, 0 MB globals, 4 P
gc 4611 @84.414s 5%: 0.20+4.4+0.035 ms clock, 0.83+1.5/3.7/0+0.14 ms cpu, 152->172->132 MB, 142 MB goal, 0 MB stacks, 0 MB globals, 4 P
gc 4612 @84.422s 5%: 0.028+1.0+0.095 ms clock, 0.11+0.84/0.89/1.6+0.38 ms cpu, 132->142->112 MB, 143 MB goal, 0 MB stacks, 0 MB globals, 4 P
gc 4613 @84.426s 5%: 0.21+1.0+0.004 ms clock, 0.86+1.0/0.99/1.3+0.017 ms cpu, 112->112->102 MB, 118 MB goal, 0 MB stacks, 0 MB globals, 4 P
gc 4614 @84.443s 5%: 0.066+1.1+0.003 ms clock, 0.26+0.13/0.89/2.4+0.015 ms cpu, 122->122->102 MB, 114 MB goal, 0 MB stacks, 0 MB globals, 4 P
gc 4615 @84.448s 5%: 0.039+0.97+0.003 ms clock, 0.15+0.74/0.83/1.5+0.013 ms cpu, 102->102->102 MB, 105 MB goal, 0 MB stacks, 0 MB globals, 4 P
gc 4616 @84.449s 5%: 0.65+1.2+0.034 ms clock, 2.6+0.062/1.1/1.3+0.13 ms cpu, 112->112->112 MB, 118 MB goal, 0 MB stacks, 0 MB globals, 4 P
gc 4617 @84.474s 5%: 0.18+0.88+0.004 ms clock, 0.73+1.9/0.78/0.12+0.019 ms cpu, 142->142->102 MB, 112 MB goal, 0 MB stacks, 0 MB globals, 4 P
gc 4618 @84.475s 5%: 0.025+1.7+0.005 ms clock, 0.10+0.44/1.2/1.6+0.020 ms cpu, 102->102->102 MB, 118 MB goal, 0 MB stacks, 0 MB globals, 4 P
gc 4619 @84.480s 5%: 0.40+2.5+0.44 ms clock, 1.6+1.5/1.7/0+1.7 ms cpu, 132->132->132 MB, 104 MB goal, 0 MB stacks, 0 MB globals, 4 P
gc 4620 @84.484s 5%: 0.085+1.2+0.003 ms clock, 0.34+2.1/1.0/0+0.013 ms cpu, 132->132->102 MB, 143 MB goal, 0 MB stacks, 0 MB globals, 4 P
gc 4621 @84.487s 5%: 0.16+1.8+0.61 ms clock, 0.67+2.2/1.7/0.003+2.4 ms cpu, 142->142->112 MB, 143 MB goal, 0 MB stacks, 0 MB globals, 4 P
gc 4622 @84.497s 5%: 0.063+1.3+0.005 ms clock, 0.25+0/1.0/2.9+0.023 ms cpu, 142->142->102 MB, 143 MB goal, 0 MB stacks, 0 MB globals, 4 P
gc 4623 @84.503s 5%: 0.042+1.0+0.005 ms clock, 0.17+0.83/0.87/1.5+0.020 ms cpu, 102->102->102 MB, 105 MB goal, 0 MB stacks, 0 MB globals, 4 P
gc 4624 @84.504s 5%: 0.59+1.5+0.027 ms clock, 2.3+1.1/1.0/0.73+0.10 ms cpu, 112->112->112 MB, 118 MB goal, 0 MB stacks, 0 MB globals, 4 P
gc 4625 @84.508s 5%: 0.47+1.8+0.027 ms clock, 1.8+0.66/1.2/1.2+0.10 ms cpu, 122->122->112 MB, 114 MB goal, 0 MB stacks, 0 MB globals, 4 P
gc 4626 @84.512s 5%: 0.10+1.9+0.034 ms clock, 0.42+0.90/1.2/0.48+0.13 ms cpu, 122->132->122 MB, 129 MB goal, 0 MB stacks, 0 MB globals, 4 P
gc 4627 @84.519s 5%: 0.043+1.6+0.12 ms clock, 0.17+0/0.74/2.7+0.48 ms cpu, 132->142->112 MB, 122 MB goal, 0 MB stacks, 0 MB globals, 4 P
gc 4628 @84.522s 5%: 0.57+1.5+0.030 ms clock, 2.3+1.0/1.1/1.0+0.12 ms cpu, 112->112->112 MB, 118 MB goal, 0 MB stacks, 0 MB globals, 4 P
gc 4629 @84.525s 5%: 0.61+1.5+0.034 ms clock, 2.4+0.11/1.1/1.8+0.13 ms cpu, 122->122->112 MB, 130 MB goal, 0 MB stacks, 0 MB globals, 4 P
gc 4630 @84.531s 5%: 0.097+2.1+0.060 ms clock, 0.38+1.7/1.7/0+0.24 ms cpu, 142->142->122 MB, 119 MB goal, 0 MB stacks, 0 MB globals, 4 P
gc 4631 @84.533s 5%: 0.070+1.0+0.003 ms clock, 0.28+0.28/0.90/1.3+0.015 ms cpu, 122->122->102 MB, 130 MB goal, 0 MB stacks, 0 MB globals, 4 P
gc 4632 @84.545s 5%: 0.18+4.3+0.29 ms clock, 0.74+0.007/1.6/3.0+1.1 ms cpu, 122->142->132 MB, 119 MB goal, 0 MB stacks, 0 MB globals, 4 P
gc 4633 @84.551s 5%: 0.60+1.4+0.003 ms clock, 2.4+0.46/1.2/1.8+0.012 ms cpu, 132->132->102 MB, 143 MB goal, 0 MB stacks, 0 MB globals, 4 P
gc 4634 @84.559s 5%: 0.10+1.3+0.002 ms clock, 0.43+0.037/1.3/2.6+0.011 ms cpu, 132->132->102 MB, 143 MB goal, 0 MB stacks, 0 MB globals, 4 P
gc 4635 @84.562s 5%: 0.065+0.98+0.003 ms clock, 0.26+1.5/0.93/0.68+0.012 ms cpu, 102->102->102 MB, 105 MB goal, 0 MB stacks, 0 MB globals, 4 P
gc 4636 @84.564s 5%: 0.49+2.2+0.56 ms clock, 1.9+1.3/1.5/0+2.2 ms cpu, 122->122->122 MB, 102 MB goal, 0 MB stacks, 0 MB globals, 4 P
gc 4637 @84.568s 5%: 0.67+1.1+0.003 ms clock, 2.7+0.37/1.0/1.4+0.014 ms cpu, 122->122->102 MB, 130 MB goal, 0 MB stacks, 0 MB globals, 4 P
gc 4638 @85.174s 5%: 0.074+1.4+0.005 ms clock, 0.29+0.24/1.4/3.4+0.020 ms cpu, 122->122->102 MB, 130 MB goal, 0 MB stacks, 0 MB globals, 4 P
gc 4639 @85.178s 5%: 0.089+1.3+0.004 ms clock, 0.35+0/1.2/3.0+0.019 ms cpu, 112->112->102 MB, 118 MB goal, 0 MB stacks, 0 MB globals, 4 P
gc 4640 @85.187s 5%: 0.099+1.1+0.005 ms clock, 0.39+0.19/1.0/2.6+0.023 ms cpu, 122->122->102 MB, 114 MB goal, 0 MB stacks, 0 MB globals, 4 P
gc 4641 @85.192s 5%: 0.051+0.93+0.003 ms clock, 0.20+0.82/0.84/1.6+0.014 ms cpu, 102->102->102 MB, 105 MB goal, 0 MB stacks, 0 MB globals, 4 P
gc 4642 @85.194s 5%: 0.14+2.1+0.056 ms clock, 0.56+0.10/1.5/2.1+0.22 ms cpu, 112->112->112 MB, 118 MB goal, 0 MB stacks, 0 MB globals, 4 P
gc 4643 @85.204s 5%: 0.062+1.0+0.003 ms clock, 0.25+1.2/1.0/0.67+0.012 ms cpu, 122->122->102 MB, 114 MB goal, 0 MB stacks, 0 MB globals, 4 P
gc 4644 @85.224s 5%: 0.10+0.92+0.004 ms clock, 0.42+0/0.83/2.2+0.018 ms cpu, 122->122->102 MB, 114 MB goal, 0 MB stacks, 0 MB globals, 4 P
gc 4645 @85.234s 5%: 0.062+0.91+0.003 ms clock, 0.25+0.73/0.85/1.5+0.014 ms cpu, 102->102->102 MB, 105 MB goal, 0 MB stacks, 0 MB globals, 4 P
gc 4646 @85.235s 5%: 0.12+1.7+0.044 ms clock, 0.50+0.072/1.0/2.5+0.17 ms cpu, 112->112->112 MB, 118 MB goal, 0 MB stacks, 0 MB globals, 4 P
gc 4647 @85.247s 5%: 0.065+1.3+0.003 ms clock, 0.26+0/1.0/3.0+0.013 ms cpu, 122->122->102 MB, 114 MB goal, 0 MB stacks, 0 MB globals, 4 P
gc 4648 @85.263s 5%: 0.052+0.96+0.003 ms clock, 0.21+0.87/0.82/1.5+0.014 ms cpu, 102->102->102 MB, 105 MB goal, 0 MB stacks, 0 MB globals, 4 P
gc 4649 @85.265s 5%: 0.64+1.5+0.030 ms clock, 2.5+1.0/1.0/0.84+0.12 ms cpu, 112->112->112 MB, 118 MB goal, 0 MB stacks, 0 MB globals, 4 P
gc 4650 @85.269s 5%: 0.082+4.3+0.026 ms clock, 0.33+0.16/3.7/1.7+0.10 ms cpu, 122->132->122 MB, 112 MB goal, 0 MB stacks, 0 MB globals, 4 P
gc 4651 @85.274s 5%: 0.64+1.6+0.026 ms clock, 2.5+1.9/1.0/0+0.10 ms cpu, 122->132->112 MB, 122 MB goal, 0 MB stacks, 0 MB globals, 4 P
gc 4652 @85.276s 5%: 0.67+3.9+0.14 ms clock, 2.7+0.87/2.3/0.20+0.56 ms cpu, 112->142->142 MB, 119 MB goal, 0 MB stacks, 0 MB globals, 4 P
gc 4653 @85.282s 5%: 0.56+1.4+0.003 ms clock, 2.2+0.20/1.2/2.2+0.014 ms cpu, 142->142->112 MB, 142 MB goal, 0 MB stacks, 0 MB globals, 4 P
gc 4654 @85.290s 5%: 0.035+0.82+0.003 ms clock, 0.14+0.68/0.76/1.3+0.015 ms cpu, 112->112->102 MB, 118 MB goal, 0 MB stacks, 0 MB globals, 4 P
gc 4655 @85.301s 5%: 0.055+0.87+0.003 ms clock, 0.22+0.12/0.78/2.0+0.015 ms cpu, 122->122->102 MB, 114 MB goal, 0 MB stacks, 0 MB globals, 4 P
gc 4656 @85.302s 5%: 0.036+0.77+0.003 ms clock, 0.14+0.71/0.68/1.2+0.013 ms cpu, 102->102->102 MB, 105 MB goal, 0 MB stacks, 0 MB globals, 4 P
gc 4657 @85.303s 5%: 0.11+1.4+0.075 ms clock, 0.46+0.10/0.99/1.9+0.30 ms cpu, 112->112->112 MB, 102 MB goal, 0 MB stacks, 0 MB globals, 4 P
gc 4658 @85.306s 5%: 0.42+2.1+0.041 ms clock, 1.6+0.11/1.2/1.5+0.16 ms cpu, 112->112->112 MB, 118 MB goal, 0 MB stacks, 0 MB globals, 4 P
gc 4659 @85.313s 5%: 0.043+0.96+0.004 ms clock, 0.17+0.13/0.87/2.1+0.017 ms cpu, 122->122->102 MB, 115 MB goal, 0 MB stacks, 0 MB globals, 4 P
gc 4660 @85.334s 5%: 0.083+1.3+0.004 ms clock, 0.33+2.2/1.0/1.0+0.018 ms cpu, 122->122->102 MB, 114 MB goal, 0 MB stacks, 0 MB globals, 4 P
gc 4661 @85.336s 5%: 0.10+3.0+0.031 ms clock, 0.41+0.17/1.8/1.8+0.12 ms cpu, 122->122->122 MB, 130 MB goal, 0 MB stacks, 0 MB globals, 4 P
gc 4662 @85.343s 5%: 0.61+1.6+0.028 ms clock, 2.4+0.99/1.0/0.95+0.11 ms cpu, 132->132->112 MB, 129 MB goal, 0 MB stacks, 0 MB globals, 4 P
gc 4663 @85.346s 5%: 0.12+3.1+0.003 ms clock, 0.49+2.9/2.9/0.19+0.014 ms cpu, 132->132->122 MB, 143 MB goal, 0 MB stacks, 0 MB globals, 4 P
gc 4664 @85.358s 5%: 0.050+1.0+0.003 ms clock, 0.20+0/0.92/2.4+0.013 ms cpu, 142->142->102 MB, 143 MB goal, 0 MB stacks, 0 MB globals, 4 P
gc 4665 @85.364s 5%: 0.036+0.99+0.004 ms clock, 0.14+1.5/0.85/0.71+0.019 ms cpu, 102->102->102 MB, 105 MB goal, 0 MB stacks, 0 MB globals, 4 P
gc 4666 @85.374s 5%: 0.60+2.0+0.032 ms clock, 2.4+2.4/1.1/0+0.13 ms cpu, 122->122->122 MB, 102 MB goal, 0 MB stacks, 0 MB globals, 4 P
gc 4667 @85.377s 5%: 0.59+1.9+0.017 ms clock, 2.3+2.3/1.2/0+0.069 ms cpu, 122->132->122 MB, 122 MB goal, 0 MB stacks, 0 MB globals, 4 P
gc 4668 @85.380s 5%: 0.32+1.2+0.058 ms clock, 1.3+1.5/1.0/0+0.23 ms cpu, 132->132->122 MB, 122 MB goal, 0 MB stacks, 0 MB globals, 4 P
gc 4669 @85.381s 5%: 0.52+2.4+0.23 ms clock, 2.1+0.96/0.97/0+0.93 ms cpu, 122->142->132 MB, 122 MB goal, 0 MB stacks, 0 MB globals, 4 P
gc 4670 @85.385s 5%: 0.49+1.5+0.055 ms clock, 1.9+1.0/1.1/0+0.22 ms cpu, 142->142->132 MB, 143 MB goal, 0 MB stacks, 0 MB globals, 4 P
gc 4671 @85.388s 5%: 0.35+1.8+0.041 ms clock, 1.4+1.3/1.3/0+0.16 ms cpu, 142->152->122 MB, 135 MB goal, 0 MB stacks, 0 MB globals, 4 P
gc 4672 @85.390s 5%: 0.78+2.9+0.030 ms clock, 3.1+1.4/1.2/0+0.12 ms cpu, 142->142->132 MB, 143 MB goal, 0 MB stacks, 0 MB globals, 4 P
gc 4673 @85.395s 5%: 0.56+2.9+0.63 ms clock, 2.2+2.0/2.3/0+2.5 ms cpu, 162->162->132 MB, 132 MB goal, 0 MB stacks, 0 MB globals, 4 P
gc 4674 @85.400s 5%: 0.53+2.0+0.053 ms clock, 2.1+1.4/1.6/0+0.21 ms cpu, 132->142->132 MB, 143 MB goal, 0 MB stacks, 0 MB globals, 4 P
gc 4675 @85.403s 5%: 0.24+1.4+0.056 ms clock, 0.97+1.3/1.3/0+0.22 ms cpu, 142->152->132 MB, 134 MB goal, 0 MB stacks, 0 MB globals, 4 P
gc 4676 @85.405s 5%: 0.48+2.4+0.059 ms clock, 1.9+1.4/1.5/0+0.23 ms cpu, 142->152->142 MB, 155 MB goal, 0 MB stacks, 0 MB globals, 4 P
gc 4677 @85.408s 5%: 0.11+6.2+0.045 ms clock, 0.45+1.9/5.7/0+0.18 ms cpu, 152->182->142 MB, 142 MB goal, 0 MB stacks, 0 MB globals, 4 P
gc 4678 @85.415s 5%: 0.33+1.3+0.064 ms clock, 1.3+2.3/0.91/0+0.25 ms cpu, 142->162->122 MB, 150 MB goal, 0 MB stacks, 0 MB globals, 4 P
gc 4679 @85.421s 5%: 0.71+1.2+0.55 ms clock, 2.8+1.7/1.0/0+2.2 ms cpu, 172->172->132 MB, 180 MB goal, 0 MB stacks, 0 MB globals, 4 P
gc 4680 @85.427s 5%: 0.15+1.5+0.050 ms clock, 0.60+0.050/1.3/1.9+0.20 ms cpu, 172->172->112 MB, 180 MB goal, 0 MB stacks, 0 MB globals, 4 P
gc 4681 @85.431s 5%: 0.11+2.0+0.034 ms clock, 0.46+1.2/1.3/2.1+0.13 ms cpu, 112->122->112 MB, 114 MB goal, 0 MB stacks, 0 MB globals, 4 P
gc 4682 @85.448s 5%: 0.071+1.1+0.003 ms clock, 0.28+0.068/0.99/2.8+0.014 ms cpu, 122->122->102 MB, 114 MB goal, 0 MB stacks, 0 MB globals, 4 P
gc 4683 @85.480s 5%: 0.46+1.0+0.005 ms clock, 1.8+1.5/0.98/0+0.021 ms cpu, 142->142->102 MB, 102 MB goal, 0 MB stacks, 0 MB globals, 4 P
gc 4684 @85.481s 5%: 0.025+1.2+0.002 ms clock, 0.10+0.83/1.0/1.6+0.011 ms cpu, 102->102->102 MB, 105 MB goal, 0 MB stacks, 0 MB globals, 4 P
gc 4685 @85.487s 5%: 0.25+1.5+0.005 ms clock, 1.0+2.0/1.5/0+0.020 ms cpu, 122->122->112 MB, 102 MB goal, 0 MB stacks, 0 MB globals, 4 P
gc 4686 @85.489s 5%: 0.050+0.99+0.50 ms clock, 0.20+1.5/0.82/0.70+2.0 ms cpu, 112->122->112 MB, 112 MB goal, 0 MB stacks, 0 MB globals, 4 P
gc 4687 @85.493s 5%: 0.56+3.9+0.003 ms clock, 2.2+1.4/3.8/0+0.015 ms cpu, 142->142->132 MB, 112 MB goal, 0 MB stacks, 0 MB globals, 4 P
gc 4688 @85.498s 5%: 0.17+1.3+0.075 ms clock, 0.68+1.2/0.99/0+0.30 ms cpu, 132->132->102 MB, 132 MB goal, 0 MB stacks, 0 MB globals, 4 P
gc 4689 @85.500s 5%: 0.27+1.5+0.53 ms clock, 1.0+1.6/0.92/0+2.1 ms cpu, 102->122->122 MB, 102 MB goal, 0 MB stacks, 0 MB globals, 4 P
gc 4690 @85.503s 5%: 0.63+2.4+0.031 ms clock, 2.5+1.5/1.7/0+0.12 ms cpu, 122->132->132 MB, 130 MB goal, 0 MB stacks, 0 MB globals, 4 P
gc 4691 @85.506s 5%: 0.70+2.1+0.030 ms clock, 2.8+0/1.6/1.0+0.12 ms cpu, 132->142->122 MB, 132 MB goal, 0 MB stacks, 0 MB globals, 4 P
gc 4692 @85.509s 5%: 0.37+2.4+0.028 ms clock, 1.5+0.80/1.2/0.78+0.11 ms cpu, 122->132->112 MB, 129 MB goal, 0 MB stacks, 0 MB globals, 4 P
gc 4693 @85.517s 5%: 0.72+1.5+0.025 ms clock, 2.9+1.0/0.90/0.79+0.10 ms cpu, 132->142->112 MB, 119 MB goal, 0 MB stacks, 0 MB globals, 4 P
gc 4694 @85.527s 5%: 0.050+0.95+0.003 ms clock, 0.20+0.15/0.86/2.1+0.014 ms cpu, 132->132->102 MB, 129 MB goal, 0 MB stacks, 0 MB globals, 4 P
gc 4695 @85.530s 5%: 0.062+0.95+0.003 ms clock, 0.24+0.80/0.88/1.5+0.014 ms cpu, 102->102->102 MB, 105 MB goal, 0 MB stacks, 0 MB globals, 4 P
gc 4696 @85.531s 5%: 0.11+1.5+0.057 ms clock, 0.44+0.087/1.0/1.7+0.23 ms cpu, 112->112->112 MB, 118 MB goal, 0 MB stacks, 0 MB globals, 4 P
gc 4697 @85.535s 5%: 0.74+2.4+0.52 ms clock, 2.9+1.3/1.5/0+2.0 ms cpu, 132->132->122 MB, 112 MB goal, 0 MB stacks, 0 MB globals, 4 P
gc 4698 @85.539s 5%: 0.52+5.3+0.005 ms clock, 2.1+1.3/1.6/0.35+0.020 ms cpu, 122->132->122 MB, 122 MB goal, 0 MB stacks, 0 MB globals, 4 P
gc 4699 @85.547s 5%: 0.054+1.4+0.034 ms clock, 0.21+0.73/0.79/1.6+0.13 ms cpu, 122->132->112 MB, 122 MB goal, 0 MB stacks, 0 MB globals, 4 P
gc 4700 @85.549s 5%: 0.74+3.1+0.024 ms clock, 2.9+0.54/2.0/0.80+0.097 ms cpu, 112->132->132 MB, 129 MB goal, 0 MB stacks, 0 MB globals, 4 P
gc 4701 @85.555s 5%: 0.10+1.6+0.031 ms clock, 0.40+0/1.3/2.5+0.12 ms cpu, 142->142->112 MB, 132 MB goal, 0 MB stacks, 0 MB globals, 4 P
gc 4702 @85.560s 5%: 0.14+2.2+0.003 ms clock, 0.56+1.4/1.3/0+0.015 ms cpu, 132->132->112 MB, 129 MB goal, 0 MB stacks, 0 MB globals, 4 P
gc 4703 @85.573s 5%: 0.15+1.1+0.004 ms clock, 0.63+1.1/0.85/1.2+0.016 ms cpu, 142->142->102 MB, 119 MB goal, 0 MB stacks, 0 MB globals, 4 P
gc 4704 @86.097s 5%: 0.057+2.2+0.004 ms clock, 0.23+0.97/1.6/3.1+0.019 ms cpu, 102->102->102 MB, 105 MB goal, 0 MB stacks, 0 MB globals, 4 P
gc 4705 @86.100s 5%: 0.071+1.7+0.034 ms clock, 0.28+0.12/1.4/2.6+0.13 ms cpu, 112->112->112 MB, 118 MB goal, 0 MB stacks, 0 MB globals, 4 P
gc 4706 @86.180s 5%: 0.19+1.3+0.005 ms clock, 0.77+1.1/1.3/1.0+0.021 ms cpu, 122->122->102 MB, 114 MB goal, 0 MB stacks, 0 MB globals, 4 P
gc 4707 @86.188s 5%: 0.071+1.3+0.039 ms clock, 0.28+0/1.1/2.4+0.15 ms cpu, 122->122->102 MB, 114 MB goal, 0 MB stacks, 0 MB globals, 4 P
gc 4708 @86.208s 5%: 0.49+1.6+0.047 ms clock, 1.9+2.0/1.4/0+0.18 ms cpu, 132->132->122 MB, 104 MB goal, 0 MB stacks, 0 MB globals, 4 P
gc 4709 @86.211s 5%: 0.43+2.2+0.031 ms clock, 1.7+2.0/1.4/0.52+0.12 ms cpu, 122->132->112 MB, 129 MB goal, 0 MB stacks, 0 MB globals, 4 P
gc 4710 @86.243s 5%: 0.093+0.99+0.004 ms clock, 0.37+0/0.92/2.6+0.018 ms cpu, 132->132->102 MB, 129 MB goal, 0 MB stacks, 0 MB globals, 4 P
gc 4711 @86.248s 5%: 0.046+1.2+0.002 ms clock, 0.18+1.1/1.1/2.0+0.010 ms cpu, 102->102->102 MB, 105 MB goal, 0 MB stacks, 0 MB globals, 4 P
gc 4712 @86.250s 5%: 0.13+2.2+0.033 ms clock, 0.53+0.27/1.3/2.2+0.13 ms cpu, 112->112->112 MB, 118 MB goal, 0 MB stacks, 0 MB globals, 4 P
gc 4713 @86.274s 5%: 0.10+1.4+0.005 ms clock, 0.40+0.24/1.1/2.9+0.021 ms cpu, 122->122->102 MB, 114 MB goal, 0 MB stacks, 0 MB globals, 4 P
gc 4714 @86.276s 5%: 0.18+2.2+0.073 ms clock, 0.75+0.065/2.0/1.7+0.29 ms cpu, 112->122->122 MB, 130 MB goal, 0 MB stacks, 0 MB globals, 4 P
gc 4715 @86.280s 5%: 0.55+2.3+0.025 ms clock, 2.2+1.4/1.7/0+0.10 ms cpu, 132->132->112 MB, 130 MB goal, 0 MB stacks, 0 MB globals, 4 P
gc 4716 @86.284s 5%: 0.10+2.3+0.030 ms clock, 0.40+1.2/1.2/0+0.12 ms cpu, 132->132->122 MB, 129 MB goal, 0 MB stacks, 0 MB globals, 4 P
gc 4717 @86.287s 5%: 0.24+1.1+0.060 ms clock, 0.97+0.14/1.0/1.8+0.24 ms cpu, 132->132->112 MB, 143 MB goal, 0 MB stacks, 0 MB globals, 4 P
gc 4718 @86.313s 5%: 0.085+1.1+0.003 ms clock, 0.34+0.15/1.0/1.8+0.014 ms cpu, 142->142->102 MB, 143 MB goal, 0 MB stacks, 0 MB globals, 4 P
gc 4719 @86.315s 5%: 0.10+1.0+0.003 ms clock, 0.42+0.97/0.94/1.5+0.014 ms cpu, 102->102->102 MB, 105 MB goal, 0 MB stacks, 0 MB globals, 4 P
gc 4720 @86.317s 5%: 0.73+1.6+0.023 ms clock, 2.9+0.084/1.2/2.2+0.095 ms cpu, 112->112->112 MB, 118 MB goal, 0 MB stacks, 0 MB globals, 4 P
gc 4721 @86.333s 5%: 0.063+1.1+0.003 ms clock, 0.25+0.26/0.89/2.2+0.015 ms cpu, 122->122->102 MB, 114 MB goal, 0 MB stacks, 0 MB globals, 4 P
gc 4722 @86.337s 5%: 0.042+0.91+0.004 ms clock, 0.16+0.75/0.76/1.3+0.016 ms cpu, 102->102->102 MB, 105 MB goal, 0 MB stacks, 0 MB globals, 4 P
gc 4723 @86.338s 5%: 0.28+4.5+0.032 ms clock, 1.1+0.12/1.4/1.0+0.13 ms cpu, 112->122->122 MB, 114 MB goal, 0 MB stacks, 0 MB globals, 4 P
gc 4724 @86.343s 5%: 0.70+2.3+0.032 ms clock, 2.8+0.14/1.5/1.5+0.13 ms cpu, 122->132->122 MB, 122 MB goal, 0 MB stacks, 0 MB globals, 4 P
gc 4725 @86.347s 5%: 0.46+2.7+0.037 ms clock, 1.8+0.97/1.4/1.4+0.14 ms cpu, 122->132->112 MB, 122 MB goal, 0 MB stacks, 0 MB globals, 4 P
gc 4726 @86.350s 5%: 0.097+1.4+0.025 ms clock, 0.38+1.7/0.90/0+0.10 ms cpu, 112->112->112 MB, 118 MB goal, 0 MB stacks, 0 MB globals, 4 P
gc 4727 @86.353s 5%: 0.058+1.7+0.17 ms clock, 0.23+1.4/1.0/0+0.71 ms cpu, 132->132->122 MB, 112 MB goal, 0 MB stacks, 0 MB globals, 4 P
gc 4728 @86.355s 5%: 0.51+2.5+0.041 ms clock, 2.0+1.5/1.5/0+0.16 ms cpu, 122->122->122 MB, 143 MB goal, 0 MB stacks, 0 MB globals, 4 P
gc 4729 @86.362s 5%: 0.39+0.93+0.004 ms clock, 1.5+0.16/0.79/2.0+0.016 ms cpu, 142->142->102 MB, 143 MB goal, 0 MB stacks, 0 MB globals, 4 P
gc 4730 @86.378s 5%: 0.051+1.0+0.003 ms clock, 0.20+0.86/0.91/1.6+0.013 ms cpu, 102->102->102 MB, 105 MB goal, 0 MB stacks, 0 MB globals, 4 P
gc 4731 @86.380s 5%: 0.53+1.7+0.020 ms clock, 2.1+0.46/1.1/1.2+0.082 ms cpu, 112->112->112 MB, 118 MB goal, 0 MB stacks, 0 MB globals, 4 P
gc 4732 @86.384s 5%: 0.087+1.5+0.031 ms clock, 0.34+0.086/1.0/1.7+0.12 ms cpu, 122->122->112 MB, 114 MB goal, 0 MB stacks, 0 MB globals, 4 P
gc 4733 @86.388s 5%: 0.12+2.6+0.039 ms clock, 0.50+2.1/2.0/0.041+0.15 ms cpu, 132->132->122 MB, 112 MB goal, 0 MB stacks, 0 MB globals, 4 P
gc 4734 @86.392s 5%: 0.072+1.9+0.004 ms clock, 0.28+3.0/1.7/0+0.016 ms cpu, 122->122->102 MB, 130 MB goal, 0 MB stacks, 0 MB globals, 4 P
gc 4735 @86.396s 5%: 0.70+2.1+0.47 ms clock, 2.8+2.2/1.2/0+1.8 ms cpu, 142->152->142 MB, 109 MB goal, 0 MB stacks, 0 MB globals, 4 P
gc 4736 @86.399s 5%: 0.62+7.1+0.004 ms clock, 2.5+2.2/5.2/0.014+0.019 ms cpu, 142->152->142 MB, 142 MB goal, 0 MB stacks, 0 MB globals, 4 P
gc 4737 @86.408s 5%: 0.56+1.8+0.054 ms clock, 2.2+1.6/1.3/0+0.21 ms cpu, 162->162->122 MB, 142 MB goal, 0 MB stacks, 0 MB globals, 4 P
gc 4738 @86.411s 5%: 0.53+5.3+0.14 ms clock, 2.1+2.7/1.5/0+0.59 ms cpu, 122->142->132 MB, 155 MB goal, 0 MB stacks, 0 MB globals, 4 P
gc 4739 @86.419s 5%: 0.67+1.5+0.49 ms clock, 2.7+1.9/0.99/0+1.9 ms cpu, 152->172->132 MB, 139 MB goal, 0 MB stacks, 0 MB globals, 4 P
gc 4740 @86.424s 5%: 0.25+2.6+0.004 ms clock, 1.0+2.5/2.3/0+0.017 ms cpu, 152->152->122 MB, 155 MB goal, 0 MB stacks, 0 MB globals, 4 P
gc 4741 @86.429s 5%: 0.14+3.2+0.52 ms clock, 0.56+1.4/2.5/0+2.0 ms cpu, 162->202->172 MB, 159 MB goal, 0 MB stacks, 0 MB globals, 4 P
gc 4742 @86.434s 5%: 0.36+2.1+0.076 ms clock, 1.4+1.3/1.7/0+0.30 ms cpu, 172->192->192 MB, 172 MB goal, 0 MB stacks, 0 MB globals, 4 P
gc 4743 @86.436s 5%: 0.66+3.4+0.058 ms clock, 2.6+1.4/2.4/0+0.23 ms cpu, 192->202->182 MB, 192 MB goal, 0 MB stacks, 0 MB globals, 4 P
gc 4744 @86.443s 5%: 0.21+6.2+0.028 ms clock, 0.86+1.4/5.5/0+0.11 ms cpu, 192->202->152 MB, 205 MB goal, 0 MB stacks, 0 MB globals, 4 P
gc 4745 @86.459s 5%: 0.068+1.1+0.003 ms clock, 0.27+0/0.93/2.5+0.013 ms cpu, 192->192->102 MB, 205 MB goal, 0 MB stacks, 0 MB globals, 4 P
gc 4746 @86.500s 5%: 0.18+2.1+0.054 ms clock, 0.74+1.1/1.9/0.53+0.21 ms cpu, 182->192->132 MB, 205 MB goal, 0 MB stacks, 0 MB globals, 4 P
gc 4747 @86.504s 5%: 0.040+1.3+0.004 ms clock, 0.16+0.34/1.2/2.6+0.016 ms cpu, 132->132->102 MB, 143 MB goal, 0 MB stacks, 0 MB globals, 4 P
gc 4748 @86.507s 5%: 0.027+1.1+0.003 ms clock, 0.11+0.96/1.0/1.6+0.014 ms cpu, 102->102->102 MB, 105 MB goal, 0 MB stacks, 0 MB globals, 4 P
gc 4749 @86.508s 5%: 0.14+2.1+0.51 ms clock, 0.57+1.3/1.3/0+2.0 ms cpu, 122->122->122 MB, 102 MB goal, 0 MB stacks, 0 MB globals, 4 P
gc 4750 @86.511s 5%: 0.49+2.9+0.032 ms clock, 1.9+2.1/1.5/0+0.13 ms cpu, 122->132->122 MB, 143 MB goal, 0 MB stacks, 0 MB globals, 4 P
gc 4751 @86.517s 5%: 0.53+2.3+0.032 ms clock, 2.1+0.45/1.7/2.0+0.12 ms cpu, 142->142->112 MB, 143 MB goal, 0 MB stacks, 0 MB globals, 4 P
gc 4752 @86.524s 5%: 0.11+1.0+0.003 ms clock, 0.46+0.99/0.96/0.96+0.014 ms cpu, 142->142->112 MB, 143 MB goal, 0 MB stacks, 0 MB globals, 4 P
gc 4753 @86.527s 5%: 0.037+1.4+0.005 ms clock, 0.14+0.29/1.1/2.9+0.022 ms cpu, 122->122->102 MB, 130 MB goal, 0 MB stacks, 0 MB globals, 4 P
gc 4754 @86.530s 5%: 0.031+0.88+0.004 ms clock, 0.12+0.15/0.78/1.9+0.017 ms cpu, 112->112->102 MB, 118 MB goal, 0 MB stacks, 0 MB globals, 4 P
gc 4755 @86.540s 5%: 0.053+1.0+0.004 ms clock, 0.21+1.4/0.86/0.66+0.016 ms cpu, 102->102->102 MB, 105 MB goal, 0 MB stacks, 0 MB globals, 4 P
gc 4756 @86.542s 5%: 0.35+3.0+0.006 ms clock, 1.4+1.6/1.6/0+0.026 ms cpu, 122->122->122 MB, 102 MB goal, 0 MB stacks, 0 MB globals, 4 P
gc 4757 @86.546s 5%: 0.072+1.5+0.028 ms clock, 0.29+1.5/0.83/0+0.11 ms cpu, 122->132->112 MB, 122 MB goal, 0 MB stacks, 0 MB globals, 4 P
gc 4758 @86.548s 5%: 0.68+2.4+0.040 ms clock, 2.7+0.18/2.1/1.1+0.16 ms cpu, 112->122->122 MB, 130 MB goal, 0 MB stacks, 0 MB globals, 4 P
gc 4759 @86.553s 5%: 0.12+1.4+0.024 ms clock, 0.50+1.0/0.96/0.86+0.097 ms cpu, 132->132->112 MB, 129 MB goal, 0 MB stacks, 0 MB globals, 4 P
gc 4760 @86.557s 5%: 0.089+2.7+0.030 ms clock, 0.35+1.3/2.3/0.49+0.12 ms cpu, 132->142->112 MB, 119 MB goal, 0 MB stacks, 0 MB globals, 4 P
gc 4761 @86.563s 5%: 0.089+1.4+0.61 ms clock, 0.35+0.11/0.96/1.7+2.4 ms cpu, 132->142->122 MB, 119 MB goal, 0 MB stacks, 0 MB globals, 4 P
gc 4762 @86.566s 5%: 0.52+2.7+0.045 ms clock, 2.1+1.8/2.3/1.0+0.18 ms cpu, 122->122->112 MB, 130 MB goal, 0 MB stacks, 0 MB globals, 4 P
gc 4763 @86.577s 5%: 0.13+1.7+0.030 ms clock, 0.52+0.23/0.94/1.5+0.12 ms cpu, 132->132->112 MB, 129 MB goal, 0 MB stacks, 0 MB globals, 4 P
gc 4764 @86.580s 5%: 0.042+0.90+0.002 ms clock, 0.17+0.31/0.85/1.9+0.011 ms cpu, 112->112->102 MB, 118 MB goal, 0 MB stacks, 0 MB globals, 4 P
gc 4765 @87.106s 5%: 0.061+1.1+0.004 ms clock, 0.24+0.19/0.91/2.4+0.018 ms cpu, 102->102->102 MB, 105 MB goal, 0 MB stacks, 0 MB globals, 4 P
gc 4766 @87.107s 5%: 0.13+3.7+0.65 ms clock, 0.54+0.11/1.8/1.9+2.6 ms cpu, 112->112->112 MB, 118 MB goal, 0 MB stacks, 0 MB globals, 4 P
gc 4767 @87.185s 5%: 0.45+1.0+0.003 ms clock, 1.8+0.84/1.0/1.2+0.013 ms cpu, 122->122->112 MB, 114 MB goal, 0 MB stacks, 0 MB globals, 4 P
gc 4768 @87.187s 5%: 0.72+2.1+0.63 ms clock, 2.8+0.089/1.4/2.6+2.5 ms cpu, 122->132->122 MB, 129 MB goal, 0 MB stacks, 0 MB globals, 4 P
gc 4769 @87.194s 5%: 0.084+1.9+0.039 ms clock, 0.33+0.17/1.8/3.1+0.15 ms cpu, 132->132->112 MB, 129 MB goal, 0 MB stacks, 0 MB globals, 4 P
gc 4770 @87.214s 5%: 0.44+1.0+0.003 ms clock, 1.7+0.23/0.93/1.9+0.012 ms cpu, 132->132->102 MB, 129 MB goal, 0 MB stacks, 0 MB globals, 4 P
gc 4771 @87.218s 5%: 0.037+1.1+0.004 ms clock, 0.15+0.34/1.0/2.2+0.016 ms cpu, 102->102->102 MB, 105 MB goal, 0 MB stacks, 0 MB globals, 4 P
gc 4772 @87.220s 5%: 0.11+2.0+0.040 ms clock, 0.44+1.7/1.6/1.6+0.16 ms cpu, 112->112->112 MB, 102 MB goal, 0 MB stacks, 0 MB globals, 4 P
gc 4773 @87.223s 5%: 0.62+1.2+0.003 ms clock, 2.5+0.11/1.0/1.5+0.015 ms cpu, 112->112->102 MB, 112 MB goal, 0 MB stacks, 0 MB globals, 4 P
gc 4774 @87.225s 5%: 0.028+0.99+0.002 ms clock, 0.11+0.10/0.87/1.8+0.009 ms cpu, 102->102->102 MB, 105 MB goal, 0 MB stacks, 0 MB globals, 4 P
gc 4775 @87.231s 5%: 0.050+1.1+0.003 ms clock, 0.20+0.10/0.88/2.5+0.012 ms cpu, 112->112->102 MB, 102 MB goal, 0 MB stacks, 0 MB globals, 4 P
gc 4776 @87.233s 5%: 0.028+1.1+0.003 ms clock, 0.11+0.14/0.90/1.8+0.015 ms cpu, 102->102->102 MB, 105 MB goal, 0 MB stacks, 0 MB globals, 4 P
gc 4777 @87.248s 5%: 0.079+1.2+0.004 ms clock, 0.31+0.26/1.1/2.2+0.018 ms cpu, 112->112->102 MB, 102 MB goal, 0 MB stacks, 0 MB globals, 4 P
gc 4778 @87.250s 5%: 0.019+1.1+0.003 ms clock, 0.077+0.23/0.98/2.0+0.014 ms cpu, 102->102->102 MB, 105 MB goal, 0 MB stacks, 0 MB globals, 4 P
gc 4779 @87.259s 5%: 0.075+1.2+0.003 ms clock, 0.30+0.14/1.1/2.2+0.015 ms cpu, 112->112->102 MB, 102 MB goal, 0 MB stacks, 0 MB globals, 4 P
gc 4780 @87.260s 5%: 0.027+1.0+0.002 ms clock, 0.11+0.13/0.85/1.9+0.010 ms cpu, 102->102->102 MB, 105 MB goal, 0 MB stacks, 0 MB globals, 4 P
gc 4781 @87.279s 5%: 0.078+1.2+0.003 ms clock, 0.31+0.98/1.0/1.5+0.015 ms cpu, 112->112->102 MB, 102 MB goal, 0 MB stacks, 0 MB globals, 4 P
gc 4782 @87.281s 5%: 0.24+1.6+0.034 ms clock, 0.97+1.3/1.3/0+0.13 ms cpu, 102->122->122 MB, 102 MB goal, 0 MB stacks, 0 MB globals, 4 P
gc 4783 @87.283s 5%: 0.62+2.6+0.034 ms clock, 2.4+0.12/1.6/1.5+0.13 ms cpu, 122->132->122 MB, 129 MB goal, 0 MB stacks, 0 MB globals, 4 P
gc 4784 @87.287s 5%: 0.73+1.9+0.004 ms clock, 2.9+1.5/1.7/0+0.018 ms cpu, 132->132->122 MB, 129 MB goal, 0 MB stacks, 0 MB globals, 4 P
gc 4785 @87.290s 5%: 0.10+2.7+0.025 ms clock, 0.41+0.73/1.7/0.55+0.10 ms cpu, 132->142->122 MB, 143 MB goal, 0 MB stacks, 0 MB globals, 4 P
gc 4786 @87.306s 5%: 0.062+1.2+0.003 ms clock, 0.24+0.16/1.1/3.0+0.013 ms cpu, 142->142->102 MB, 143 MB goal, 0 MB stacks, 0 MB globals, 4 P
gc 4787 @87.315s 5%: 0.064+1.2+0.004 ms clock, 0.25+1.0/1.1/1.9+0.016 ms cpu, 102->102->102 MB, 105 MB goal, 0 MB stacks, 0 MB globals, 4 P
gc 4788 @87.317s 5%: 0.54+2.6+0.044 ms clock, 2.1+0.14/1.2/1.7+0.17 ms cpu, 112->112->112 MB, 118 MB goal, 0 MB stacks, 0 MB globals, 4 P
gc 4789 @87.326s 5%: 0.045+1.3+0.004 ms clock, 0.18+0/1.0/3.1+0.018 ms cpu, 122->122->102 MB, 114 MB goal, 0 MB stacks, 0 MB globals, 4 P
gc 4790 @87.346s 5%: 0.75+0.95+0.003 ms clock, 3.0+0.77/0.84/1.3+0.012 ms cpu, 122->122->102 MB, 114 MB goal, 0 MB stacks, 0 MB globals, 4 P
gc 4791 @87.350s 5%: 0.10+1.4+0.032 ms clock, 0.42+0.18/0.95/1.4+0.13 ms cpu, 122->122->112 MB, 114 MB goal, 0 MB stacks, 0 MB globals, 4 P
gc 4792 @87.360s 5%: 0.64+1.2+0.004 ms clock, 2.5+1.7/0.99/0+0.018 ms cpu, 122->122->112 MB, 114 MB goal, 0 MB stacks, 0 MB globals, 4 P
gc 4793 @87.362s 5%: 0.14+4.5+0.004 ms clock, 0.58+4.4/1.6/0+0.019 ms cpu, 132->132->122 MB, 112 MB goal, 0 MB stacks, 0 MB globals, 4 P
gc 4794 @87.367s 5%: 0.024+1.0+0.002 ms clock, 0.098+1.7/0.89/0.17+0.010 ms cpu, 122->122->102 MB, 130 MB goal, 0 MB stacks, 0 MB globals, 4 P
gc 4795 @87.371s 5%: 0.10+0.93+0.002 ms clock, 0.42+0.13/0.80/1.8+0.011 ms cpu, 122->122->102 MB, 130 MB goal, 0 MB stacks, 0 MB globals, 4 P
gc 4796 @87.385s 5%: 0.066+0.98+0.003 ms clock, 0.26+0.73/0.77/1.5+0.012 ms cpu, 102->102->102 MB, 105 MB goal, 0 MB stacks, 0 MB globals, 4 P
gc 4797 @87.387s 5%: 0.15+2.2+0.033 ms clock, 0.60+0.099/1.1/1.6+0.13 ms cpu, 112->112->112 MB, 118 MB goal, 0 MB stacks, 0 MB globals, 4 P
gc 4798 @87.391s 5%: 0.098+1.5+0.028 ms clock, 0.39+0.16/0.95/1.3+0.11 ms cpu, 122->122->112 MB, 114 MB goal, 0 MB stacks, 0 MB globals, 4 P
gc 4799 @87.394s 5%: 0.12+1.0+0.054 ms clock, 0.48+0.87/0.96/0.89+0.21 ms cpu, 122->122->112 MB, 114 MB goal, 0 MB stacks, 0 MB globals, 4 P
gc 4800 @87.397s 5%: 0.22+1.9+0.045 ms clock, 0.90+1.1/1.2/0+0.18 ms cpu, 122->132->122 MB, 129 MB goal, 0 MB stacks, 0 MB globals, 4 P
gc 4801 @87.404s 5%: 0.72+2.5+0.036 ms clock, 2.8+2.1/1.9/0.006+0.14 ms cpu, 142->142->112 MB, 122 MB goal, 0 MB stacks, 0 MB globals, 4 P
gc 4802 @87.408s 5%: 0.12+3.4+0.041 ms clock, 0.51+0.12/1.8/1.0+0.16 ms cpu, 132->142->132 MB, 143 MB goal, 0 MB stacks, 0 MB globals, 4 P
gc 4803 @87.414s 5%: 0.49+1.2+0.003 ms clock, 1.9+0.17/0.88/1.7+0.012 ms cpu, 142->142->102 MB, 143 MB goal, 0 MB stacks, 0 MB globals, 4 P
gc 4804 @87.417s 5%: 0.067+1.1+0.004 ms clock, 0.27+2.5/0.99/0+0.016 ms cpu, 102->102->102 MB, 105 MB goal, 0 MB stacks, 0 MB globals, 4 P
gc 4805 @87.419s 5%: 0.19+1.8+0.28 ms clock, 0.77+1.1/1.1/0+1.1 ms cpu, 112->132->132 MB, 102 MB goal, 0 MB stacks, 0 MB globals, 4 P
gc 4806 @87.422s 5%: 0.46+2.9+0.028 ms clock, 1.8+0.99/1.8/0.56+0.11 ms cpu, 132->142->132 MB, 132 MB goal, 0 MB stacks, 0 MB globals, 4 P
gc 4807 @87.428s 5%: 0.13+1.2+0.003 ms clock, 0.52+2.0/0.95/0.085+0.013 ms cpu, 142->142->102 MB, 132 MB goal, 0 MB stacks, 0 MB globals, 4 P
gc 4808 @87.430s 5%: 0.13+1.1+0.54 ms clock, 0.55+1.8/0.91/0+2.1 ms cpu, 132->142->142 MB, 102 MB goal, 0 MB stacks, 0 MB globals, 4 P
gc 4809 @87.432s 5%: 0.098+2.1+0.086 ms clock, 0.39+1.1/1.3/0+0.34 ms cpu, 142->152->152 MB, 142 MB goal, 0 MB stacks, 0 MB globals, 4 P
gc 4810 @87.435s 5%: 0.56+7.7+0.31 ms clock, 2.2+0.062/2.2/0.43+1.2 ms cpu, 152->182->162 MB, 154 MB goal, 0 MB stacks, 0 MB globals, 4 P
gc 4811 @87.444s 5%: 0.42+3.4+0.72 ms clock, 1.7+1.8/1.4/1.4+2.8 ms cpu, 162->192->142 MB, 162 MB goal, 0 MB stacks, 0 MB globals, 4 P
gc 4812 @87.451s 5%: 0.36+4.7+0.031 ms clock, 1.4+2.0/1.6/0+0.12 ms cpu, 162->182->142 MB, 179 MB goal, 0 MB stacks, 0 MB globals, 4 P
gc 4813 @87.458s 5%: 0.14+3.8+0.031 ms clock, 0.59+0.59/3.0/0+0.12 ms cpu, 182->192->132 MB, 169 MB goal, 0 MB stacks, 0 MB globals, 4 P
gc 4814 @87.485s 5%: 0.15+2.1+0.005 ms clock, 0.60+0/2.0/1.3+0.020 ms cpu, 172->172->112 MB, 180 MB goal, 0 MB stacks, 0 MB globals, 4 P
gc 4815 @87.491s 5%: 0.043+1.0+0.005 ms clock, 0.17+1.7/0.94/0.72+0.022 ms cpu, 112->112->102 MB, 118 MB goal, 0 MB stacks, 0 MB globals, 4 P
gc 4816 @87.493s 5%: 0.41+2.4+0.41 ms clock, 1.6+1.6/1.7/0.061+1.6 ms cpu, 122->122->122 MB, 115 MB goal, 0 MB stacks, 0 MB globals, 4 P
gc 4817 @87.497s 5%: 0.54+1.6+0.024 ms clock, 2.1+0.29/1.5/2.1+0.097 ms cpu, 122->122->102 MB, 122 MB goal, 0 MB stacks, 0 MB globals, 4 P
gc 4818 @87.502s 5%: 0.080+0.85+0.002 ms clock, 0.32+1.2/0.81/0.58+0.011 ms cpu, 102->102->102 MB, 105 MB goal, 0 MB stacks, 0 MB globals, 4 P
gc 4819 @87.503s 5%: 0.15+2.5+0.51 ms clock, 0.60+1.4/1.4/0+2.0 ms cpu, 122->132->132 MB, 102 MB goal, 0 MB stacks, 0 MB globals, 4 P
gc 4820 @87.508s 5%: 0.49+2.7+0.029 ms clock, 1.9+1.5/1.7/0.76+0.11 ms cpu, 132->142->122 MB, 143 MB goal, 0 MB stacks, 0 MB globals, 4 P
gc 4821 @87.517s 5%: 0.053+0.94+0.003 ms clock, 0.21+0.13/0.91/2.3+0.013 ms cpu, 142->142->102 MB, 143 MB goal, 0 MB stacks, 0 MB globals, 4 P
gc 4822 @87.520s 5%: 0.034+0.74+0.003 ms clock, 0.13+0.14/0.68/1.5+0.013 ms cpu, 122->122->102 MB, 130 MB goal, 0 MB stacks, 0 MB globals, 4 P
gc 4823 @87.522s 5%: 0.037+1.7+0.024 ms clock, 0.14+1.0/0.80/1.3+0.097 ms cpu, 102->112->112 MB, 102 MB goal, 0 MB stacks, 0 MB globals, 4 P
gc 4824 @87.524s 5%: 0.69+2.1+0.59 ms clock, 2.7+1.3/1.5/0+2.3 ms cpu, 112->132->132 MB, 112 MB goal, 0 MB stacks, 0 MB globals, 4 P
gc 4825 @87.528s 5%: 0.38+2.6+0.026 ms clock, 1.5+1.3/1.9/0+0.10 ms cpu, 132->142->122 MB, 143 MB goal, 0 MB stacks, 0 MB globals, 4 P
gc 4826 @87.533s 5%: 0.61+2.7+0.004 ms clock, 2.4+0.15/2.6/1.9+0.017 ms cpu, 142->142->122 MB, 143 MB goal, 0 MB stacks, 0 MB globals, 4 P
gc 4827 @87.547s 5%: 0.045+1.0+0.004 ms clock, 0.18+0.94/0.97/1.7+0.018 ms cpu, 122->122->102 MB, 130 MB goal, 0 MB stacks, 0 MB globals, 4 P
gc 4828 @87.548s 5%: 0.33+7.9+0.007 ms clock, 1.3+0.048/2.6/0.29+0.031 ms cpu, 122->142->142 MB, 119 MB goal, 0 MB stacks, 0 MB globals, 4 P
gc 4829 @87.557s 5%: 0.043+1.1+0.14 ms clock, 0.17+0.38/1.0/1.6+0.57 ms cpu, 142->142->102 MB, 142 MB goal, 0 MB stacks, 0 MB globals, 4 P
gc 4830 @87.560s 5%: 0.36+2.2+0.073 ms clock, 1.4+1.1/1.1/0.76+0.29 ms cpu, 122->132->122 MB, 129 MB goal, 0 MB stacks, 0 MB globals, 4 P
gc 4831 @87.565s 5%: 0.083+2.0+0.033 ms clock, 0.33+1.2/1.2/0.92+0.13 ms cpu, 132->142->122 MB, 122 MB goal, 0 MB stacks, 0 MB globals, 4 P
gc 4832 @87.567s 5%: 0.57+2.5+0.55 ms clock, 2.2+0.88/1.7/0.95+2.2 ms cpu, 122->132->122 MB, 129 MB goal, 0 MB stacks, 0 MB globals, 4 P
gc 4833 @87.571s 5%: 0.59+2.5+0.004 ms clock, 2.3+0/2.3/2.8+0.019 ms cpu, 132->132->122 MB, 129 MB goal, 0 MB stacks, 0 MB globals, 4 P
gc 4834 @87.581s 5%: 0.11+1.6+0.032 ms clock, 0.46+0.96/0.97/0.94+0.13 ms cpu, 132->132->112 MB, 129 MB goal, 0 MB stacks, 0 MB globals, 4 P
gc 4835 @88.116s 5%: 0.13+1.2+0.005 ms clock, 0.53+0.065/1.1/2.8+0.021 ms cpu, 132->132->102 MB, 129 MB goal, 0 MB stacks, 0 MB globals, 4 P
gc 4836 @88.187s 5%: 0.075+1.9+0.58 ms clock, 0.30+0.50/1.6/4.1+2.3 ms cpu, 102->112->112 MB, 102 MB goal, 0 MB stacks, 0 MB globals, 4 P
gc 4837 @88.190s 5%: 0.57+1.9+0.030 ms clock, 2.2+0.25/1.4/2.3+0.12 ms cpu, 112->112->112 MB, 118 MB goal, 0 MB stacks, 0 MB globals, 4 P
gc 4838 @88.193s 5%: 0.54+2.5+0.030 ms clock, 2.1+0.60/1.6/2.3+0.12 ms cpu, 122->122->112 MB, 114 MB goal, 0 MB stacks, 0 MB globals, 4 P
gc 4839 @88.198s 5%: 0.70+4.3+0.009 ms clock, 2.8+1.8/1.6/0+0.037 ms cpu, 132->132->132 MB, 112 MB goal, 0 MB stacks, 0 MB globals, 4 P
gc 4840 @88.203s 5%: 0.048+2.7+0.31 ms clock, 0.19+0.080/2.4/0+1.2 ms cpu, 132->132->102 MB, 143 MB goal, 0 MB stacks, 0 MB globals, 4 P
gc 4841 @88.237s 5%: 0.10+0.95+0.003 ms clock, 0.41+0/0.84/2.4+0.014 ms cpu, 142->142->102 MB, 143 MB goal, 0 MB stacks, 0 MB globals, 4 P
gc 4842 @88.250s 5%: 0.14+1.1+0.005 ms clock, 0.57+1.0/1.1/1.9+0.022 ms cpu, 102->102->102 MB, 105 MB goal, 0 MB stacks, 0 MB globals, 4 P
gc 4843 @88.252s 5%: 0.078+1.6+0.024 ms clock, 0.31+0.12/1.2/2.2+0.096 ms cpu, 112->112->112 MB, 118 MB goal, 0 MB stacks, 0 MB globals, 4 P
gc 4844 @88.263s 5%: 0.088+1.1+0.004 ms clock, 0.35+0.19/0.90/2.1+0.017 ms cpu, 122->122->102 MB, 114 MB goal, 0 MB stacks, 0 MB globals, 4 P
gc 4845 @88.281s 5%: 0.070+1.1+0.004 ms clock, 0.28+1.0/0.97/1.9+0.019 ms cpu, 102->102->102 MB, 105 MB goal, 0 MB stacks, 0 MB globals, 4 P
gc 4846 @88.283s 5%: 0.72+2.0+0.030 ms clock, 2.8+1.0/1.5/1.1+0.12 ms cpu, 112->112->112 MB, 118 MB goal, 0 MB stacks, 0 MB globals, 4 P
gc 4847 @88.287s 5%: 0.47+2.0+0.032 ms clock, 1.9+1.5/1.5/1.0+0.13 ms cpu, 122->122->112 MB, 114 MB goal, 0 MB stacks, 0 MB globals, 4 P
gc 4848 @88.291s 5%: 0.16+6.9+0.14 ms clock, 0.64+0.40/1.9/0+0.56 ms cpu, 122->142->142 MB, 119 MB goal, 0 MB stacks, 0 MB globals, 4 P
gc 4849 @88.298s 5%: 0.72+2.3+0.042 ms clock, 2.8+1.5/1.3/0.015+0.17 ms cpu, 142->152->112 MB, 142 MB goal, 0 MB stacks, 0 MB globals, 4 P
gc 4850 @88.302s 5%: 0.72+3.0+0.025 ms clock, 2.8+0/2.7/0.44+0.10 ms cpu, 112->132->132 MB, 143 MB goal, 0 MB stacks, 0 MB globals, 4 P
gc 4851 @88.311s 5%: 0.079+1.2+0.003 ms clock, 0.31+0.15/1.1/2.7+0.015 ms cpu, 142->142->102 MB, 143 MB goal, 0 MB stacks, 0 MB globals, 4 P
gc 4852 @88.351s 5%: 0.099+1.4+0.027 ms clock, 0.39+0.97/1.0/1.0+0.10 ms cpu, 152->152->112 MB, 134 MB goal, 0 MB stacks, 0 MB globals, 4 P
gc 4853 @88.354s 5%: 0.31+1.9+0.025 ms clock, 1.2+1.0/1.1/1.0+0.10 ms cpu, 112->122->122 MB, 114 MB goal, 0 MB stacks, 0 MB globals, 4 P
gc 4854 @88.357s 5%: 0.083+2.4+0.023 ms clock, 0.33+0.93/2.1/2.3+0.095 ms cpu, 122->122->112 MB, 122 MB goal, 0 MB stacks, 0 MB globals, 4 P
gc 4855 @88.366s 5%: 0.46+0.96+0.004 ms clock, 1.8+0.93/0.89/1.3+0.017 ms cpu, 122->122->102 MB, 114 MB goal, 0 MB stacks, 0 MB globals, 4 P
gc 4856 @88.369s 5%: 0.40+2.1+0.024 ms clock, 1.6+0/2.0/2.2+0.097 ms cpu, 122->122->112 MB, 114 MB goal, 0 MB stacks, 0 MB globals, 4 P
gc 4857 @88.375s 5%: 0.19+1.0+0.003 ms clock, 0.78+0.99/0.96/0.92+0.013 ms cpu, 132->132->112 MB, 112 MB goal, 0 MB stacks, 0 MB globals, 4 P
gc 4858 @88.376s 5%: 0.025+1.1+0.004 ms clock, 0.10+0.61/1.0/1.7+0.017 ms cpu, 112->112->102 MB, 118 MB goal, 0 MB stacks, 0 MB globals, 4 P
gc 4859 @88.395s 5%: 0.66+1.7+0.041 ms clock, 2.6+0/1.3/2.6+0.16 ms cpu, 122->122->112 MB, 114 MB goal, 0 MB stacks, 0 MB globals, 4 P
gc 4860 @88.400s 5%: 0.11+4.8+0.004 ms clock, 0.45+4.4/3.1/0.15+0.019 ms cpu, 122->122->122 MB, 114 MB goal, 0 MB stacks, 0 MB globals, 4 P
gc 4861 @88.405s 5%: 0.68+4.2+0.057 ms clock, 2.7+1.5/1.2/0+0.22 ms cpu, 132->142->122 MB, 122 MB goal, 0 MB stacks, 0 MB globals, 4 P
gc 4862 @88.411s 5%: 0.54+2.2+0.027 ms clock, 2.1+2.9/1.5/0+0.11 ms cpu, 122->122->112 MB, 122 MB goal, 0 MB stacks, 0 MB globals, 4 P
gc 4863 @88.414s 5%: 0.17+2.1+0.55 ms clock, 0.68+1.4/1.5/0+2.2 ms cpu, 132->142->132 MB, 112 MB goal, 0 MB stacks, 0 MB globals, 4 P
gc 4864 @88.417s 5%: 0.60+3.9+0.078 ms clock, 2.4+1.3/1.4/0+0.31 ms cpu, 132->142->132 MB, 132 MB goal, 0 MB stacks, 0 MB globals, 4 P
gc 4865 @88.422s 5%: 0.036+1.6+0.028 ms clock, 0.14+1.6/0.86/0.42+0.11 ms cpu, 132->142->112 MB, 143 MB goal, 0 MB stacks, 0 MB globals, 4 P
gc 4866 @88.427s 5%: 0.14+1.2+0.004 ms clock, 0.57+1.1/1.1/0.75+0.018 ms cpu, 142->142->112 MB, 143 MB goal, 0 MB stacks, 0 MB globals, 4 P
gc 4867 @88.430s 5%: 0.11+1.2+0.004 ms clock, 0.44+2.0/1.1/0+0.016 ms cpu, 122->122->112 MB, 130 MB goal, 0 MB stacks, 0 MB globals, 4 P
gc 4868 @88.435s 5%: 0.61+2.0+0.57 ms clock, 2.4+0.66/1.1/0.99+2.3 ms cpu, 132->142->122 MB, 143 MB goal, 0 MB stacks, 0 MB globals, 4 P
gc 4869 @88.440s 5%: 0.21+1.7+0.37 ms clock, 0.84+1.6/0.94/0+1.4 ms cpu, 152->152->132 MB, 134 MB goal, 0 MB stacks, 0 MB globals, 4 P
gc 4870 @88.443s 5%: 0.18+2.6+0.003 ms clock, 0.72+1.6/1.6/0+0.015 ms cpu, 142->142->122 MB, 143 MB goal, 0 MB stacks, 0 MB globals, 4 P
gc 4871 @88.450s 5%: 0.039+0.92+0.003 ms clock, 0.15+1.0/0.86/0.91+0.012 ms cpu, 142->142->102 MB, 143 MB goal, 0 MB stacks, 0 MB globals, 4 P
gc 4872 @88.451s 5%: 0.082+1.1+0.053 ms clock, 0.32+1.8/1.0/0+0.21 ms cpu, 112->112->112 MB, 118 MB goal, 0 MB stacks, 0 MB globals, 4 P
gc 4873 @88.453s 5%: 0.066+2.2+0.33 ms clock, 0.26+1.4/1.3/0+1.3 ms cpu, 132->132->122 MB, 112 MB goal, 0 MB stacks, 0 MB globals, 4 P
gc 4874 @88.456s 5%: 0.58+1.7+0.017 ms clock, 2.3+1.7/1.0/0+0.070 ms cpu, 122->132->112 MB, 122 MB goal, 0 MB stacks, 0 MB globals, 4 P
gc 4875 @88.459s 5%: 0.67+1.6+0.44 ms clock, 2.6+1.6/1.3/0+1.7 ms cpu, 112->122->122 MB, 115 MB goal, 0 MB stacks, 0 MB globals, 4 P
gc 4876 @88.462s 5%: 0.054+5.8+0.58 ms clock, 0.21+1.4/1.4/0+2.3 ms cpu, 122->162->152 MB, 122 MB goal, 0 MB stacks, 0 MB globals, 4 P
gc 4877 @88.468s 5%: 0.32+1.2+0.056 ms clock, 1.3+1.7/1.0/0+0.22 ms cpu, 152->162->112 MB, 152 MB goal, 0 MB stacks, 0 MB globals, 4 P
gc 4878 @88.470s 5%: 0.11+1.5+0.22 ms clock, 0.44+0.92/1.2/0+0.88 ms cpu, 132->132->132 MB, 143 MB goal, 0 MB stacks, 0 MB globals, 4 P
gc 4879 @88.472s 5%: 0.20+2.5+0.11 ms clock, 0.80+1.1/1.4/0+0.47 ms cpu, 142->152->132 MB, 134 MB goal, 0 MB stacks, 0 MB globals, 4 P
gc 4880 @88.487s 5%: 0.11+1.3+0.023 ms clock, 0.45+2.1/1.1/0.087+0.092 ms cpu, 142->142->112 MB, 143 MB goal, 0 MB stacks, 0 MB globals, 4 P
gc 4881 @88.498s 5%: 0.14+1.1+0.064 ms clock, 0.58+0.94/1.0/0.87+0.25 ms cpu, 142->142->112 MB, 143 MB goal, 0 MB stacks, 0 MB globals, 4 P
gc 4882 @88.500s 5%: 0.10+1.0+0.050 ms clock, 0.43+0.25/0.95/1.4+0.20 ms cpu, 122->122->112 MB, 130 MB goal, 0 MB stacks, 0 MB globals, 4 P
gc 4883 @88.511s 5%: 0.55+1.1+0.003 ms clock, 2.2+1.3/1.1/0+0.013 ms cpu, 132->132->122 MB, 112 MB goal, 0 MB stacks, 0 MB globals, 4 P
gc 4884 @88.513s 5%: 0.038+1.1+0.002 ms clock, 0.15+1.4/1.0/0.92+0.011 ms cpu, 122->122->102 MB, 130 MB goal, 0 MB stacks, 0 MB globals, 4 P
gc 4885 @88.516s 5%: 0.52+2.3+0.051 ms clock, 2.0+0.92/0.96/1.9+0.20 ms cpu, 122->132->112 MB, 129 MB goal, 0 MB stacks, 0 MB globals, 4 P
gc 4886 @88.521s 5%: 0.076+1.1+0.049 ms clock, 0.30+0.91/0.99/0.84+0.19 ms cpu, 132->132->112 MB, 129 MB goal, 0 MB stacks, 0 MB globals, 4 P
gc 4887 @88.530s 5%: 0.13+2.3+0.036 ms clock, 0.53+1.9/1.4/0.99+0.14 ms cpu, 132->142->122 MB, 119 MB goal, 0 MB stacks, 0 MB globals, 4 P
gc 4888 @88.533s 5%: 0.67+3.7+0.050 ms clock, 2.6+1.4/1.8/0+0.20 ms cpu, 122->152->142 MB, 134 MB goal, 0 MB stacks, 0 MB globals, 4 P
gc 4889 @88.538s 5%: 0.45+6.0+0.033 ms clock, 1.8+1.3/2.0/0+0.13 ms cpu, 142->152->132 MB, 142 MB goal, 0 MB stacks, 0 MB globals, 4 P
gc 4890 @88.554s 5%: 0.10+1.1+0.058 ms clock, 0.40+0.81/0.98/0.85+0.23 ms cpu, 142->142->112 MB, 143 MB goal, 0 MB stacks, 0 MB globals, 4 P
gc 4891 @88.557s 5%: 0.64+2.3+0.040 ms clock, 2.5+1.6/1.6/0+0.16 ms cpu, 142->142->122 MB, 119 MB goal, 0 MB stacks, 0 MB globals, 4 P
gc 4892 @88.560s 5%: 0.52+1.8+0.077 ms clock, 2.0+1.5/1.1/0.91+0.31 ms cpu, 122->132->112 MB, 129 MB goal, 0 MB stacks, 0 MB globals, 4 P
gc 4893 @88.567s 5%: 0.11+2.1+0.033 ms clock, 0.44+1.3/1.3/0.43+0.13 ms cpu, 132->142->132 MB, 119 MB goal, 0 MB stacks, 0 MB globals, 4 P
gc 4894 @88.569s 5%: 0.58+1.7+0.047 ms clock, 2.3+1.5/1.5/1.3+0.19 ms cpu, 132->132->112 MB, 132 MB goal, 0 MB stacks, 0 MB globals, 4 P
gc 4895 @88.576s 5%: 0.18+2.1+0.034 ms clock, 0.73+1.5/1.4/0.029+0.13 ms cpu, 142->142->112 MB, 119 MB goal, 0 MB stacks, 0 MB globals, 4 P
gc 4896 @88.580s 5%: 0.035+0.91+0.004 ms clock, 0.14+0.16/0.88/2.2+0.016 ms cpu, 112->112->102 MB, 118 MB goal, 0 MB stacks, 0 MB globals, 4 P
gc 4897 @88.584s 5%: 0.027+1.0+0.004 ms clock, 0.10+0.77/0.85/1.4+0.017 ms cpu, 102->102->102 MB, 105 MB goal, 0 MB stacks, 0 MB globals, 4 P
gc 4898 @88.586s 5%: 0.13+2.8+0.044 ms clock, 0.53+1.6/2.0/0+0.17 ms cpu, 122->122->122 MB, 102 MB goal, 0 MB stacks, 0 MB globals, 4 P
gc 4899 @88.590s 5%: 0.11+1.2+0.002 ms clock, 0.47+0.46/1.0/1.2+0.009 ms cpu, 122->122->102 MB, 130 MB goal, 0 MB stacks, 0 MB globals, 4 P
gc 4900 @89.199s 5%: 0.098+1.2+0.005 ms clock, 0.39+0/1.1/2.7+0.020 ms cpu, 122->122->102 MB, 130 MB goal, 0 MB stacks, 0 MB globals, 4 P
gc 4901 @89.204s 5%: 0.076+1.1+0.004 ms clock, 0.30+1.0/1.1/1.8+0.016 ms cpu, 102->102->102 MB, 105 MB goal, 0 MB stacks, 0 MB globals, 4 P
gc 4902 @89.205s 5%: 0.087+5.8+0.18 ms clock, 0.34+0.10/1.1/2.1+0.75 ms cpu, 112->132->132 MB, 104 MB goal, 0 MB stacks, 0 MB globals, 4 P
gc 4903 @89.212s 5%: 0.62+1.7+0.030 ms clock, 2.4+0.17/1.2/1.8+0.12 ms cpu, 132->132->112 MB, 132 MB goal, 0 MB stacks, 0 MB globals, 4 P
gc 4904 @89.215s 5%: 0.089+1.2+0.003 ms clock, 0.35+0.51/0.96/1.3+0.012 ms cpu, 112->112->102 MB, 118 MB goal, 0 MB stacks, 0 MB globals, 4 P
gc 4905 @89.220s 5%: 0.14+2.2+0.050 ms clock, 0.57+0.21/1.5/3.0+0.20 ms cpu, 122->122->112 MB, 114 MB goal, 0 MB stacks, 0 MB globals, 4 P
gc 4906 @89.231s 5%: 0.086+0.99+0.003 ms clock, 0.34+0/0.94/2.3+0.014 ms cpu, 122->122->102 MB, 114 MB goal, 0 MB stacks, 0 MB globals, 4 P
gc 4907 @89.238s 5%: 0.068+1.1+0.005 ms clock, 0.27+1.0/1.0/1.8+0.022 ms cpu, 102->102->102 MB, 105 MB goal, 0 MB stacks, 0 MB globals, 4 P
gc 4908 @89.239s 5%: 0.14+1.4+0.073 ms clock, 0.56+0.087/1.0/1.9+0.29 ms cpu, 112->112->112 MB, 102 MB goal, 0 MB stacks, 0 MB globals, 4 P
gc 4909 @89.242s 5%: 0.58+1.2+0.002 ms clock, 2.3+0.093/1.1/2.2+0.011 ms cpu, 112->112->112 MB, 118 MB goal, 0 MB stacks, 0 MB globals, 4 P
gc 4910 @89.262s 5%: 0.088+1.0+0.004 ms clock, 0.35+0.16/1.0/2.4+0.019 ms cpu, 122->122->102 MB, 114 MB goal, 0 MB stacks, 0 MB globals, 4 P
gc 4911 @89.265s 5%: 0.055+1.0+0.003 ms clock, 0.22+0.88/0.86/1.4+0.014 ms cpu, 102->102->102 MB, 105 MB goal, 0 MB stacks, 0 MB globals, 4 P
gc 4912 @89.266s 5%: 0.11+2.2+0.035 ms clock, 0.46+0.096/1.4/2.4+0.14 ms cpu, 112->112->112 MB, 118 MB goal, 0 MB stacks, 0 MB globals, 4 P
gc 4913 @89.294s 5%: 0.11+1.4+0.043 ms clock, 0.46+0.27/1.2/3.1+0.17 ms cpu, 122->122->102 MB, 114 MB goal, 0 MB stacks, 0 MB globals, 4 P
gc 4914 @89.302s 5%: 0.14+1.1+0.038 ms clock, 0.57+1.6/1.0/0.64+0.15 ms cpu, 122->122->102 MB, 114 MB goal, 0 MB stacks, 0 MB globals, 4 P
gc 4915 @89.303s 5%: 0.25+4.3+0.73 ms clock, 1.0+0.069/1.5/1.2+2.9 ms cpu, 122->142->142 MB, 119 MB goal, 0 MB stacks, 0 MB globals, 4 P
gc 4916 @89.309s 5%: 0.52+3.2+0.034 ms clock, 2.0+1.3/1.6/0.17+0.13 ms cpu, 142->152->122 MB, 142 MB goal, 0 MB stacks, 0 MB globals, 4 P
gc 4917 @89.313s 5%: 0.74+2.3+0.004 ms clock, 2.9+0.10/2.1/1.5+0.016 ms cpu, 122->132->122 MB, 143 MB goal, 0 MB stacks, 0 MB globals, 4 P
gc 4918 @89.333s 5%: 0.098+1.0+0.004 ms clock, 0.39+0.052/0.89/2.5+0.017 ms cpu, 142->142->102 MB, 143 MB goal, 0 MB stacks, 0 MB globals, 4 P
gc 4919 @89.359s 5%: 0.052+0.91+0.005 ms clock, 0.20+0.14/0.84/2.2+0.020 ms cpu, 132->132->102 MB, 143 MB goal, 0 MB stacks, 0 MB globals, 4 P
gc 4920 @89.361s 5%: 0.076+1.0+0.003 ms clock, 0.30+0.93/0.93/1.6+0.015 ms cpu, 102->102->102 MB, 105 MB goal, 0 MB stacks, 0 MB globals, 4 P
gc 4921 @89.362s 5%: 0.12+1.4+0.070 ms clock, 0.48+0.069/1.0/2.0+0.28 ms cpu, 112->112->112 MB, 102 MB goal, 0 MB stacks, 0 MB globals, 4 P
gc 4922 @89.365s 5%: 0.064+1.5+0.030 ms clock, 0.25+0.17/1.0/1.5+0.12 ms cpu, 112->112->112 MB, 118 MB goal, 0 MB stacks, 0 MB globals, 4 P
gc 4923 @89.371s 5%: 0.090+0.89+0.003 ms clock, 0.36+0.64/0.74/1.3+0.012 ms cpu, 122->122->102 MB, 114 MB goal, 0 MB stacks, 0 MB globals, 4 P
gc 4924 @89.376s 5%: 0.041+0.77+0.003 ms clock, 0.16+0.11/0.72/1.6+0.014 ms cpu, 122->122->102 MB, 114 MB goal, 0 MB stacks, 0 MB globals, 4 P
gc 4925 @89.378s 5%: 0.050+1.1+0.004 ms clock, 0.20+1.6/0.82/0.73+0.016 ms cpu, 102->102->102 MB, 105 MB goal, 0 MB stacks, 0 MB globals, 4 P
gc 4926 @89.379s 5%: 0.58+3.5+0.028 ms clock, 2.3+1.1/1.1/0+0.11 ms cpu, 122->122->122 MB, 102 MB goal, 0 MB stacks, 0 MB globals, 4 P
gc 4927 @89.384s 5%: 0.059+1.0+0.002 ms clock, 0.23+0.25/0.85/1.7+0.010 ms cpu, 122->122->102 MB, 130 MB goal, 0 MB stacks, 0 MB globals, 4 P
gc 4928 @89.408s 5%: 0.14+1.9+0.054 ms clock, 0.56+1.4/1.7/1.4+0.21 ms cpu, 122->122->112 MB, 130 MB goal, 0 MB stacks, 0 MB globals, 4 P
gc 4929 @89.414s 5%: 0.095+1.6+0.024 ms clock, 0.38+0.99/1.0/1.0+0.096 ms cpu, 132->132->112 MB, 129 MB goal, 0 MB stacks, 0 MB globals, 4 P
gc 4930 @89.422s 5%: 0.047+0.93+0.004 ms clock, 0.18+2.1/0.77/0+0.018 ms cpu, 132->132->112 MB, 129 MB goal, 0 MB stacks, 0 MB globals, 4 P
gc 4931 @89.424s 5%: 0.59+1.9+0.091 ms clock, 2.3+1.3/1.3/0+0.36 ms cpu, 142->142->132 MB, 119 MB goal, 0 MB stacks, 0 MB globals, 4 P
gc 4932 @89.427s 5%: 0.093+2.4+0.39 ms clock, 0.37+1.4/1.5/0.54+1.5 ms cpu, 132->142->122 MB, 143 MB goal, 0 MB stacks, 0 MB globals, 4 P
gc 4933 @89.430s 5%: 0.59+1.8+0.057 ms clock, 2.3+1.6/1.6/0+0.22 ms cpu, 142->142->132 MB, 143 MB goal, 0 MB stacks, 0 MB globals, 4 P
gc 4934 @89.438s 5%: 0.18+2.3+0.056 ms clock, 0.73+0/1.9/3.7+0.22 ms cpu, 162->162->112 MB, 149 MB goal, 0 MB stacks, 0 MB globals, 4 P
gc 4935 @89.444s 5%: 0.032+1.2+0.003 ms clock, 0.13+1.7/1.1/0.81+0.015 ms cpu, 112->112->102 MB, 118 MB goal, 0 MB stacks, 0 MB globals, 4 P
gc 4936 @89.447s 5%: 0.13+6.4+0.036 ms clock, 0.52+1.1/1.1/0+0.14 ms cpu, 132->142->142 MB, 102 MB goal, 0 MB stacks, 0 MB globals, 4 P
gc 4937 @89.461s 5%: 0.095+1.1+0.005 ms clock, 0.38+2.2/0.97/0+0.023 ms cpu, 142->142->112 MB, 142 MB goal, 0 MB stacks, 0 MB globals, 4 P
gc 4938 @89.463s 5%: 0.20+1.8+0.075 ms clock, 0.80+1.7/1.7/0+0.30 ms cpu, 112->142->132 MB, 112 MB goal, 0 MB stacks, 0 MB globals, 4 P
gc 4939 @89.466s 5%: 0.11+2.2+0.006 ms clock, 0.47+2.3/1.8/0+0.027 ms cpu, 132->132->112 MB, 143 MB goal, 0 MB stacks, 0 MB globals, 4 P
gc 4940 @89.468s 5%: 0.47+4.1+0.056 ms clock, 1.9+1.4/1.4/0+0.22 ms cpu, 142->142->132 MB, 143 MB goal, 0 MB stacks, 0 MB globals, 4 P
gc 4941 @89.474s 5%: 0.10+2.1+0.67 ms clock, 0.40+1.9/1.1/0+2.6 ms cpu, 142->152->132 MB, 134 MB goal, 0 MB stacks, 0 MB globals, 4 P
gc 4942 @89.479s 5%: 0.31+2.2+0.029 ms clock, 1.2+1.7/1.4/0+0.11 ms cpu, 142->152->122 MB, 135 MB goal, 0 MB stacks, 0 MB globals, 4 P
gc 4943 @89.490s 5%: 0.16+2.1+0.032 ms clock, 0.65+1.8/1.4/0+0.12 ms cpu, 172->182->162 MB, 122 MB goal, 0 MB stacks, 0 MB globals, 4 P
gc 4944 @89.493s 5%: 0.71+0.91+0.55 ms clock, 2.8+2.0/0.80/0+2.2 ms cpu, 162->172->122 MB, 162 MB goal, 0 MB stacks, 0 MB globals, 4 P
gc 4945 @89.495s 5%: 0.57+5.8+0.035 ms clock, 2.2+1.2/1.2/0+0.14 ms cpu, 122->162->162 MB, 125 MB goal, 0 MB stacks, 0 MB globals, 4 P
gc 4946 @89.502s 5%: 0.079+2.3+0.75 ms clock, 0.31+1.6/1.0/0.003+3.0 ms cpu, 162->182->122 MB, 179 MB goal, 0 MB stacks, 0 MB globals, 4 P
gc 4947 @89.524s 5%: 0.16+1.9+0.027 ms clock, 0.64+0/1.1/2.0+0.10 ms cpu, 182->192->122 MB, 169 MB goal, 0 MB stacks, 0 MB globals, 4 P
gc 4948 @89.544s 5%: 0.076+1.1+0.004 ms clock, 0.30+1.5/1.0/1.2+0.017 ms cpu, 172->172->102 MB, 180 MB goal, 0 MB stacks, 0 MB globals, 4 P
gc 4949 @89.547s 5%: 0.14+1.2+0.005 ms clock, 0.56+1.9/1.1/1.0+0.021 ms cpu, 122->122->102 MB, 130 MB goal, 0 MB stacks, 0 MB globals, 4 P
gc 4950 @89.557s 5%: 0.047+0.95+0.003 ms clock, 0.19+0.87/0.86/1.5+0.013 ms cpu, 102->102->102 MB, 105 MB goal, 0 MB stacks, 0 MB globals, 4 P
gc 4951 @89.558s 5%: 0.12+3.7+0.65 ms clock, 0.51+0.30/1.5/3.2+2.6 ms cpu, 112->132->132 MB, 104 MB goal, 0 MB stacks, 0 MB globals, 4 P
gc 4952 @89.563s 5%: 0.68+3.8+0.041 ms clock, 2.7+0.14/3.2/0.013+0.16 ms cpu, 132->142->132 MB, 132 MB goal, 0 MB stacks, 0 MB globals, 4 P
gc 4953 @89.568s 5%: 0.27+2.4+0.054 ms clock, 1.0+1.1/2.1/1.0+0.21 ms cpu, 132->152->122 MB, 155 MB goal, 0 MB stacks, 0 MB globals, 4 P
gc 4954 @89.583s 5%: 0.057+0.95+0.005 ms clock, 0.23+1.4/0.88/0.47+0.020 ms cpu, 152->152->102 MB, 155 MB goal, 0 MB stacks, 0 MB globals, 4 P
gc 4955 @89.586s 5%: 0.12+0.96+0.005 ms clock, 0.50+1.6/0.91/0.69+0.020 ms cpu, 122->122->102 MB, 130 MB goal, 0 MB stacks, 0 MB globals, 4 P
gc 4956 @89.591s 5%: 0.041+1.1+0.004 ms clock, 0.16+1.6/0.94/0.74+0.017 ms cpu, 102->102->102 MB, 105 MB goal, 0 MB stacks, 0 MB globals, 4 P
gc 4957 @89.593s 5%: 0.42+2.2+0.62 ms clock, 1.6+1.7/1.7/0+2.5 ms cpu, 122->122->122 MB, 102 MB goal, 0 MB stacks, 0 MB globals, 4 P
gc 4958 @89.597s 5%: 0.49+1.2+0.003 ms clock, 1.9+0.28/1.1/1.8+0.012 ms cpu, 122->122->102 MB, 122 MB goal, 0 MB stacks, 0 MB globals, 4 P
gc 4959 @90.121s 5%: 0.17+1.8+0.007 ms clock, 0.70+1.2/1.5/3.0+0.030 ms cpu, 102->102->102 MB, 105 MB goal, 0 MB stacks, 0 MB globals, 4 P
gc 4960 @90.123s 5%: 0.12+2.5+0.087 ms clock, 0.51+0.23/1.6/2.3+0.35 ms cpu, 112->112->112 MB, 118 MB goal, 0 MB stacks, 0 MB globals, 4 P
gc 4961 @90.204s 5%: 0.068+1.1+0.003 ms clock, 0.27+0/1.0/2.4+0.015 ms cpu, 122->122->102 MB, 114 MB goal, 0 MB stacks, 0 MB globals, 4 P
gc 4962 @90.214s 5%: 0.13+1.3+0.004 ms clock, 0.52+2.3/1.2/1.0+0.019 ms cpu, 102->102->102 MB, 105 MB goal, 0 MB stacks, 0 MB globals, 4 P
gc 4963 @90.216s 5%: 0.72+3.1+0.53 ms clock, 2.9+2.0/2.0/0+2.1 ms cpu, 122->122->122 MB, 102 MB goal, 0 MB stacks, 0 MB globals, 4 P
gc 4964 @90.221s 5%: 0.56+2.6+0.22 ms clock, 2.2+1.7/1.0/0+0.89 ms cpu, 122->142->132 MB, 143 MB goal, 0 MB stacks, 0 MB globals, 4 P
gc 4965 @90.226s 5%: 0.63+1.5+0.006 ms clock, 2.5+0.27/1.1/2.2+0.024 ms cpu, 142->142->112 MB, 143 MB goal, 0 MB stacks, 0 MB globals, 4 P
gc 4966 @90.265s 5%: 0.067+0.99+0.004 ms clock, 0.26+0.15/0.85/2.1+0.018 ms cpu, 142->142->102 MB, 143 MB goal, 0 MB stacks, 0 MB globals, 4 P
gc 4967 @90.272s 5%: 0.061+1.2+0.004 ms clock, 0.24+1.0/1.0/2.0+0.019 ms cpu, 102->102->102 MB, 105 MB goal, 0 MB stacks, 0 MB globals, 4 P
gc 4968 @90.274s 5%: 0.14+1.7+0.031 ms clock, 0.59+0.098/0.94/1.5+0.12 ms cpu, 112->112->112 MB, 118 MB goal, 0 MB stacks, 0 MB globals, 4 P
gc 4969 @90.299s 5%: 0.21+1.5+0.004 ms clock, 0.87+1.2/1.4/0.97+0.019 ms cpu, 122->122->102 MB, 114 MB goal, 0 MB stacks, 0 MB globals, 4 P
gc 4970 @90.306s 5%: 0.080+1.1+0.037 ms clock, 0.32+0.15/0.97/2.6+0.14 ms cpu, 122->122->102 MB, 114 MB goal, 0 MB stacks, 0 MB globals, 4 P
gc 4971 @90.313s 5%: 0.20+1.6+0.004 ms clock, 0.82+1.3/1.6/1.6+0.017 ms cpu, 132->132->112 MB, 104 MB goal, 0 MB stacks, 0 MB globals, 4 P
gc 4972 @90.315s 5%: 0.028+2.2+0.033 ms clock, 0.11+1.6/1.2/0.39+0.13 ms cpu, 112->122->112 MB, 114 MB goal, 0 MB stacks, 0 MB globals, 4 P
gc 4973 @90.320s 5%: 0.29+1.8+0.003 ms clock, 1.1+1.9/1.7/0+0.015 ms cpu, 132->132->122 MB, 112 MB goal, 0 MB stacks, 0 MB globals, 4 P
gc 4974 @90.323s 5%: 0.11+1.2+0.003 ms clock, 0.45+1.0/1.1/1.5+0.012 ms cpu, 122->122->102 MB, 130 MB goal, 0 MB stacks, 0 MB globals, 4 P
gc 4975 @90.336s 5%: 0.071+1.0+0.003 ms clock, 0.28+0/0.98/1.7+0.013 ms cpu, 122->122->102 MB, 130 MB goal, 0 MB stacks, 0 MB globals, 4 P
gc 4976 @90.343s 5%: 0.043+1.0+0.005 ms clock, 0.17+0.77/0.82/1.6+0.021 ms cpu, 102->102->102 MB, 105 MB goal, 0 MB stacks, 0 MB globals, 4 P
gc 4977 @90.345s 5%: 0.13+2.4+0.041 ms clock, 0.52+0.074/1.3/2.2+0.16 ms cpu, 112->112->112 MB, 118 MB goal, 0 MB stacks, 0 MB globals, 4 P
gc 4978 @90.360s 5%: 0.099+1.1+0.051 ms clock, 0.39+0.21/0.98/2.1+0.20 ms cpu, 122->122->102 MB, 114 MB goal, 0 MB stacks, 0 MB globals, 4 P
gc 4979 @90.370s 5%: 0.083+0.96+0.003 ms clock, 0.33+0.14/0.91/2.2+0.015 ms cpu, 122->122->102 MB, 114 MB goal, 0 MB stacks, 0 MB globals, 4 P
gc 4980 @90.372s 5%: 0.046+0.89+0.002 ms clock, 0.18+0.77/0.78/1.5+0.011 ms cpu, 102->102->102 MB, 105 MB goal, 0 MB stacks, 0 MB globals, 4 P
gc 4981 @90.373s 5%: 0.11+1.6+0.54 ms clock, 0.47+0.79/1.3/1.3+2.1 ms cpu, 112->112->112 MB, 118 MB goal, 0 MB stacks, 0 MB globals, 4 P
gc 4982 @90.377s 5%: 0.12+2.6+0.030 ms clock, 0.51+1.8/1.8/0+0.12 ms cpu, 122->122->122 MB, 114 MB goal, 0 MB stacks, 0 MB globals, 4 P
gc 4983 @90.380s 5%: 0.50+2.5+0.033 ms clock, 2.0+0.066/2.2/1.7+0.13 ms cpu, 122->132->122 MB, 143 MB goal, 0 MB stacks, 0 MB globals, 4 P
gc 4984 @90.387s 5%: 0.44+5.3+0.023 ms clock, 1.7+0/1.3/5.8+0.094 ms cpu, 142->142->112 MB, 143 MB goal, 0 MB stacks, 0 MB globals, 4 P
gc 4985 @90.415s 5%: 0.073+1.0+0.003 ms clock, 0.29+0.12/1.0/2.2+0.015 ms cpu, 142->142->102 MB, 143 MB goal, 0 MB stacks, 0 MB globals, 4 P
gc 4986 @90.419s 5%: 0.042+1.2+0.003 ms clock, 0.17+1.8/0.98/0.82+0.014 ms cpu, 102->102->102 MB, 105 MB goal, 0 MB stacks, 0 MB globals, 4 P
gc 4987 @90.421s 5%: 0.48+2.6+0.14 ms clock, 1.9+1.7/1.8/0+0.58 ms cpu, 122->122->122 MB, 102 MB goal, 0 MB stacks, 0 MB globals, 4 P
gc 4988 @90.426s 5%: 0.035+1.9+0.022 ms clock, 0.14+1.3/1.1/0.93+0.088 ms cpu, 122->132->132 MB, 129 MB goal, 0 MB stacks, 0 MB globals, 4 P
gc 4989 @90.429s 5%: 0.73+1.7+0.037 ms clock, 2.9+1.9/1.0/0+0.14 ms cpu, 132->132->112 MB, 132 MB goal, 0 MB stacks, 0 MB globals, 4 P
gc 4990 @90.432s 5%: 0.15+1.5+0.073 ms clock, 0.62+1.3/1.3/0+0.29 ms cpu, 132->142->132 MB, 120 MB goal, 0 MB stacks, 0 MB globals, 4 P
gc 4991 @90.434s 5%: 0.52+3.6+0.90 ms clock, 2.1+1.9/1.7/0.077+3.6 ms cpu, 132->152->142 MB, 134 MB goal, 0 MB stacks, 0 MB globals, 4 P
gc 4992 @90.439s 5%: 0.36+2.9+0.058 ms clock, 1.4+1.8/2.0/0+0.23 ms cpu, 142->152->132 MB, 142 MB goal, 0 MB stacks, 0 MB globals, 4 P
gc 4993 @90.443s 5%: 0.18+2.6+0.025 ms clock, 0.74+1.3/1.4/0+0.10 ms cpu, 152->152->132 MB, 135 MB goal, 0 MB stacks, 0 MB globals, 4 P
gc 4994 @90.446s 5%: 0.44+2.4+0.005 ms clock, 1.7+0.14/1.2/1.6+0.021 ms cpu, 142->142->112 MB, 155 MB goal, 0 MB stacks, 0 MB globals, 4 P
gc 4995 @90.464s 5%: 0.68+2.2+0.51 ms clock, 2.7+0.19/1.9/1.7+2.0 ms cpu, 152->152->122 MB, 155 MB goal, 0 MB stacks, 0 MB globals, 4 P
gc 4996 @90.469s 5%: 0.16+2.4+0.004 ms clock, 0.64+0.22/2.4/2.0+0.016 ms cpu, 152->152->122 MB, 155 MB goal, 0 MB stacks, 0 MB globals, 4 P
gc 4997 @90.481s 5%: 0.069+1.8+0.004 ms clock, 0.27+1.5/0/1.7+0.019 ms cpu, 152->152->102 MB, 155 MB goal, 0 MB stacks, 0 MB globals, 4 P
gc 4998 @90.485s 5%: 0.11+1.0+0.004 ms clock, 0.44+1.8/1.0/0.79+0.019 ms cpu, 122->122->102 MB, 130 MB goal, 0 MB stacks, 0 MB globals, 4 P
gc 4999 @90.492s 5%: 0.11+1.4+0.005 ms clock, 0.46+3.4/1.3/0+0.021 ms cpu, 102->102->102 MB, 105 MB goal, 0 MB stacks, 0 MB globals, 4 P
gc 5000 @90.494s 5%: 0.27+2.2+0.42 ms clock, 1.0+1.4/1.3/0+1.6 ms cpu, 102->132->132 MB, 102 MB goal, 0 MB stacks, 0 MB globals, 4 P
gc 5001 @90.498s 5%: 0.64+2.9+0.023 ms clock, 2.5+1.2/1.4/0.009+0.094 ms cpu, 132->142->132 MB, 143 MB goal, 0 MB stacks, 0 MB globals, 4 P
gc 5002 @90.504s 5%: 0.44+1.5+0.063 ms clock, 1.7+2.3/0.86/0+0.25 ms cpu, 152->162->132 MB, 132 MB goal, 0 MB stacks, 0 MB globals, 4 P
gc 5003 @90.507s 5%: 0.48+2.1+0.23 ms clock, 1.9+2.7/1.6/0+0.95 ms cpu, 132->142->122 MB, 143 MB goal, 0 MB stacks, 0 MB globals, 4 P
gc 5004 @90.511s 5%: 0.25+1.8+0.56 ms clock, 1.0+1.8/0.95/0+2.2 ms cpu, 132->152->132 MB, 134 MB goal, 0 MB stacks, 0 MB globals, 4 P
gc 5005 @90.516s 5%: 0.58+2.5+0.031 ms clock, 2.3+2.6/2.1/0+0.12 ms cpu, 162->162->112 MB, 168 MB goal, 0 MB stacks, 0 MB globals, 4 P
gc 5006 @90.522s 5%: 0.10+1.9+0.037 ms clock, 0.42+1.6/1.5/1.0+0.14 ms cpu, 152->152->112 MB, 168 MB goal, 0 MB stacks, 0 MB globals, 4 P
gc 5007 @90.531s 5%: 0.067+1.0+0.003 ms clock, 0.26+0.25/1.0/2.1+0.015 ms cpu, 162->162->102 MB, 168 MB goal, 0 MB stacks, 0 MB globals, 4 P
gc 5008 @90.535s 5%: 0.045+1.1+0.003 ms clock, 0.18+0.98/1.0/1.6+0.012 ms cpu, 102->102->102 MB, 105 MB goal, 0 MB stacks, 0 MB globals, 4 P
gc 5009 @90.537s 5%: 0.12+1.6+0.17 ms clock, 0.50+0.10/1.1/1.9+0.68 ms cpu, 112->112->112 MB, 118 MB goal, 0 MB stacks, 0 MB globals, 4 P
gc 5010 @90.545s 5%: 0.40+1.1+0.004 ms clock, 1.6+1.3/1.0/0+0.019 ms cpu, 122->122->102 MB, 114 MB goal, 0 MB stacks, 0 MB globals, 4 P
gc 5011 @90.546s 5%: 0.18+2.2+0.004 ms clock, 0.74+0.089/2.1/1.4+0.019 ms cpu, 112->122->122 MB, 130 MB goal, 0 MB stacks, 0 MB globals, 4 P
gc 5012 @90.554s 5%: 0.10+0.93+0.004 ms clock, 0.42+1.2/0.66/0.86+0.019 ms cpu, 142->142->102 MB, 122 MB goal, 0 MB stacks, 0 MB globals, 4 P
gc 5013 @90.565s 5%: 0.052+0.95+0.003 ms clock, 0.21+0.81/0.84/1.5+0.013 ms cpu, 102->102->102 MB, 105 MB goal, 0 MB stacks, 0 MB globals, 4 P
gc 5014 @90.567s 5%: 0.26+1.9+0.026 ms clock, 1.0+1.3/0.97/0+0.10 ms cpu, 112->112->112 MB, 118 MB goal, 0 MB stacks, 0 MB globals, 4 P
gc 5015 @90.572s 5%: 0.30+1.6+0.34 ms clock, 1.2+1.6/0.97/0+1.3 ms cpu, 142->142->132 MB, 112 MB goal, 0 MB stacks, 0 MB globals, 4 P
gc 5016 @90.574s 5%: 0.51+6.1+0.041 ms clock, 2.0+2.1/0.23/0+0.16 ms cpu, 132->142->142 MB, 132 MB goal, 0 MB stacks, 0 MB globals, 4 P
gc 5017 @90.581s 5%: 0.13+1.6+0.046 ms clock, 0.53+1.2/1.3/0.022+0.18 ms cpu, 142->152->112 MB, 155 MB goal, 0 MB stacks, 0 MB globals, 4 P
gc 5018 @90.590s 5%: 0.54+1.7+0.026 ms clock, 2.1+0.15/1.3/2.1+0.10 ms cpu, 162->162->112 MB, 149 MB goal, 0 MB stacks, 0 MB globals, 4 P
gc 5019 @90.598s 5%: 0.079+1.2+0.003 ms clock, 0.31+2.1/1.1/0.91+0.013 ms cpu, 112->112->102 MB, 118 MB goal, 0 MB stacks, 0 MB globals, 4 P
gc 5020 @90.603s 5%: 0.050+1.1+0.004 ms clock, 0.20+1.2/1.0/1.4+0.016 ms cpu, 122->122->102 MB, 115 MB goal, 0 MB stacks, 0 MB globals, 4 P
gc 5021 @91.129s 5%: 0.13+1.0+0.006 ms clock, 0.55+0.90/0.85/1.5+0.024 ms cpu, 102->102->102 MB, 105 MB goal, 0 MB stacks, 0 MB globals, 4 P
gc 5022 @91.131s 5%: 0.14+1.8+0.22 ms clock, 0.57+0.10/1.5/2.6+0.88 ms cpu, 112->112->112 MB, 102 MB goal, 0 MB stacks, 0 MB globals, 4 P
gc 5023 @91.134s 5%: 0.21+1.0+0.004 ms clock, 0.85+0.21/0.96/2.0+0.017 ms cpu, 112->112->102 MB, 118 MB goal, 0 MB stacks, 0 MB globals, 4 P
gc 5024 @91.224s 5%: 0.32+2.0+0.55 ms clock, 1.3+0.35/1.6/2.7+2.2 ms cpu, 122->132->122 MB, 104 MB goal, 0 MB stacks, 0 MB globals, 4 P
gc 5025 @91.227s 5%: 0.062+4.3+0.32 ms clock, 0.25+2.7/2.3/0.51+1.3 ms cpu, 122->142->132 MB, 122 MB goal, 0 MB stacks, 0 MB globals, 4 P
gc 5026 @91.233s 5%: 0.67+3.1+0.003 ms clock, 2.7+1.6/3.1/0.95+0.013 ms cpu, 132->142->122 MB, 132 MB goal, 0 MB stacks, 0 MB globals, 4 P
gc 5027 @91.237s 5%: 0.27+1.5+0.18 ms clock, 1.0+0.12/1.1/1.7+0.75 ms cpu, 122->132->112 MB, 129 MB goal, 0 MB stacks, 0 MB globals, 4 P
gc 5028 @91.270s 5%: 0.10+1.5+0.005 ms clock, 0.41+0.17/1.3/1.8+0.023 ms cpu, 132->132->102 MB, 129 MB goal, 0 MB stacks, 0 MB globals, 4 P
gc 5029 @91.280s 5%: 0.096+1.1+0.005 ms clock, 0.38+0.96/1.0/1.9+0.020 ms cpu, 102->102->102 MB, 105 MB goal, 0 MB stacks, 0 MB globals, 4 P
gc 5030 @91.282s 5%: 0.53+1.7+0.025 ms clock, 2.1+0.17/1.5/1.8+0.10 ms cpu, 112->112->112 MB, 118 MB goal, 0 MB stacks, 0 MB globals, 4 P
gc 5031 @91.304s 5%: 0.50+1.0+0.006 ms clock, 2.0+1.0/1.0/1.5+0.025 ms cpu, 122->122->102 MB, 114 MB goal, 0 MB stacks, 0 MB globals, 4 P
gc 5032 @91.310s 5%: 0.35+1.1+0.003 ms clock, 1.4+1.1/1.1/1.5+0.014 ms cpu, 122->122->102 MB, 114 MB goal, 0 MB stacks, 0 MB globals, 4 P
gc 5033 @91.315s 5%: 0.23+1.4+0.031 ms clock, 0.95+1.1/1.1/1.0+0.12 ms cpu, 122->122->112 MB, 114 MB goal, 0 MB stacks, 0 MB globals, 4 P
gc 5034 @91.320s 5%: 0.13+1.3+0.003 ms clock, 0.52+0.16/1.0/1.6+0.014 ms cpu, 122->122->102 MB, 130 MB goal, 0 MB stacks, 0 MB globals, 4 P
gc 5035 @91.324s 5%: 0.15+2.3+0.062 ms clock, 0.60+1.1/1.3/0+0.25 ms cpu, 122->122->122 MB, 130 MB goal, 0 MB stacks, 0 MB globals, 4 P
gc 5036 @91.327s 5%: 0.11+2.2+0.028 ms clock, 0.44+0.079/1.2/2.4+0.11 ms cpu, 132->132->112 MB, 143 MB goal, 0 MB stacks, 0 MB globals, 4 P
gc 5037 @91.354s 5%: 0.10+1.0+0.004 ms clock, 0.40+0.074/0.93/2.5+0.016 ms cpu, 142->142->102 MB, 143 MB goal, 0 MB stacks, 0 MB globals, 4 P
gc 5038 @91.361s 5%: 0.060+1.1+0.003 ms clock, 0.24+0.95/0.98/1.7+0.013 ms cpu, 102->102->102 MB, 105 MB goal, 0 MB stacks, 0 MB globals, 4 P
gc 5039 @91.363s 5%: 0.44+1.8+0.025 ms clock, 1.7+0.78/1.5/0.96+0.10 ms cpu, 112->112->112 MB, 118 MB goal, 0 MB stacks, 0 MB globals, 4 P
gc 5040 @91.367s 5%: 0.094+3.4+0.003 ms clock, 0.37+0.21/3.4/2.3+0.013 ms cpu, 122->122->112 MB, 114 MB goal, 0 MB stacks, 0 MB globals, 4 P
gc 5041 @91.374s 5%: 0.053+1.1+0.003 ms clock, 0.21+0/1.0/2.8+0.012 ms cpu, 122->122->102 MB, 114 MB goal, 0 MB stacks, 0 MB globals, 4 P
gc 5042 @91.380s 5%: 0.050+0.95+0.004 ms clock, 0.20+0.78/0.84/1.6+0.016 ms cpu, 102->102->102 MB, 105 MB goal, 0 MB stacks, 0 MB globals, 4 P
gc 5043 @91.382s 5%: 0.13+3.5+0.40 ms clock, 0.52+0.17/1.2/2.8+1.6 ms cpu, 112->122->122 MB, 114 MB goal, 0 MB stacks, 0 MB globals, 4 P
gc 5044 @91.386s 5%: 0.42+2.8+0.035 ms clock, 1.7+1.2/1.2/0.67+0.14 ms cpu, 122->132->122 MB, 122 MB goal, 0 MB stacks, 0 MB globals, 4 P
gc 5045 @91.390s 5%: 0.70+2.7+0.027 ms clock, 2.8+0.093/2.2/0.85+0.11 ms cpu, 122->132->122 MB, 143 MB goal, 0 MB stacks, 0 MB globals, 4 P
gc 5046 @91.406s 5%: 0.052+1.1+0.005 ms clock, 0.20+0/1.1/2.5+0.021 ms cpu, 142->142->102 MB, 143 MB goal, 0 MB stacks, 0 MB globals, 4 P
gc 5047 @91.414s 5%: 0.049+1.0+0.004 ms clock, 0.19+0.92/0.98/1.7+0.019 ms cpu, 102->102->102 MB, 105 MB goal, 0 MB stacks, 0 MB globals, 4 P
gc 5048 @91.415s 5%: 0.11+1.6+0.61 ms clock, 0.44+0.071/1.5/2.1+2.4 ms cpu, 112->112->112 MB, 102 MB goal, 0 MB stacks, 0 MB globals, 4 P
gc 5049 @91.420s 5%: 0.57+1.6+0.027 ms clock, 2.2+0.18/1.2/2.1+0.10 ms cpu, 122->122->112 MB, 112 MB goal, 0 MB stacks, 0 MB globals, 4 P
gc 5050 @91.422s 5%: 0.52+1.1+0.002 ms clock, 2.0+0.36/1.0/1.9+0.011 ms cpu, 112->112->102 MB, 118 MB goal, 0 MB stacks, 0 MB globals, 4 P
gc 5051 @91.430s 5%: 0.16+0.97+0.004 ms clock, 0.64+1.4/0.85/0.84+0.018 ms cpu, 122->122->102 MB, 114 MB goal, 0 MB stacks, 0 MB globals, 4 P
gc 5052 @91.438s 5%: 0.071+1.0+0.003 ms clock, 0.28+0.18/1.0/1.6+0.014 ms cpu, 122->122->102 MB, 114 MB goal, 0 MB stacks, 0 MB globals, 4 P
gc 5053 @91.441s 5%: 0.039+1.2+0.051 ms clock, 0.15+0.82/0.86/1.6+0.20 ms cpu, 102->102->102 MB, 105 MB goal, 0 MB stacks, 0 MB globals, 4 P
gc 5054 @91.443s 5%: 0.78+4.2+0.029 ms clock, 3.1+4.7/1.2/0+0.11 ms cpu, 122->122->122 MB, 102 MB goal, 0 MB stacks, 0 MB globals, 4 P
gc 5055 @91.449s 5%: 0.24+1.1+0.003 ms clock, 0.96+2.4/1.0/0+0.013 ms cpu, 122->122->112 MB, 130 MB goal, 0 MB stacks, 0 MB globals, 4 P
gc 5056 @91.451s 5%: 0.68+1.0+0.57 ms clock, 2.7+1.7/0.89/0+2.3 ms cpu, 122->142->132 MB, 119 MB goal, 0 MB stacks, 0 MB globals, 4 P
gc 5057 @91.453s 5%: 0.42+2.5+0.45 ms clock, 1.6+1.0/1.2/0+1.8 ms cpu, 132->142->142 MB, 143 MB goal, 0 MB stacks, 0 MB globals, 4 P
gc 5058 @91.458s 5%: 0.65+3.0+0.047 ms clock, 2.6+1.8/1.0/0+0.18 ms cpu, 142->162->132 MB, 142 MB goal, 0 MB stacks, 0 MB globals, 4 P
gc 5059 @91.462s 5%: 0.45+1.9+0.056 ms clock, 1.8+1.1/1.4/0.70+0.22 ms cpu, 132->142->122 MB, 143 MB goal, 0 MB stacks, 0 MB globals, 4 P
gc 5060 @91.471s 5%: 0.70+1.1+0.028 ms clock, 2.8+2.0/0.94/0+0.11 ms cpu, 152->152->112 MB, 134 MB goal, 0 MB stacks, 0 MB globals, 4 P
gc 5061 @91.474s 5%: 0.59+3.7+0.063 ms clock, 2.3+0.13/2.6/1.1+0.25 ms cpu, 132->142->122 MB, 155 MB goal, 0 MB stacks, 0 MB globals, 4 P
gc 5062 @91.484s 5%: 0.40+2.0+0.008 ms clock, 1.6+0.55/1.8/2.7+0.035 ms cpu, 152->152->112 MB, 155 MB goal, 0 MB stacks, 0 MB globals, 4 P
gc 5063 @91.502s 5%: 0.14+2.2+0.037 ms clock, 0.56+1.4/1.6/0.28+0.15 ms cpu, 152->152->112 MB, 155 MB goal, 0 MB stacks, 0 MB globals, 4 P
gc 5064 @91.505s 5%: 0.062+1.3+0.003 ms clock, 0.24+0.30/1.3/1.7+0.014 ms cpu, 122->122->112 MB, 130 MB goal, 0 MB stacks, 0 MB globals, 4 P
gc 5065 @91.509s 5%: 0.34+1.6+0.024 ms clock, 1.3+1.8/1.0/0+0.096 ms cpu, 122->122->112 MB, 114 MB goal, 0 MB stacks, 0 MB globals, 4 P
gc 5066 @91.512s 5%: 0.11+2.6+0.027 ms clock, 0.47+1.4/0.73/0+0.11 ms cpu, 132->132->132 MB, 112 MB goal, 0 MB stacks, 0 MB globals, 4 P
gc 5067 @91.515s 5%: 0.53+5.5+0.005 ms clock, 2.1+1.1/1.6/0+0.020 ms cpu, 132->152->132 MB, 134 MB goal, 0 MB stacks, 0 MB globals, 4 P
gc 5068 @91.522s 5%: 0.17+2.9+0.053 ms clock, 0.70+1.8/0.95/0+0.21 ms cpu, 142->152->122 MB, 134 MB goal, 0 MB stacks, 0 MB globals, 4 P
gc 5069 @91.528s 5%: 0.15+5.5+0.006 ms clock, 0.62+1.8/1.0/0+0.025 ms cpu, 162->162->142 MB, 124 MB goal, 0 MB stacks, 0 MB globals, 4 P
gc 5070 @91.534s 5%: 0.11+1.1+0.005 ms clock, 0.44+2.5/1.0/0+0.022 ms cpu, 142->142->102 MB, 143 MB goal, 0 MB stacks, 0 MB globals, 4 P
gc 5071 @91.536s 5%: 0.63+2.8+0.043 ms clock, 2.5+2.0/1.9/0+0.17 ms cpu, 132->132->132 MB, 128 MB goal, 0 MB stacks, 0 MB globals, 4 P
gc 5072 @91.540s 5%: 0.59+1.9+0.068 ms clock, 2.3+2.0/1.6/0+0.27 ms cpu, 132->142->112 MB, 143 MB goal, 0 MB stacks, 0 MB globals, 4 P
gc 5073 @91.545s 5%: 0.42+2.0+0.038 ms clock, 1.7+1.4/1.9/0.002+0.15 ms cpu, 142->142->122 MB, 143 MB goal, 0 MB stacks, 0 MB globals, 4 P
gc 5074 @91.549s 5%: 0.45+2.4+0.061 ms clock, 1.8+1.7/2.3/0+0.24 ms cpu, 152->152->132 MB, 135 MB goal, 0 MB stacks, 0 MB globals, 4 P
gc 5075 @91.553s 5%: 0.17+2.1+0.058 ms clock, 0.71+1.5/1.1/0+0.23 ms cpu, 132->152->122 MB, 135 MB goal, 0 MB stacks, 0 MB globals, 4 P
gc 5076 @91.556s 5%: 0.064+3.8+0.038 ms clock, 0.25+2.9/1.7/0+0.15 ms cpu, 142->142->132 MB, 143 MB goal, 0 MB stacks, 0 MB globals, 4 P
gc 5077 @91.561s 5%: 0.086+1.2+0.056 ms clock, 0.34+0/1.0/1.7+0.22 ms cpu, 142->142->112 MB, 143 MB goal, 0 MB stacks, 0 MB globals, 4 P
gc 5078 @91.563s 5%: 0.048+0.97+0.002 ms clock, 0.19+0.28/0.86/1.9+0.010 ms cpu, 112->112->102 MB, 118 MB goal, 0 MB stacks, 0 MB globals, 4 P
gc 5079 @91.582s 5%: 0.17+2.6+0.33 ms clock, 0.70+1.8/1.4/0.96+1.3 ms cpu, 102->122->122 MB, 102 MB goal, 0 MB stacks, 0 MB globals, 4 P
gc 5080 @91.586s 5%: 1.2+2.4+0.59 ms clock, 5.1+1.5/1.3/0+2.3 ms cpu, 122->132->132 MB, 143 MB goal, 0 MB stacks, 0 MB globals, 4 P
gc 5081 @91.593s 5%: 0.85+8.6+0.007 ms clock, 3.4+3.6/1.2/0+0.028 ms cpu, 152->182->152 MB, 132 MB goal, 0 MB stacks, 0 MB globals, 4 P
gc 5082 @91.602s 5%: 0.22+1.8+0.050 ms clock, 0.91+2.1/1.2/0+0.20 ms cpu, 152->172->122 MB, 164 MB goal, 0 MB stacks, 0 MB globals, 4 P
gc 5083 @92.211s 5%: 0.11+1.3+0.003 ms clock, 0.46+0/1.2/3.2+0.014 ms cpu, 172->172->102 MB, 164 MB goal, 0 MB stacks, 0 MB globals, 4 P
gc 5084 @92.230s 5%: 0.064+1.1+0.004 ms clock, 0.25+0.83/0.91/1.8+0.019 ms cpu, 102->102->102 MB, 105 MB goal, 0 MB stacks, 0 MB globals, 4 P
gc 5085 @92.232s 5%: 0.13+2.6+0.048 ms clock, 0.53+0.063/1.3/1.9+0.19 ms cpu, 112->112->112 MB, 118 MB goal, 0 MB stacks, 0 MB globals, 4 P
gc 5086 @92.236s 5%: 0.10+4.0+0.007 ms clock, 0.40+1.5/1.5/0+0.028 ms cpu, 132->132->122 MB, 112 MB goal, 0 MB stacks, 0 MB globals, 4 P
gc 5087 @92.241s 5%: 0.12+1.4+0.003 ms clock, 0.48+2.5/1.2/0+0.015 ms cpu, 122->122->102 MB, 130 MB goal, 0 MB stacks, 0 MB globals, 4 P
gc 5088 @92.245s 5%: 0.76+1.7+0.60 ms clock, 3.0+0.18/1.5/1.6+2.4 ms cpu, 122->132->122 MB, 129 MB goal, 0 MB stacks, 0 MB globals, 4 P
gc 5089 @92.253s 5%: 0.077+0.97+0.004 ms clock, 0.31+0.13/0.85/2.3+0.017 ms cpu, 132->132->102 MB, 129 MB goal, 0 MB stacks, 0 MB globals, 4 P
gc 5090 @92.272s 5%: 0.075+1.0+0.003 ms clock, 0.30+0.81/0.93/1.5+0.015 ms cpu, 102->102->102 MB, 105 MB goal, 0 MB stacks, 0 MB globals, 4 P
gc 5091 @92.273s 5%: 0.15+1.9+0.026 ms clock, 0.62+0.13/1.1/1.5+0.10 ms cpu, 112->112->112 MB, 118 MB goal, 0 MB stacks, 0 MB globals, 4 P
gc 5092 @92.291s 5%: 0.075+0.93+0.005 ms clock, 0.30+0/0.82/2.0+0.022 ms cpu, 122->122->102 MB, 114 MB goal, 0 MB stacks, 0 MB globals, 4 P
gc 5093 @92.311s 5%: 0.065+1.1+0.003 ms clock, 0.26+0.58/0.99/1.8+0.012 ms cpu, 122->122->102 MB, 114 MB goal, 0 MB stacks, 0 MB globals, 4 P
gc 5094 @92.317s 5%: 0.062+0.96+0.003 ms clock, 0.25+0.27/0.89/2.0+0.013 ms cpu, 122->122->102 MB, 114 MB goal, 0 MB stacks, 0 MB globals, 4 P
gc 5095 @92.322s 5%: 0.045+1.1+0.004 ms clock, 0.18+1.7/0.98/0.87+0.017 ms cpu, 102->102->102 MB, 105 MB goal, 0 MB stacks, 0 MB globals, 4 P
gc 5096 @92.324s 5%: 0.45+1.5+0.060 ms clock, 1.8+1.3/1.3/0.044+0.24 ms cpu, 112->122->122 MB, 102 MB goal, 0 MB stacks, 0 MB globals, 4 P
gc 5097 @92.327s 5%: 0.11+2.6+0.032 ms clock, 0.46+1.5/1.4/0.093+0.12 ms cpu, 122->122->122 MB, 130 MB goal, 0 MB stacks, 0 MB globals, 4 P
gc 5098 @92.330s 5%: 0.18+2.6+0.59 ms clock, 0.73+1.7/1.8/0+2.3 ms cpu, 132->142->122 MB, 122 MB goal, 0 MB stacks, 0 MB globals, 4 P
gc 5099 @92.334s 5%: 0.53+2.3+0.040 ms clock, 2.1+1.7/1.4/0.30+0.16 ms cpu, 122->132->112 MB, 129 MB goal, 0 MB stacks, 0 MB globals, 4 P
gc 5100 @92.340s 5%: 0.12+1.2+0.045 ms clock, 0.51+0/1.1/1.9+0.18 ms cpu, 132->132->112 MB, 129 MB goal, 0 MB stacks, 0 MB globals, 4 P
gc 5101 @92.343s 5%: 0.033+1.0+0.003 ms clock, 0.13+0/0.95/1.7+0.012 ms cpu, 112->112->102 MB, 118 MB goal, 0 MB stacks, 0 MB globals, 4 P
gc 5102 @92.356s 5%: 0.042+1.0+0.004 ms clock, 0.16+0.89/0.92/1.6+0.018 ms cpu, 102->102->102 MB, 105 MB goal, 0 MB stacks, 0 MB globals, 4 P
gc 5103 @92.357s 5%: 0.63+2.5+0.027 ms clock, 2.5+0.059/1.8/2.1+0.11 ms cpu, 112->112->112 MB, 118 MB goal, 0 MB stacks, 0 MB globals, 4 P
gc 5104 @92.371s 5%: 0.68+1.0+0.005 ms clock, 2.7+0.84/0.98/1.2+0.020 ms cpu, 122->122->102 MB, 114 MB goal, 0 MB stacks, 0 MB globals, 4 P
gc 5105 @92.378s 5%: 0.068+1.2+0.004 ms clock, 0.27+0/1.1/2.0+0.018 ms cpu, 122->122->102 MB, 114 MB goal, 0 MB stacks, 0 MB globals, 4 P
gc 5106 @92.388s 5%: 0.045+1.3+0.005 ms clock, 0.18+1.0/1.1/2.2+0.021 ms cpu, 102->102->102 MB, 105 MB goal, 0 MB stacks, 0 MB globals, 4 P
gc 5107 @92.390s 5%: 0.15+1.9+0.034 ms clock, 0.61+0.11/1.2/2.0+0.13 ms cpu, 112->112->112 MB, 118 MB goal, 0 MB stacks, 0 MB globals, 4 P
gc 5108 @92.393s 5%: 0.13+2.7+0.031 ms clock, 0.53+2.6/2.0/0.040+0.12 ms cpu, 122->122->112 MB, 114 MB goal, 0 MB stacks, 0 MB globals, 4 P
gc 5109 @92.398s 5%: 0.72+3.9+0.046 ms clock, 2.9+1.9/1.8/0+0.18 ms cpu, 132->132->132 MB, 112 MB goal, 0 MB stacks, 0 MB globals, 4 P
gc 5110 @92.404s 5%: 0.57+2.2+0.039 ms clock, 2.3+1.7/1.3/1.2+0.15 ms cpu, 132->142->122 MB, 143 MB goal, 0 MB stacks, 0 MB globals, 4 P
gc 5111 @92.424s 5%: 0.076+1.6+0.71 ms clock, 0.30+1.3/1.2/2.2+2.8 ms cpu, 142->152->112 MB, 134 MB goal, 0 MB stacks, 0 MB globals, 4 P
gc 5112 @92.435s 5%: 0.16+1.3+0.067 ms clock, 0.66+0.30/1.1/1.9+0.27 ms cpu, 142->142->112 MB, 143 MB goal, 0 MB stacks, 0 MB globals, 4 P
gc 5113 @92.440s 5%: 0.041+1.0+0.004 ms clock, 0.16+0.93/0.96/1.7+0.018 ms cpu, 112->112->102 MB, 118 MB goal, 0 MB stacks, 0 MB globals, 4 P
gc 5114 @92.455s 5%: 0.61+1.6+0.026 ms clock, 2.4+1.2/1.2/1.2+0.10 ms cpu, 132->132->112 MB, 104 MB goal, 0 MB stacks, 0 MB globals, 4 P
gc 5115 @92.458s 5%: 0.057+5.5+0.004 ms clock, 0.23+1.5/1.7/0.45+0.017 ms cpu, 112->122->112 MB, 114 MB goal, 0 MB stacks, 0 MB globals, 4 P
gc 5116 @92.465s 5%: 0.51+1.9+0.84 ms clock, 2.0+2.2/1.1/0+3.3 ms cpu, 132->132->122 MB, 112 MB goal, 0 MB stacks, 0 MB globals, 4 P
gc 5117 @92.468s 5%: 0.73+1.5+0.003 ms clock, 2.9+2.2/1.3/0+0.015 ms cpu, 122->122->112 MB, 122 MB goal, 0 MB stacks, 0 MB globals, 4 P
gc 5118 @92.471s 5%: 0.13+2.4+0.049 ms clock, 0.52+1.6/1.7/0+0.19 ms cpu, 132->142->132 MB, 112 MB goal, 0 MB stacks, 0 MB globals, 4 P
gc 5119 @92.474s 5%: 0.57+0.95+0.039 ms clock, 2.3+2.0/0.85/0+0.15 ms cpu, 132->132->122 MB, 132 MB goal, 0 MB stacks, 0 MB globals, 4 P
gc 5120 @92.476s 5%: 0.69+4.4+0.64 ms clock, 2.7+2.0/2.2/0+2.5 ms cpu, 132->152->142 MB, 134 MB goal, 0 MB stacks, 0 MB globals, 4 P
gc 5121 @92.483s 5%: 0.11+1.7+0.052 ms clock, 0.45+2.1/1.4/0.066+0.20 ms cpu, 152->152->122 MB, 142 MB goal, 0 MB stacks, 0 MB globals, 4 P
gc 5122 @92.485s 5%: 0.15+2.8+0.36 ms clock, 0.62+2.0/1.8/0+1.4 ms cpu, 152->162->152 MB, 125 MB goal, 0 MB stacks, 0 MB globals, 4 P
gc 5123 @92.489s 5%: 0.66+3.2+0.032 ms clock, 2.6+2.3/2.3/0+0.13 ms cpu, 152->152->112 MB, 152 MB goal, 0 MB stacks, 0 MB globals, 4 P
gc 5124 @92.493s 5%: 0.22+6.3+0.009 ms clock, 0.88+0.005/2.3/0+0.037 ms cpu, 132->152->142 MB, 135 MB goal, 0 MB stacks, 0 MB globals, 4 P
gc 5125 @92.500s 5%: 0.027+1.2+0.003 ms clock, 0.10+0.58/1.0/1.4+0.014 ms cpu, 142->142->102 MB, 155 MB goal, 0 MB stacks, 0 MB globals, 4 P
gc 5126 @92.519s 5%: 0.29+1.7+0.037 ms clock, 1.1+1.3/1.1/0.66+0.15 ms cpu, 152->152->112 MB, 155 MB goal, 0 MB stacks, 0 MB globals, 4 P
gc 5127 @92.522s 5%: 0.081+2.3+0.029 ms clock, 0.32+1.6/1.6/0.72+0.11 ms cpu, 122->132->122 MB, 129 MB goal, 0 MB stacks, 0 MB globals, 4 P
gc 5128 @92.525s 5%: 0.093+4.6+0.28 ms clock, 0.37+1.0/2.0/0+1.1 ms cpu, 132->152->142 MB, 134 MB goal, 0 MB stacks, 0 MB globals, 4 P
gc 5129 @92.531s 5%: 0.53+3.2+0.004 ms clock, 2.1+1.4/3.2/2.7+0.017 ms cpu, 142->142->112 MB, 143 MB goal, 0 MB stacks, 0 MB globals, 4 P
gc 5130 @92.535s 5%: 0.089+1.7+0.025 ms clock, 0.35+1.9/1.0/0+0.10 ms cpu, 122->122->112 MB, 130 MB goal, 0 MB stacks, 0 MB globals, 4 P
gc 5131 @92.540s 5%: 0.084+3.2+0.12 ms clock, 0.33+1.6/2.1/0.29+0.48 ms cpu, 132->142->132 MB, 143 MB goal, 0 MB stacks, 0 MB globals, 4 P
gc 5132 @92.546s 5%: 0.58+2.1+0.033 ms clock, 2.3+2.0/1.5/0.017+0.13 ms cpu, 142->152->122 MB, 134 MB goal, 0 MB stacks, 0 MB globals, 4 P
gc 5133 @92.553s 5%: 0.074+1.9+0.004 ms clock, 0.29+3.1/1.7/0+0.019 ms cpu, 152->152->142 MB, 134 MB goal, 0 MB stacks, 0 MB globals, 4 P
gc 5134 @92.556s 5%: 0.12+1.3+0.005 ms clock, 0.48+2.3/1.0/0+0.021 ms cpu, 142->142->102 MB, 143 MB goal, 0 MB stacks, 0 MB globals, 4 P
gc 5135 @92.559s 5%: 0.81+3.1+0.051 ms clock, 3.2+1.4/2.8/0+0.20 ms cpu, 132->142->132 MB, 143 MB goal, 0 MB stacks, 0 MB globals, 4 P
gc 5136 @92.568s 5%: 0.10+1.2+0.004 ms clock, 0.40+2.4/0.94/0+0.019 ms cpu, 152->152->112 MB, 135 MB goal, 0 MB stacks, 0 MB globals, 4 P
gc 5137 @92.570s 5%: 0.13+2.4+0.004 ms clock, 0.52+0.81/2.2/0.008+0.017 ms cpu, 142->142->132 MB, 143 MB goal, 0 MB stacks, 0 MB globals, 4 P
gc 5138 @92.573s 5%: 0.053+1.0+0.062 ms clock, 0.21+0.14/0.84/1.4+0.24 ms cpu, 142->142->112 MB, 155 MB goal, 0 MB stacks, 0 MB globals, 4 P
gc 5139 @92.607s 5%: 0.18+1.9+0.028 ms clock, 0.72+3.0/1.8/0+0.11 ms cpu, 172->172->122 MB, 139 MB goal, 0 MB stacks, 0 MB globals, 4 P
gc 5140 @92.610s 5%: 0.096+1.9+1.0 ms clock, 0.38+1.9/1.1/0+4.0 ms cpu, 152->172->152 MB, 164 MB goal, 0 MB stacks, 0 MB globals, 4 P
gc 5141 @92.618s 5%: 0.75+2.5+0.064 ms clock, 3.0+0/1.7/1.4+0.25 ms cpu, 172->172->122 MB, 165 MB goal, 0 MB stacks, 0 MB globals, 4 P
gc 5142 @93.139s 5%: 0.080+1.2+0.004 ms clock, 0.32+1.0/1.1/2.0+0.016 ms cpu, 122->122->102 MB, 130 MB goal, 0 MB stacks, 0 MB globals, 4 P
gc 5143 @93.144s 5%: 0.063+1.3+0.003 ms clock, 0.25+0.35/1.2/3.1+0.015 ms cpu, 112->112->102 MB, 118 MB goal, 0 MB stacks, 0 MB globals, 4 P
gc 5144 @93.213s 5%: 0.056+1.0+0.005 ms clock, 0.22+0.78/0.76/1.3+0.021 ms cpu, 102->102->102 MB, 105 MB goal, 0 MB stacks, 0 MB globals, 4 P
gc 5145 @93.214s 5%: 0.28+2.0+0.11 ms clock, 1.1+0.077/1.7/1.7+0.44 ms cpu, 112->112->112 MB, 118 MB goal, 0 MB stacks, 0 MB globals, 4 P
gc 5146 @93.243s 5%: 0.50+3.1+0.059 ms clock, 2.0+2.8/2.7/0+0.23 ms cpu, 132->132->122 MB, 112 MB goal, 0 MB stacks, 0 MB globals, 4 P
gc 5147 @93.248s 5%: 0.13+1.6+0.006 ms clock, 0.55+2.5/1.4/0+0.027 ms cpu, 122->122->102 MB, 122 MB goal, 0 MB stacks, 0 MB globals, 4 P
gc 5148 @93.250s 5%: 0.60+1.7+0.050 ms clock, 2.4+1.7/1.5/0+0.20 ms cpu, 132->132->132 MB, 104 MB goal, 0 MB stacks, 0 MB globals, 4 P
gc 5149 @93.253s 5%: 0.45+6.7+0.59 ms clock, 1.8+1.8/2.2/0+2.3 ms cpu, 132->152->142 MB, 134 MB goal, 0 MB stacks, 0 MB globals, 4 P
gc 5150 @93.261s 5%: 0.10+1.0+0.004 ms clock, 0.43+0.43/0.90/1.3+0.017 ms cpu, 142->142->102 MB, 143 MB goal, 0 MB stacks, 0 MB globals, 4 P
gc 5151 @93.311s 5%: 0.078+1.3+0.11 ms clock, 0.31+0/1.1/1.8+0.47 ms cpu, 132->132->102 MB, 143 MB goal, 0 MB stacks, 0 MB globals, 4 P
gc 5152 @93.315s 5%: 0.080+1.6+0.004 ms clock, 0.32+1.6/1.5/1.6+0.016 ms cpu, 112->112->102 MB, 118 MB goal, 0 MB stacks, 0 MB globals, 4 P
gc 5153 @93.319s 5%: 0.26+3.0+0.003 ms clock, 1.0+0/1.7/4.0+0.015 ms cpu, 122->122->112 MB, 114 MB goal, 0 MB stacks, 0 MB globals, 4 P
gc 5154 @93.331s 5%: 0.099+1.9+1.1 ms clock, 0.39+1.3/1.4/1.2+4.4 ms cpu, 122->122->112 MB, 114 MB goal, 0 MB stacks, 0 MB globals, 4 P
gc 5155 @93.335s 5%: 0.12+6.0+0.025 ms clock, 0.51+0.13/1.6/2.3+0.10 ms cpu, 122->132->122 MB, 129 MB goal, 0 MB stacks, 0 MB globals, 4 P
gc 5156 @93.341s 5%: 0.67+2.3+0.029 ms clock, 2.7+1.5/1.5/0.071+0.11 ms cpu, 142->142->122 MB, 122 MB goal, 0 MB stacks, 0 MB globals, 4 P
gc 5157 @93.345s 5%: 0.037+1.8+0.051 ms clock, 0.14+2.2/1.0/0+0.20 ms cpu, 122->142->132 MB, 122 MB goal, 0 MB stacks, 0 MB globals, 4 P
gc 5158 @93.348s 5%: 0.085+2.9+0.003 ms clock, 0.34+0.99/2.8/2.0+0.013 ms cpu, 132->132->122 MB, 132 MB goal, 0 MB stacks, 0 MB globals, 4 P
gc 5159 @93.367s 5%: 0.10+0.99+0.003 ms clock, 0.41+0/0.95/2.3+0.015 ms cpu, 132->132->102 MB, 129 MB goal, 0 MB stacks, 0 MB globals, 4 P
gc 5160 @93.374s 5%: 0.051+0.99+0.003 ms clock, 0.20+0.89/0.92/1.7+0.015 ms cpu, 102->102->102 MB, 105 MB goal, 0 MB stacks, 0 MB globals, 4 P
gc 5161 @93.375s 5%: 0.14+4.4+0.007 ms clock, 0.58+0.77/1.4/1.1+0.029 ms cpu, 112->112->112 MB, 118 MB goal, 0 MB stacks, 0 MB globals, 4 P
gc 5162 @93.383s 5%: 0.52+0.82+0.004 ms clock, 2.0+1.3/0.77/0.71+0.018 ms cpu, 132->132->102 MB, 112 MB goal, 0 MB stacks, 0 MB globals, 4 P
gc 5163 @93.396s 5%: 0.12+1.2+0.004 ms clock, 0.48+1.0/1.2/2.2+0.018 ms cpu, 102->102->102 MB, 105 MB goal, 0 MB stacks, 0 MB globals, 4 P
gc 5164 @93.399s 5%: 0.96+2.1+0.64 ms clock, 3.8+0.10/1.2/2.3+2.5 ms cpu, 112->122->122 MB, 114 MB goal, 0 MB stacks, 0 MB globals, 4 P
gc 5165 @93.413s 5%: 0.11+1.2+0.006 ms clock, 0.46+2.1/1.0/0+0.026 ms cpu, 122->122->102 MB, 122 MB goal, 0 MB stacks, 0 MB globals, 4 P
gc 5166 @93.415s 5%: 0.16+2.3+0.22 ms clock, 0.67+1.3/1.7/0+0.91 ms cpu, 112->132->132 MB, 104 MB goal, 0 MB stacks, 0 MB globals, 4 P
gc 5167 @93.418s 5%: 0.64+3.3+0.030 ms clock, 2.5+0.21/2.6/2.3+0.12 ms cpu, 132->142->122 MB, 132 MB goal, 0 MB stacks, 0 MB globals, 4 P
gc 5168 @93.424s 5%: 0.047+1.2+0.003 ms clock, 0.19+0.22/1.2/2.6+0.013 ms cpu, 122->122->102 MB, 122 MB goal, 0 MB stacks, 0 MB globals, 4 P
gc 5169 @93.427s 5%: 0.046+1.9+0.027 ms clock, 0.18+1.0/1.0/2.1+0.10 ms cpu, 102->112->112 MB, 102 MB goal, 0 MB stacks, 0 MB globals, 4 P
gc 5170 @93.429s 5%: 0.37+2.6+0.75 ms clock, 1.5+0.20/1.3/1.9+3.0 ms cpu, 112->122->122 MB, 114 MB goal, 0 MB stacks, 0 MB globals, 4 P
gc 5171 @93.433s 5%: 0.59+3.2+0.028 ms clock, 2.3+0.27/1.7/3.9+0.11 ms cpu, 122->132->122 MB, 122 MB goal, 0 MB stacks, 0 MB globals, 4 P
gc 5172 @93.438s 5%: 0.88+3.1+0.006 ms clock, 3.5+2.0/2.4/0+0.026 ms cpu, 122->132->122 MB, 143 MB goal, 0 MB stacks, 0 MB globals, 4 P
gc 5173 @93.450s 5%: 0.061+1.5+0.004 ms clock, 0.24+0/1.3/3.3+0.018 ms cpu, 142->142->102 MB, 143 MB goal, 0 MB stacks, 0 MB globals, 4 P
gc 5174 @93.457s 5%: 0.067+1.2+0.006 ms clock, 0.26+1.0/1.0/1.9+0.025 ms cpu, 102->102->102 MB, 105 MB goal, 0 MB stacks, 0 MB globals, 4 P
gc 5175 @93.458s 5%: 0.15+1.8+0.035 ms clock, 0.61+1.9/1.4/0+0.14 ms cpu, 112->112->112 MB, 102 MB goal, 0 MB stacks, 0 MB globals, 4 P
gc 5176 @93.461s 5%: 0.80+5.5+0.017 ms clock, 3.2+0.23/2.3/3.7+0.069 ms cpu, 112->132->132 MB, 129 MB goal, 0 MB stacks, 0 MB globals, 4 P
gc 5177 @93.468s 5%: 0.067+1.1+0.003 ms clock, 0.27+0.28/1.0/2.7+0.015 ms cpu, 132->132->102 MB, 132 MB goal, 0 MB stacks, 0 MB globals, 4 P
gc 5178 @93.470s 5%: 0.037+1.3+0.005 ms clock, 0.15+1.4/1.3/0.85+0.020 ms cpu, 102->102->102 MB, 105 MB goal, 0 MB stacks, 0 MB globals, 4 P
gc 5179 @93.472s 5%: 0.73+3.2+0.053 ms clock, 2.9+1.4/1.9/0+0.21 ms cpu, 122->122->122 MB, 102 MB goal, 0 MB stacks, 0 MB globals, 4 P
gc 5180 @93.476s 5%: 0.045+0.94+0.002 ms clock, 0.18+1.2/0.88/0.45+0.010 ms cpu, 122->122->102 MB, 130 MB goal, 0 MB stacks, 0 MB globals, 4 P
gc 5181 @93.479s 5%: 0.066+1.2+0.005 ms clock, 0.26+0.12/1.0/1.8+0.020 ms cpu, 122->122->112 MB, 130 MB goal, 0 MB stacks, 0 MB globals, 4 P
gc 5182 @93.484s 5%: 0.099+3.7+0.029 ms clock, 0.39+2.3/3.0/0+0.11 ms cpu, 132->132->112 MB, 129 MB goal, 0 MB stacks, 0 MB globals, 4 P
gc 5183 @93.489s 5%: 0.11+1.9+0.063 ms clock, 0.45+1.5/1.5/0.052+0.25 ms cpu, 132->132->122 MB, 143 MB goal, 0 MB stacks, 0 MB globals, 4 P
gc 5184 @93.491s 5%: 0.71+3.9+0.005 ms clock, 2.8+3.4/3.5/0+0.023 ms cpu, 142->142->112 MB, 143 MB goal, 0 MB stacks, 0 MB globals, 4 P
gc 5185 @93.496s 5%: 0.14+6.5+0.027 ms clock, 0.56+0.047/2.7/0+0.11 ms cpu, 142->162->152 MB, 149 MB goal, 0 MB stacks, 0 MB globals, 4 P
gc 5186 @93.503s 5%: 0.83+2.1+0.056 ms clock, 3.3+1.2/2.0/0.71+0.22 ms cpu, 152->162->112 MB, 152 MB goal, 0 MB stacks, 0 MB globals, 4 P
gc 5187 @93.508s 5%: 0.11+1.4+0.054 ms clock, 0.46+1.0/1.3/1.0+0.21 ms cpu, 132->142->112 MB, 143 MB goal, 0 MB stacks, 0 MB globals, 4 P
gc 5188 @93.513s 5%: 0.096+1.3+0.005 ms clock, 0.38+0.46/1.1/2.6+0.022 ms cpu, 122->122->102 MB, 130 MB goal, 0 MB stacks, 0 MB globals, 4 P
gc 5189 @93.520s 5%: 0.068+0.98+0.003 ms clock, 0.27+0.85/0.86/1.5+0.013 ms cpu, 102->102->102 MB, 105 MB goal, 0 MB stacks, 0 MB globals, 4 P
gc 5190 @93.521s 5%: 0.10+3.2+0.59 ms clock, 0.40+0.084/1.3/2.2+2.3 ms cpu, 112->122->122 MB, 114 MB goal, 0 MB stacks, 0 MB globals, 4 P
gc 5191 @93.526s 5%: 0.34+2.5+0.50 ms clock, 1.3+0.17/1.7/1.3+2.0 ms cpu, 122->132->122 MB, 122 MB goal, 0 MB stacks, 0 MB globals, 4 P
gc 5192 @93.530s 5%: 0.68+2.2+0.59 ms clock, 2.7+1.2/1.1/0.42+2.3 ms cpu, 122->142->122 MB, 122 MB goal, 0 MB stacks, 0 MB globals, 4 P
gc 5193 @93.534s 5%: 0.38+2.4+0.048 ms clock, 1.5+1.4/1.7/0+0.19 ms cpu, 122->132->132 MB, 129 MB goal, 0 MB stacks, 0 MB globals, 4 P
gc 5194 @93.538s 5%: 0.73+2.9+0.027 ms clock, 2.9+0.53/2.3/1.1+0.11 ms cpu, 142->142->122 MB, 132 MB goal, 0 MB stacks, 0 MB globals, 4 P
gc 5195 @93.543s 5%: 0.16+2.0+0.025 ms clock, 0.67+1.3/1.2/0.85+0.10 ms cpu, 132->142->122 MB, 122 MB goal, 0 MB stacks, 0 MB globals, 4 P
gc 5196 @93.547s 5%: 0.089+1.7+0.030 ms clock, 0.35+0.14/1.4/1.7+0.12 ms cpu, 122->122->112 MB, 130 MB goal, 0 MB stacks, 0 MB globals, 4 P
gc 5197 @93.550s 5%: 0.16+2.3+0.039 ms clock, 0.65+2.0/1.9/0.094+0.15 ms cpu, 132->132->122 MB, 129 MB goal, 0 MB stacks, 0 MB globals, 4 P
gc 5198 @93.553s 5%: 0.62+3.2+0.14 ms clock, 2.4+0.065/1.2/1.7+0.59 ms cpu, 132->152->132 MB, 134 MB goal, 0 MB stacks, 0 MB globals, 4 P
gc 5199 @93.558s 5%: 0.36+4.0+0.007 ms clock, 1.4+1.9/3.9/0.12+0.030 ms cpu, 142->142->122 MB, 143 MB goal, 0 MB stacks, 0 MB globals, 4 P
gc 5200 @93.563s 5%: 0.44+3.3+0.077 ms clock, 1.7+2.0/3.1/0+0.31 ms cpu, 142->142->112 MB, 143 MB goal, 0 MB stacks, 0 MB globals, 4 P
gc 5201 @93.570s 5%: 0.10+1.4+0.56 ms clock, 0.43+2.0/1.3/0.008+2.2 ms cpu, 132->132->112 MB, 129 MB goal, 0 MB stacks, 0 MB globals, 4 P
gc 5202 @93.573s 5%: 0.20+0.83+0.065 ms clock, 0.83+1.9/0.69/0+0.26 ms cpu, 142->142->132 MB, 120 MB goal, 0 MB stacks, 0 MB globals, 4 P
gc 5203 @93.574s 5%: 0.40+4.0+0.033 ms clock, 1.6+1.1/1.1/0+0.13 ms cpu, 132->142->132 MB, 132 MB goal, 0 MB stacks, 0 MB globals, 4 P
gc 5204 @93.581s 5%: 0.11+2.0+0.023 ms clock, 0.46+1.6/1.6/0+0.095 ms cpu, 152->152->132 MB, 132 MB goal, 0 MB stacks, 0 MB globals, 4 P
gc 5205 @93.583s 5%: 0.087+1.7+0.036 ms clock, 0.34+1.1/1.0/0.72+0.14 ms cpu, 132->142->112 MB, 132 MB goal, 0 MB stacks, 0 MB globals, 4 P
gc 5206 @93.597s 5%: 0.052+1.0+0.75 ms clock, 0.20+0.23/0.91/1.5+3.0 ms cpu, 132->142->112 MB, 119 MB goal, 0 MB stacks, 0 MB globals, 4 P
gc 5207 @93.602s 5%: 0.060+0.99+0.087 ms clock, 0.24+0.19/0.88/2.2+0.35 ms cpu, 112->112->102 MB, 118 MB goal, 0 MB stacks, 0 MB globals, 4 P
gc 5208 @93.611s 5%: 0.040+0.96+0.003 ms clock, 0.16+1.5/0.85/0.65+0.014 ms cpu, 102->102->102 MB, 105 MB goal, 0 MB stacks, 0 MB globals, 4 P
gc 5209 @93.612s 5%: 0.14+2.1+0.035 ms clock, 0.57+1.2/1.4/0+0.14 ms cpu, 102->122->122 MB, 102 MB goal, 0 MB stacks, 0 MB globals, 4 P
gc 5210 @93.615s 5%: 0.41+5.7+0.003 ms clock, 1.6+1.7/1.6/0.17+0.013 ms cpu, 122->132->132 MB, 129 MB goal, 0 MB stacks, 0 MB globals, 4 P
gc 5211 @93.621s 5%: 0.18+1.1+0.57 ms clock, 0.74+1.8/0.98/0+2.2 ms cpu, 132->142->112 MB, 132 MB goal, 0 MB stacks, 0 MB globals, 4 P
gc 5212 @93.624s 5%: 0.15+1.3+0.078 ms clock, 0.62+1.1/1.2/0+0.31 ms cpu, 132->152->152 MB, 112 MB goal, 0 MB stacks, 0 MB globals, 4 P
gc 5213 @93.626s 5%: 0.50+6.7+0.35 ms clock, 2.0+0.97/5.1/0+1.4 ms cpu, 152->172->152 MB, 164 MB goal, 0 MB stacks, 0 MB globals, 4 P
gc 5214 @94.223s 5%: 0.080+1.5+0.004 ms clock, 0.32+0/1.5/3.7+0.018 ms cpu, 172->172->102 MB, 164 MB goal, 0 MB stacks, 0 MB globals, 4 P
gc 5215 @94.248s 5%: 0.071+1.9+0.004 ms clock, 0.28+1.6/1.7/2.7+0.016 ms cpu, 102->102->102 MB, 105 MB goal, 0 MB stacks, 0 MB globals, 4 P
gc 5216 @94.251s 5%: 0.52+2.3+0.67 ms clock, 2.0+1.6/1.6/0+2.7 ms cpu, 122->122->122 MB, 102 MB goal, 0 MB stacks, 0 MB globals, 4 P
gc 5217 @94.255s 5%: 0.55+1.5+0.002 ms clock, 2.2+1.7/1.1/0.25+0.011 ms cpu, 122->122->102 MB, 130 MB goal, 0 MB stacks, 0 MB globals, 4 P
gc 5218 @94.259s 5%: 0.14+1.5+0.004 ms clock, 0.58+0.12/1.4/2.8+0.017 ms cpu, 122->122->112 MB, 130 MB goal, 0 MB stacks, 0 MB globals, 4 P
gc 5219 @94.262s 5%: 0.35+1.9+0.033 ms clock, 1.4+1.9/1.3/0.024+0.13 ms cpu, 132->132->112 MB, 112 MB goal, 0 MB stacks, 0 MB globals, 4 P
gc 5220 @94.265s 5%: 0.50+1.2+0.002 ms clock, 2.0+1.2/1.1/0.84+0.010 ms cpu, 112->112->102 MB, 118 MB goal, 0 MB stacks, 0 MB globals, 4 P
gc 5221 @94.286s 5%: 0.079+1.0+0.003 ms clock, 0.31+0/0.93/1.9+0.013 ms cpu, 122->122->102 MB, 114 MB goal, 0 MB stacks, 0 MB globals, 4 P
gc 5222 @94.297s 5%: 0.050+0.99+0.004 ms clock, 0.20+0.78/0.83/1.5+0.016 ms cpu, 102->102->102 MB, 105 MB goal, 0 MB stacks, 0 MB globals, 4 P
gc 5223 @94.298s 5%: 0.094+2.5+0.043 ms clock, 0.37+0.10/1.2/2.1+0.17 ms cpu, 112->112->112 MB, 118 MB goal, 0 MB stacks, 0 MB globals, 4 P
gc 5224 @94.317s 5%: 0.097+1.2+0.005 ms clock, 0.38+1.2/1.1/1.6+0.020 ms cpu, 122->122->102 MB, 114 MB goal, 0 MB stacks, 0 MB globals, 4 P
gc 5225 @94.323s 5%: 0.076+1.3+0.003 ms clock, 0.30+1.4/1.2/2.1+0.012 ms cpu, 122->122->102 MB, 114 MB goal, 0 MB stacks, 0 MB globals, 4 P
gc 5226 @94.339s 5%: 0.12+1.2+0.003 ms clock, 0.49+0.91/0.94/1.1+0.014 ms cpu, 122->122->102 MB, 114 MB goal, 0 MB stacks, 0 MB globals, 4 P
gc 5227 @94.345s 5%: 0.17+1.2+0.005 ms clock, 0.70+1.0/1.2/0.63+0.023 ms cpu, 122->122->102 MB, 114 MB goal, 0 MB stacks, 0 MB globals, 4 P
gc 5228 @94.347s 5%: 0.15+3.3+0.003 ms clock, 0.61+0.11/3.2/3.3+0.014 ms cpu, 122->122->112 MB, 130 MB goal, 0 MB stacks, 0 MB globals, 4 P
gc 5229 @94.354s 5%: 0.39+1.7+0.028 ms clock, 1.5+0.24/1.3/2.1+0.11 ms cpu, 132->132->112 MB, 129 MB goal, 0 MB stacks, 0 MB globals, 4 P
gc 5230 @94.383s 5%: 0.074+0.96+0.003 ms clock, 0.29+0.13/0.85/2.3+0.013 ms cpu, 132->132->102 MB, 129 MB goal, 0 MB stacks, 0 MB globals, 4 P
gc 5231 @94.386s 5%: 0.037+1.0+0.004 ms clock, 0.14+1.8/0.95/0.83+0.016 ms cpu, 102->102->102 MB, 105 MB goal, 0 MB stacks, 0 MB globals, 4 P
gc 5232 @94.387s 5%: 0.15+2.9+0.55 ms clock, 0.61+1.5/2.3/0+2.2 ms cpu, 112->122->122 MB, 102 MB goal, 0 MB stacks, 0 MB globals, 4 P
gc 5233 @94.391s 5%: 0.49+1.1+0.003 ms clock, 1.9+0.13/1.0/1.2+0.013 ms cpu, 122->122->102 MB, 130 MB goal, 0 MB stacks, 0 MB globals, 4 P
gc 5234 @94.416s 5%: 0.13+1.5+0.005 ms clock, 0.55+0/1.3/2.6+0.021 ms cpu, 122->122->102 MB, 130 MB goal, 0 MB stacks, 0 MB globals, 4 P
gc 5235 @94.420s 5%: 0.039+0.95+0.003 ms clock, 0.15+0.83/0.92/1.5+0.014 ms cpu, 102->102->102 MB, 105 MB goal, 0 MB stacks, 0 MB globals, 4 P
gc 5236 @94.422s 5%: 0.12+2.0+0.035 ms clock, 0.51+1.8/0.92/0+0.14 ms cpu, 112->112->112 MB, 118 MB goal, 0 MB stacks, 0 MB globals, 4 P
gc 5237 @94.425s 5%: 0.17+3.0+0.36 ms clock, 0.69+2.4/2.0/0+1.4 ms cpu, 132->132->122 MB, 112 MB goal, 0 MB stacks, 0 MB globals, 4 P
gc 5238 @94.430s 5%: 0.30+2.7+0.037 ms clock, 1.2+2.2/1.4/0.84+0.15 ms cpu, 122->132->112 MB, 129 MB goal, 0 MB stacks, 0 MB globals, 4 P
gc 5239 @94.440s 5%: 0.069+1.1+0.003 ms clock, 0.27+0/0.96/2.6+0.015 ms cpu, 132->132->102 MB, 129 MB goal, 0 MB stacks, 0 MB globals, 4 P
gc 5240 @94.443s 5%: 0.042+1.0+0.003 ms clock, 0.16+1.5/0.96/0.86+0.014 ms cpu, 102->102->102 MB, 105 MB goal, 0 MB stacks, 0 MB globals, 4 P
gc 5241 @94.444s 5%: 0.13+3.1+0.10 ms clock, 0.55+2.2/2.2/0+0.42 ms cpu, 122->122->122 MB, 102 MB goal, 0 MB stacks, 0 MB globals, 4 P
gc 5242 @94.448s 5%: 0.74+5.1+0.006 ms clock, 2.9+1.2/1.3/1.1+0.025 ms cpu, 122->132->112 MB, 129 MB goal, 0 MB stacks, 0 MB globals, 4 P
gc 5243 @94.467s 5%: 0.081+0.90+0.005 ms clock, 0.32+0.99/0.79/1.2+0.020 ms cpu, 132->132->102 MB, 129 MB goal, 0 MB stacks, 0 MB globals, 4 P
gc 5244 @94.469s 5%: 0.074+4.7+0.003 ms clock, 0.29+1.0/0.99/0.83+0.014 ms cpu, 112->122->112 MB, 114 MB goal, 0 MB stacks, 0 MB globals, 4 P
gc 5245 @94.478s 5%: 0.15+2.0+0.033 ms clock, 0.61+1.2/1.2/1.1+0.13 ms cpu, 122->122->112 MB, 114 MB goal, 0 MB stacks, 0 MB globals, 4 P
gc 5246 @94.481s 5%: 0.17+2.3+0.42 ms clock, 0.70+1.4/1.5/0+1.7 ms cpu, 122->132->122 MB, 112 MB goal, 0 MB stacks, 0 MB globals, 4 P
gc 5247 @94.484s 5%: 0.53+1.8+0.55 ms clock, 2.1+1.7/0.99/0+2.2 ms cpu, 122->132->112 MB, 122 MB goal, 0 MB stacks, 0 MB globals, 4 P
gc 5248 @94.488s 5%: 0.70+2.4+0.003 ms clock, 2.8+0.91/2.3/1.4+0.014 ms cpu, 112->122->122 MB, 114 MB goal, 0 MB stacks, 0 MB globals, 4 P
gc 5249 @94.491s 5%: 0.51+3.5+0.005 ms clock, 2.0+1.0/1.1/3.3+0.023 ms cpu, 132->132->102 MB, 122 MB goal, 0 MB stacks, 0 MB globals, 4 P
gc 5250 @94.498s 5%: 0.41+1.2+0.003 ms clock, 1.6+1.8/1.1/0+0.014 ms cpu, 122->122->102 MB, 130 MB goal, 0 MB stacks, 0 MB globals, 4 P
gc 5251 @94.501s 5%: 0.10+3.4+0.043 ms clock, 0.40+1.4/2.1/0.67+0.17 ms cpu, 132->142->122 MB, 119 MB goal, 0 MB stacks, 0 MB globals, 4 P
gc 5252 @94.505s 5%: 0.79+3.3+0.32 ms clock, 3.1+1.4/2.2/0+1.2 ms cpu, 122->142->132 MB, 122 MB goal, 0 MB stacks, 0 MB globals, 4 P
gc 5253 @94.510s 5%: 0.62+1.3+0.007 ms clock, 2.4+1.8/1.1/0+0.028 ms cpu, 132->132->102 MB, 132 MB goal, 0 MB stacks, 0 MB globals, 4 P
gc 5254 @94.514s 5%: 0.63+1.8+0.26 ms clock, 2.5+2.2/1.1/0+1.0 ms cpu, 142->142->132 MB, 120 MB goal, 0 MB stacks, 0 MB globals, 4 P
gc 5255 @94.517s 5%: 0.63+2.1+0.016 ms clock, 2.5+1.8/1.5/0.16+0.064 ms cpu, 132->142->112 MB, 143 MB goal, 0 MB stacks, 0 MB globals, 4 P
gc 5256 @94.532s 5%: 0.064+0.89+0.004 ms clock, 0.25+0.54/0.85/1.8+0.016 ms cpu, 142->142->102 MB, 143 MB goal, 0 MB stacks, 0 MB globals, 4 P
gc 5257 @94.535s 5%: 0.060+1.8+0.003 ms clock, 0.24+0.052/1.8/3.6+0.013 ms cpu, 112->112->102 MB, 118 MB goal, 0 MB stacks, 0 MB globals, 4 P
gc 5258 @94.540s 5%: 0.50+0.99+0.004 ms clock, 2.0+0.80/0.95/1.3+0.016 ms cpu, 112->112->102 MB, 102 MB goal, 0 MB stacks, 0 MB globals, 4 P
gc 5259 @94.542s 5%: 0.19+1.5+0.053 ms clock, 0.79+0.82/1.2/0.89+0.21 ms cpu, 102->112->112 MB, 102 MB goal, 0 MB stacks, 0 MB globals, 4 P
gc 5260 @94.544s 5%: 0.60+3.0+0.046 ms clock, 2.4+1.1/1.6/0.22+0.18 ms cpu, 122->122->112 MB, 112 MB goal, 0 MB stacks, 0 MB globals, 4 P
gc 5261 @94.548s 5%: 0.21+1.8+0.050 ms clock, 0.85+1.7/1.3/0.56+0.20 ms cpu, 112->122->112 MB, 130 MB goal, 0 MB stacks, 0 MB globals, 4 P
gc 5262 @94.551s 5%: 0.60+2.5+0.033 ms clock, 2.4+0.92/1.6/0.92+0.13 ms cpu, 132->142->132 MB, 119 MB goal, 0 MB stacks, 0 MB globals, 4 P
gc 5263 @94.555s 5%: 0.60+3.7+0.086 ms clock, 2.4+1.7/1.7/1.1+0.34 ms cpu, 132->142->122 MB, 143 MB goal, 0 MB stacks, 0 MB globals, 4 P
gc 5264 @94.563s 5%: 0.16+1.6+0.029 ms clock, 0.66+1.8/1.2/0.11+0.11 ms cpu, 152->152->112 MB, 134 MB goal, 0 MB stacks, 0 MB globals, 4 P
gc 5265 @94.566s 5%: 0.10+5.2+0.021 ms clock, 0.40+1.3/1.3/5.1+0.087 ms cpu, 122->132->112 MB, 129 MB goal, 0 MB stacks, 0 MB globals, 4 P
gc 5266 @94.572s 5%: 0.56+7.1+0.24 ms clock, 2.2+0.20/2.3/2.1+0.98 ms cpu, 132->152->142 MB, 134 MB goal, 0 MB stacks, 0 MB globals, 4 P
gc 5267 @94.580s 5%: 0.39+1.0+0.003 ms clock, 1.5+1.4/0.96/0.48+0.014 ms cpu, 142->142->102 MB, 143 MB goal, 0 MB stacks, 0 MB globals, 4 P
gc 5268 @94.592s 5%: 0.10+2.4+0.077 ms clock, 0.43+1.4/1.2/0.13+0.30 ms cpu, 142->162->132 MB, 149 MB goal, 0 MB stacks, 0 MB globals, 4 P
gc 5269 @94.598s 5%: 0.13+1.6+0.059 ms clock, 0.53+0.21/1.4/2.2+0.23 ms cpu, 152->152->112 MB, 155 MB goal, 0 MB stacks, 0 MB globals, 4 P
gc 5270 @94.623s 5%: 0.11+1.3+0.004 ms clock, 0.46+0.20/1.2/2.0+0.017 ms cpu, 152->152->112 MB, 155 MB goal, 0 MB stacks, 0 MB globals, 4 P
gc 5271 @94.629s 5%: 0.052+1.4+0.003 ms clock, 0.20+2.1/1.2/1.2+0.012 ms cpu, 112->112->102 MB, 118 MB goal, 0 MB stacks, 0 MB globals, 4 P
gc 5272 @94.631s 5%: 0.18+2.5+0.72 ms clock, 0.74+2.2/2.1/0+2.9 ms cpu, 122->142->142 MB, 102 MB goal, 0 MB stacks, 0 MB globals, 4 P
gc 5273 @94.641s 5%: 0.097+2.0+0.054 ms clock, 0.38+2.0/1.3/0+0.21 ms cpu, 142->162->122 MB, 149 MB goal, 0 MB stacks, 0 MB globals, 4 P
gc 5274 @95.227s 5%: 0.10+1.2+0.003 ms clock, 0.40+0/1.1/2.8+0.014 ms cpu, 152->152->102 MB, 155 MB goal, 0 MB stacks, 0 MB globals, 4 P
gc 5275 @95.257s 5%: 0.13+1.9+0.005 ms clock, 0.55+2.8/1.4/1.1+0.022 ms cpu, 102->102->102 MB, 105 MB goal, 0 MB stacks, 0 MB globals, 4 P
gc 5276 @95.260s 5%: 0.36+2.9+0.51 ms clock, 1.4+1.8/1.8/0+2.0 ms cpu, 112->132->132 MB, 102 MB goal, 0 MB stacks, 0 MB globals, 4 P
gc 5277 @95.264s 5%: 0.58+3.3+0.032 ms clock, 2.3+2.1/2.1/0.004+0.13 ms cpu, 132->142->132 MB, 143 MB goal, 0 MB stacks, 0 MB globals, 4 P
gc 5278 @95.271s 5%: 0.14+1.8+0.034 ms clock, 0.58+1.7/1.4/0.25+0.13 ms cpu, 152->152->112 MB, 134 MB goal, 0 MB stacks, 0 MB globals, 4 P
gc 5279 @95.289s 5%: 0.087+1.1+0.004 ms clock, 0.34+0.10/1.0/1.8+0.016 ms cpu, 132->132->102 MB, 129 MB goal, 0 MB stacks, 0 MB globals, 4 P
gc 5280 @95.304s 5%: 0.082+1.1+0.006 ms clock, 0.32+0.85/0.97/1.6+0.024 ms cpu, 102->102->102 MB, 105 MB goal, 0 MB stacks, 0 MB globals, 4 P
gc 5281 @95.306s 5%: 0.50+2.2+0.042 ms clock, 2.0+0.17/1.3/2.4+0.17 ms cpu, 112->112->112 MB, 102 MB goal, 0 MB stacks, 0 MB globals, 4 P
gc 5282 @95.310s 5%: 0.086+2.3+0.004 ms clock, 0.34+0.18/1.3/2.2+0.018 ms cpu, 112->112->112 MB, 118 MB goal, 0 MB stacks, 0 MB globals, 4 P
gc 5283 @95.321s 5%: 0.12+1.4+0.004 ms clock, 0.50+1.1/1.2/1.1+0.016 ms cpu, 122->122->112 MB, 114 MB goal, 0 MB stacks, 0 MB globals, 4 P
gc 5284 @95.323s 5%: 0.11+1.4+0.097 ms clock, 0.45+0.078/1.0/1.8+0.38 ms cpu, 122->122->112 MB, 114 MB goal, 0 MB stacks, 0 MB globals, 4 P
gc 5285 @95.327s 5%: 0.10+3.1+0.055 ms clock, 0.40+1.1/1.4/0.19+0.22 ms cpu, 122->132->122 MB, 129 MB goal, 0 MB stacks, 0 MB globals, 4 P
gc 5286 @95.342s 5%: 0.067+2.0+0.031 ms clock, 0.26+0.47/1.1/1.8+0.12 ms cpu, 132->142->112 MB, 122 MB goal, 0 MB stacks, 0 MB globals, 4 P
gc 5287 @95.347s 5%: 0.39+2.1+0.52 ms clock, 1.5+1.1/1.3/1.3+2.1 ms cpu, 112->122->122 MB, 114 MB goal, 0 MB stacks, 0 MB globals, 4 P
gc 5288 @95.350s 5%: 0.65+2.8+0.038 ms clock, 2.6+1.7/1.9/0+0.15 ms cpu, 122->132->122 MB, 122 MB goal, 0 MB stacks, 0 MB globals, 4 P
gc 5289 @95.354s 5%: 0.66+4.4+0.72 ms clock, 2.6+0.063/2.2/2.0+2.9 ms cpu, 132->152->142 MB, 134 MB goal, 0 MB stacks, 0 MB globals, 4 P
gc 5290 @95.360s 5%: 0.55+2.4+0.003 ms clock, 2.2+0.30/2.3/2.2+0.014 ms cpu, 142->142->122 MB, 143 MB goal, 0 MB stacks, 0 MB globals, 4 P
gc 5291 @95.386s 5%: 0.091+1.1+0.003 ms clock, 0.36+0/0.99/2.5+0.014 ms cpu, 142->142->102 MB, 143 MB goal, 0 MB stacks, 0 MB globals, 4 P
gc 5292 @95.393s 5%: 0.099+1.7+0.51 ms clock, 0.39+1.3/1.3/0+2.0 ms cpu, 102->112->112 MB, 102 MB goal, 0 MB stacks, 0 MB globals, 4 P
gc 5293 @95.395s 5%: 0.78+3.8+0.039 ms clock, 3.1+0.091/2.4/1.5+0.15 ms cpu, 112->122->122 MB, 130 MB goal, 0 MB stacks, 0 MB globals, 4 P
gc 5294 @95.422s 5%: 0.33+1.2+0.007 ms clock, 1.3+1.7/1.1/0.27+0.028 ms cpu, 142->142->102 MB, 122 MB goal, 0 MB stacks, 0 MB globals, 4 P
gc 5295 @95.432s 5%: 0.072+1.4+0.005 ms clock, 0.28+3.0/1.2/0.11+0.023 ms cpu, 102->102->102 MB, 105 MB goal, 0 MB stacks, 0 MB globals, 4 P
gc 5296 @95.434s 5%: 0.24+2.8+0.26 ms clock, 0.96+1.5/1.5/0+1.0 ms cpu, 102->132->132 MB, 102 MB goal, 0 MB stacks, 0 MB globals, 4 P
gc 5297 @95.438s 5%: 0.55+1.9+0.58 ms clock, 2.2+2.2/1.8/0+2.3 ms cpu, 132->142->122 MB, 132 MB goal, 0 MB stacks, 0 MB globals, 4 P
gc 5298 @95.441s 5%: 0.59+2.8+0.61 ms clock, 2.3+1.3/1.6/0+2.4 ms cpu, 122->142->132 MB, 143 MB goal, 0 MB stacks, 0 MB globals, 4 P
gc 5299 @95.452s 5%: 0.43+2.1+0.004 ms clock, 1.7+1.1/1.2/2.0+0.016 ms cpu, 152->152->112 MB, 134 MB goal, 0 MB stacks, 0 MB globals, 4 P
gc 5300 @95.457s 5%: 0.10+1.3+0.062 ms clock, 0.41+0/1.1/2.1+0.24 ms cpu, 132->132->112 MB, 129 MB goal, 0 MB stacks, 0 MB globals, 4 P
gc 5301 @95.468s 5%: 0.057+1.0+0.005 ms clock, 0.23+0.83/0.96/1.7+0.020 ms cpu, 112->112->102 MB, 118 MB goal, 0 MB stacks, 0 MB globals, 4 P
gc 5302 @95.473s 5%: 0.35+1.8+0.056 ms clock, 1.4+0.11/1.5/2.7+0.22 ms cpu, 122->122->112 MB, 114 MB goal, 0 MB stacks, 0 MB globals, 4 P
gc 5303 @95.476s 5%: 0.18+3.5+0.033 ms clock, 0.73+0.069/1.8/3.7+0.13 ms cpu, 122->122->112 MB, 130 MB goal, 0 MB stacks, 0 MB globals, 4 P
gc 5304 @95.488s 5%: 0.76+2.3+0.004 ms clock, 3.0+2.1/2.2/0+0.017 ms cpu, 142->142->122 MB, 119 MB goal, 0 MB stacks, 0 MB globals, 4 P
gc 5305 @95.492s 5%: 0.16+1.5+0.65 ms clock, 0.65+1.4/1.4/0+2.6 ms cpu, 142->142->122 MB, 122 MB goal, 0 MB stacks, 0 MB globals, 4 P
gc 5306 @95.495s 5%: 0.50+3.8+0.034 ms clock, 2.0+0.61/2.1/1.5+0.13 ms cpu, 122->132->122 MB, 129 MB goal, 0 MB stacks, 0 MB globals, 4 P
gc 5307 @95.502s 5%: 0.11+1.0+0.002 ms clock, 0.46+1.5/0.98/0.017+0.011 ms cpu, 132->132->102 MB, 129 MB goal, 0 MB stacks, 0 MB globals, 4 P
gc 5308 @95.505s 5%: 0.10+1.3+0.004 ms clock, 0.42+1.6/1.0/0.51+0.017 ms cpu, 122->122->102 MB, 130 MB goal, 0 MB stacks, 0 MB globals, 4 P
gc 5309 @95.508s 5%: 0.10+1.2+0.003 ms clock, 0.43+0/1.1/2.3+0.012 ms cpu, 122->122->112 MB, 130 MB goal, 0 MB stacks, 0 MB globals, 4 P
gc 5310 @95.511s 5%: 0.085+0.98+0.003 ms clock, 0.34+1.6/0.84/0.71+0.015 ms cpu, 112->112->102 MB, 118 MB goal, 0 MB stacks, 0 MB globals, 4 P
gc 5311 @95.514s 5%: 0.66+2.4+0.56 ms clock, 2.6+1.6/1.7/0+2.2 ms cpu, 132->132->132 MB, 105 MB goal, 0 MB stacks, 0 MB globals, 4 P
gc 5312 @95.518s 5%: 0.48+2.6+0.026 ms clock, 1.9+1.8/1.8/0.21+0.10 ms cpu, 132->142->112 MB, 143 MB goal, 0 MB stacks, 0 MB globals, 4 P
gc 5313 @95.523s 5%: 0.43+2.5+0.004 ms clock, 1.7+2.2/1.7/0.028+0.018 ms cpu, 142->142->122 MB, 143 MB goal, 0 MB stacks, 0 MB globals, 4 P
gc 5314 @95.528s 5%: 0.052+1.1+0.003 ms clock, 0.21+0.37/0.98/1.9+0.015 ms cpu, 142->142->102 MB, 155 MB goal, 0 MB stacks, 0 MB globals, 4 P
gc 5315 @95.550s 5%: 0.12+2.5+0.031 ms clock, 0.51+0.18/1.3/2.3+0.12 ms cpu, 162->162->112 MB, 149 MB goal, 0 MB stacks, 0 MB globals, 4 P
gc 5316 @95.555s 5%: 0.17+1.4+0.060 ms clock, 0.71+0.17/1.3/1.8+0.24 ms cpu, 132->132->112 MB, 129 MB goal, 0 MB stacks, 0 MB globals, 4 P
gc 5317 @95.562s 5%: 0.54+1.2+0.003 ms clock, 2.1+1.1/1.2/0.71+0.014 ms cpu, 132->132->102 MB, 129 MB goal, 0 MB stacks, 0 MB globals, 4 P
gc 5318 @95.566s 5%: 0.073+1.0+0.004 ms clock, 0.29+0.24/1.0/2.4+0.016 ms cpu, 112->112->102 MB, 118 MB goal, 0 MB stacks, 0 MB globals, 4 P
gc 5319 @95.568s 5%: 0.18+4.7+0.027 ms clock, 0.72+1.7/1.8/0+0.11 ms cpu, 122->132->132 MB, 104 MB goal, 0 MB stacks, 0 MB globals, 4 P
gc 5320 @95.573s 5%: 0.56+2.1+0.034 ms clock, 2.2+1.8/1.6/0.003+0.13 ms cpu, 132->142->122 MB, 143 MB goal, 0 MB stacks, 0 MB globals, 4 P
gc 5321 @95.578s 5%: 0.59+1.6+0.069 ms clock, 2.3+1.4/1.4/0+0.27 ms cpu, 142->142->132 MB, 143 MB goal, 0 MB stacks, 0 MB globals, 4 P
gc 5322 @95.580s 5%: 0.11+1.2+0.078 ms clock, 0.46+0.084/1.0/2.0+0.31 ms cpu, 142->142->112 MB, 143 MB goal, 0 MB stacks, 0 MB globals, 4 P
gc 5323 @95.583s 5%: 0.075+1.0+0.005 ms clock, 0.30+2.2/1.0/0.24+0.021 ms cpu, 112->112->102 MB, 118 MB goal, 0 MB stacks, 0 MB globals, 4 P
gc 5324 @95.585s 5%: 0.057+4.2+0.033 ms clock, 0.22+1.3/3.3/0.006+0.13 ms cpu, 122->132->132 MB, 129 MB goal, 0 MB stacks, 0 MB globals, 4 P
gc 5325 @95.590s 5%: 0.60+0.98+0.002 ms clock, 2.4+0.053/0.83/1.8+0.011 ms cpu, 132->132->102 MB, 132 MB goal, 0 MB stacks, 0 MB globals, 4 P
gc 5326 @95.593s 5%: 0.063+0.96+0.004 ms clock, 0.25+2.1/0.82/0+0.018 ms cpu, 102->102->102 MB, 105 MB goal, 0 MB stacks, 0 MB globals, 4 P
gc 5327 @95.595s 5%: 0.15+2.1+0.51 ms clock, 0.62+1.3/1.3/0+2.0 ms cpu, 112->132->132 MB, 102 MB goal, 0 MB stacks, 0 MB globals, 4 P
gc 5328 @95.598s 5%: 0.76+5.9+0.004 ms clock, 3.0+1.2/1.0/0+0.017 ms cpu, 132->162->152 MB, 132 MB goal, 0 MB stacks, 0 MB globals, 4 P
gc 5329 @95.605s 5%: 0.14+1.3+0.055 ms clock, 0.59+0.99/1.1/0.68+0.22 ms cpu, 152->162->112 MB, 152 MB goal, 0 MB stacks, 0 MB globals, 4 P
gc 5330 @95.625s 5%: 0.58+3.4+0.006 ms clock, 2.3+1.8/1.8/0+0.024 ms cpu, 142->142->122 MB, 143 MB goal, 0 MB stacks, 0 MB globals, 4 P
gc 5331 @95.642s 5%: 0.36+2.3+0.074 ms clock, 1.4+1.5/1.5/0+0.29 ms cpu, 142->162->132 MB, 124 MB goal, 0 MB stacks, 0 MB globals, 4 P
gc 5332 @95.646s 5%: 0.66+7.5+0.038 ms clock, 2.6+4.2/2.2/0+0.15 ms cpu, 132->142->132 MB, 143 MB goal, 0 MB stacks, 0 MB globals, 4 P
gc 5333 @95.654s 5%: 0.14+2.4+0.076 ms clock, 0.56+1.8/1.8/0+0.30 ms cpu, 162->162->132 MB, 132 MB goal, 0 MB stacks, 0 MB globals, 4 P
gc 5334 @95.658s 5%: 0.60+2.9+0.004 ms clock, 2.4+1.7/2.8/1.4+0.016 ms cpu, 132->132->122 MB, 180 MB goal, 0 MB stacks, 0 MB globals, 4 P
gc 5335 @96.270s 5%: 0.57+3.3+0.028 ms clock, 2.2+0/2.1/4.0+0.11 ms cpu, 172->172->122 MB, 180 MB goal, 0 MB stacks, 0 MB globals, 4 P
gc 5336 @96.275s 5%: 0.024+1.3+0.004 ms clock, 0.097+2.4/1.1/0.50+0.018 ms cpu, 122->122->102 MB, 130 MB goal, 0 MB stacks, 0 MB globals, 4 P
gc 5337 @96.276s 5%: 0.76+3.4+0.21 ms clock, 3.0+2.0/2.0/0+0.87 ms cpu, 122->132->132 MB, 129 MB goal, 0 MB stacks, 0 MB globals, 4 P
gc 5338 @96.281s 5%: 0.63+4.4+0.031 ms clock, 2.5+0.18/3.3/1.1+0.12 ms cpu, 132->142->112 MB, 155 MB goal, 0 MB stacks, 0 MB globals, 4 P
gc 5339 @96.332s 5%: 0.13+1.4+0.005 ms clock, 0.53+1.2/1.2/1.2+0.023 ms cpu, 152->152->112 MB, 155 MB goal, 0 MB stacks, 0 MB globals, 4 P
gc 5340 @96.344s 5%: 0.082+1.2+0.005 ms clock, 0.33+1.0/1.0/1.9+0.023 ms cpu, 132->132->102 MB, 143 MB goal, 0 MB stacks, 0 MB globals, 4 P
gc 5341 @96.347s 5%: 0.045+1.2+0.005 ms clock, 0.18+0.24/1.1/2.4+0.023 ms cpu, 112->112->102 MB, 118 MB goal, 0 MB stacks, 0 MB globals, 4 P
gc 5342 @96.349s 5%: 0.039+1.1+0.004 ms clock, 0.15+0.94/1.0/1.8+0.016 ms cpu, 102->102->102 MB, 105 MB goal, 0 MB stacks, 0 MB globals, 4 P
gc 5343 @96.351s 5%: 0.48+4.5+0.041 ms clock, 1.9+0.19/1.6/1.8+0.16 ms cpu, 112->122->122 MB, 114 MB goal, 0 MB stacks, 0 MB globals, 4 P
gc 5344 @96.359s 5%: 0.061+5.9+0.007 ms clock, 0.24+1.4/1.4/0.96+0.028 ms cpu, 122->132->112 MB, 122 MB goal, 0 MB stacks, 0 MB globals, 4 P
gc 5345 @96.365s 5%: 0.34+1.6+0.080 ms clock, 1.3+1.9/1.2/0+0.32 ms cpu, 112->122->112 MB, 114 MB goal, 0 MB stacks, 0 MB globals, 4 P
gc 5346 @96.368s 5%: 0.13+1.6+0.049 ms clock, 0.55+2.3/1.4/0+0.19 ms cpu, 132->132->122 MB, 112 MB goal, 0 MB stacks, 0 MB globals, 4 P
gc 5347 @96.370s 5%: 0.45+2.5+0.037 ms clock, 1.8+0/1.8/1.4+0.14 ms cpu, 122->122->122 MB, 143 MB goal, 0 MB stacks, 0 MB globals, 4 P
gc 5348 @96.390s 5%: 0.062+1.0+0.002 ms clock, 0.24+0.20/0.95/2.1+0.011 ms cpu, 142->142->102 MB, 143 MB goal, 0 MB stacks, 0 MB globals, 4 P
gc 5349 @96.425s 5%: 0.066+1.4+0.066 ms clock, 0.26+0.88/1.2/1.1+0.26 ms cpu, 132->142->112 MB, 143 MB goal, 0 MB stacks, 0 MB globals, 4 P
gc 5350 @96.440s 5%: 0.11+1.2+0.057 ms clock, 0.44+1.7/0.98/0.053+0.23 ms cpu, 122->122->112 MB, 114 MB goal, 0 MB stacks, 0 MB globals, 4 P
gc 5351 @96.442s 5%: 0.18+2.7+0.57 ms clock, 0.74+2.9/1.4/0+2.3 ms cpu, 132->132->122 MB, 112 MB goal, 0 MB stacks, 0 MB globals, 4 P
gc 5352 @96.447s 5%: 0.51+2.3+0.048 ms clock, 2.0+2.0/1.3/0.17+0.19 ms cpu, 122->142->132 MB, 122 MB goal, 0 MB stacks, 0 MB globals, 4 P
gc 5353 @96.453s 5%: 0.14+1.4+0.003 ms clock, 0.58+0.054/1.4/2.1+0.012 ms cpu, 142->142->112 MB, 132 MB goal, 0 MB stacks, 0 MB globals, 4 P
gc 5354 @96.455s 5%: 0.039+0.99+0.005 ms clock, 0.15+1.5/0.83/0.79+0.020 ms cpu, 112->112->102 MB, 118 MB goal, 0 MB stacks, 0 MB globals, 4 P
gc 5355 @96.458s 5%: 0.080+3.5+0.032 ms clock, 0.32+1.9/1.8/0+0.12 ms cpu, 122->122->122 MB, 130 MB goal, 0 MB stacks, 0 MB globals, 4 P
gc 5356 @96.463s 5%: 0.63+1.5+0.041 ms clock, 2.5+0.82/1.2/0.91+0.16 ms cpu, 132->132->112 MB, 130 MB goal, 0 MB stacks, 0 MB globals, 4 P
gc 5357 @96.478s 5%: 0.23+1.9+0.028 ms clock, 0.93+1.6/1.6/1.6+0.11 ms cpu, 142->142->112 MB, 119 MB goal, 0 MB stacks, 0 MB globals, 4 P
gc 5358 @96.482s 5%: 0.046+0.93+0.003 ms clock, 0.18+0.78/0.79/1.5+0.013 ms cpu, 112->112->102 MB, 118 MB goal, 0 MB stacks, 0 MB globals, 4 P
gc 5359 @96.497s 5%: 0.56+2.2+0.007 ms clock, 2.2+2.0/1.1/0+0.028 ms cpu, 142->142->112 MB, 102 MB goal, 0 MB stacks, 0 MB globals, 4 P
gc 5360 @96.500s 5%: 0.037+1.8+0.025 ms clock, 0.14+2.0/1.0/0.051+0.10 ms cpu, 112->122->112 MB, 114 MB goal, 0 MB stacks, 0 MB globals, 4 P
gc 5361 @96.503s 5%: 0.11+2.8+0.040 ms clock, 0.46+1.6/1.8/0+0.16 ms cpu, 132->132->132 MB, 112 MB goal, 0 MB stacks, 0 MB globals, 4 P
gc 5362 @96.506s 5%: 0.47+1.2+0.035 ms clock, 1.8+2.0/1.1/0+0.14 ms cpu, 132->132->112 MB, 132 MB goal, 0 MB stacks, 0 MB globals, 4 P
gc 5363 @96.510s 5%: 0.089+0.93+0.003 ms clock, 0.35+2.1/0.79/0+0.015 ms cpu, 132->132->112 MB, 112 MB goal, 0 MB stacks, 0 MB globals, 4 P
gc 5364 @96.511s 5%: 0.11+1.1+0.003 ms clock, 0.44+1.6/0.96/0+0.015 ms cpu, 112->112->102 MB, 118 MB goal, 0 MB stacks, 0 MB globals, 4 P
gc 5365 @96.514s 5%: 0.20+3.2+0.53 ms clock, 0.83+1.2/2.5/0+2.1 ms cpu, 112->132->132 MB, 105 MB goal, 0 MB stacks, 0 MB globals, 4 P
gc 5366 @96.519s 5%: 0.041+2.1+0.052 ms clock, 0.16+1.4/1.3/0.55+0.21 ms cpu, 132->142->112 MB, 132 MB goal, 0 MB stacks, 0 MB globals, 4 P
gc 5367 @96.521s 5%: 0.67+2.1+0.24 ms clock, 2.7+1.4/1.4/0+0.98 ms cpu, 112->122->122 MB, 115 MB goal, 0 MB stacks, 0 MB globals, 4 P
gc 5368 @96.524s 5%: 0.19+3.4+0.078 ms clock, 0.76+1.3/1.4/0+0.31 ms cpu, 122->132->112 MB, 122 MB goal, 0 MB stacks, 0 MB globals, 4 P
gc 5369 @96.528s 5%: 0.26+2.2+0.054 ms clock, 1.0+1.1/1.2/0+0.21 ms cpu, 112->132->122 MB, 112 MB goal, 0 MB stacks, 0 MB globals, 4 P
gc 5370 @96.531s 5%: 0.57+4.9+0.004 ms clock, 2.3+1.7/1.1/0+0.017 ms cpu, 122->142->132 MB, 143 MB goal, 0 MB stacks, 0 MB globals, 4 P
gc 5371 @96.537s 5%: 0.18+2.1+0.061 ms clock, 0.75+1.6/2.0/0+0.24 ms cpu, 142->152->122 MB, 134 MB goal, 0 MB stacks, 0 MB globals, 4 P
gc 5372 @96.540s 5%: 0.094+5.5+0.31 ms clock, 0.37+1.2/1.4/0+1.2 ms cpu, 142->162->152 MB, 149 MB goal, 0 MB stacks, 0 MB globals, 4 P
gc 5373 @96.547s 5%: 0.56+1.2+0.005 ms clock, 2.2+0/1.1/2.5+0.021 ms cpu, 152->152->112 MB, 155 MB goal, 0 MB stacks, 0 MB globals, 4 P
gc 5374 @96.552s 5%: 0.050+0.92+0.003 ms clock, 0.20+0.82/0.83/1.5+0.012 ms cpu, 112->112->102 MB, 118 MB goal, 0 MB stacks, 0 MB globals, 4 P
gc 5375 @96.556s 5%: 0.63+3.7+0.025 ms clock, 2.5+1.2/1.2/0.005+0.10 ms cpu, 132->132->122 MB, 104 MB goal, 0 MB stacks, 0 MB globals, 4 P
gc 5376 @96.561s 5%: 0.022+1.4+0.002 ms clock, 0.089+2.1/1.2/0.61+0.010 ms cpu, 122->122->102 MB, 122 MB goal, 0 MB stacks, 0 MB globals, 4 P
gc 5377 @96.564s 5%: 0.18+3.4+0.004 ms clock, 0.72+1.2/3.1/0.51+0.016 ms cpu, 122->122->112 MB, 114 MB goal, 0 MB stacks, 0 MB globals, 4 P
gc 5378 @96.568s 5%: 0.12+2.6+0.16 ms clock, 0.51+1.8/1.4/0+0.66 ms cpu, 122->132->122 MB, 112 MB goal, 0 MB stacks, 0 MB globals, 4 P
gc 5379 @96.572s 5%: 0.65+1.3+0.002 ms clock, 2.6+0.61/1.1/1.6+0.011 ms cpu, 122->122->102 MB, 130 MB goal, 0 MB stacks, 0 MB globals, 4 P
gc 5380 @96.576s 5%: 0.66+1.9+0.054 ms clock, 2.6+1.0/1.8/0.30+0.21 ms cpu, 122->132->122 MB, 129 MB goal, 0 MB stacks, 0 MB globals, 4 P
gc 5381 @96.583s 5%: 0.20+2.5+0.26 ms clock, 0.81+1.5/1.7/0+1.0 ms cpu, 132->152->122 MB, 122 MB goal, 0 MB stacks, 0 MB globals, 4 P
gc 5382 @96.586s 5%: 0.58+5.2+0.004 ms clock, 2.3+1.7/1.4/0.46+0.016 ms cpu, 122->132->112 MB, 129 MB goal, 0 MB stacks, 0 MB globals, 4 P
gc 5383 @96.595s 5%: 0.12+3.6+0.066 ms clock, 0.48+1.9/2.8/0+0.26 ms cpu, 132->142->112 MB, 119 MB goal, 0 MB stacks, 0 MB globals, 4 P
gc 5384 @96.600s 5%: 0.054+1.1+0.003 ms clock, 0.21+0.94/0.98/1.6+0.015 ms cpu, 112->112->102 MB, 118 MB goal, 0 MB stacks, 0 MB globals, 4 P
gc 5385 @96.603s 5%: 0.83+2.1+0.059 ms clock, 3.3+0.072/2.0/2.2+0.23 ms cpu, 122->122->122 MB, 130 MB goal, 0 MB stacks, 0 MB globals, 4 P
gc 5386 @96.607s 5%: 0.68+3.0+0.19 ms clock, 2.7+1.9/1.9/0+0.76 ms cpu, 152->152->142 MB, 122 MB goal, 0 MB stacks, 0 MB globals, 4 P
gc 5387 @96.612s 5%: 0.56+2.9+0.057 ms clock, 2.2+1.1/1.4/0+0.22 ms cpu, 142->162->132 MB, 149 MB goal, 0 MB stacks, 0 MB globals, 4 P
gc 5388 @96.630s 5%: 0.054+2.3+0.006 ms clock, 0.21+0.98/1.3/1.0+0.025 ms cpu, 152->152->102 MB, 155 MB goal, 0 MB stacks, 0 MB globals, 4 P
gc 5389 @96.651s 5%: 0.67+2.1+0.033 ms clock, 2.7+0.25/1.6/1.7+0.13 ms cpu, 152->152->122 MB, 155 MB goal, 0 MB stacks, 0 MB globals, 4 P
gc 5390 @96.656s 5%: 0.055+1.2+0.003 ms clock, 0.22+0.36/1.1/2.6+0.014 ms cpu, 132->132->102 MB, 143 MB goal, 0 MB stacks, 0 MB globals, 4 P
gc 5391 @96.661s 5%: 0.047+1.4+0.006 ms clock, 0.19+2.6/1.3/0.001+0.024 ms cpu, 102->102->102 MB, 105 MB goal, 0 MB stacks, 0 MB globals, 4 P
gc 5392 @96.663s 5%: 0.18+2.8+0.58 ms clock, 0.74+1.7/1.7/0+2.3 ms cpu, 122->132->132 MB, 102 MB goal, 0 MB stacks, 0 MB globals, 4 P
gc 5393 @96.667s 5%: 0.65+2.5+0.004 ms clock, 2.6+0.13/2.3/1.9+0.016 ms cpu, 132->132->122 MB, 143 MB goal, 0 MB stacks, 0 MB globals, 4 P
gc 5394 @97.235s 5%: 0.068+1.3+0.005 ms clock, 0.27+0/1.1/2.8+0.020 ms cpu, 142->142->102 MB, 143 MB goal, 0 MB stacks, 0 MB globals, 4 P
gc 5395 @97.272s 5%: 0.093+1.6+0.005 ms clock, 0.37+2.2/1.4/1.0+0.023 ms cpu, 102->102->102 MB, 105 MB goal, 0 MB stacks, 0 MB globals, 4 P
gc 5396 @97.274s 5%: 0.24+2.6+0.36 ms clock, 0.96+1.9/1.7/0+1.4 ms cpu, 102->122->122 MB, 102 MB goal, 0 MB stacks, 0 MB globals, 4 P
gc 5397 @97.278s 5%: 0.059+3.4+0.038 ms clock, 0.23+2.0/2.0/0.60+0.15 ms cpu, 122->132->122 MB, 129 MB goal, 0 MB stacks, 0 MB globals, 4 P
gc 5398 @97.284s 5%: 0.80+4.8+0.006 ms clock, 3.2+1.5/1.3/0+0.024 ms cpu, 132->142->132 MB, 122 MB goal, 0 MB stacks, 0 MB globals, 4 P
gc 5399 @97.290s 5%: 0.10+1.8+0.025 ms clock, 0.40+2.0/1.0/0.22+0.10 ms cpu, 132->142->112 MB, 143 MB goal, 0 MB stacks, 0 MB globals, 4 P
gc 5400 @97.318s 5%: 0.062+1.0+0.003 ms clock, 0.25+0.13/1.0/2.5+0.013 ms cpu, 142->142->102 MB, 143 MB goal, 0 MB stacks, 0 MB globals, 4 P
gc 5401 @97.327s 5%: 0.059+1.1+0.002 ms clock, 0.23+1.0/1.0/1.8+0.011 ms cpu, 102->102->102 MB, 105 MB goal, 0 MB stacks, 0 MB globals, 4 P
gc 5402 @97.329s 5%: 0.32+2.0+0.51 ms clock, 1.3+0.23/1.4/1.7+2.0 ms cpu, 112->112->112 MB, 118 MB goal, 0 MB stacks, 0 MB globals, 4 P
gc 5403 @97.334s 5%: 0.096+2.4+0.56 ms clock, 0.38+0.17/1.4/2.2+2.2 ms cpu, 122->122->112 MB, 114 MB goal, 0 MB stacks, 0 MB globals, 4 P
gc 5404 @97.337s 5%: 0.63+1.9+0.85 ms clock, 2.5+1.3/1.2/0+3.4 ms cpu, 132->132->132 MB, 112 MB goal, 0 MB stacks, 0 MB globals, 4 P
gc 5405 @97.341s 5%: 0.56+2.1+0.003 ms clock, 2.2+0.18/1.7/1.7+0.012 ms cpu, 132->132->112 MB, 143 MB goal, 0 MB stacks, 0 MB globals, 4 P
gc 5406 @97.364s 5%: 0.059+0.83+0.003 ms clock, 0.23+0.14/0.76/1.8+0.013 ms cpu, 142->142->102 MB, 143 MB goal, 0 MB stacks, 0 MB globals, 4 P
gc 5407 @97.368s 5%: 0.044+1.2+0.004 ms clock, 0.17+1.0/1.1/2.0+0.017 ms cpu, 102->102->102 MB, 105 MB goal, 0 MB stacks, 0 MB globals, 4 P
gc 5408 @97.370s 5%: 0.12+1.7+0.037 ms clock, 0.50+0.62/1.1/1.4+0.15 ms cpu, 112->112->112 MB, 118 MB goal, 0 MB stacks, 0 MB globals, 4 P
gc 5409 @97.374s 5%: 0.090+3.3+0.003 ms clock, 0.36+5.6/2.5/0.12+0.013 ms cpu, 122->122->112 MB, 114 MB goal, 0 MB stacks, 0 MB globals, 4 P
gc 5410 @97.378s 5%: 0.16+2.1+0.61 ms clock, 0.67+1.8/2.0/0+2.4 ms cpu, 122->132->122 MB, 112 MB goal, 0 MB stacks, 0 MB globals, 4 P
gc 5411 @97.382s 5%: 0.56+2.2+0.024 ms clock, 2.2+0.68/1.5/1.1+0.098 ms cpu, 122->132->122 MB, 122 MB goal, 0 MB stacks, 0 MB globals, 4 P
gc 5412 @97.388s 5%: 0.060+0.84+0.003 ms clock, 0.24+0.21/0.80/1.8+0.015 ms cpu, 122->122->102 MB, 122 MB goal, 0 MB stacks, 0 MB globals, 4 P
gc 5413 @97.391s 5%: 0.032+1.1+0.002 ms clock, 0.12+0.95/0.99/0.97+0.011 ms cpu, 102->102->102 MB, 105 MB goal, 0 MB stacks, 0 MB globals, 4 P
gc 5414 @97.393s 5%: 0.48+3.1+0.005 ms clock, 1.9+0.25/1.5/0.77+0.020 ms cpu, 112->112->112 MB, 118 MB goal, 0 MB stacks, 0 MB globals, 4 P
gc 5415 @97.405s 5%: 0.10+1.5+0.023 ms clock, 0.42+1.0/1.2/1.2+0.094 ms cpu, 122->122->112 MB, 114 MB goal, 0 MB stacks, 0 MB globals, 4 P
gc 5416 @97.408s 5%: 0.23+1.4+0.043 ms clock, 0.92+0.10/1.0/2.1+0.17 ms cpu, 122->122->112 MB, 130 MB goal, 0 MB stacks, 0 MB globals, 4 P
gc 5417 @97.433s 5%: 0.062+0.99+0.004 ms clock, 0.24+0.15/0.89/2.2+0.018 ms cpu, 132->132->102 MB, 129 MB goal, 0 MB stacks, 0 MB globals, 4 P
gc 5418 @97.448s 5%: 0.050+1.4+0.004 ms clock, 0.20+1.8/1.3/0.97+0.017 ms cpu, 102->102->102 MB, 105 MB goal, 0 MB stacks, 0 MB globals, 4 P
gc 5419 @97.450s 5%: 0.57+2.2+0.33 ms clock, 2.3+1.4/1.5/0+1.3 ms cpu, 132->132->132 MB, 102 MB goal, 0 MB stacks, 0 MB globals, 4 P
gc 5420 @97.455s 5%: 0.091+2.0+0.028 ms clock, 0.36+1.9/1.1/0+0.11 ms cpu, 132->142->122 MB, 143 MB goal, 0 MB stacks, 0 MB globals, 4 P
gc 5421 @97.459s 5%: 0.64+1.5+0.030 ms clock, 2.5+0.15/1.1/1.9+0.12 ms cpu, 142->142->112 MB, 143 MB goal, 0 MB stacks, 0 MB globals, 4 P
gc 5422 @97.465s 5%: 0.052+1.0+0.003 ms clock, 0.20+1.7/0.95/0.80+0.014 ms cpu, 112->112->102 MB, 118 MB goal, 0 MB stacks, 0 MB globals, 4 P
gc 5423 @97.468s 5%: 0.070+1.8+0.067 ms clock, 0.28+1.4/1.5/0+0.27 ms cpu, 122->122->122 MB, 130 MB goal, 0 MB stacks, 0 MB globals, 4 P
gc 5424 @97.471s 5%: 0.66+3.6+0.023 ms clock, 2.6+1.9/3.0/0+0.095 ms cpu, 132->142->132 MB, 122 MB goal, 0 MB stacks, 0 MB globals, 4 P
gc 5425 @97.476s 5%: 0.66+1.8+0.003 ms clock, 2.6+0.20/1.5/2.2+0.012 ms cpu, 132->132->112 MB, 143 MB goal, 0 MB stacks, 0 MB globals, 4 P
gc 5426 @97.490s 5%: 0.073+0.98+0.004 ms clock, 0.29+0.13/0.90/2.2+0.018 ms cpu, 142->142->102 MB, 143 MB goal, 0 MB stacks, 0 MB globals, 4 P
gc 5427 @97.499s 5%: 0.049+1.4+0.003 ms clock, 0.19+1.4/1.3/2.3+0.012 ms cpu, 102->102->102 MB, 105 MB goal, 0 MB stacks, 0 MB globals, 4 P
gc 5428 @97.501s 5%: 0.20+2.0+0.025 ms clock, 0.81+1.7/1.5/0+0.10 ms cpu, 112->112->112 MB, 102 MB goal, 0 MB stacks, 0 MB globals, 4 P
gc 5429 @97.503s 5%: 0.68+1.8+0.030 ms clock, 2.7+1.1/1.1/0+0.12 ms cpu, 112->122->122 MB, 112 MB goal, 0 MB stacks, 0 MB globals, 4 P
gc 5430 @97.507s 5%: 0.37+1.6+0.040 ms clock, 1.5+2.0/1.3/0+0.16 ms cpu, 132->132->112 MB, 122 MB goal, 0 MB stacks, 0 MB globals, 4 P
gc 5431 @97.510s 5%: 0.74+1.6+0.063 ms clock, 2.9+1.5/1.4/0+0.25 ms cpu, 112->132->122 MB, 112 MB goal, 0 MB stacks, 0 MB globals, 4 P
gc 5432 @97.513s 5%: 0.52+3.0+0.027 ms clock, 2.1+1.9/2.5/0+0.11 ms cpu, 122->132->122 MB, 122 MB goal, 0 MB stacks, 0 MB globals, 4 P
gc 5433 @97.517s 5%: 0.65+3.7+0.54 ms clock, 2.6+0.17/2.4/2.0+2.1 ms cpu, 122->152->142 MB, 134 MB goal, 0 MB stacks, 0 MB globals, 4 P
gc 5434 @97.522s 5%: 0.72+2.5+0.032 ms clock, 2.9+1.5/1.5/0+0.13 ms cpu, 142->142->122 MB, 143 MB goal, 0 MB stacks, 0 MB globals, 4 P
gc 5435 @97.525s 5%: 0.63+1.3+0.062 ms clock, 2.5+1.6/1.1/0+0.24 ms cpu, 142->142->132 MB, 155 MB goal, 0 MB stacks, 0 MB globals, 4 P
gc 5436 @97.529s 5%: 0.60+2.2+0.060 ms clock, 2.4+1.1/1.6/1.0+0.24 ms cpu, 152->152->112 MB, 155 MB goal, 0 MB stacks, 0 MB globals, 4 P
gc 5437 @97.534s 5%: 0.047+1.5+0.052 ms clock, 0.18+1.1/1.3/0.75+0.21 ms cpu, 132->142->112 MB, 143 MB goal, 0 MB stacks, 0 MB globals, 4 P
gc 5438 @97.539s 5%: 0.034+1.9+0.56 ms clock, 0.13+0.49/1.2/2.6+2.2 ms cpu, 112->132->122 MB, 112 MB goal, 0 MB stacks, 0 MB globals, 4 P
gc 5439 @97.542s 5%: 0.54+3.8+0.041 ms clock, 2.1+2.5/2.8/0+0.16 ms cpu, 122->132->132 MB, 129 MB goal, 0 MB stacks, 0 MB globals, 4 P
gc 5440 @97.546s 5%: 0.84+1.6+0.52 ms clock, 3.3+1.7/0.94/0+2.0 ms cpu, 132->152->132 MB, 132 MB goal, 0 MB stacks, 0 MB globals, 4 P
gc 5441 @97.550s 5%: 0.65+2.8+0.077 ms clock, 2.6+1.9/1.9/0+0.30 ms cpu, 132->142->132 MB, 132 MB goal, 0 MB stacks, 0 MB globals, 4 P
gc 5442 @97.553s 5%: 0.48+2.7+0.067 ms clock, 1.9+1.8/2.1/0.020+0.26 ms cpu, 132->142->122 MB, 132 MB goal, 0 MB stacks, 0 MB globals, 4 P
gc 5443 @97.557s 5%: 0.20+2.0+0.026 ms clock, 0.82+0.15/1.3/2.1+0.10 ms cpu, 122->132->112 MB, 129 MB goal, 0 MB stacks, 0 MB globals, 4 P
gc 5444 @97.562s 5%: 0.033+1.8+0.065 ms clock, 0.13+0.33/1.0/2.5+0.26 ms cpu, 112->132->122 MB, 112 MB goal, 0 MB stacks, 0 MB globals, 4 P
gc 5445 @97.564s 5%: 0.43+3.6+0.047 ms clock, 1.7+1.5/1.6/0+0.18 ms cpu, 122->132->132 MB, 122 MB goal, 0 MB stacks, 0 MB globals, 4 P
gc 5446 @97.569s 5%: 0.72+3.4+0.29 ms clock, 2.8+1.5/2.6/0.006+1.1 ms cpu, 142->152->132 MB, 155 MB goal, 0 MB stacks, 0 MB globals, 4 P
gc 5447 @97.574s 5%: 0.10+1.6+0.053 ms clock, 0.41+0.13/1.4/1.6+0.21 ms cpu, 152->152->112 MB, 155 MB goal, 0 MB stacks, 0 MB globals, 4 P
gc 5448 @97.577s 5%: 0.10+1.2+0.78 ms clock, 0.42+0.23/1.1/1.9+3.1 ms cpu, 112->122->112 MB, 114 MB goal, 0 MB stacks, 0 MB globals, 4 P
gc 5449 @97.581s 5%: 0.60+2.1+0.003 ms clock, 2.4+1.6/2.1/0+0.014 ms cpu, 122->122->122 MB, 114 MB goal, 0 MB stacks, 0 MB globals, 4 P
gc 5450 @97.592s 5%: 0.55+3.7+0.13 ms clock, 2.2+2.4/1.5/0.044+0.53 ms cpu, 132->152->132 MB, 135 MB goal, 0 MB stacks, 0 MB globals, 4 P
gc 5451 @97.598s 5%: 0.10+3.0+0.38 ms clock, 0.41+2.0/2.0/0+1.5 ms cpu, 142->142->122 MB, 143 MB goal, 0 MB stacks, 0 MB globals, 4 P
gc 5452 @97.602s 5%: 0.31+2.0+0.22 ms clock, 1.2+2.0/1.4/0+0.91 ms cpu, 142->152->132 MB, 135 MB goal, 0 MB stacks, 0 MB globals, 4 P
gc 5453 @97.606s 5%: 0.60+2.6+0.034 ms clock, 2.4+1.3/1.7/0+0.13 ms cpu, 142->142->132 MB, 143 MB goal, 0 MB stacks, 0 MB globals, 4 P
gc 5454 @97.610s 5%: 0.087+1.3+0.030 ms clock, 0.34+0.15/1.2/2.2+0.12 ms cpu, 142->142->112 MB, 143 MB goal, 0 MB stacks, 0 MB globals, 4 P
gc 5455 @97.614s 5%: 0.047+1.4+0.005 ms clock, 0.19+2.2/1.3/0+0.021 ms cpu, 122->122->102 MB, 130 MB goal, 0 MB stacks, 0 MB globals, 4 P
gc 5456 @97.616s 5%: 0.11+4.6+0.61 ms clock, 0.46+1.8/2.2/0.024+2.4 ms cpu, 122->142->132 MB, 119 MB goal, 0 MB stacks, 0 MB globals, 4 P
gc 5457 @97.622s 5%: 0.53+1.3+0.004 ms clock, 2.1+1.8/1.2/0+0.017 ms cpu, 132->132->112 MB, 132 MB goal, 0 MB stacks, 0 MB globals, 4 P
gc 5458 @97.624s 5%: 0.39+2.8+0.033 ms clock, 1.5+0.19/1.9/1.3+0.13 ms cpu, 132->132->122 MB, 143 MB goal, 0 MB stacks, 0 MB globals, 4 P
gc 5459 @97.635s 5%: 0.76+2.2+0.028 ms clock, 3.0+2.0/1.6/0+0.11 ms cpu, 152->152->122 MB, 134 MB goal, 0 MB stacks, 0 MB globals, 4 P
gc 5460 @97.640s 5%: 0.074+0.96+0.003 ms clock, 0.29+0.25/0.93/2.4+0.013 ms cpu, 122->122->102 MB, 130 MB goal, 0 MB stacks, 0 MB globals, 4 P
gc 5461 @97.653s 5%: 0.053+1.0+0.004 ms clock, 0.21+1.6/0.89/0.79+0.017 ms cpu, 102->102->102 MB, 105 MB goal, 0 MB stacks, 0 MB globals, 4 P
gc 5462 @97.655s 5%: 0.51+2.2+0.78 ms clock, 2.0+1.9/1.6/0+3.1 ms cpu, 122->122->122 MB, 102 MB goal, 0 MB stacks, 0 MB globals, 4 P
gc 5463 @97.659s 5%: 0.71+2.5+0.036 ms clock, 2.8+1.9/1.4/0.11+0.14 ms cpu, 122->132->112 MB, 129 MB goal, 0 MB stacks, 0 MB globals, 4 P
gc 5464 @97.671s 5%: 0.24+1.7+0.54 ms clock, 0.98+1.5/1.6/0.006+2.1 ms cpu, 142->142->112 MB, 119 MB goal, 0 MB stacks, 0 MB globals, 4 P
gc 5465 @98.165s 5%: 0.089+1.0+0.003 ms clock, 0.35+1.0/0.95/1.8+0.013 ms cpu, 132->132->102 MB, 129 MB goal, 0 MB stacks, 0 MB globals, 4 P
gc 5466 @98.237s 5%: 0.058+1.4+0.007 ms clock, 0.23+1.3/1.3/1.3+0.028 ms cpu, 102->102->102 MB, 105 MB goal, 0 MB stacks, 0 MB globals, 4 P
gc 5467 @98.239s 5%: 0.13+2.3+0.026 ms clock, 0.54+0.21/1.5/2.1+0.10 ms cpu, 112->112->112 MB, 118 MB goal, 0 MB stacks, 0 MB globals, 4 P
gc 5468 @98.283s 5%: 0.61+1.1+0.005 ms clock, 2.4+1.0/1.1/1.3+0.022 ms cpu, 122->122->102 MB, 114 MB goal, 0 MB stacks, 0 MB globals, 4 P
gc 5469 @98.292s 5%: 0.14+1.1+0.003 ms clock, 0.56+1.9/1.0/0.042+0.015 ms cpu, 122->122->102 MB, 130 MB goal, 0 MB stacks, 0 MB globals, 4 P
gc 5470 @98.295s 5%: 0.12+2.3+0.034 ms clock, 0.49+2.1/1.6/0.13+0.13 ms cpu, 122->132->132 MB, 129 MB goal, 0 MB stacks, 0 MB globals, 4 P
gc 5471 @98.298s 5%: 0.66+6.2+0.010 ms clock, 2.6+1.0/2.2/0+0.043 ms cpu, 142->152->132 MB, 155 MB goal, 0 MB stacks, 0 MB globals, 4 P
gc 5472 @98.337s 5%: 0.077+2.6+0.005 ms clock, 0.30+0.18/0.78/3.4+0.021 ms cpu, 152->152->102 MB, 155 MB goal, 0 MB stacks, 0 MB globals, 4 P
gc 5473 @98.369s 5%: 0.065+1.1+0.003 ms clock, 0.26+0.34/1.0/2.5+0.012 ms cpu, 162->162->102 MB, 149 MB goal, 0 MB stacks, 0 MB globals, 4 P
gc 5474 @98.379s 5%: 0.049+1.4+0.004 ms clock, 0.19+1.8/1.3/1.8+0.019 ms cpu, 102->102->102 MB, 105 MB goal, 0 MB stacks, 0 MB globals, 4 P
gc 5475 @98.381s 5%: 0.58+2.3+0.49 ms clock, 2.3+1.4/1.4/0+1.9 ms cpu, 122->122->122 MB, 102 MB goal, 0 MB stacks, 0 MB globals, 4 P
gc 5476 @98.385s 5%: 0.67+1.2+0.003 ms clock, 2.7+1.4/1.0/0.33+0.012 ms cpu, 122->122->102 MB, 130 MB goal, 0 MB stacks, 0 MB globals, 4 P
gc 5477 @98.396s 5%: 0.048+0.98+0.002 ms clock, 0.19+1.2/0.95/0.32+0.011 ms cpu, 122->122->102 MB, 130 MB goal, 0 MB stacks, 0 MB globals, 4 P
gc 5478 @98.398s 5%: 0.082+2.3+0.051 ms clock, 0.33+0.13/2.1/2.2+0.20 ms cpu, 122->122->122 MB, 130 MB goal, 0 MB stacks, 0 MB globals, 4 P
gc 5479 @98.411s 5%: 0.50+0.85+0.003 ms clock, 2.0+0.80/0.78/0.99+0.015 ms cpu, 132->132->102 MB, 129 MB goal, 0 MB stacks, 0 MB globals, 4 P
gc 5480 @98.415s 5%: 0.037+1.0+0.003 ms clock, 0.15+0.17/0.88/2.3+0.013 ms cpu, 112->112->102 MB, 118 MB goal, 0 MB stacks, 0 MB globals, 4 P
gc 5481 @98.429s 5%: 0.048+1.0+0.003 ms clock, 0.19+0.85/0.96/1.7+0.012 ms cpu, 102->102->102 MB, 105 MB goal, 0 MB stacks, 0 MB globals, 4 P
gc 5482 @98.430s 5%: 0.098+1.8+0.029 ms clock, 0.39+0.10/1.1/1.9+0.11 ms cpu, 112->112->112 MB, 118 MB goal, 0 MB stacks, 0 MB globals, 4 P
gc 5483 @98.435s 5%: 0.62+1.7+0.029 ms clock, 2.5+0.14/1.3/2.1+0.11 ms cpu, 122->122->112 MB, 114 MB goal, 0 MB stacks, 0 MB globals, 4 P
gc 5484 @98.457s 5%: 0.61+1.5+0.28 ms clock, 2.4+1.8/1.4/0+1.1 ms cpu, 132->132->122 MB, 112 MB goal, 0 MB stacks, 0 MB globals, 4 P
gc 5485 @98.460s 5%: 0.52+1.9+0.033 ms clock, 2.0+1.9/1.2/0+0.13 ms cpu, 122->132->112 MB, 129 MB goal, 0 MB stacks, 0 MB globals, 4 P
gc 5486 @98.463s 5%: 0.47+1.5+0.070 ms clock, 1.9+1.3/1.3/0+0.28 ms cpu, 132->132->132 MB, 129 MB goal, 0 MB stacks, 0 MB globals, 4 P
gc 5487 @98.466s 5%: 0.66+2.3+0.029 ms clock, 2.6+0/1.3/1.5+0.11 ms cpu, 132->142->112 MB, 155 MB goal, 0 MB stacks, 0 MB globals, 4 P
gc 5488 @98.483s 5%: 0.073+0.99+0.004 ms clock, 0.29+0/0.86/2.3+0.019 ms cpu, 152->152->102 MB, 155 MB goal, 0 MB stacks, 0 MB globals, 4 P
gc 5489 @98.487s 5%: 0.14+0.98+0.003 ms clock, 0.58+1.5/0.89/0.97+0.015 ms cpu, 122->122->102 MB, 102 MB goal, 0 MB stacks, 0 MB globals, 4 P
gc 5490 @98.488s 5%: 0.027+1.5+0.004 ms clock, 0.11+0.43/1.2/2.6+0.019 ms cpu, 102->102->102 MB, 105 MB goal, 0 MB stacks, 0 MB globals, 4 P
gc 5491 @98.495s 5%: 0.075+0.89+0.005 ms clock, 0.30+0/0.78/1.9+0.020 ms cpu, 112->112->102 MB, 102 MB goal, 0 MB stacks, 0 MB globals, 4 P
gc 5492 @98.496s 5%: 0.049+1.0+0.002 ms clock, 0.19+0.12/0.80/1.9+0.011 ms cpu, 102->102->102 MB, 105 MB goal, 0 MB stacks, 0 MB globals, 4 P
gc 5493 @98.509s 5%: 0.32+1.0+0.005 ms clock, 1.2+0.89/0.95/1.4+0.020 ms cpu, 112->112->102 MB, 102 MB goal, 0 MB stacks, 0 MB globals, 4 P
gc 5494 @98.511s 5%: 0.17+1.3+0.057 ms clock, 0.71+0.077/1.0/1.7+0.23 ms cpu, 102->112->112 MB, 118 MB goal, 0 MB stacks, 0 MB globals, 4 P
gc 5495 @98.517s 5%: 0.094+1.6+0.024 ms clock, 0.37+1.9/1.5/0+0.096 ms cpu, 122->122->112 MB, 114 MB goal, 0 MB stacks, 0 MB globals, 4 P
gc 5496 @98.519s 5%: 0.35+2.7+0.16 ms clock, 1.4+1.8/1.9/0+0.64 ms cpu, 122->132->122 MB, 112 MB goal, 0 MB stacks, 0 MB globals, 4 P
gc 5497 @98.523s 5%: 0.11+2.4+0.031 ms clock, 0.46+3.2/1.7/0+0.12 ms cpu, 122->132->122 MB, 122 MB goal, 0 MB stacks, 0 MB globals, 4 P
gc 5498 @98.526s 5%: 0.64+2.6+0.59 ms clock, 2.5+0.73/1.5/0.76+2.3 ms cpu, 132->152->142 MB, 134 MB goal, 0 MB stacks, 0 MB globals, 4 P
gc 5499 @98.530s 5%: 0.44+5.3+0.028 ms clock, 1.7+1.1/1.2/0+0.11 ms cpu, 142->152->132 MB, 142 MB goal, 0 MB stacks, 0 MB globals, 4 P
gc 5500 @98.536s 5%: 0.53+1.5+0.60 ms clock, 2.1+1.5/1.0/0+2.4 ms cpu, 142->142->122 MB, 155 MB goal, 0 MB stacks, 0 MB globals, 4 P
gc 5501 @98.541s 5%: 0.49+3.9+0.007 ms clock, 1.9+1.1/1.2/0+0.028 ms cpu, 162->162->132 MB, 150 MB goal, 0 MB stacks, 0 MB globals, 4 P
gc 5502 @98.546s 5%: 0.11+1.3+0.054 ms clock, 0.46+1.2/1.1/0+0.21 ms cpu, 152->152->122 MB, 155 MB goal, 0 MB stacks, 0 MB globals, 4 P
gc 5503 @98.548s 5%: 0.080+1.4+0.050 ms clock, 0.32+0/1.1/2.1+0.20 ms cpu, 132->132->112 MB, 143 MB goal, 0 MB stacks, 0 MB globals, 4 P
gc 5504 @98.550s 5%: 0.042+0.98+0.002 ms clock, 0.16+0.22/0.89/2.0+0.010 ms cpu, 112->112->102 MB, 118 MB goal, 0 MB stacks, 0 MB globals, 4 P
gc 5505 @98.552s 5%: 0.037+0.77+0.002 ms clock, 0.14+0.62/0.73/1.1+0.011 ms cpu, 102->102->102 MB, 105 MB goal, 0 MB stacks, 0 MB globals, 4 P
gc 5506 @98.553s 5%: 0.093+2.0+0.61 ms clock, 0.37+0.98/1.5/0.80+2.4 ms cpu, 112->112->112 MB, 118 MB goal, 0 MB stacks, 0 MB globals, 4 P
gc 5507 @98.557s 5%: 0.14+2.6+0.41 ms clock, 0.58+1.1/1.6/0.18+1.6 ms cpu, 122->132->122 MB, 112 MB goal, 0 MB stacks, 0 MB globals, 4 P
gc 5508 @98.561s 5%: 0.12+1.1+0.002 ms clock, 0.50+1.6/1.0/0.45+0.010 ms cpu, 122->122->102 MB, 122 MB goal, 0 MB stacks, 0 MB globals, 4 P
gc 5509 @98.563s 5%: 0.28+1.7+0.025 ms clock, 1.1+1.2/1.2/0+0.10 ms cpu, 122->122->112 MB, 114 MB goal, 0 MB stacks, 0 MB globals, 4 P
gc 5510 @98.566s 5%: 0.46+2.4+0.076 ms clock, 1.8+0.063/1.1/2.2+0.30 ms cpu, 122->132->122 MB, 129 MB goal, 0 MB stacks, 0 MB globals, 4 P
gc 5511 @98.571s 5%: 0.58+1.5+0.034 ms clock, 2.3+0.94/0.83/0.84+0.13 ms cpu, 132->142->112 MB, 122 MB goal, 0 MB stacks, 0 MB globals, 4 P
gc 5512 @98.575s 5%: 0.42+5.2+0.031 ms clock, 1.7+1.6/1.1/0+0.12 ms cpu, 112->122->122 MB, 114 MB goal, 0 MB stacks, 0 MB globals, 4 P
gc 5513 @98.581s 5%: 0.24+1.9+0.052 ms clock, 0.96+1.3/1.4/0+0.21 ms cpu, 122->142->122 MB, 122 MB goal, 0 MB stacks, 0 MB globals, 4 P
gc 5514 @98.584s 5%: 0.67+2.0+0.061 ms clock, 2.7+1.4/1.2/0.093+0.24 ms cpu, 122->142->122 MB, 122 MB goal, 0 MB stacks, 0 MB globals, 4 P
gc 5515 @98.589s 5%: 0.22+1.0+0.003 ms clock, 0.89+0.25/0.83/1.7+0.012 ms cpu, 122->122->102 MB, 130 MB goal, 0 MB stacks, 0 MB globals, 4 P
gc 5516 @98.597s 5%: 0.040+0.93+0.003 ms clock, 0.16+0.73/0.74/1.3+0.013 ms cpu, 102->102->102 MB, 105 MB goal, 0 MB stacks, 0 MB globals, 4 P
gc 5517 @98.598s 5%: 0.14+2.3+0.55 ms clock, 0.59+1.4/1.7/0+2.2 ms cpu, 112->122->122 MB, 102 MB goal, 0 MB stacks, 0 MB globals, 4 P
gc 5518 @98.601s 5%: 0.61+2.4+0.036 ms clock, 2.4+2.2/1.6/0+0.14 ms cpu, 122->132->112 MB, 122 MB goal, 0 MB stacks, 0 MB globals, 4 P
gc 5519 @98.605s 5%: 0.61+1.3+0.052 ms clock, 2.4+1.3/1.2/0+0.20 ms cpu, 122->132->132 MB, 112 MB goal, 0 MB stacks, 0 MB globals, 4 P
gc 5520 @98.607s 5%: 0.36+2.6+0.049 ms clock, 1.4+1.6/1.6/0+0.19 ms cpu, 132->142->132 MB, 155 MB goal, 0 MB stacks, 0 MB globals, 4 P
gc 5521 @98.611s 5%: 0.51+2.2+0.036 ms clock, 2.0+1.3/1.3/0+0.14 ms cpu, 152->162->132 MB, 149 MB goal, 0 MB stacks, 0 MB globals, 4 P
gc 5522 @98.615s 5%: 0.22+2.5+0.024 ms clock, 0.88+0.15/2.2/0.44+0.097 ms cpu, 152->152->132 MB, 168 MB goal, 0 MB stacks, 0 MB globals, 4 P
gc 5523 @98.625s 5%: 0.11+1.0+0.004 ms clock, 0.46+0.95/1.0/0.66+0.018 ms cpu, 162->162->102 MB, 168 MB goal, 0 MB stacks, 0 MB globals, 4 P
gc 5524 @98.641s 5%: 0.11+1.3+0.058 ms clock, 0.45+1.0/1.2/0.40+0.23 ms cpu, 152->162->122 MB, 168 MB goal, 0 MB stacks, 0 MB globals, 4 P
gc 5525 @98.644s 5%: 0.043+0.92+0.003 ms clock, 0.17+0.27/0.84/1.9+0.013 ms cpu, 122->122->102 MB, 130 MB goal, 0 MB stacks, 0 MB globals, 4 P
gc 5526 @98.660s 5%: 0.11+1.1+0.004 ms clock, 0.46+1.2/1.0/1.6+0.016 ms cpu, 102->102->102 MB, 105 MB goal, 0 MB stacks, 0 MB globals, 4 P
gc 5527 @98.662s 5%: 0.18+2.3+0.58 ms clock, 0.73+1.4/1.4/0+2.3 ms cpu, 102->122->122 MB, 102 MB goal, 0 MB stacks, 0 MB globals, 4 P
gc 5528 @98.666s 5%: 0.56+1.8+0.005 ms clock, 2.2+1.6/1.5/0+0.020 ms cpu, 122->122->122 MB, 130 MB goal, 0 MB stacks, 0 MB globals, 4 P
gc 5529 @98.672s 5%: 0.48+1.1+0.026 ms clock, 1.9+0.78/0.80/0.77+0.10 ms cpu, 142->142->112 MB, 122 MB goal, 0 MB stacks, 0 MB globals, 4 P
gc 5530 @98.675s 5%: 0.063+1.4+0.059 ms clock, 0.25+0.11/1.2/2.1+0.23 ms cpu, 132->132->112 MB, 129 MB goal, 0 MB stacks, 0 MB globals, 4 P
gc 5531 @99.171s 5%: 0.073+1.4+0.004 ms clock, 0.29+0/1.3/2.3+0.016 ms cpu, 132->132->102 MB, 129 MB goal, 0 MB stacks, 0 MB globals, 4 P
gc 5532 @99.245s 5%: 0.076+1.1+0.003 ms clock, 0.30+0.96/1.0/1.7+0.014 ms cpu, 102->102->102 MB, 105 MB goal, 0 MB stacks, 0 MB globals, 4 P
gc 5533 @99.250s 5%: 0.40+1.8+0.004 ms clock, 1.6+0.14/1.6/2.9+0.016 ms cpu, 112->112->112 MB, 118 MB goal, 0 MB stacks, 0 MB globals, 4 P
gc 5534 @99.290s 5%: 0.087+1.4+0.005 ms clock, 0.35+0.21/1.3/2.0+0.021 ms cpu, 122->122->102 MB, 114 MB goal, 0 MB stacks, 0 MB globals, 4 P
gc 5535 @99.294s 5%: 0.058+1.4+0.004 ms clock, 0.23+2.2/1.2/0+0.016 ms cpu, 102->102->102 MB, 105 MB goal, 0 MB stacks, 0 MB globals, 4 P
gc 5536 @99.295s 5%: 0.21+2.3+0.044 ms clock, 0.84+1.7/1.7/0+0.17 ms cpu, 112->122->122 MB, 102 MB goal, 0 MB stacks, 0 MB globals, 4 P
gc 5537 @99.306s 5%: 0.070+1.9+0.019 ms clock, 0.28+2.1/1.1/0+0.079 ms cpu, 122->132->122 MB, 129 MB goal, 0 MB stacks, 0 MB globals, 4 P
gc 5538 @99.311s 5%: 0.74+2.3+0.17 ms clock, 2.9+2.0/1.2/0+0.70 ms cpu, 152->152->122 MB, 122 MB goal, 0 MB stacks, 0 MB globals, 4 P
gc 5539 @99.314s 5%: 0.36+1.7+0.062 ms clock, 1.4+0.24/1.3/1.5+0.25 ms cpu, 122->132->112 MB, 143 MB goal, 0 MB stacks, 0 MB globals, 4 P
gc 5540 @99.347s 5%: 0.32+2.0+0.040 ms clock, 1.2+2.1/1.8/0.029+0.16 ms cpu, 152->152->112 MB, 134 MB goal, 0 MB stacks, 0 MB globals, 4 P
gc 5541 @99.352s 5%: 0.073+0.92+0.003 ms clock, 0.29+0.19/0.84/2.2+0.012 ms cpu, 122->122->102 MB, 130 MB goal, 0 MB stacks, 0 MB globals, 4 P
gc 5542 @99.356s 5%: 0.030+0.95+0.003 ms clock, 0.12+0.81/0.88/1.4+0.012 ms cpu, 102->102->102 MB, 105 MB goal, 0 MB stacks, 0 MB globals, 4 P
gc 5543 @99.357s 5%: 0.10+1.6+0.028 ms clock, 0.41+0.10/0.95/1.6+0.11 ms cpu, 112->112->112 MB, 102 MB goal, 0 MB stacks, 0 MB globals, 4 P
gc 5544 @99.361s 5%: 0.033+0.91+0.026 ms clock, 0.13+0.099/0.75/2.0+0.10 ms cpu, 112->112->102 MB, 112 MB goal, 0 MB stacks, 0 MB globals, 4 P
gc 5545 @99.362s 5%: 0.18+1.2+0.043 ms clock, 0.74+0.074/1.0/1.6+0.17 ms cpu, 102->112->112 MB, 118 MB goal, 0 MB stacks, 0 MB globals, 4 P
gc 5546 @99.374s 5%: 0.073+0.89+0.003 ms clock, 0.29+0.25/0.81/2.0+0.013 ms cpu, 122->122->102 MB, 114 MB goal, 0 MB stacks, 0 MB globals, 4 P
gc 5547 @99.387s 5%: 0.056+1.0+0.003 ms clock, 0.22+1.5/0.93/0.67+0.013 ms cpu, 102->102->102 MB, 105 MB goal, 0 MB stacks, 0 MB globals, 4 P
gc 5548 @99.397s 5%: 0.16+1.3+0.030 ms clock, 0.67+1.8/0.94/0+0.12 ms cpu, 122->122->122 MB, 102 MB goal, 0 MB stacks, 0 MB globals, 4 P
gc 5549 @99.399s 5%: 0.59+2.5+0.005 ms clock, 2.3+1.5/1.0/0+0.020 ms cpu, 122->122->112 MB, 130 MB goal, 0 MB stacks, 0 MB globals, 4 P
gc 5550 @99.404s 5%: 0.39+2.3+0.004 ms clock, 1.5+1.7/2.3/0+0.018 ms cpu, 142->142->122 MB, 119 MB goal, 0 MB stacks, 0 MB globals, 4 P
gc 5551 @99.407s 5%: 0.028+1.8+0.023 ms clock, 0.11+1.1/1.0/0.93+0.095 ms cpu, 122->132->112 MB, 129 MB goal, 0 MB stacks, 0 MB globals, 4 P
gc 5552 @99.417s 5%: 0.45+0.93+0.003 ms clock, 1.8+0/0.87/2.1+0.013 ms cpu, 132->132->102 MB, 129 MB goal, 0 MB stacks, 0 MB globals, 4 P
gc 5553 @99.436s 5%: 0.068+1.1+0.005 ms clock, 0.27+0.93/0.99/1.8+0.023 ms cpu, 102->102->102 MB, 105 MB goal, 0 MB stacks, 0 MB globals, 4 P
gc 5554 @99.438s 5%: 0.74+1.7+0.027 ms clock, 2.9+0.067/1.4/2.6+0.11 ms cpu, 112->112->112 MB, 118 MB goal, 0 MB stacks, 0 MB globals, 4 P
gc 5555 @99.442s 5%: 0.10+2.3+0.028 ms clock, 0.42+0.17/1.4/2.7+0.11 ms cpu, 122->122->112 MB, 114 MB goal, 0 MB stacks, 0 MB globals, 4 P
gc 5556 @99.465s 5%: 0.16+1.2+0.004 ms clock, 0.65+1.1/1.2/0.78+0.017 ms cpu, 132->132->112 MB, 112 MB goal, 0 MB stacks, 0 MB globals, 4 P
gc 5557 @99.467s 5%: 0.071+1.7+0.64 ms clock, 0.28+1.8/1.3/0.56+2.5 ms cpu, 112->132->122 MB, 112 MB goal, 0 MB stacks, 0 MB globals, 4 P
gc 5558 @99.471s 5%: 0.60+2.1+0.006 ms clock, 2.4+0.34/1.8/1.3+0.025 ms cpu, 132->132->122 MB, 122 MB goal, 0 MB stacks, 0 MB globals, 4 P
gc 5559 @99.474s 5%: 0.20+2.2+0.061 ms clock, 0.83+0.76/1.1/1.1+0.24 ms cpu, 122->142->122 MB, 143 MB goal, 0 MB stacks, 0 MB globals, 4 P
gc 5560 @99.482s 5%: 0.12+0.92+0.003 ms clock, 0.48+0.50/0.81/1.7+0.013 ms cpu, 142->142->102 MB, 143 MB goal, 0 MB stacks, 0 MB globals, 4 P
gc 5561 @99.485s 5%: 0.036+1.0+0.003 ms clock, 0.14+0.85/0.96/1.5+0.015 ms cpu, 102->102->102 MB, 105 MB goal, 0 MB stacks, 0 MB globals, 4 P
gc 5562 @99.486s 5%: 0.11+1.3+0.069 ms clock, 0.46+0.082/1.0/1.9+0.27 ms cpu, 112->112->112 MB, 102 MB goal, 0 MB stacks, 0 MB globals, 4 P
gc 5563 @99.489s 5%: 0.56+1.3+0.023 ms clock, 2.2+1.6/0.97/0.20+0.095 ms cpu, 112->112->112 MB, 118 MB goal, 0 MB stacks, 0 MB globals, 4 P
gc 5564 @99.494s 5%: 0.22+0.73+0.004 ms clock, 0.91+1.0/0.64/0.68+0.016 ms cpu, 132->132->102 MB, 112 MB goal, 0 MB stacks, 0 MB globals, 4 P
gc 5565 @99.514s 5%: 0.075+1.0+0.69 ms clock, 0.30+0.078/0.89/2.3+2.7 ms cpu, 122->132->112 MB, 104 MB goal, 0 MB stacks, 0 MB globals, 4 P
gc 5566 @99.516s 5%: 0.50+1.5+0.072 ms clock, 2.0+0.19/1.0/1.8+0.29 ms cpu, 112->112->112 MB, 118 MB goal, 0 MB stacks, 0 MB globals, 4 P
gc 5567 @99.523s 5%: 0.076+1.2+0.003 ms clock, 0.30+0.10/1.1/2.7+0.015 ms cpu, 122->122->102 MB, 114 MB goal, 0 MB stacks, 0 MB globals, 4 P
gc 5568 @99.525s 5%: 0.60+2.2+0.032 ms clock, 2.4+0.093/1.6/1.5+0.12 ms cpu, 122->122->122 MB, 130 MB goal, 0 MB stacks, 0 MB globals, 4 P
gc 5569 @99.531s 5%: 0.085+1.7+0.026 ms clock, 0.34+0.98/0.99/0.96+0.10 ms cpu, 132->132->112 MB, 130 MB goal, 0 MB stacks, 0 MB globals, 4 P
gc 5570 @99.537s 5%: 0.095+0.88+0.003 ms clock, 0.38+0.14/0.84/2.2+0.013 ms cpu, 132->132->102 MB, 129 MB goal, 0 MB stacks, 0 MB globals, 4 P
gc 5571 @99.540s 5%: 0.035+1.0+0.003 ms clock, 0.14+1.6/0.86/0.72+0.015 ms cpu, 102->102->102 MB, 105 MB goal, 0 MB stacks, 0 MB globals, 4 P
gc 5572 @99.552s 5%: 0.71+2.7+0.15 ms clock, 2.8+1.9/1.6/0+0.62 ms cpu, 122->132->132 MB, 102 MB goal, 0 MB stacks, 0 MB globals, 4 P
gc 5573 @99.556s 5%: 0.50+2.0+0.037 ms clock, 2.0+2.0/1.1/0.057+0.15 ms cpu, 132->152->122 MB, 134 MB goal, 0 MB stacks, 0 MB globals, 4 P
gc 5574 @99.561s 5%: 0.25+2.5+0.032 ms clock, 1.0+1.3/1.6/0+0.12 ms cpu, 142->152->132 MB, 134 MB goal, 0 MB stacks, 0 MB globals, 4 P
gc 5575 @99.564s 5%: 0.11+2.9+0.51 ms clock, 0.47+1.5/1.2/0+2.0 ms cpu, 142->152->132 MB, 155 MB goal, 0 MB stacks, 0 MB globals, 4 P
gc 5576 @99.570s 5%: 0.30+2.1+0.72 ms clock, 1.2+1.2/1.2/0+2.8 ms cpu, 162->172->132 MB, 139 MB goal, 0 MB stacks, 0 MB globals, 4 P
gc 5577 @99.575s 5%: 0.44+2.7+0.004 ms clock, 1.7+0.83/1.8/0+0.019 ms cpu, 162->162->122 MB, 149 MB goal, 0 MB stacks, 0 MB globals, 4 P
gc 5578 @99.589s 5%: 0.68+1.2+0.004 ms clock, 2.7+1.9/1.2/0.030+0.018 ms cpu, 172->172->102 MB, 139 MB goal, 0 MB stacks, 0 MB globals, 4 P
gc 5579 @99.593s 5%: 0.095+0.99+0.004 ms clock, 0.38+1.5/0.85/0.63+0.016 ms cpu, 122->122->102 MB, 130 MB goal, 0 MB stacks, 0 MB globals, 4 P
gc 5580 @99.604s 5%: 0.11+1.0+0.003 ms clock, 0.46+1.5/0.86/0.70+0.015 ms cpu, 102->102->102 MB, 105 MB goal, 0 MB stacks, 0 MB globals, 4 P
gc 5581 @99.606s 5%: 0.54+2.2+0.12 ms clock, 2.1+1.4/1.5/0+0.49 ms cpu, 112->122->122 MB, 102 MB goal, 0 MB stacks, 0 MB globals, 4 P
gc 5582 @99.609s 5%: 0.59+2.3+0.10 ms clock, 2.3+1.1/1.3/0+0.40 ms cpu, 122->132->122 MB, 129 MB goal, 0 MB stacks, 0 MB globals, 4 P
gc 5583 @99.615s 5%: 0.58+2.7+0.039 ms clock, 2.3+1.4/1.7/0+0.15 ms cpu, 152->152->122 MB, 122 MB goal, 0 MB stacks, 0 MB globals, 4 P
gc 5584 @99.618s 5%: 0.10+1.8+0.66 ms clock, 0.40+2.4/0.98/0+2.6 ms cpu, 122->142->122 MB, 122 MB goal, 0 MB stacks, 0 MB globals, 4 P
gc 5585 @99.621s 5%: 0.61+2.5+0.28 ms clock, 2.4+1.6/1.3/0+1.1 ms cpu, 122->142->142 MB, 122 MB goal, 0 MB stacks, 0 MB globals, 4 P
gc 5586 @99.626s 5%: 0.49+3.5+0.063 ms clock, 1.9+1.7/1.9/0+0.25 ms cpu, 142->152->132 MB, 168 MB goal, 0 MB stacks, 0 MB globals, 4 P
gc 5587 @99.631s 5%: 0.19+2.5+0.15 ms clock, 0.77+1.5/1.2/0+0.61 ms cpu, 162->172->122 MB, 164 MB goal, 0 MB stacks, 0 MB globals, 4 P
gc 5588 @99.638s 5%: 0.71+1.8+0.003 ms clock, 2.8+0/1.6/3.2+0.012 ms cpu, 142->142->112 MB, 155 MB goal, 0 MB stacks, 0 MB globals, 4 P
gc 5589 @99.672s 5%: 0.20+1.6+0.004 ms clock, 0.83+0/1.4/3.1+0.018 ms cpu, 162->162->112 MB, 149 MB goal, 0 MB stacks, 0 MB globals, 4 P
gc 5590 @99.675s 5%: 0.032+1.7+0.010 ms clock, 0.13+3.5/1.7/0.78+0.042 ms cpu, 112->112->102 MB, 118 MB goal, 0 MB stacks, 0 MB globals, 4 P
gc 5591 @99.677s 5%: 0.52+4.2+0.005 ms clock, 2.0+1.6/1.6/0+0.023 ms cpu, 122->122->122 MB, 108 MB goal, 0 MB stacks, 0 MB globals, 4 P
gc 5592 @99.682s 5%: 0.085+2.0+0.025 ms clock, 0.34+2.6/1.4/0.009+0.10 ms cpu, 122->132->112 MB, 129 MB goal, 0 MB stacks, 0 MB globals, 4 P
gc 5593 @99.686s 5%: 0.49+1.7+0.003 ms clock, 1.9+0.20/1.1/2.0+0.014 ms cpu, 132->132->112 MB, 129 MB goal, 0 MB stacks, 0 MB globals, 4 P
gc 5594 @100.172s 5%: 0.073+1.2+0.004 ms clock, 0.29+1.0/1.0/1.9+0.019 ms cpu, 112->112->102 MB, 118 MB goal, 0 MB stacks, 0 MB globals, 4 P
gc 5595 @100.256s 5%: 0.096+1.1+0.004 ms clock, 0.38+0.17/0.93/2.5+0.019 ms cpu, 122->122->102 MB, 114 MB goal, 0 MB stacks, 0 MB globals, 4 P
gc 5596 @100.292s 5%: 0.055+1.1+0.003 ms clock, 0.22+1.0/1.0/1.8+0.014 ms cpu, 102->102->102 MB, 105 MB goal, 0 MB stacks, 0 MB globals, 4 P
gc 5597 @100.294s 5%: 0.15+3.9+0.083 ms clock, 0.63+0.091/1.4/2.6+0.33 ms cpu, 112->112->112 MB, 102 MB goal, 0 MB stacks, 0 MB globals, 4 P
gc 5598 @100.299s 5%: 0.025+1.1+0.005 ms clock, 0.10+0.11/0.93/2.6+0.023 ms cpu, 112->112->102 MB, 118 MB goal, 0 MB stacks, 0 MB globals, 4 P
gc 5599 @100.310s 5%: 0.64+1.9+0.058 ms clock, 2.5+0.19/1.1/2.6+0.23 ms cpu, 122->122->112 MB, 114 MB goal, 0 MB stacks, 0 MB globals, 4 P
gc 5600 @100.316s 5%: 0.13+1.2+0.060 ms clock, 0.52+1.8/1.0/0.008+0.24 ms cpu, 122->122->112 MB, 114 MB goal, 0 MB stacks, 0 MB globals, 4 P
gc 5601 @100.319s 5%: 0.40+5.9+0.008 ms clock, 1.6+1.5/1.5/0+0.032 ms cpu, 132->142->132 MB, 112 MB goal, 0 MB stacks, 0 MB globals, 4 P
gc 5602 @100.326s 5%: 0.43+2.1+0.034 ms clock, 1.7+1.9/1.2/0.12+0.13 ms cpu, 132->142->112 MB, 143 MB goal, 0 MB stacks, 0 MB globals, 4 P
gc 5603 @100.351s 5%: 0.070+1.0+0.024 ms clock, 0.28+0.16/0.91/2.4+0.097 ms cpu, 142->142->102 MB, 143 MB goal, 0 MB stacks, 0 MB globals, 4 P
gc 5604 @100.353s 5%: 0.088+1.2+0.003 ms clock, 0.35+1.1/1.1/1.1+0.012 ms cpu, 112->112->102 MB, 118 MB goal, 0 MB stacks, 0 MB globals, 4 P
gc 5605 @100.365s 5%: 0.39+1.1+0.003 ms clock, 1.5+0.99/1.0/1.6+0.012 ms cpu, 122->122->102 MB, 114 MB goal, 0 MB stacks, 0 MB globals, 4 P
gc 5606 @100.379s 5%: 0.073+1.0+0.003 ms clock, 0.29+0.23/1.0/1.6+0.015 ms cpu, 122->122->102 MB, 114 MB goal, 0 MB stacks, 0 MB globals, 4 P
gc 5607 @100.403s 5%: 0.064+1.0+0.003 ms clock, 0.25+0.83/1.0/1.9+0.013 ms cpu, 102->102->102 MB, 105 MB goal, 0 MB stacks, 0 MB globals, 4 P
gc 5608 @100.404s 5%: 0.18+2.0+0.60 ms clock, 0.75+0.059/1.5/2.4+2.4 ms cpu, 112->112->112 MB, 118 MB goal, 0 MB stacks, 0 MB globals, 4 P
gc 5609 @100.409s 5%: 0.59+1.5+0.050 ms clock, 2.3+2.2/1.3/0.032+0.20 ms cpu, 122->122->112 MB, 114 MB goal, 0 MB stacks, 0 MB globals, 4 P
gc 5610 @100.412s 5%: 0.13+4.3+0.006 ms clock, 0.54+1.0/1.0/0+0.024 ms cpu, 132->142->132 MB, 112 MB goal, 0 MB stacks, 0 MB globals, 4 P
gc 5611 @100.417s 5%: 0.054+1.5+0.086 ms clock, 0.21+1.2/1.3/0+0.34 ms cpu, 132->132->102 MB, 132 MB goal, 0 MB stacks, 0 MB globals, 4 P
gc 5612 @100.419s 5%: 0.17+5.3+0.006 ms clock, 0.70+1.1/1.1/0+0.027 ms cpu, 132->132->132 MB, 105 MB goal, 0 MB stacks, 0 MB globals, 4 P
gc 5613 @100.425s 5%: 0.040+0.88+0.002 ms clock, 0.16+0.61/0.84/1.4+0.011 ms cpu, 132->132->102 MB, 143 MB goal, 0 MB stacks, 0 MB globals, 4 P
gc 5614 @100.468s 5%: 0.067+1.1+0.092 ms clock, 0.26+0.13/0.94/2.3+0.37 ms cpu, 132->132->102 MB, 143 MB goal, 0 MB stacks, 0 MB globals, 4 P
gc 5615 @100.471s 5%: 0.042+1.4+0.004 ms clock, 0.17+0.16/1.3/3.1+0.016 ms cpu, 112->112->102 MB, 118 MB goal, 0 MB stacks, 0 MB globals, 4 P
gc 5616 @100.474s 5%: 0.70+3.4+0.12 ms clock, 2.8+2.2/2.4/0.084+0.51 ms cpu, 132->132->122 MB, 104 MB goal, 0 MB stacks, 0 MB globals, 4 P
gc 5617 @100.479s 5%: 0.17+1.6+0.004 ms clock, 0.71+2.1/1.4/0.12+0.018 ms cpu, 122->122->102 MB, 130 MB goal, 0 MB stacks, 0 MB globals, 4 P
gc 5618 @100.483s 5%: 0.37+1.7+0.024 ms clock, 1.5+2.1/1.2/0+0.097 ms cpu, 122->122->112 MB, 130 MB goal, 0 MB stacks, 0 MB globals, 4 P
gc 5619 @100.487s 5%: 0.080+1.2+0.004 ms clock, 0.32+0.17/1.0/1.6+0.018 ms cpu, 132->132->102 MB, 143 MB goal, 0 MB stacks, 0 MB globals, 4 P
gc 5620 @100.502s 5%: 0.065+0.98+0.003 ms clock, 0.26+0/0.92/2.4+0.014 ms cpu, 142->142->102 MB, 143 MB goal, 0 MB stacks, 0 MB globals, 4 P
gc 5621 @100.515s 5%: 0.16+1.1+0.005 ms clock, 0.65+0.87/1.0/1.7+0.020 ms cpu, 102->102->102 MB, 105 MB goal, 0 MB stacks, 0 MB globals, 4 P
gc 5622 @100.517s 5%: 0.48+2.1+0.60 ms clock, 1.9+0.13/1.0/1.4+2.4 ms cpu, 112->112->112 MB, 118 MB goal, 0 MB stacks, 0 MB globals, 4 P
gc 5623 @100.521s 5%: 0.074+3.9+0.091 ms clock, 0.29+0.14/3.4/1.6+0.36 ms cpu, 122->122->112 MB, 114 MB goal, 0 MB stacks, 0 MB globals, 4 P
gc 5624 @100.526s 5%: 0.11+2.3+0.044 ms clock, 0.47+0.21/1.3/1.7+0.17 ms cpu, 122->122->112 MB, 130 MB goal, 0 MB stacks, 0 MB globals, 4 P
gc 5625 @100.531s 5%: 0.44+1.5+0.027 ms clock, 1.7+0.17/1.0/1.8+0.10 ms cpu, 132->132->112 MB, 129 MB goal, 0 MB stacks, 0 MB globals, 4 P
gc 5626 @100.535s 5%: 0.042+1.7+0.049 ms clock, 0.17+0.16/0.89/2.2+0.19 ms cpu, 112->122->112 MB, 114 MB goal, 0 MB stacks, 0 MB globals, 4 P
gc 5627 @100.538s 5%: 0.66+2.9+0.17 ms clock, 2.6+1.2/2.1/0.20+0.70 ms cpu, 122->132->132 MB, 129 MB goal, 0 MB stacks, 0 MB globals, 4 P
gc 5628 @100.542s 5%: 0.61+1.8+0.046 ms clock, 2.4+0.14/1.3/1.7+0.18 ms cpu, 132->132->112 MB, 132 MB goal, 0 MB stacks, 0 MB globals, 4 P
gc 5629 @100.545s 5%: 0.033+0.96+0.004 ms clock, 0.13+0/0.85/2.2+0.017 ms cpu, 112->112->102 MB, 118 MB goal, 0 MB stacks, 0 MB globals, 4 P
gc 5630 @100.558s 5%: 0.14+1.0+0.005 ms clock, 0.56+2.4/0.93/0+0.020 ms cpu, 102->102->102 MB, 105 MB goal, 0 MB stacks, 0 MB globals, 4 P
gc 5631 @100.560s 5%: 0.18+3.0+0.43 ms clock, 0.72+1.8/1.8/0+1.7 ms cpu, 132->132->132 MB, 102 MB goal, 0 MB stacks, 0 MB globals, 4 P
gc 5632 @100.564s 5%: 0.74+2.0+0.032 ms clock, 2.9+2.5/1.1/0+0.12 ms cpu, 132->132->132 MB, 132 MB goal, 0 MB stacks, 0 MB globals, 4 P
gc 5633 @100.567s 5%: 0.19+5.6+0.007 ms clock, 0.78+6.6/2.2/0.068+0.030 ms cpu, 142->162->132 MB, 132 MB goal, 0 MB stacks, 0 MB globals, 4 P
gc 5634 @100.573s 5%: 0.043+1.3+0.078 ms clock, 0.17+1.7/0.96/0.81+0.31 ms cpu, 132->132->102 MB, 132 MB goal, 0 MB stacks, 0 MB globals, 4 P
gc 5635 @100.575s 5%: 0.39+1.9+0.58 ms clock, 1.5+1.4/1.1/0+2.3 ms cpu, 102->122->122 MB, 102 MB goal, 0 MB stacks, 0 MB globals, 4 P
gc 5636 @100.578s 5%: 0.69+1.7+0.13 ms clock, 2.7+2.0/1.1/0+0.52 ms cpu, 122->122->122 MB, 122 MB goal, 0 MB stacks, 0 MB globals, 4 P
gc 5637 @100.581s 5%: 0.19+3.7+0.081 ms clock, 0.79+2.5/2.7/0+0.32 ms cpu, 122->142->122 MB, 122 MB goal, 0 MB stacks, 0 MB globals, 4 P
gc 5638 @100.586s 5%: 0.65+2.5+0.075 ms clock, 2.6+2.8/2.4/0+0.30 ms cpu, 122->132->112 MB, 122 MB goal, 0 MB stacks, 0 MB globals, 4 P
gc 5639 @100.590s 5%: 0.23+2.3+0.12 ms clock, 0.95+2.6/1.3/0+0.50 ms cpu, 112->142->142 MB, 112 MB goal, 0 MB stacks, 0 MB globals, 4 P
gc 5640 @100.593s 5%: 0.42+3.7+0.048 ms clock, 1.6+2.1/1.8/0+0.19 ms cpu, 142->152->132 MB, 142 MB goal, 0 MB stacks, 0 MB globals, 4 P
gc 5641 @100.597s 5%: 0.65+2.2+0.059 ms clock, 2.6+1.9/2.1/0+0.23 ms cpu, 132->142->122 MB, 132 MB goal, 0 MB stacks, 0 MB globals, 4 P
gc 5642 @100.608s 5%: 0.057+1.0+0.055 ms clock, 0.22+2.1/0.86/0+0.22 ms cpu, 132->132->122 MB, 122 MB goal, 0 MB stacks, 0 MB globals, 4 P
gc 5643 @100.612s 5%: 1.0+2.2+0.060 ms clock, 4.2+1.6/1.4/0+0.24 ms cpu, 142->162->142 MB, 122 MB goal, 0 MB stacks, 0 MB globals, 4 P
gc 5644 @100.616s 5%: 0.58+2.7+0.095 ms clock, 2.3+1.7/1.7/0+0.38 ms cpu, 152->172->152 MB, 164 MB goal, 0 MB stacks, 0 MB globals, 4 P
gc 5645 @100.623s 5%: 0.65+2.2+0.14 ms clock, 2.6+2.1/1.5/0+0.57 ms cpu, 172->182->132 MB, 154 MB goal, 0 MB stacks, 0 MB globals, 4 P
gc 5646 @100.627s 5%: 0.13+2.9+0.23 ms clock, 0.55+2.1/1.9/0+0.92 ms cpu, 162->172->152 MB, 164 MB goal, 0 MB stacks, 0 MB globals, 4 P
gc 5647 @100.632s 5%: 0.12+2.0+0.035 ms clock, 0.50+1.6/1.4/0+0.14 ms cpu, 172->172->132 MB, 164 MB goal, 0 MB stacks, 0 MB globals, 4 P
gc 5648 @100.636s 5%: 0.074+2.3+0.056 ms clock, 0.29+1.1/1.1/1.0+0.22 ms cpu, 162->172->122 MB, 164 MB goal, 0 MB stacks, 0 MB globals, 4 P
gc 5649 @100.646s 5%: 0.15+2.5+0.60 ms clock, 0.63+1.2/1.3/1.4+2.4 ms cpu, 172->192->132 MB, 193 MB goal, 0 MB stacks, 0 MB globals, 4 P
gc 5650 @100.674s 5%: 0.086+1.3+0.005 ms clock, 0.34+0.94/1.0/1.2+0.022 ms cpu, 142->142->112 MB, 143 MB goal, 0 MB stacks, 0 MB globals, 4 P
gc 5651 @100.680s 5%: 0.069+1.1+0.004 ms clock, 0.27+0.24/1.0/2.5+0.018 ms cpu, 122->122->102 MB, 130 MB goal, 0 MB stacks, 0 MB globals, 4 P
gc 5652 @100.683s 5%: 0.063+0.98+0.003 ms clock, 0.25+0.85/0.83/1.5+0.013 ms cpu, 102->102->102 MB, 105 MB goal, 0 MB stacks, 0 MB globals, 4 P
gc 5653 @100.684s 5%: 0.13+2.1+0.040 ms clock, 0.54+1.5/1.5/0+0.16 ms cpu, 122->122->122 MB, 102 MB goal, 0 MB stacks, 0 MB globals, 4 P
gc 5654 @100.687s 5%: 0.72+5.3+0.006 ms clock, 2.9+1.6/1.1/0.10+0.024 ms cpu, 122->132->122 MB, 143 MB goal, 0 MB stacks, 0 MB globals, 4 P
gc 5655 @100.696s 5%: 0.41+2.0+0.029 ms clock, 1.6+0.20/1.3/2.5+0.11 ms cpu, 142->142->112 MB, 143 MB goal, 0 MB stacks, 0 MB globals, 4 P
gc 5656 @101.301s 5%: 0.088+1.1+0.005 ms clock, 0.35+0/1.0/2.7+0.021 ms cpu, 142->142->102 MB, 143 MB goal, 0 MB stacks, 0 MB globals, 4 P
gc 5657 @101.312s 5%: 0.056+1.3+0.004 ms clock, 0.22+1.5/1.2/1.4+0.019 ms cpu, 102->102->102 MB, 105 MB goal, 0 MB stacks, 0 MB globals, 4 P
gc 5658 @101.315s 5%: 0.26+2.9+0.28 ms clock, 1.0+1.8/1.8/0+1.1 ms cpu, 122->122->122 MB, 102 MB goal, 0 MB stacks, 0 MB globals, 4 P
gc 5659 @101.326s 5%: 0.083+1.3+0.003 ms clock, 0.33+1.7/1.1/0.85+0.014 ms cpu, 122->122->102 MB, 130 MB goal, 0 MB stacks, 0 MB globals, 4 P
gc 5660 @101.329s 5%: 0.77+2.0+0.036 ms clock, 3.0+2.1/1.1/0+0.14 ms cpu, 142->142->122 MB, 119 MB goal, 0 MB stacks, 0 MB globals, 4 P
gc 5661 @101.333s 5%: 0.59+1.5+0.056 ms clock, 2.3+1.7/0.96/0+0.22 ms cpu, 142->142->122 MB, 122 MB goal, 0 MB stacks, 0 MB globals, 4 P
gc 5662 @101.336s 5%: 0.60+1.3+0.003 ms clock, 2.4+0.55/1.2/1.5+0.013 ms cpu, 122->122->112 MB, 130 MB goal, 0 MB stacks, 0 MB globals, 4 P
gc 5663 @101.355s 5%: 0.73+1.2+0.004 ms clock, 2.9+1.0/1.0/1.0+0.016 ms cpu, 132->132->102 MB, 129 MB goal, 0 MB stacks, 0 MB globals, 4 P
gc 5664 @101.358s 5%: 0.063+1.4+0.050 ms clock, 0.25+0.039/1.3/1.2+0.20 ms cpu, 122->122->122 MB, 130 MB goal, 0 MB stacks, 0 MB globals, 4 P
gc 5665 @101.369s 5%: 0.048+2.0+0.033 ms clock, 0.19+0.73/1.2/2.6+0.13 ms cpu, 132->142->112 MB, 122 MB goal, 0 MB stacks, 0 MB globals, 4 P
gc 5666 @101.374s 5%: 0.040+1.0+0.004 ms clock, 0.16+0.26/0.94/2.4+0.017 ms cpu, 112->112->102 MB, 118 MB goal, 0 MB stacks, 0 MB globals, 4 P
gc 5667 @101.381s 5%: 0.054+0.99+0.004 ms clock, 0.21+0.85/0.84/1.4+0.016 ms cpu, 102->102->102 MB, 105 MB goal, 0 MB stacks, 0 MB globals, 4 P
gc 5668 @101.382s 5%: 0.083+2.3+0.023 ms clock, 0.33+0.10/1.1/1.8+0.092 ms cpu, 112->112->112 MB, 118 MB goal, 0 MB stacks, 0 MB globals, 4 P
gc 5669 @101.415s 5%: 0.092+1.0+0.005 ms clock, 0.36+0.16/0.98/2.4+0.021 ms cpu, 122->122->102 MB, 114 MB goal, 0 MB stacks, 0 MB globals, 4 P
gc 5670 @101.418s 5%: 0.099+1.3+0.005 ms clock, 0.39+2.9/0.99/0+0.021 ms cpu, 102->102->102 MB, 105 MB goal, 0 MB stacks, 0 MB globals, 4 P
gc 5671 @101.420s 5%: 0.70+2.1+1.7 ms clock, 2.8+1.4/2.0/0+6.9 ms cpu, 132->132->132 MB, 102 MB goal, 0 MB stacks, 0 MB globals, 4 P
gc 5672 @101.425s 5%: 0.36+7.1+0.006 ms clock, 1.4+1.3/1.3/0+0.025 ms cpu, 132->152->152 MB, 134 MB goal, 0 MB stacks, 0 MB globals, 4 P
gc 5673 @101.433s 5%: 0.18+1.5+0.029 ms clock, 0.74+1.8/1.3/0.58+0.11 ms cpu, 152->162->112 MB, 152 MB goal, 0 MB stacks, 0 MB globals, 4 P
gc 5674 @101.437s 5%: 0.10+1.4+0.002 ms clock, 0.42+0.34/1.4/2.4+0.011 ms cpu, 122->122->102 MB, 130 MB goal, 0 MB stacks, 0 MB globals, 4 P
gc 5675 @101.450s 5%: 0.11+1.7+0.038 ms clock, 0.47+1.3/1.4/1.1+0.15 ms cpu, 112->112->112 MB, 102 MB goal, 0 MB stacks, 0 MB globals, 4 P
gc 5676 @101.452s 5%: 0.21+2.3+0.039 ms clock, 0.87+0.16/1.4/1.6+0.15 ms cpu, 112->122->112 MB, 112 MB goal, 0 MB stacks, 0 MB globals, 4 P
gc 5677 @101.457s 5%: 0.067+0.96+0.005 ms clock, 0.26+0.30/0.80/1.9+0.021 ms cpu, 112->112->102 MB, 112 MB goal, 0 MB stacks, 0 MB globals, 4 P
gc 5678 @101.458s 5%: 0.051+1.0+0.003 ms clock, 0.20+0.12/0.90/2.2+0.013 ms cpu, 102->102->102 MB, 105 MB goal, 0 MB stacks, 0 MB globals, 4 P
gc 5679 @101.472s 5%: 0.33+1.1+0.093 ms clock, 1.3+0.86/0.96/0.88+0.37 ms cpu, 112->112->112 MB, 102 MB goal, 0 MB stacks, 0 MB globals, 4 P
gc 5680 @101.474s 5%: 0.23+4.0+0.22 ms clock, 0.95+0.20/1.7/0.81+0.89 ms cpu, 112->132->122 MB, 129 MB goal, 0 MB stacks, 0 MB globals, 4 P
gc 5681 @101.482s 5%: 0.76+1.8+0.034 ms clock, 3.0+1.2/1.7/0+0.13 ms cpu, 142->142->122 MB, 122 MB goal, 0 MB stacks, 0 MB globals, 4 P
gc 5682 @101.485s 5%: 0.80+2.3+0.048 ms clock, 3.2+1.8/0.99/0+0.19 ms cpu, 122->142->132 MB, 122 MB goal, 0 MB stacks, 0 MB globals, 4 P
gc 5683 @101.488s 5%: 0.52+1.9+0.031 ms clock, 2.1+2.4/1.4/0+0.12 ms cpu, 132->132->122 MB, 132 MB goal, 0 MB stacks, 0 MB globals, 4 P
gc 5684 @101.492s 5%: 0.11+5.2+0.005 ms clock, 0.45+1.6/1.6/0+0.022 ms cpu, 142->142->132 MB, 122 MB goal, 0 MB stacks, 0 MB globals, 4 P
gc 5685 @101.498s 5%: 0.053+1.6+0.19 ms clock, 0.21+1.1/0.94/0.93+0.77 ms cpu, 132->152->122 MB, 134 MB goal, 0 MB stacks, 0 MB globals, 4 P
gc 5686 @101.503s 5%: 0.099+1.6+0.052 ms clock, 0.39+0.16/1.5/1.8+0.21 ms cpu, 142->142->112 MB, 143 MB goal, 0 MB stacks, 0 MB globals, 4 P
gc 5687 @101.505s 5%: 0.039+0.88+0.003 ms clock, 0.15+0.27/0.81/1.8+0.012 ms cpu, 112->112->102 MB, 118 MB goal, 0 MB stacks, 0 MB globals, 4 P
gc 5688 @101.523s 5%: 0.17+0.93+0.004 ms clock, 0.69+0.75/0.84/1.5+0.016 ms cpu, 102->102->102 MB, 105 MB goal, 0 MB stacks, 0 MB globals, 4 P
gc 5689 @101.524s 5%: 0.13+1.5+0.61 ms clock, 0.52+0.076/1.1/2.0+2.4 ms cpu, 112->112->112 MB, 102 MB goal, 0 MB stacks, 0 MB globals, 4 P
gc 5690 @101.527s 5%: 0.46+2.0+0.11 ms clock, 1.8+0.93/1.1/0.93+0.47 ms cpu, 112->122->122 MB, 114 MB goal, 0 MB stacks, 0 MB globals, 4 P
gc 5691 @101.530s 5%: 0.35+2.3+0.030 ms clock, 1.4+0.94/0.96/0.95+0.12 ms cpu, 122->132->122 MB, 122 MB goal, 0 MB stacks, 0 MB globals, 4 P
gc 5692 @101.533s 5%: 0.65+5.5+0.006 ms clock, 2.6+1.2/1.3/0.38+0.026 ms cpu, 122->132->122 MB, 129 MB goal, 0 MB stacks, 0 MB globals, 4 P
gc 5693 @101.542s 5%: 0.044+1.7+0.032 ms clock, 0.17+0.89/0.83/1.3+0.12 ms cpu, 132->142->112 MB, 122 MB goal, 0 MB stacks, 0 MB globals, 4 P
gc 5694 @101.547s 5%: 0.56+1.8+0.017 ms clock, 2.2+0.14/1.3/1.8+0.068 ms cpu, 132->132->112 MB, 129 MB goal, 0 MB stacks, 0 MB globals, 4 P
gc 5695 @101.571s 5%: 0.39+2.1+0.029 ms clock, 1.5+0/1.6/2.4+0.11 ms cpu, 132->132->112 MB, 129 MB goal, 0 MB stacks, 0 MB globals, 4 P
gc 5696 @101.575s 5%: 0.10+5.9+0.006 ms clock, 0.40+1.7/1.8/0+0.026 ms cpu, 132->142->132 MB, 119 MB goal, 0 MB stacks, 0 MB globals, 4 P
gc 5697 @101.582s 5%: 0.10+1.4+0.003 ms clock, 0.40+2.2/1.3/0.084+0.013 ms cpu, 132->132->102 MB, 143 MB goal, 0 MB stacks, 0 MB globals, 4 P
gc 5698 @101.589s 5%: 0.24+1.2+0.003 ms clock, 0.96+1.1/1.0/0.26+0.012 ms cpu, 142->142->102 MB, 143 MB goal, 0 MB stacks, 0 MB globals, 4 P
gc 5699 @101.593s 5%: 0.046+0.97+0.003 ms clock, 0.18+0.31/0.93/1.9+0.013 ms cpu, 112->112->102 MB, 118 MB goal, 0 MB stacks, 0 MB globals, 4 P
gc 5700 @101.594s 5%: 0.054+0.70+0.002 ms clock, 0.21+0.63/0.67/1.1+0.010 ms cpu, 102->102->102 MB, 105 MB goal, 0 MB stacks, 0 MB globals, 4 P
gc 5701 @101.596s 5%: 0.47+1.8+0.086 ms clock, 1.8+0.74/1.1/0.95+0.34 ms cpu, 112->112->112 MB, 118 MB goal, 0 MB stacks, 0 MB globals, 4 P
gc 5702 @101.600s 5%: 0.51+3.3+0.005 ms clock, 2.0+2.1/3.3/0+0.021 ms cpu, 132->132->112 MB, 112 MB goal, 0 MB stacks, 0 MB globals, 4 P
gc 5703 @101.604s 5%: 0.048+2.7+0.024 ms clock, 0.19+1.4/1.5/0.31+0.099 ms cpu, 112->122->112 MB, 114 MB goal, 0 MB stacks, 0 MB globals, 4 P
gc 5704 @101.612s 5%: 0.061+0.88+0.004 ms clock, 0.24+0.15/0.84/2.2+0.017 ms cpu, 122->122->102 MB, 114 MB goal, 0 MB stacks, 0 MB globals, 4 P
gc 5705 @101.616s 5%: 0.096+1.0+0.003 ms clock, 0.38+2.3/0.88/0+0.013 ms cpu, 102->102->102 MB, 105 MB goal, 0 MB stacks, 0 MB globals, 4 P
gc 5706 @101.618s 5%: 0.13+2.6+0.061 ms clock, 0.54+2.0/1.8/0+0.24 ms cpu, 132->132->132 MB, 102 MB goal, 0 MB stacks, 0 MB globals, 4 P
gc 5707 @101.621s 5%: 0.49+3.4+0.026 ms clock, 1.9+1.5/3.0/0+0.10 ms cpu, 132->142->132 MB, 132 MB goal, 0 MB stacks, 0 MB globals, 4 P
gc 5708 @101.625s 5%: 0.72+4.5+0.004 ms clock, 2.8+1.6/4.5/0+0.018 ms cpu, 132->152->122 MB, 132 MB goal, 0 MB stacks, 0 MB globals, 4 P
gc 5709 @101.631s 5%: 0.11+1.3+0.49 ms clock, 0.46+3.0/1.0/0+1.9 ms cpu, 122->132->112 MB, 122 MB goal, 0 MB stacks, 0 MB globals, 4 P
gc 5710 @101.633s 5%: 0.77+1.6+0.40 ms clock, 3.1+1.7/0.95/0+1.6 ms cpu, 112->132->132 MB, 112 MB goal, 0 MB stacks, 0 MB globals, 4 P
gc 5711 @101.636s 5%: 0.53+2.6+0.030 ms clock, 2.1+2.0/1.7/0+0.12 ms cpu, 132->142->122 MB, 132 MB goal, 0 MB stacks, 0 MB globals, 4 P
gc 5712 @101.640s 5%: 0.60+2.2+0.044 ms clock, 2.4+2.0/2.1/0+0.17 ms cpu, 122->132->122 MB, 122 MB goal, 0 MB stacks, 0 MB globals, 4 P
gc 5713 @101.643s 5%: 0.40+4.3+0.006 ms clock, 1.6+1.4/1.2/0+0.024 ms cpu, 122->132->122 MB, 122 MB goal, 0 MB stacks, 0 MB globals, 4 P
gc 5714 @101.648s 5%: 0.22+3.1+0.41 ms clock, 0.91+2.0/1.8/0+1.6 ms cpu, 122->152->132 MB, 122 MB goal, 0 MB stacks, 0 MB globals, 4 P
gc 5715 @101.652s 5%: 0.59+3.0+0.058 ms clock, 2.3+3.7/1.4/0+0.23 ms cpu, 132->152->132 MB, 132 MB goal, 0 MB stacks, 0 MB globals, 4 P
gc 5716 @101.656s 5%: 0.60+4.4+0.31 ms clock, 2.4+1.3/3.3/0+1.2 ms cpu, 132->162->142 MB, 132 MB goal, 0 MB stacks, 0 MB globals, 4 P
gc 5717 @101.662s 5%: 0.59+5.4+0.033 ms clock, 2.3+0.14/2.4/0+0.13 ms cpu, 142->162->142 MB, 142 MB goal, 0 MB stacks, 0 MB globals, 4 P
gc 5718 @101.668s 5%: 0.51+1.7+0.026 ms clock, 2.0+1.9/1.0/0+0.10 ms cpu, 142->152->112 MB, 142 MB goal, 0 MB stacks, 0 MB globals, 4 P
gc 5719 @101.671s 5%: 0.56+2.4+0.35 ms clock, 2.2+1.5/1.5/0+1.4 ms cpu, 112->132->132 MB, 112 MB goal, 0 MB stacks, 0 MB globals, 4 P
gc 5720 @101.675s 5%: 0.56+1.8+0.003 ms clock, 2.2+2.0/1.4/0+0.014 ms cpu, 132->132->102 MB, 143 MB goal, 0 MB stacks, 0 MB globals, 4 P
gc 5721 @101.679s 5%: 0.17+3.6+0.025 ms clock, 0.68+0.59/2.5/0.25+0.10 ms cpu, 142->152->122 MB, 135 MB goal, 0 MB stacks, 0 MB globals, 4 P
gc 5722 @101.692s 5%: 0.35+1.9+0.031 ms clock, 1.4+0.86/1.2/1.2+0.12 ms cpu, 152->152->112 MB, 134 MB goal, 0 MB stacks, 0 MB globals, 4 P
gc 5723 @101.702s 5%: 0.069+1.1+0.003 ms clock, 0.27+0/1.0/1.9+0.015 ms cpu, 142->142->102 MB, 143 MB goal, 0 MB stacks, 0 MB globals, 4 P
gc 5724 @102.182s 5%: 0.069+1.3+0.004 ms clock, 0.27+1.1/1.1/1.9+0.016 ms cpu, 102->102->102 MB, 105 MB goal, 0 MB stacks, 0 MB globals, 4 P
gc 5725 @102.185s 5%: 0.60+1.9+0.045 ms clock, 2.4+0.073/1.3/2.3+0.18 ms cpu, 112->112->112 MB, 118 MB goal, 0 MB stacks, 0 MB globals, 4 P
gc 5726 @102.265s 5%: 0.088+1.2+0.005 ms clock, 0.35+0.23/0.95/2.1+0.023 ms cpu, 122->122->102 MB, 114 MB goal, 0 MB stacks, 0 MB globals, 4 P
gc 5727 @102.302s 5%: 0.10+1.5+0.004 ms clock, 0.41+1.2/1.5/2.6+0.019 ms cpu, 102->102->102 MB, 105 MB goal, 0 MB stacks, 0 MB globals, 4 P
gc 5728 @102.304s 5%: 0.14+3.4+0.038 ms clock, 0.58+0.16/1.2/3.2+0.15 ms cpu, 112->112->112 MB, 118 MB goal, 0 MB stacks, 0 MB globals, 4 P
gc 5729 @102.332s 5%: 0.57+1.3+0.007 ms clock, 2.2+1.1/1.1/1.9+0.029 ms cpu, 132->132->102 MB, 112 MB goal, 0 MB stacks, 0 MB globals, 4 P
gc 5730 @102.334s 5%: 0.28+3.0+0.57 ms clock, 1.1+1.7/2.1/0+2.2 ms cpu, 122->132->132 MB, 129 MB goal, 0 MB stacks, 0 MB globals, 4 P
gc 5731 @102.338s 5%: 0.32+4.9+0.009 ms clock, 1.3+2.4/1.3/0+0.038 ms cpu, 132->142->132 MB, 132 MB goal, 0 MB stacks, 0 MB globals, 4 P
gc 5732 @102.344s 5%: 0.37+2.1+0.14 ms clock, 1.5+1.4/1.4/0+0.57 ms cpu, 152->152->122 MB, 132 MB goal, 0 MB stacks, 0 MB globals, 4 P
gc 5733 @102.348s 5%: 0.54+1.3+0.002 ms clock, 2.1+0.14/1.2/1.4+0.011 ms cpu, 122->122->102 MB, 130 MB goal, 0 MB stacks, 0 MB globals, 4 P
gc 5734 @102.360s 5%: 0.086+1.8+0.038 ms clock, 0.34+0.13/0.91/2.5+0.15 ms cpu, 122->142->122 MB, 119 MB goal, 0 MB stacks, 0 MB globals, 4 P
gc 5735 @102.362s 5%: 0.48+2.8+0.054 ms clock, 1.9+0.14/2.0/1.2+0.21 ms cpu, 122->122->122 MB, 130 MB goal, 0 MB stacks, 0 MB globals, 4 P
gc 5736 @102.373s 5%: 0.047+1.2+0.006 ms clock, 0.18+0.15/1.0/2.8+0.025 ms cpu, 132->132->102 MB, 129 MB goal, 0 MB stacks, 0 MB globals, 4 P
gc 5737 @102.377s 5%: 0.086+1.2+0.004 ms clock, 0.34+0.29/1.1/2.5+0.019 ms cpu, 112->112->102 MB, 118 MB goal, 0 MB stacks, 0 MB globals, 4 P
gc 5738 @102.388s 5%: 0.040+0.88+0.003 ms clock, 0.16+0.75/0.77/1.4+0.013 ms cpu, 102->102->102 MB, 105 MB goal, 0 MB stacks, 0 MB globals, 4 P
gc 5739 @102.390s 5%: 0.28+1.5+0.078 ms clock, 1.1+0.083/0.92/1.4+0.31 ms cpu, 112->112->112 MB, 102 MB goal, 0 MB stacks, 0 MB globals, 4 P
gc 5740 @102.393s 5%: 0.60+1.0+0.003 ms clock, 2.4+0.20/1.0/1.3+0.012 ms cpu, 112->112->102 MB, 118 MB goal, 0 MB stacks, 0 MB globals, 4 P
gc 5741 @102.429s 5%: 0.79+2.5+0.059 ms clock, 3.1+2.0/2.0/0+0.23 ms cpu, 132->132->122 MB, 104 MB goal, 0 MB stacks, 0 MB globals, 4 P
gc 5742 @102.433s 5%: 0.80+1.8+0.003 ms clock, 3.2+2.2/1.4/0.041+0.014 ms cpu, 122->122->102 MB, 130 MB goal, 0 MB stacks, 0 MB globals, 4 P
gc 5743 @102.438s 5%: 0.40+5.5+0.006 ms clock, 1.6+6.9/1.9/0.002+0.025 ms cpu, 132->142->122 MB, 119 MB goal, 0 MB stacks, 0 MB globals, 4 P
gc 5744 @102.445s 5%: 0.22+1.6+0.052 ms clock, 0.90+0.14/1.3/1.9+0.21 ms cpu, 122->132->112 MB, 129 MB goal, 0 MB stacks, 0 MB globals, 4 P
gc 5745 @102.463s 5%: 0.10+1.5+0.004 ms clock, 0.42+0/1.0/3.2+0.019 ms cpu, 132->132->102 MB, 129 MB goal, 0 MB stacks, 0 MB globals, 4 P
gc 5746 @102.477s 5%: 0.067+1.2+0.003 ms clock, 0.26+1.1/1.0/1.9+0.013 ms cpu, 102->102->102 MB, 105 MB goal, 0 MB stacks, 0 MB globals, 4 P
gc 5747 @102.478s 5%: 0.12+1.7+0.076 ms clock, 0.48+0.079/1.4/2.7+0.30 ms cpu, 112->112->112 MB, 102 MB goal, 0 MB stacks, 0 MB globals, 4 P
gc 5748 @102.481s 5%: 0.068+2.5+0.033 ms clock, 0.27+1.6/1.7/1.4+0.13 ms cpu, 112->122->122 MB, 114 MB goal, 0 MB stacks, 0 MB globals, 4 P
gc 5749 @102.485s 5%: 0.68+2.4+0.031 ms clock, 2.7+1.3/1.8/0+0.12 ms cpu, 132->132->122 MB, 122 MB goal, 0 MB stacks, 0 MB globals, 4 P
gc 5750 @102.488s 5%: 0.76+2.9+0.065 ms clock, 3.0+1.3/1.5/0.11+0.26 ms cpu, 122->142->132 MB, 143 MB goal, 0 MB stacks, 0 MB globals, 4 P
gc 5751 @102.494s 5%: 0.089+1.2+0.003 ms clock, 0.35+0.21/1.1/2.6+0.015 ms cpu, 142->142->102 MB, 143 MB goal, 0 MB stacks, 0 MB globals, 4 P
gc 5752 @102.498s 5%: 0.10+3.0+0.005 ms clock, 0.40+3.0/2.8/0+0.022 ms cpu, 102->102->102 MB, 105 MB goal, 0 MB stacks, 0 MB globals, 4 P
gc 5753 @102.502s 5%: 0.11+4.1+0.18 ms clock, 0.46+1.3/3.1/0+0.75 ms cpu, 132->132->132 MB, 102 MB goal, 0 MB stacks, 0 MB globals, 4 P
gc 5754 @102.507s 5%: 0.69+5.5+0.007 ms clock, 2.7+1.8/1.6/0+0.029 ms cpu, 132->152->132 MB, 134 MB goal, 0 MB stacks, 0 MB globals, 4 P
gc 5755 @102.515s 5%: 0.057+1.3+0.004 ms clock, 0.22+1.2/1.2/0.98+0.018 ms cpu, 142->142->102 MB, 143 MB goal, 0 MB stacks, 0 MB globals, 4 P
gc 5756 @102.518s 5%: 0.051+1.1+0.003 ms clock, 0.20+0.40/0.98/2.3+0.013 ms cpu, 112->112->102 MB, 118 MB goal, 0 MB stacks, 0 MB globals, 4 P
gc 5757 @102.530s 5%: 0.18+0.93+0.003 ms clock, 0.72+0.80/0.79/1.5+0.013 ms cpu, 102->102->102 MB, 105 MB goal, 0 MB stacks, 0 MB globals, 4 P
gc 5758 @102.532s 5%: 0.14+2.0+0.056 ms clock, 0.57+0.22/1.3/2.2+0.22 ms cpu, 112->112->112 MB, 118 MB goal, 0 MB stacks, 0 MB globals, 4 P
gc 5759 @102.537s 5%: 0.18+2.4+0.007 ms clock, 0.72+1.7/1.7/0+0.029 ms cpu, 122->122->112 MB, 114 MB goal, 0 MB stacks, 0 MB globals, 4 P
gc 5760 @102.541s 5%: 0.66+3.1+0.028 ms clock, 2.6+2.1/2.3/0+0.11 ms cpu, 132->132->122 MB, 112 MB goal, 0 MB stacks, 0 MB globals, 4 P
gc 5761 @102.545s 5%: 0.54+1.9+0.041 ms clock, 2.1+1.0/1.1/1.2+0.16 ms cpu, 122->132->112 MB, 122 MB goal, 0 MB stacks, 0 MB globals, 4 P
gc 5762 @102.548s 5%: 0.10+2.0+0.083 ms clock, 0.40+1.6/1.2/0+0.33 ms cpu, 112->112->112 MB, 118 MB goal, 0 MB stacks, 0 MB globals, 4 P
gc 5763 @102.550s 5%: 0.53+5.9+0.006 ms clock, 2.1+1.5/1.5/0+0.026 ms cpu, 112->132->132 MB, 112 MB goal, 0 MB stacks, 0 MB globals, 4 P
gc 5764 @102.557s 5%: 0.067+2.1+0.030 ms clock, 0.27+1.5/1.3/0.37+0.12 ms cpu, 132->142->112 MB, 143 MB goal, 0 MB stacks, 0 MB globals, 4 P
gc 5765 @102.579s 5%: 0.17+1.5+0.004 ms clock, 0.71+2.0/1.4/0.48+0.018 ms cpu, 142->142->102 MB, 143 MB goal, 0 MB stacks, 0 MB globals, 4 P
gc 5766 @102.582s 5%: 0.10+1.1+0.003 ms clock, 0.42+1.0/1.1/1.3+0.013 ms cpu, 112->112->102 MB, 118 MB goal, 0 MB stacks, 0 MB globals, 4 P
gc 5767 @102.588s 5%: 0.40+1.8+0.050 ms clock, 1.6+2.0/1.7/0+0.20 ms cpu, 132->132->112 MB, 104 MB goal, 0 MB stacks, 0 MB globals, 4 P
gc 5768 @102.591s 5%: 0.038+1.4+0.062 ms clock, 0.15+3.5/1.2/0+0.24 ms cpu, 112->112->102 MB, 118 MB goal, 0 MB stacks, 0 MB globals, 4 P
gc 5769 @102.592s 5%: 0.49+2.2+0.64 ms clock, 1.9+1.6/1.6/0+2.5 ms cpu, 122->122->122 MB, 114 MB goal, 0 MB stacks, 0 MB globals, 4 P
gc 5770 @102.596s 5%: 0.49+1.9+0.028 ms clock, 1.9+0.67/1.0/1.2+0.11 ms cpu, 122->132->112 MB, 129 MB goal, 0 MB stacks, 0 MB globals, 4 P
gc 5771 @102.607s 5%: 0.28+2.8+0.033 ms clock, 1.1+1.8/2.3/0.080+0.13 ms cpu, 142->142->112 MB, 119 MB goal, 0 MB stacks, 0 MB globals, 4 P
gc 5772 @102.611s 5%: 0.060+1.8+0.033 ms clock, 0.24+1.1/1.1/1.1+0.13 ms cpu, 112->112->112 MB, 118 MB goal, 0 MB stacks, 0 MB globals, 4 P
gc 5773 @102.614s 5%: 0.13+1.6+0.027 ms clock, 0.53+0.97/1.4/0.66+0.11 ms cpu, 122->122->112 MB, 130 MB goal, 0 MB stacks, 0 MB globals, 4 P
gc 5774 @102.629s 5%: 0.67+1.2+0.043 ms clock, 2.6+2.1/1.0/0+0.17 ms cpu, 152->152->112 MB, 112 MB goal, 0 MB stacks, 0 MB globals, 4 P
gc 5775 @102.632s 5%: 0.050+3.1+0.10 ms clock, 0.20+2.2/1.6/0+0.40 ms cpu, 112->142->132 MB, 143 MB goal, 0 MB stacks, 0 MB globals, 4 P
gc 5776 @102.639s 5%: 0.29+1.1+0.004 ms clock, 1.1+2.0/1.0/0.017+0.016 ms cpu, 142->142->102 MB, 143 MB goal, 0 MB stacks, 0 MB globals, 4 P
gc 5777 @102.646s 5%: 0.11+1.7+0.066 ms clock, 0.44+1.3/1.3/1.4+0.26 ms cpu, 132->142->122 MB, 143 MB goal, 0 MB stacks, 0 MB globals, 4 P
gc 5778 @102.649s 5%: 0.11+3.1+0.034 ms clock, 0.44+1.5/1.5/0.54+0.13 ms cpu, 122->132->122 MB, 129 MB goal, 0 MB stacks, 0 MB globals, 4 P
gc 5779 @102.658s 5%: 0.69+1.5+0.071 ms clock, 2.7+2.6/1.3/0+0.28 ms cpu, 152->152->112 MB, 122 MB goal, 0 MB stacks, 0 MB globals, 4 P
gc 5780 @102.661s 5%: 0.096+2.2+0.029 ms clock, 0.38+1.8/1.3/0.83+0.11 ms cpu, 112->122->112 MB, 114 MB goal, 0 MB stacks, 0 MB globals, 4 P
gc 5781 @102.666s 5%: 0.48+3.3+0.006 ms clock, 1.9+4.6/0.88/0+0.024 ms cpu, 132->132->112 MB, 112 MB goal, 0 MB stacks, 0 MB globals, 4 P
gc 5782 @102.670s 5%: 0.12+1.6+0.004 ms clock, 0.51+2.2/1.4/0+0.016 ms cpu, 112->112->102 MB, 118 MB goal, 0 MB stacks, 0 MB globals, 4 P
gc 5783 @102.673s 5%: 0.65+3.3+0.041 ms clock, 2.6+0/3.1/0+0.16 ms cpu, 132->142->142 MB, 102 MB goal, 0 MB stacks, 0 MB globals, 4 P
gc 5784 @102.677s 5%: 0.40+2.8+0.067 ms clock, 1.6+2.3/2.1/0.18+0.26 ms cpu, 142->152->122 MB, 142 MB goal, 0 MB stacks, 0 MB globals, 4 P
gc 5785 @102.681s 5%: 0.22+3.5+0.005 ms clock, 0.89+1.2/1.0/0+0.023 ms cpu, 142->142->132 MB, 122 MB goal, 0 MB stacks, 0 MB globals, 4 P
gc 5786 @102.685s 5%: 0.16+1.9+0.035 ms clock, 0.65+3.2/1.3/0+0.14 ms cpu, 132->152->122 MB, 155 MB goal, 0 MB stacks, 0 MB globals, 4 P
gc 5787 @102.690s 5%: 0.16+1.3+0.24 ms clock, 0.66+1.1/1.1/0.86+0.99 ms cpu, 152->152->112 MB, 155 MB goal, 0 MB stacks, 0 MB globals, 4 P
gc 5788 @102.699s 5%: 0.060+0.89+0.003 ms clock, 0.24+0.63/0.86/1.7+0.015 ms cpu, 152->152->102 MB, 155 MB goal, 0 MB stacks, 0 MB globals, 4 P
gc 5789 @102.702s 5%: 0.074+1.1+0.088 ms clock, 0.29+0.30/1.0/2.2+0.35 ms cpu, 112->122->112 MB, 114 MB goal, 0 MB stacks, 0 MB globals, 4 P
gc 5790 @103.193s 5%: 0.087+0.97+0.044 ms clock, 0.34+0/0.82/2.1+0.17 ms cpu, 122->122->102 MB, 114 MB goal, 0 MB stacks, 0 MB globals, 4 P
gc 5791 @103.267s 5%: 0.085+1.1+0.096 ms clock, 0.34+0.26/1.0/2.6+0.38 ms cpu, 102->102->102 MB, 105 MB goal, 0 MB stacks, 0 MB globals, 4 P
gc 5792 @103.269s 5%: 0.60+2.5+0.077 ms clock, 2.4+1.0/1.6/1.9+0.30 ms cpu, 112->112->112 MB, 118 MB goal, 0 MB stacks, 0 MB globals, 4 P
gc 5793 @103.316s 5%: 0.079+1.0+0.005 ms clock, 0.31+0/1.0/2.4+0.023 ms cpu, 122->122->102 MB, 114 MB goal, 0 MB stacks, 0 MB globals, 4 P
gc 5794 @103.335s 5%: 0.11+1.2+0.004 ms clock, 0.47+1.2/1.0/1.7+0.018 ms cpu, 102->102->102 MB, 105 MB goal, 0 MB stacks, 0 MB globals, 4 P
gc 5795 @103.337s 5%: 0.39+2.7+0.52 ms clock, 1.5+2.0/1.7/0+2.0 ms cpu, 112->122->122 MB, 102 MB goal, 0 MB stacks, 0 MB globals, 4 P
gc 5796 @103.341s 5%: 0.55+1.9+0.063 ms clock, 2.2+2.2/1.3/0+0.25 ms cpu, 122->132->122 MB, 122 MB goal, 0 MB stacks, 0 MB globals, 4 P
gc 5797 @103.344s 5%: 0.070+5.5+0.044 ms clock, 0.28+0.15/1.2/1.0+0.17 ms cpu, 132->152->142 MB, 134 MB goal, 0 MB stacks, 0 MB globals, 4 P
gc 5798 @103.350s 5%: 0.51+0.93+0.004 ms clock, 2.0+1.6/0.90/0.29+0.019 ms cpu, 142->142->102 MB, 143 MB goal, 0 MB stacks, 0 MB globals, 4 P
gc 5799 @103.353s 5%: 0.48+1.7+0.59 ms clock, 1.9+1.3/1.3/0.16+2.3 ms cpu, 122->132->132 MB, 129 MB goal, 0 MB stacks, 0 MB globals, 4 P
gc 5800 @103.356s 5%: 0.59+1.9+0.029 ms clock, 2.3+0.13/1.6/1.3+0.11 ms cpu, 132->132->112 MB, 143 MB goal, 0 MB stacks, 0 MB globals, 4 P
gc 5801 @103.368s 5%: 0.54+1.8+0.025 ms clock, 2.1+0/1.3/2.3+0.10 ms cpu, 142->142->112 MB, 143 MB goal, 0 MB stacks, 0 MB globals, 4 P
gc 5802 @103.374s 5%: 0.039+1.1+0.003 ms clock, 0.15+1.0/1.0/1.7+0.015 ms cpu, 112->112->102 MB, 118 MB goal, 0 MB stacks, 0 MB globals, 4 P
gc 5803 @103.380s 5%: 0.67+1.4+0.58 ms clock, 2.7+0.15/1.2/1.3+2.3 ms cpu, 122->122->112 MB, 114 MB goal, 0 MB stacks, 0 MB globals, 4 P
gc 5804 @103.397s 5%: 0.072+0.92+0.003 ms clock, 0.28+0.15/0.86/2.0+0.014 ms cpu, 122->122->102 MB, 114 MB goal, 0 MB stacks, 0 MB globals, 4 P
gc 5805 @103.420s 5%: 0.063+1.1+0.003 ms clock, 0.25+0.92/1.0/1.8+0.015 ms cpu, 102->102->102 MB, 105 MB goal, 0 MB stacks, 0 MB globals, 4 P
gc 5806 @103.421s 5%: 0.12+1.8+0.042 ms clock, 0.50+0.064/1.6/2.3+0.16 ms cpu, 112->112->112 MB, 118 MB goal, 0 MB stacks, 0 MB globals, 4 P
gc 5807 @103.437s 5%: 0.75+1.5+0.026 ms clock, 3.0+1.0/1.0/1.0+0.10 ms cpu, 122->122->112 MB, 114 MB goal, 0 MB stacks, 0 MB globals, 4 P
gc 5808 @103.440s 5%: 0.088+2.0+0.059 ms clock, 0.35+1.5/1.6/0.078+0.23 ms cpu, 122->122->112 MB, 130 MB goal, 0 MB stacks, 0 MB globals, 4 P
gc 5809 @103.443s 5%: 0.61+2.4+0.049 ms clock, 2.4+1.4/1.7/0+0.19 ms cpu, 142->142->132 MB, 119 MB goal, 0 MB stacks, 0 MB globals, 4 P
gc 5810 @103.446s 5%: 0.31+5.3+0.003 ms clock, 1.2+1.3/1.3/0.069+0.013 ms cpu, 132->142->122 MB, 132 MB goal, 0 MB stacks, 0 MB globals, 4 P
gc 5811 @103.454s 5%: 0.030+0.76+0.002 ms clock, 0.12+0/0.67/1.8+0.011 ms cpu, 132->132->102 MB, 129 MB goal, 0 MB stacks, 0 MB globals, 4 P
gc 5812 @103.457s 5%: 0.048+1.0+0.003 ms clock, 0.19+0.77/0.95/1.4+0.012 ms cpu, 102->102->102 MB, 105 MB goal, 0 MB stacks, 0 MB globals, 4 P
gc 5813 @103.458s 5%: 0.085+2.3+0.024 ms clock, 0.34+0.066/1.2/2.3+0.098 ms cpu, 112->112->112 MB, 118 MB goal, 0 MB stacks, 0 MB globals, 4 P
gc 5814 @103.467s 5%: 0.040+0.95+0.002 ms clock, 0.16+0.10/0.84/2.2+0.011 ms cpu, 122->122->102 MB, 114 MB goal, 0 MB stacks, 0 MB globals, 4 P
gc 5815 @103.484s 5%: 0.050+0.94+0.005 ms clock, 0.20+0.77/0.85/1.4+0.020 ms cpu, 102->102->102 MB, 105 MB goal, 0 MB stacks, 0 MB globals, 4 P
gc 5816 @103.486s 5%: 0.66+0.95+0.033 ms clock, 2.6+0.073/0.86/1.4+0.13 ms cpu, 112->112->112 MB, 118 MB goal, 0 MB stacks, 0 MB globals, 4 P
gc 5817 @103.493s 5%: 0.43+1.7+0.008 ms clock, 1.7+2.0/1.6/0.080+0.032 ms cpu, 132->132->112 MB, 112 MB goal, 0 MB stacks, 0 MB globals, 4 P
gc 5818 @103.496s 5%: 0.061+1.2+0.040 ms clock, 0.24+1.4/1.0/0+0.16 ms cpu, 122->122->112 MB, 130 MB goal, 0 MB stacks, 0 MB globals, 4 P
gc 5819 @103.499s 5%: 0.56+1.9+0.044 ms clock, 2.2+1.6/1.5/1.2+0.17 ms cpu, 132->132->112 MB, 129 MB goal, 0 MB stacks, 0 MB globals, 4 P
gc 5820 @103.502s 5%: 0.029+0.86+0.002 ms clock, 0.11+0.096/0.74/1.8+0.011 ms cpu, 112->112->102 MB, 118 MB goal, 0 MB stacks, 0 MB globals, 4 P
gc 5821 @103.509s 5%: 0.048+1.1+0.003 ms clock, 0.19+2.2/0.94/0+0.014 ms cpu, 102->102->102 MB, 105 MB goal, 0 MB stacks, 0 MB globals, 4 P
gc 5822 @103.510s 5%: 0.73+3.1+0.59 ms clock, 2.9+1.5/1.5/0+2.3 ms cpu, 112->132->132 MB, 102 MB goal, 0 MB stacks, 0 MB globals, 4 P
gc 5823 @103.515s 5%: 0.62+3.6+0.61 ms clock, 2.4+1.8/2.6/0+2.4 ms cpu, 132->152->142 MB, 155 MB goal, 0 MB stacks, 0 MB globals, 4 P
gc 5824 @103.522s 5%: 0.046+1.1+0.002 ms clock, 0.18+1.9/1.0/0.75+0.011 ms cpu, 152->152->102 MB, 155 MB goal, 0 MB stacks, 0 MB globals, 4 P
gc 5825 @103.525s 5%: 0.045+1.0+0.003 ms clock, 0.18+0.26/0.95/2.1+0.014 ms cpu, 112->112->102 MB, 118 MB goal, 0 MB stacks, 0 MB globals, 4 P
gc 5826 @103.539s 5%: 0.050+1.1+0.003 ms clock, 0.20+0.16/1.0/1.9+0.013 ms cpu, 112->112->102 MB, 102 MB goal, 0 MB stacks, 0 MB globals, 4 P
gc 5827 @103.541s 5%: 0.019+1.1+0.003 ms clock, 0.079+0.56/0.90/1.6+0.014 ms cpu, 102->102->102 MB, 105 MB goal, 0 MB stacks, 0 MB globals, 4 P
gc 5828 @103.546s 5%: 0.051+1.2+0.003 ms clock, 0.20+0.65/1.0/1.1+0.014 ms cpu, 112->112->102 MB, 102 MB goal, 0 MB stacks, 0 MB globals, 4 P
gc 5829 @103.548s 5%: 0.76+2.4+0.024 ms clock, 3.0+1.6/1.8/0.018+0.097 ms cpu, 122->122->122 MB, 102 MB goal, 0 MB stacks, 0 MB globals, 4 P
gc 5830 @103.552s 5%: 0.038+1.1+0.003 ms clock, 0.15+0.056/1.0/1.8+0.014 ms cpu, 122->122->102 MB, 122 MB goal, 0 MB stacks, 0 MB globals, 4 P
gc 5831 @103.558s 5%: 0.097+1.0+0.033 ms clock, 0.39+1.5/0.99/0.76+0.13 ms cpu, 102->102->102 MB, 105 MB goal, 0 MB stacks, 0 MB globals, 4 P
gc 5832 @103.559s 5%: 0.19+5.0+0.003 ms clock, 0.79+1.7/4.9/0+0.015 ms cpu, 122->132->122 MB, 102 MB goal, 0 MB stacks, 0 MB globals, 4 P
gc 5833 @103.565s 5%: 0.18+1.8+0.024 ms clock, 0.73+1.3/1.1/0.86+0.097 ms cpu, 122->132->112 MB, 129 MB goal, 0 MB stacks, 0 MB globals, 4 P
gc 5834 @103.583s 5%: 0.66+1.2+0.004 ms clock, 2.6+1.3/1.2/0.87+0.017 ms cpu, 142->142->112 MB, 119 MB goal, 0 MB stacks, 0 MB globals, 4 P
gc 5835 @103.587s 5%: 0.092+1.8+0.025 ms clock, 0.37+0.16/1.4/2.4+0.10 ms cpu, 132->132->112 MB, 129 MB goal, 0 MB stacks, 0 MB globals, 4 P
gc 5836 @103.596s 5%: 0.10+1.1+0.003 ms clock, 0.41+0.58/0.93/1.6+0.013 ms cpu, 132->132->102 MB, 143 MB goal, 0 MB stacks, 0 MB globals, 4 P
gc 5837 @103.604s 5%: 0.052+0.86+0.004 ms clock, 0.20+0.11/0.83/1.9+0.019 ms cpu, 132->132->102 MB, 143 MB goal, 0 MB stacks, 0 MB globals, 4 P
gc 5838 @103.608s 5%: 0.034+0.95+0.003 ms clock, 0.13+0.82/0.81/1.4+0.015 ms cpu, 102->102->102 MB, 105 MB goal, 0 MB stacks, 0 MB globals, 4 P
gc 5839 @103.610s 5%: 0.62+1.9+0.024 ms clock, 2.4+0.82/1.1/1.1+0.098 ms cpu, 112->112->112 MB, 118 MB goal, 0 MB stacks, 0 MB globals, 4 P
gc 5840 @103.614s 5%: 0.085+1.7+0.029 ms clock, 0.34+0.62/1.2/1.6+0.11 ms cpu, 122->122->112 MB, 114 MB goal, 0 MB stacks, 0 MB globals, 4 P
gc 5841 @103.617s 5%: 0.084+2.1+0.023 ms clock, 0.33+0.087/1.4/1.5+0.095 ms cpu, 122->122->122 MB, 130 MB goal, 0 MB stacks, 0 MB globals, 4 P
gc 5842 @103.621s 5%: 0.63+2.6+0.21 ms clock, 2.5+1.7/1.5/0+0.84 ms cpu, 142->142->122 MB, 122 MB goal, 0 MB stacks, 0 MB globals, 4 P
gc 5843 @103.631s 5%: 0.070+1.1+0.065 ms clock, 0.28+1.0/1.0/0.99+0.26 ms cpu, 132->132->112 MB, 129 MB goal, 0 MB stacks, 0 MB globals, 4 P
gc 5844 @103.634s 5%: 0.61+2.5+0.030 ms clock, 2.4+0.16/2.0/3.0+0.12 ms cpu, 132->132->112 MB, 129 MB goal, 0 MB stacks, 0 MB globals, 4 P
gc 5845 @103.639s 5%: 0.16+1.8+0.026 ms clock, 0.65+1.4/1.4/1.2+0.10 ms cpu, 132->132->112 MB, 129 MB goal, 0 MB stacks, 0 MB globals, 4 P
gc 5846 @103.643s 5%: 0.042+1.2+0.004 ms clock, 0.17+1.2/1.1/0.33+0.018 ms cpu, 132->132->102 MB, 143 MB goal, 0 MB stacks, 0 MB globals, 4 P
gc 5847 @103.650s 5%: 0.046+1.9+0.027 ms clock, 0.18+0.74/1.1/1.2+0.11 ms cpu, 132->142->112 MB, 143 MB goal, 0 MB stacks, 0 MB globals, 4 P
gc 5848 @103.655s 5%: 0.044+4.1+0.032 ms clock, 0.17+0.62/1.1/5.3+0.13 ms cpu, 112->122->112 MB, 114 MB goal, 0 MB stacks, 0 MB globals, 4 P
gc 5849 @103.663s 5%: 0.39+2.2+0.049 ms clock, 1.5+1.3/1.5/0+0.19 ms cpu, 132->132->122 MB, 112 MB goal, 0 MB stacks, 0 MB globals, 4 P
gc 5850 @103.666s 5%: 0.052+1.9+0.042 ms clock, 0.21+1.0/1.1/0.97+0.17 ms cpu, 122->132->112 MB, 129 MB goal, 0 MB stacks, 0 MB globals, 4 P
gc 5851 @103.671s 5%: 0.11+1.6+0.029 ms clock, 0.47+1.8/1.4/0+0.11 ms cpu, 142->142->122 MB, 119 MB goal, 0 MB stacks, 0 MB globals, 4 P
gc 5852 @103.673s 5%: 0.53+1.5+0.002 ms clock, 2.1+0.55/1.2/1.5+0.011 ms cpu, 122->122->102 MB, 130 MB goal, 0 MB stacks, 0 MB globals, 4 P
gc 5853 @103.680s 5%: 0.13+1.7+0.028 ms clock, 0.53+1.6/1.2/0+0.11 ms cpu, 122->122->122 MB, 130 MB goal, 0 MB stacks, 0 MB globals, 4 P
gc 5854 @103.682s 5%: 0.67+2.1+0.21 ms clock, 2.7+1.7/1.4/0+0.85 ms cpu, 142->142->122 MB, 122 MB goal, 0 MB stacks, 0 MB globals, 4 P
gc 5855 @103.686s 5%: 0.57+2.0+0.051 ms clock, 2.3+2.2/1.7/0.11+0.20 ms cpu, 122->132->122 MB, 129 MB goal, 0 MB stacks, 0 MB globals, 4 P
gc 5856 @103.690s 5%: 0.31+1.4+0.44 ms clock, 1.2+2.3/1.1/0+1.7 ms cpu, 142->142->112 MB, 122 MB goal, 0 MB stacks, 0 MB globals, 4 P
gc 5857 @103.693s 5%: 0.18+2.0+0.55 ms clock, 0.72+1.9/1.1/0+2.2 ms cpu, 132->152->142 MB, 134 MB goal, 0 MB stacks, 0 MB globals, 4 P
gc 5858 @103.699s 5%: 0.11+1.5+0.053 ms clock, 0.47+1.3/1.1/0+0.21 ms cpu, 152->152->142 MB, 142 MB goal, 0 MB stacks, 0 MB globals, 4 P
gc 5859 @103.707s 5%: 0.074+1.4+0.028 ms clock, 0.29+1.6/0.89/0+0.11 ms cpu, 162->162->132 MB, 142 MB goal, 0 MB stacks, 0 MB globals, 4 P
gc 5860 @103.709s 5%: 0.64+1.8+0.004 ms clock, 2.5+2.4/1.1/0+0.018 ms cpu, 132->132->112 MB, 143 MB goal, 0 MB stacks, 0 MB globals, 4 P
gc 5861 @103.712s 5%: 0.58+3.3+0.004 ms clock, 2.3+1.2/3.1/0.46+0.018 ms cpu, 142->142->122 MB, 143 MB goal, 0 MB stacks, 0 MB globals, 4 P
gc 5862 @104.199s 5%: 0.082+1.4+0.004 ms clock, 0.33+0.30/1.3/2.5+0.019 ms cpu, 142->142->102 MB, 143 MB goal, 0 MB stacks, 0 MB globals, 4 P
gc 5863 @104.274s 5%: 0.061+1.1+0.003 ms clock, 0.24+0.98/1.0/1.9+0.015 ms cpu, 102->102->102 MB, 105 MB goal, 0 MB stacks, 0 MB globals, 4 P
gc 5864 @104.275s 5%: 0.18+2.3+0.027 ms clock, 0.74+0.17/1.5/1.3+0.10 ms cpu, 112->112->112 MB, 118 MB goal, 0 MB stacks, 0 MB globals, 4 P
gc 5865 @104.322s 5%: 0.084+1.2+0.004 ms clock, 0.33+1.1/1.1/2.1+0.018 ms cpu, 122->122->102 MB, 114 MB goal, 0 MB stacks, 0 MB globals, 4 P
gc 5866 @104.343s 5%: 0.053+1.2+0.004 ms clock, 0.21+1.8/1.1/0.83+0.018 ms cpu, 102->102->102 MB, 105 MB goal, 0 MB stacks, 0 MB globals, 4 P
gc 5867 @104.345s 5%: 0.16+2.5+0.048 ms clock, 0.67+1.7/1.7/0+0.19 ms cpu, 112->122->122 MB, 102 MB goal, 0 MB stacks, 0 MB globals, 4 P
gc 5868 @104.348s 5%: 0.47+2.9+0.15 ms clock, 1.9+2.3/1.9/0+0.60 ms cpu, 122->142->132 MB, 143 MB goal, 0 MB stacks, 0 MB globals, 4 P
gc 5869 @104.354s 5%: 0.40+1.6+0.004 ms clock, 1.6+1.4/1.2/0+0.018 ms cpu, 142->142->122 MB, 143 MB goal, 0 MB stacks, 0 MB globals, 4 P
gc 5870 @104.356s 5%: 0.11+2.6+0.029 ms clock, 0.47+0.15/1.6/1.6+0.11 ms cpu, 142->152->132 MB, 155 MB goal, 0 MB stacks, 0 MB globals, 4 P
gc 5871 @104.365s 5%: 0.069+1.1+0.003 ms clock, 0.27+0/0.87/2.7+0.015 ms cpu, 152->152->102 MB, 155 MB goal, 0 MB stacks, 0 MB globals, 4 P
gc 5872 @104.370s 5%: 0.036+1.0+0.003 ms clock, 0.14+0.86/0.89/1.6+0.014 ms cpu, 102->102->102 MB, 105 MB goal, 0 MB stacks, 0 MB globals, 4 P
gc 5873 @104.371s 5%: 0.10+2.6+0.028 ms clock, 0.43+0.69/1.1/1.0+0.11 ms cpu, 112->112->112 MB, 118 MB goal, 0 MB stacks, 0 MB globals, 4 P
gc 5874 @104.376s 5%: 0.096+1.6+0.032 ms clock, 0.38+0.16/1.4/2.5+0.13 ms cpu, 122->122->112 MB, 114 MB goal, 0 MB stacks, 0 MB globals, 4 P
gc 5875 @104.384s 5%: 0.062+1.5+0.004 ms clock, 0.24+0/0.90/2.7+0.018 ms cpu, 122->122->102 MB, 114 MB goal, 0 MB stacks, 0 MB globals, 4 P
gc 5876 @104.401s 5%: 0.070+0.93+0.004 ms clock, 0.28+0/0.88/2.2+0.018 ms cpu, 122->122->102 MB, 114 MB goal, 0 MB stacks, 0 MB globals, 4 P
gc 5877 @104.427s 5%: 0.081+1.0+0.004 ms clock, 0.32+0.88/0.92/1.7+0.017 ms cpu, 102->102->102 MB, 105 MB goal, 0 MB stacks, 0 MB globals, 4 P
gc 5878 @104.428s 5%: 0.12+4.8+0.004 ms clock, 0.50+0.30/2.1/1.3+0.017 ms cpu, 112->112->112 MB, 118 MB goal, 0 MB stacks, 0 MB globals, 4 P
gc 5879 @104.445s 5%: 0.090+1.3+0.004 ms clock, 0.36+0.17/1.2/2.1+0.019 ms cpu, 122->122->102 MB, 114 MB goal, 0 MB stacks, 0 MB globals, 4 P
gc 5880 @104.448s 5%: 0.063+1.5+0.004 ms clock, 0.25+3.2/1.0/0+0.018 ms cpu, 102->102->102 MB, 105 MB goal, 0 MB stacks, 0 MB globals, 4 P
gc 5881 @104.450s 5%: 0.19+4.6+0.045 ms clock, 0.78+2.2/2.1/0+0.18 ms cpu, 112->142->142 MB, 102 MB goal, 0 MB stacks, 0 MB globals, 4 P
gc 5882 @104.455s 5%: 0.56+6.4+0.079 ms clock, 2.2+1.0/1.2/0+0.31 ms cpu, 142->152->132 MB, 142 MB goal, 0 MB stacks, 0 MB globals, 4 P
gc 5883 @104.468s 5%: 0.22+1.1+0.004 ms clock, 0.90+2.0/0.95/0+0.017 ms cpu, 132->132->102 MB, 132 MB goal, 0 MB stacks, 0 MB globals, 4 P
gc 5884 @104.472s 5%: 0.53+1.7+0.024 ms clock, 2.1+1.7/1.6/0+0.099 ms cpu, 132->132->122 MB, 102 MB goal, 0 MB stacks, 0 MB globals, 4 P
gc 5885 @104.474s 5%: 0.040+1.2+0.004 ms clock, 0.16+0.38/1.0/1.9+0.016 ms cpu, 122->122->102 MB, 130 MB goal, 0 MB stacks, 0 MB globals, 4 P
gc 5886 @104.499s 5%: 0.60+1.8+0.74 ms clock, 2.4+0/1.3/2.2+2.9 ms cpu, 132->142->122 MB, 119 MB goal, 0 MB stacks, 0 MB globals, 4 P
gc 5887 @104.502s 5%: 0.56+3.4+0.053 ms clock, 2.2+2.3/2.6/0+0.21 ms cpu, 122->142->132 MB, 122 MB goal, 0 MB stacks, 0 MB globals, 4 P
gc 5888 @104.514s 5%: 0.043+1.0+0.003 ms clock, 0.17+0.34/0.99/1.5+0.012 ms cpu, 132->132->102 MB, 132 MB goal, 0 MB stacks, 0 MB globals, 4 P
gc 5889 @104.517s 5%: 0.040+1.7+0.039 ms clock, 0.16+1.0/0.80/1.3+0.15 ms cpu, 102->112->112 MB, 102 MB goal, 0 MB stacks, 0 MB globals, 4 P
gc 5890 @104.519s 5%: 0.66+3.2+0.034 ms clock, 2.6+1.5/1.8/0+0.13 ms cpu, 112->122->122 MB, 130 MB goal, 0 MB stacks, 0 MB globals, 4 P
gc 5891 @104.525s 5%: 0.64+2.8+0.25 ms clock, 2.5+1.7/1.7/0+1.0 ms cpu, 152->152->132 MB, 122 MB goal, 0 MB stacks, 0 MB globals, 4 P
gc 5892 @104.529s 5%: 0.10+1.9+0.028 ms clock, 0.42+1.0/1.1/0.61+0.11 ms cpu, 132->142->112 MB, 143 MB goal, 0 MB stacks, 0 MB globals, 4 P
gc 5893 @104.549s 5%: 0.095+1.2+0.004 ms clock, 0.38+0.18/1.1/1.9+0.018 ms cpu, 142->142->102 MB, 143 MB goal, 0 MB stacks, 0 MB globals, 4 P
gc 5894 @104.566s 5%: 0.21+2.1+0.066 ms clock, 0.84+1.4/2.0/0+0.26 ms cpu, 142->142->122 MB, 143 MB goal, 0 MB stacks, 0 MB globals, 4 P
gc 5895 @104.573s 5%: 0.12+0.96+0.004 ms clock, 0.48+0.12/0.79/2.1+0.017 ms cpu, 142->142->102 MB, 143 MB goal, 0 MB stacks, 0 MB globals, 4 P
gc 5896 @104.578s 5%: 0.044+1.0+0.004 ms clock, 0.17+0.92/0.97/1.7+0.016 ms cpu, 102->102->102 MB, 105 MB goal, 0 MB stacks, 0 MB globals, 4 P
gc 5897 @104.580s 5%: 0.13+2.1+0.042 ms clock, 0.52+0.11/1.0/1.9+0.16 ms cpu, 112->112->112 MB, 118 MB goal, 0 MB stacks, 0 MB globals, 4 P
gc 5898 @104.588s 5%: 0.36+1.2+0.005 ms clock, 1.4+1.7/1.2/0+0.020 ms cpu, 132->132->112 MB, 112 MB goal, 0 MB stacks, 0 MB globals, 4 P
gc 5899 @104.590s 5%: 0.030+1.1+0.002 ms clock, 0.12+2.0/1.0/0.23+0.009 ms cpu, 112->112->102 MB, 118 MB goal, 0 MB stacks, 0 MB globals, 4 P
gc 5900 @104.594s 5%: 0.39+0.85+0.003 ms clock, 1.5+0/0.76/1.7+0.013 ms cpu, 122->122->102 MB, 114 MB goal, 0 MB stacks, 0 MB globals, 4 P
gc 5901 @104.597s 5%: 0.030+0.79+0.004 ms clock, 0.12+1.1/0.72/0.80+0.017 ms cpu, 102->102->102 MB, 105 MB goal, 0 MB stacks, 0 MB globals, 4 P
gc 5902 @104.599s 5%: 0.22+2.3+0.52 ms clock, 0.88+1.5/1.6/0+2.0 ms cpu, 122->122->122 MB, 102 MB goal, 0 MB stacks, 0 MB globals, 4 P
gc 5903 @104.602s 5%: 0.58+1.2+0.004 ms clock, 2.3+1.6/1.1/0+0.018 ms cpu, 122->122->112 MB, 130 MB goal, 0 MB stacks, 0 MB globals, 4 P
gc 5904 @104.606s 5%: 0.37+2.1+0.037 ms clock, 1.4+1.1/1.0/0.76+0.14 ms cpu, 132->142->122 MB, 119 MB goal, 0 MB stacks, 0 MB globals, 4 P
gc 5905 @104.608s 5%: 0.47+2.5+0.077 ms clock, 1.8+0.17/1.6/1.0+0.31 ms cpu, 122->122->112 MB, 130 MB goal, 0 MB stacks, 0 MB globals, 4 P
gc 5906 @104.618s 5%: 0.043+0.91+0.003 ms clock, 0.17+0.55/0.80/1.6+0.013 ms cpu, 122->122->102 MB, 114 MB goal, 0 MB stacks, 0 MB globals, 4 P
gc 5907 @104.627s 5%: 0.39+2.0+0.18 ms clock, 1.5+1.4/1.4/0+0.72 ms cpu, 132->132->122 MB, 104 MB goal, 0 MB stacks, 0 MB globals, 4 P
gc 5908 @104.630s 5%: 0.021+2.0+0.026 ms clock, 0.087+0.90/1.1/0.82+0.10 ms cpu, 122->132->112 MB, 129 MB goal, 0 MB stacks, 0 MB globals, 4 P
gc 5909 @104.637s 5%: 0.40+0.97+0.003 ms clock, 1.6+0/0.83/1.9+0.012 ms cpu, 132->132->102 MB, 129 MB goal, 0 MB stacks, 0 MB globals, 4 P
gc 5910 @104.639s 5%: 0.036+1.0+0.004 ms clock, 0.14+0.87/0.89/1.7+0.017 ms cpu, 102->102->102 MB, 105 MB goal, 0 MB stacks, 0 MB globals, 4 P
gc 5911 @104.640s 5%: 0.13+1.4+0.033 ms clock, 0.52+1.4/0.84/0+0.13 ms cpu, 112->112->112 MB, 102 MB goal, 0 MB stacks, 0 MB globals, 4 P
gc 5912 @104.642s 5%: 0.69+2.1+0.024 ms clock, 2.7+1.4/1.6/0+0.097 ms cpu, 112->122->122 MB, 130 MB goal, 0 MB stacks, 0 MB globals, 4 P
gc 5913 @104.647s 5%: 0.11+3.8+0.033 ms clock, 0.45+2.9/1.5/0+0.13 ms cpu, 152->152->132 MB, 122 MB goal, 0 MB stacks, 0 MB globals, 4 P
gc 5914 @104.651s 5%: 0.065+1.8+0.044 ms clock, 0.26+1.8/1.0/0.022+0.17 ms cpu, 132->142->112 MB, 132 MB goal, 0 MB stacks, 0 MB globals, 4 P
gc 5915 @104.654s 5%: 0.54+2.9+0.034 ms clock, 2.1+0.67/2.2/0.27+0.13 ms cpu, 132->142->132 MB, 119 MB goal, 0 MB stacks, 0 MB globals, 4 P
gc 5916 @104.658s 5%: 0.23+6.1+0.034 ms clock, 0.93+0.29/1.7/1.5+0.13 ms cpu, 132->142->122 MB, 143 MB goal, 0 MB stacks, 0 MB globals, 4 P
gc 5917 @104.669s 5%: 0.11+1.0+0.003 ms clock, 0.46+0.14/1.0/2.3+0.013 ms cpu, 142->142->102 MB, 143 MB goal, 0 MB stacks, 0 MB globals, 4 P
gc 5918 @104.672s 5%: 0.027+1.2+0.003 ms clock, 0.11+0.38/1.1/2.5+0.012 ms cpu, 112->112->102 MB, 102 MB goal, 0 MB stacks, 0 MB globals, 4 P
gc 5919 @104.674s 5%: 0.20+1.0+0.002 ms clock, 0.82+1.7/0.92/0.33+0.011 ms cpu, 102->102->102 MB, 105 MB goal, 0 MB stacks, 0 MB globals, 4 P
gc 5920 @104.677s 5%: 0.28+2.5+0.030 ms clock, 1.1+1.7/1.8/0+0.12 ms cpu, 122->122->122 MB, 102 MB goal, 0 MB stacks, 0 MB globals, 4 P
gc 5921 @104.680s 5%: 0.061+7.1+0.003 ms clock, 0.24+2.0/6.9/0+0.015 ms cpu, 122->122->102 MB, 130 MB goal, 0 MB stacks, 0 MB globals, 4 P
gc 5922 @104.687s 5%: 0.099+1.9+0.082 ms clock, 0.39+1.6/1.7/0+0.33 ms cpu, 132->132->132 MB, 129 MB goal, 0 MB stacks, 0 MB globals, 4 P
gc 5923 @104.691s 5%: 0.60+3.3+0.035 ms clock, 2.4+1.4/2.8/0+0.14 ms cpu, 152->152->132 MB, 132 MB goal, 0 MB stacks, 0 MB globals, 4 P
gc 5924 @104.695s 5%: 0.51+1.5+0.003 ms clock, 2.0+2.3/1.2/0+0.015 ms cpu, 132->132->112 MB, 143 MB goal, 0 MB stacks, 0 MB globals, 4 P
gc 5925 @104.699s 5%: 0.30+2.4+0.066 ms clock, 1.2+0.12/1.5/1.3+0.26 ms cpu, 142->152->132 MB, 134 MB goal, 0 MB stacks, 0 MB globals, 4 P
gc 5926 @104.702s 5%: 0.67+4.8+0.050 ms clock, 2.6+1.8/0.92/0+0.20 ms cpu, 142->152->132 MB, 135 MB goal, 0 MB stacks, 0 MB globals, 4 P
gc 5927 @104.708s 5%: 0.52+2.8+0.048 ms clock, 2.1+0.26/1.9/1.3+0.19 ms cpu, 142->142->122 MB, 143 MB goal, 0 MB stacks, 0 MB globals, 4 P
gc 5928 @104.713s 5%: 0.43+1.6+0.050 ms clock, 1.7+1.2/1.1/0.75+0.20 ms cpu, 142->142->112 MB, 143 MB goal, 0 MB stacks, 0 MB globals, 4 P
gc 5929 @104.719s 5%: 0.62+1.6+0.023 ms clock, 2.4+2.2/1.4/0.031+0.095 ms cpu, 152->152->112 MB, 134 MB goal, 0 MB stacks, 0 MB globals, 4 P
gc 5930 @104.722s 5%: 0.075+1.4+0.050 ms clock, 0.30+0.18/1.2/1.9+0.20 ms cpu, 122->122->112 MB, 130 MB goal, 0 MB stacks, 0 MB globals, 4 P
gc 5931 @105.205s 5%: 0.080+1.2+0.004 ms clock, 0.32+0/1.1/2.6+0.016 ms cpu, 122->122->102 MB, 114 MB goal, 0 MB stacks, 0 MB globals, 4 P
gc 5932 @105.280s 5%: 0.12+1.5+0.006 ms clock, 0.48+1.3/1.3/2.4+0.025 ms cpu, 102->102->102 MB, 105 MB goal, 0 MB stacks, 0 MB globals, 4 P
gc 5933 @105.283s 5%: 0.21+3.2+0.031 ms clock, 0.84+0.14/2.1/2.5+0.12 ms cpu, 112->112->112 MB, 118 MB goal, 0 MB stacks, 0 MB globals, 4 P
gc 5934 @105.329s 5%: 0.081+1.5+0.003 ms clock, 0.32+0.17/1.4/2.5+0.014 ms cpu, 122->122->102 MB, 114 MB goal, 0 MB stacks, 0 MB globals, 4 P
gc 5935 @105.350s 5%: 0.089+1.1+0.005 ms clock, 0.35+1.6/0.97/0.92+0.021 ms cpu, 102->102->102 MB, 105 MB goal, 0 MB stacks, 0 MB globals, 4 P
gc 5936 @105.352s 5%: 0.17+3.1+0.22 ms clock, 0.71+1.9/2.4/0+0.88 ms cpu, 112->122->122 MB, 102 MB goal, 0 MB stacks, 0 MB globals, 4 P
gc 5937 @105.356s 5%: 0.55+2.0+0.068 ms clock, 2.2+1.6/1.0/0+0.27 ms cpu, 122->132->112 MB, 122 MB goal, 0 MB stacks, 0 MB globals, 4 P
gc 5938 @105.359s 5%: 0.54+1.9+0.030 ms clock, 2.1+2.0/1.1/0+0.12 ms cpu, 112->122->122 MB, 130 MB goal, 0 MB stacks, 0 MB globals, 4 P
gc 5939 @105.362s 5%: 0.27+2.9+0.26 ms clock, 1.1+1.8/1.9/0+1.0 ms cpu, 132->142->132 MB, 122 MB goal, 0 MB stacks, 0 MB globals, 4 P
gc 5940 @105.367s 5%: 0.63+1.2+0.004 ms clock, 2.5+1.7/1.0/0+0.017 ms cpu, 132->132->102 MB, 143 MB goal, 0 MB stacks, 0 MB globals, 4 P
gc 5941 @105.369s 5%: 0.62+1.4+0.087 ms clock, 2.5+1.2/1.3/0+0.35 ms cpu, 132->142->142 MB, 143 MB goal, 0 MB stacks, 0 MB globals, 4 P
gc 5942 @105.381s 5%: 0.16+2.0+0.026 ms clock, 0.65+1.2/1.2/1.3+0.10 ms cpu, 152->162->122 MB, 149 MB goal, 0 MB stacks, 0 MB globals, 4 P
gc 5943 @105.404s 5%: 0.074+0.98+0.004 ms clock, 0.29+0/0.90/2.4+0.019 ms cpu, 152->152->102 MB, 155 MB goal, 0 MB stacks, 0 MB globals, 4 P
gc 5944 @105.434s 5%: 0.11+1.3+0.005 ms clock, 0.44+1.2/1.1/1.9+0.022 ms cpu, 102->102->102 MB, 105 MB goal, 0 MB stacks, 0 MB globals, 4 P
gc 5945 @105.436s 5%: 0.14+1.8+0.096 ms clock, 0.56+0.078/1.3/2.6+0.38 ms cpu, 112->112->112 MB, 102 MB goal, 0 MB stacks, 0 MB globals, 4 P
gc 5946 @105.439s 5%: 0.56+1.8+0.027 ms clock, 2.2+0.11/1.3/2.4+0.11 ms cpu, 112->112->112 MB, 118 MB goal, 0 MB stacks, 0 MB globals, 4 P
gc 5947 @105.450s 5%: 0.077+2.2+0.011 ms clock, 0.30+0/0.074/3.9+0.046 ms cpu, 122->122->102 MB, 114 MB goal, 0 MB stacks, 0 MB globals, 4 P
gc 5948 @105.462s 5%: 0.15+1.6+0.030 ms clock, 0.61+1.3/1.1/0.79+0.12 ms cpu, 122->122->112 MB, 114 MB goal, 0 MB stacks, 0 MB globals, 4 P
gc 5949 @105.465s 5%: 0.15+1.4+0.056 ms clock, 0.61+1.6/0.83/0+0.22 ms cpu, 122->132->122 MB, 112 MB goal, 0 MB stacks, 0 MB globals, 4 P
gc 5950 @105.467s 5%: 0.47+2.7+0.10 ms clock, 1.8+0.79/1.9/1.2+0.42 ms cpu, 122->132->122 MB, 129 MB goal, 0 MB stacks, 0 MB globals, 4 P
gc 5951 @105.479s 5%: 0.23+1.5+0.022 ms clock, 0.92+1.9/1.1/0+0.091 ms cpu, 142->152->112 MB, 122 MB goal, 0 MB stacks, 0 MB globals, 4 P
gc 5952 @105.482s 5%: 0.60+2.0+0.030 ms clock, 2.4+0.40/1.5/1.2+0.12 ms cpu, 112->112->112 MB, 112 MB goal, 0 MB stacks, 0 MB globals, 4 P
gc 5953 @105.485s 5%: 0.035+0.93+0.002 ms clock, 0.14+0.11/0.81/1.4+0.011 ms cpu, 112->112->102 MB, 118 MB goal, 0 MB stacks, 0 MB globals, 4 P
gc 5954 @105.493s 5%: 0.032+0.92+0.003 ms clock, 0.12+0.80/0.83/1.4+0.014 ms cpu, 102->102->102 MB, 105 MB goal, 0 MB stacks, 0 MB globals, 4 P
gc 5955 @105.495s 5%: 0.12+1.8+0.62 ms clock, 0.49+0.11/1.1/1.6+2.5 ms cpu, 112->112->112 MB, 118 MB goal, 0 MB stacks, 0 MB globals, 4 P
gc 5956 @105.504s 5%: 0.55+1.0+0.003 ms clock, 2.2+0.98/1.0/0.78+0.014 ms cpu, 122->122->102 MB, 114 MB goal, 0 MB stacks, 0 MB globals, 4 P
gc 5957 @105.518s 5%: 0.49+1.1+0.004 ms clock, 1.9+2.6/1.0/0+0.019 ms cpu, 142->142->102 MB, 102 MB goal, 0 MB stacks, 0 MB globals, 4 P
gc 5958 @105.520s 5%: 0.022+1.2+0.003 ms clock, 0.091+0.27/0.93/1.4+0.015 ms cpu, 102->102->102 MB, 102 MB goal, 0 MB stacks, 0 MB globals, 4 P
gc 5959 @105.525s 5%: 0.052+0.85+0.003 ms clock, 0.20+0.70/0.72/1.3+0.013 ms cpu, 102->102->102 MB, 105 MB goal, 0 MB stacks, 0 MB globals, 4 P
gc 5960 @105.526s 5%: 0.099+1.9+0.032 ms clock, 0.39+0.089/1.2/2.1+0.12 ms cpu, 112->112->112 MB, 118 MB goal, 0 MB stacks, 0 MB globals, 4 P
gc 5961 @105.530s 5%: 0.64+1.7+0.27 ms clock, 2.5+2.0/1.0/0+1.0 ms cpu, 142->142->132 MB, 112 MB goal, 0 MB stacks, 0 MB globals, 4 P
gc 5962 @105.534s 5%: 0.58+3.4+0.085 ms clock, 2.3+1.7/2.1/0+0.34 ms cpu, 132->142->142 MB, 132 MB goal, 0 MB stacks, 0 MB globals, 4 P
gc 5963 @105.538s 5%: 0.13+5.4+0.045 ms clock, 0.53+0.13/3.0/0.49+0.18 ms cpu, 142->162->132 MB, 168 MB goal, 0 MB stacks, 0 MB globals, 4 P
gc 5964 @105.556s 5%: 0.14+1.3+0.053 ms clock, 0.58+1.0/1.1/1.1+0.21 ms cpu, 162->162->112 MB, 168 MB goal, 0 MB stacks, 0 MB globals, 4 P
gc 5965 @105.574s 5%: 0.11+1.5+0.028 ms clock, 0.45+0.18/1.0/2.1+0.11 ms cpu, 162->162->112 MB, 168 MB goal, 0 MB stacks, 0 MB globals, 4 P
gc 5966 @105.585s 5%: 0.045+1.1+0.004 ms clock, 0.18+0.89/0.98/1.8+0.018 ms cpu, 112->112->102 MB, 118 MB goal, 0 MB stacks, 0 MB globals, 4 P
gc 5967 @105.594s 5%: 0.12+1.1+0.004 ms clock, 0.49+1.7/0.99/1.1+0.019 ms cpu, 132->132->102 MB, 104 MB goal, 0 MB stacks, 0 MB globals, 4 P
gc 5968 @105.596s 5%: 0.094+1.8+0.036 ms clock, 0.37+0.072/1.6/1.4+0.14 ms cpu, 122->122->122 MB, 130 MB goal, 0 MB stacks, 0 MB globals, 4 P
gc 5969 @105.607s 5%: 0.56+1.4+0.003 ms clock, 2.2+1.7/1.2/0.15+0.012 ms cpu, 142->142->112 MB, 122 MB goal, 0 MB stacks, 0 MB globals, 4 P
gc 5970 @105.610s 5%: 0.28+3.2+0.023 ms clock, 1.1+0.091/2.1/1.5+0.092 ms cpu, 132->142->132 MB, 143 MB goal, 0 MB stacks, 0 MB globals, 4 P
gc 5971 @105.622s 5%: 0.050+1.1+0.003 ms clock, 0.20+0.37/1.0/1.7+0.014 ms cpu, 142->142->102 MB, 143 MB goal, 0 MB stacks, 0 MB globals, 4 P
gc 5972 @105.624s 5%: 0.050+1.6+0.003 ms clock, 0.20+0.22/1.5/2.3+0.012 ms cpu, 112->112->102 MB, 118 MB goal, 0 MB stacks, 0 MB globals, 4 P
gc 5973 @105.631s 5%: 0.036+0.82+0.003 ms clock, 0.14+1.3/0.78/0.70+0.014 ms cpu, 102->102->102 MB, 105 MB goal, 0 MB stacks, 0 MB globals, 4 P
gc 5974 @105.632s 5%: 0.66+1.5+0.57 ms clock, 2.6+1.3/1.3/0+2.2 ms cpu, 122->122->122 MB, 102 MB goal, 0 MB stacks, 0 MB globals, 4 P
gc 5975 @105.636s 5%: 0.17+2.8+0.030 ms clock, 0.69+2.0/1.7/0+0.12 ms cpu, 122->132->132 MB, 129 MB goal, 0 MB stacks, 0 MB globals, 4 P
gc 5976 @105.639s 5%: 0.68+2.1+0.10 ms clock, 2.7+1.5/1.4/0+0.42 ms cpu, 132->142->122 MB, 132 MB goal, 0 MB stacks, 0 MB globals, 4 P
gc 5977 @105.643s 5%: 0.66+1.9+0.050 ms clock, 2.6+0.23/1.6/1.1+0.20 ms cpu, 122->132->122 MB, 143 MB goal, 0 MB stacks, 0 MB globals, 4 P
gc 5978 @105.652s 5%: 0.39+1.1+0.031 ms clock, 1.5+1.8/0.98/0+0.12 ms cpu, 142->142->122 MB, 143 MB goal, 0 MB stacks, 0 MB globals, 4 P
gc 5979 @105.654s 5%: 0.14+1.5+0.063 ms clock, 0.56+1.1/1.2/0+0.25 ms cpu, 152->152->132 MB, 135 MB goal, 0 MB stacks, 0 MB globals, 4 P
gc 5980 @105.668s 5%: 0.095+0.91+0.005 ms clock, 0.38+1.4/0.78/0.69+0.020 ms cpu, 152->152->122 MB, 135 MB goal, 0 MB stacks, 0 MB globals, 4 P
gc 5981 @105.670s 5%: 0.34+2.0+0.059 ms clock, 1.3+1.7/1.0/0+0.23 ms cpu, 142->152->132 MB, 134 MB goal, 0 MB stacks, 0 MB globals, 4 P
gc 5982 @105.674s 5%: 0.29+1.2+0.051 ms clock, 1.1+1.5/1.1/0+0.20 ms cpu, 152->152->122 MB, 134 MB goal, 0 MB stacks, 0 MB globals, 4 P
gc 5983 @105.682s 5%: 0.047+1.0+0.002 ms clock, 0.18+0.15/0.93/1.4+0.011 ms cpu, 142->142->102 MB, 143 MB goal, 0 MB stacks, 0 MB globals, 4 P
gc 5984 @105.687s 5%: 0.046+0.96+0.003 ms clock, 0.18+0.84/0.89/1.5+0.013 ms cpu, 102->102->102 MB, 105 MB goal, 0 MB stacks, 0 MB globals, 4 P
gc 5985 @105.688s 5%: 0.12+1.6+0.55 ms clock, 0.48+0.072/0.97/1.7+2.2 ms cpu, 112->112->112 MB, 102 MB goal, 0 MB stacks, 0 MB globals, 4 P
gc 5986 @105.692s 5%: 0.15+0.79+0.002 ms clock, 0.60+0.21/0.73/1.5+0.010 ms cpu, 112->112->102 MB, 118 MB goal, 0 MB stacks, 0 MB globals, 4 P
gc 5987 @105.697s 5%: 0.33+1.4+0.052 ms clock, 1.3+2.0/0.99/0+0.20 ms cpu, 122->122->112 MB, 114 MB goal, 0 MB stacks, 0 MB globals, 4 P
gc 5988 @105.700s 5%: 0.61+1.9+0.072 ms clock, 2.4+1.4/1.1/0+0.29 ms cpu, 142->142->132 MB, 112 MB goal, 0 MB stacks, 0 MB globals, 4 P
gc 5989 @105.708s 5%: 0.038+0.98+0.004 ms clock, 0.15+1.2/0.81/0.70+0.019 ms cpu, 132->132->122 MB, 132 MB goal, 0 MB stacks, 0 MB globals, 4 P
gc 5990 @105.709s 5%: 0.15+2.1+0.027 ms clock, 0.61+1.4/1.4/0+0.10 ms cpu, 132->142->122 MB, 122 MB goal, 0 MB stacks, 0 MB globals, 4 P
gc 5991 @105.712s 5%: 0.61+1.0+0.56 ms clock, 2.4+2.0/0.81/0+2.2 ms cpu, 122->122->112 MB, 122 MB goal, 0 MB stacks, 0 MB globals, 4 P
gc 5992 @105.714s 5%: 0.60+1.7+0.047 ms clock, 2.4+1.8/0.86/0+0.19 ms cpu, 142->152->142 MB, 112 MB goal, 0 MB stacks, 0 MB globals, 4 P
gc 5993 @105.717s 5%: 0.53+4.7+0.029 ms clock, 2.1+1.2/1.2/0+0.11 ms cpu, 142->152->142 MB, 142 MB goal, 0 MB stacks, 0 MB globals, 4 P
gc 5994 @105.723s 5%: 0.52+1.7+0.027 ms clock, 2.0+2.0/1.0/0+0.11 ms cpu, 142->152->122 MB, 142 MB goal, 0 MB stacks, 0 MB globals, 4 P
gc 5995 @105.725s 5%: 0.56+2.5+0.54 ms clock, 2.2+1.1/1.1/0+2.1 ms cpu, 122->152->142 MB, 122 MB goal, 0 MB stacks, 0 MB globals, 4 P
gc 5996 @105.730s 5%: 0.22+4.6+0.52 ms clock, 0.88+0.84/2.5/0.052+2.0 ms cpu, 142->172->152 MB, 164 MB goal, 0 MB stacks, 0 MB globals, 4 P
gc 5997 @106.292s 5%: 0.082+0.99+0.004 ms clock, 0.33+0.049/0.93/2.4+0.018 ms cpu, 172->172->102 MB, 164 MB goal, 0 MB stacks, 0 MB globals, 4 P
gc 5998 @106.330s 5%: 0.068+1.5+0.004 ms clock, 0.27+1.2/1.3/1.8+0.019 ms cpu, 102->102->102 MB, 105 MB goal, 0 MB stacks, 0 MB globals, 4 P
gc 5999 @106.332s 5%: 0.16+2.4+0.055 ms clock, 0.64+0/1.5/2.2+0.22 ms cpu, 112->112->112 MB, 118 MB goal, 0 MB stacks, 0 MB globals, 4 P
gc 6000 @106.362s 5%: 0.15+0.83+0.004 ms clock, 0.60+1.3/0.78/0.64+0.018 ms cpu, 132->132->102 MB, 112 MB goal, 0 MB stacks, 0 MB globals, 4 P
gc 6001 @106.367s 5%: 0.051+1.1+0.063 ms clock, 0.20+0.79/0.88/1.8+0.25 ms cpu, 102->102->102 MB, 105 MB goal, 0 MB stacks, 0 MB globals, 4 P
gc 6002 @106.369s 5%: 0.85+2.6+0.47 ms clock, 3.4+2.4/1.7/0+1.9 ms cpu, 132->132->132 MB, 102 MB goal, 0 MB stacks, 0 MB globals, 4 P
gc 6003 @106.374s 5%: 0.46+6.0+0.006 ms clock, 1.8+2.2/2.1/0+0.027 ms cpu, 132->142->112 MB, 155 MB goal, 0 MB stacks, 0 MB globals, 4 P
gc 6004 @106.382s 5%: 0.13+2.1+0.059 ms clock, 0.53+1.0/1.8/0.87+0.23 ms cpu, 152->152->122 MB, 155 MB goal, 0 MB stacks, 0 MB globals, 4 P
gc 6005 @106.386s 5%: 0.097+1.7+0.057 ms clock, 0.39+0.17/1.5/2.1+0.23 ms cpu, 132->142->122 MB, 143 MB goal, 0 MB stacks, 0 MB globals, 4 P
gc 6006 @106.388s 5%: 0.082+1.8+0.003 ms clock, 0.33+1.2/1.2/0+0.014 ms cpu, 122->122->112 MB, 130 MB goal, 0 MB stacks, 0 MB globals, 4 P
gc 6007 @106.392s 5%: 0.48+1.6+0.028 ms clock, 1.9+0.10/1.1/1.7+0.11 ms cpu, 132->132->112 MB, 129 MB goal, 0 MB stacks, 0 MB globals, 4 P
gc 6008 @106.396s 5%: 0.037+0.82+0.002 ms clock, 0.14+0/0.77/1.9+0.011 ms cpu, 112->112->102 MB, 118 MB goal, 0 MB stacks, 0 MB globals, 4 P
gc 6009 @106.406s 5%: 0.12+0.86+0.003 ms clock, 0.48+0.75/0.78/1.5+0.013 ms cpu, 102->102->102 MB, 105 MB goal, 0 MB stacks, 0 MB globals, 4 P
gc 6010 @106.407s 5%: 0.16+1.7+0.042 ms clock, 0.64+0.090/1.1/2.5+0.16 ms cpu, 112->112->112 MB, 118 MB goal, 0 MB stacks, 0 MB globals, 4 P
gc 6011 @106.446s 5%: 0.094+1.1+0.004 ms clock, 0.37+0.24/0.95/2.2+0.018 ms cpu, 122->122->102 MB, 114 MB goal, 0 MB stacks, 0 MB globals, 4 P
gc 6012 @106.454s 5%: 0.071+1.2+0.003 ms clock, 0.28+0.68/1.1/2.2+0.015 ms cpu, 102->102->102 MB, 105 MB goal, 0 MB stacks, 0 MB globals, 4 P
gc 6013 @106.455s 5%: 0.12+1.6+0.025 ms clock, 0.51+0.071/1.1/2.0+0.10 ms cpu, 112->112->112 MB, 118 MB goal, 0 MB stacks, 0 MB globals, 4 P
gc 6014 @106.463s 5%: 0.046+0.99+0.005 ms clock, 0.18+0.13/0.91/2.2+0.022 ms cpu, 122->122->102 MB, 114 MB goal, 0 MB stacks, 0 MB globals, 4 P
gc 6015 @106.468s 5%: 0.042+1.0+0.025 ms clock, 0.17+0.79/0.95/1.6+0.10 ms cpu, 102->102->102 MB, 105 MB goal, 0 MB stacks, 0 MB globals, 4 P
gc 6016 @106.470s 5%: 0.25+3.1+0.57 ms clock, 1.0+2.1/2.9/0+2.3 ms cpu, 112->122->122 MB, 102 MB goal, 0 MB stacks, 0 MB globals, 4 P
gc 6017 @106.474s 5%: 0.23+1.0+0.003 ms clock, 0.94+1.7/0.95/0.16+0.012 ms cpu, 122->122->102 MB, 122 MB goal, 0 MB stacks, 0 MB globals, 4 P
gc 6018 @106.477s 5%: 0.46+1.5+0.025 ms clock, 1.8+0.97/0.97/0.95+0.10 ms cpu, 122->122->112 MB, 102 MB goal, 0 MB stacks, 0 MB globals, 4 P
gc 6019 @106.480s 5%: 0.12+2.1+0.026 ms clock, 0.49+1.6/1.3/0.68+0.10 ms cpu, 112->122->112 MB, 114 MB goal, 0 MB stacks, 0 MB globals, 4 P
gc 6020 @106.485s 5%: 0.63+3.2+0.004 ms clock, 2.5+1.0/1.4/0.11+0.018 ms cpu, 122->122->112 MB, 114 MB goal, 0 MB stacks, 0 MB globals, 4 P
gc 6021 @106.489s 5%: 0.11+1.6+0.029 ms clock, 0.46+0.15/0.93/1.4+0.11 ms cpu, 122->122->112 MB, 130 MB goal, 0 MB stacks, 0 MB globals, 4 P
gc 6022 @106.507s 5%: 0.068+1.1+0.030 ms clock, 0.27+0.14/0.97/2.6+0.12 ms cpu, 132->132->102 MB, 129 MB goal, 0 MB stacks, 0 MB globals, 4 P
gc 6023 @106.511s 5%: 0.10+1.9+0.004 ms clock, 0.41+0/0.69/2.9+0.016 ms cpu, 112->112->102 MB, 118 MB goal, 0 MB stacks, 0 MB globals, 4 P
gc 6024 @106.520s 5%: 0.064+1.1+0.004 ms clock, 0.25+1.7/0.84/0.70+0.017 ms cpu, 102->102->102 MB, 105 MB goal, 0 MB stacks, 0 MB globals, 4 P
gc 6025 @106.522s 5%: 0.20+2.3+0.16 ms clock, 0.82+1.5/1.5/0+0.67 ms cpu, 112->132->132 MB, 102 MB goal, 0 MB stacks, 0 MB globals, 4 P
gc 6026 @106.525s 5%: 0.65+2.6+0.003 ms clock, 2.6+0.19/2.0/1.9+0.014 ms cpu, 132->132->122 MB, 143 MB goal, 0 MB stacks, 0 MB globals, 4 P
gc 6027 @106.539s 5%: 0.42+1.9+0.037 ms clock, 1.6+1.4/1.5/0.68+0.15 ms cpu, 142->142->112 MB, 143 MB goal, 0 MB stacks, 0 MB globals, 4 P
gc 6028 @106.544s 5%: 0.057+1.9+0.046 ms clock, 0.22+1.5/1.0/0.39+0.18 ms cpu, 142->162->122 MB, 149 MB goal, 0 MB stacks, 0 MB globals, 4 P
gc 6029 @106.560s 5%: 0.10+1.5+0.024 ms clock, 0.43+0/1.1/2.0+0.099 ms cpu, 162->162->112 MB, 149 MB goal, 0 MB stacks, 0 MB globals, 4 P
gc 6030 @106.563s 5%: 0.043+1.0+0.002 ms clock, 0.17+0.31/0.93/2.2+0.011 ms cpu, 112->112->102 MB, 118 MB goal, 0 MB stacks, 0 MB globals, 4 P
gc 6031 @106.573s 5%: 0.079+1.1+0.003 ms clock, 0.31+1.7/0.83/0.69+0.015 ms cpu, 102->102->102 MB, 105 MB goal, 0 MB stacks, 0 MB globals, 4 P
gc 6032 @106.575s 5%: 0.17+3.2+0.63 ms clock, 0.68+1.6/2.2/0+2.5 ms cpu, 112->132->132 MB, 102 MB goal, 0 MB stacks, 0 MB globals, 4 P
gc 6033 @106.579s 5%: 0.52+2.3+0.029 ms clock, 2.0+0.99/1.5/0.68+0.11 ms cpu, 132->142->132 MB, 143 MB goal, 0 MB stacks, 0 MB globals, 4 P
gc 6034 @106.592s 5%: 0.061+0.79+0.003 ms clock, 0.24+0.075/0.76/2.0+0.013 ms cpu, 142->142->102 MB, 143 MB goal, 0 MB stacks, 0 MB globals, 4 P
gc 6035 @106.595s 5%: 0.040+1.7+0.035 ms clock, 0.16+1.0/1.1/1.8+0.14 ms cpu, 102->112->112 MB, 102 MB goal, 0 MB stacks, 0 MB globals, 4 P
gc 6036 @106.598s 5%: 0.54+2.1+0.089 ms clock, 2.1+1.4/1.6/0+0.35 ms cpu, 122->122->122 MB, 112 MB goal, 0 MB stacks, 0 MB globals, 4 P
gc 6037 @106.601s 5%: 0.59+3.2+0.17 ms clock, 2.3+1.3/1.3/0+0.70 ms cpu, 132->132->122 MB, 122 MB goal, 0 MB stacks, 0 MB globals, 4 P
gc 6038 @106.606s 5%: 0.21+1.4+0.060 ms clock, 0.85+0/1.2/2.1+0.24 ms cpu, 122->132->112 MB, 122 MB goal, 0 MB stacks, 0 MB globals, 4 P
gc 6039 @106.608s 5%: 0.042+1.1+0.002 ms clock, 0.17+0.31/1.0/1.2+0.010 ms cpu, 112->112->102 MB, 118 MB goal, 0 MB stacks, 0 MB globals, 4 P
gc 6040 @106.611s 5%: 0.56+2.8+0.004 ms clock, 2.2+0.025/1.0/2.5+0.018 ms cpu, 122->122->112 MB, 114 MB goal, 0 MB stacks, 0 MB globals, 4 P
gc 6041 @106.615s 5%: 0.42+2.8+0.39 ms clock, 1.6+1.1/1.5/0+1.5 ms cpu, 122->132->122 MB, 129 MB goal, 0 MB stacks, 0 MB globals, 4 P
gc 6042 @106.622s 5%: 0.096+2.5+0.032 ms clock, 0.38+1.1/1.6/1.6+0.12 ms cpu, 132->142->112 MB, 122 MB goal, 0 MB stacks, 0 MB globals, 4 P
gc 6043 @106.625s 5%: 0.62+1.7+0.035 ms clock, 2.5+1.0/1.1/1.0+0.14 ms cpu, 112->112->112 MB, 118 MB goal, 0 MB stacks, 0 MB globals, 4 P
gc 6044 @106.628s 5%: 0.10+1.6+0.49 ms clock, 0.43+0.17/0.87/1.3+1.9 ms cpu, 122->122->112 MB, 130 MB goal, 0 MB stacks, 0 MB globals, 4 P
gc 6045 @106.644s 5%: 0.48+2.2+0.032 ms clock, 1.9+1.9/1.5/0.65+0.12 ms cpu, 132->132->112 MB, 129 MB goal, 0 MB stacks, 0 MB globals, 4 P
gc 6046 @106.648s 5%: 0.78+4.7+0.005 ms clock, 3.1+3.2/4.7/0+0.022 ms cpu, 132->142->122 MB, 120 MB goal, 0 MB stacks, 0 MB globals, 4 P
gc 6047 @106.654s 5%: 0.029+2.2+0.023 ms clock, 0.11+2.0/0.79/0.073+0.095 ms cpu, 122->132->112 MB, 129 MB goal, 0 MB stacks, 0 MB globals, 4 P
gc 6048 @106.658s 5%: 0.28+2.4+0.71 ms clock, 1.1+0/2.2/2.7+2.8 ms cpu, 132->132->112 MB, 130 MB goal, 0 MB stacks, 0 MB globals, 4 P
gc 6049 @106.671s 5%: 0.11+1.0+0.027 ms clock, 0.47+2.2/0.92/0+0.11 ms cpu, 112->112->102 MB, 118 MB goal, 0 MB stacks, 0 MB globals, 4 P
gc 6050 @106.675s 5%: 0.71+1.7+0.004 ms clock, 2.8+1.6/0.89/0+0.019 ms cpu, 142->142->132 MB, 102 MB goal, 0 MB stacks, 0 MB globals, 4 P
gc 6051 @106.678s 5%: 0.12+2.7+0.032 ms clock, 0.51+2.7/1.6/0+0.13 ms cpu, 132->142->112 MB, 143 MB goal, 0 MB stacks, 0 MB globals, 4 P
gc 6052 @106.683s 5%: 0.63+2.2+0.60 ms clock, 2.5+1.5/1.6/0+2.4 ms cpu, 152->162->152 MB, 125 MB goal, 0 MB stacks, 0 MB globals, 4 P
gc 6053 @106.687s 5%: 0.61+2.3+0.046 ms clock, 2.4+1.9/1.7/0.33+0.18 ms cpu, 152->162->112 MB, 152 MB goal, 0 MB stacks, 0 MB globals, 4 P
gc 6054 @106.704s 5%: 0.052+1.0+0.003 ms clock, 0.21+0.85/0.94/1.7+0.012 ms cpu, 142->142->102 MB, 143 MB goal, 0 MB stacks, 0 MB globals, 4 P
gc 6055 @106.709s 5%: 0.061+1.2+0.003 ms clock, 0.24+2.1/1.1/0.93+0.015 ms cpu, 102->102->102 MB, 105 MB goal, 0 MB stacks, 0 MB globals, 4 P
gc 6056 @106.711s 5%: 0.14+2.7+0.27 ms clock, 0.57+2.0/1.8/0+1.0 ms cpu, 122->122->122 MB, 102 MB goal, 0 MB stacks, 0 MB globals, 4 P
gc 6057 @106.715s 5%: 0.44+1.0+0.025 ms clock, 1.7+2.0/0.92/0+0.10 ms cpu, 122->122->102 MB, 122 MB goal, 0 MB stacks, 0 MB globals, 4 P
gc 6058 @106.717s 5%: 0.13+2.7+0.034 ms clock, 0.54+1.0/1.1/0+0.13 ms cpu, 102->132->132 MB, 102 MB goal, 0 MB stacks, 0 MB globals, 4 P
gc 6059 @106.727s 5%: 0.039+1.7+0.025 ms clock, 0.15+2.0/0.97/0+0.10 ms cpu, 132->142->122 MB, 143 MB goal, 0 MB stacks, 0 MB globals, 4 P
gc 6060 @106.730s 5%: 0.088+2.7+0.54 ms clock, 0.35+1.9/1.8/0+2.1 ms cpu, 152->152->142 MB, 134 MB goal, 0 MB stacks, 0 MB globals, 4 P
gc 6061 @106.733s 5%: 0.53+2.1+0.041 ms clock, 2.1+1.8/1.3/0+0.16 ms cpu, 142->162->132 MB, 142 MB goal, 0 MB stacks, 0 MB globals, 4 P
gc 6062 @106.737s 5%: 0.37+3.3+0.029 ms clock, 1.5+0.82/2.5/0+0.11 ms cpu, 142->152->132 MB, 135 MB goal, 0 MB stacks, 0 MB globals, 4 P
gc 6063 @106.741s 5%: 0.60+2.5+0.31 ms clock, 2.4+1.4/1.4/0+1.2 ms cpu, 142->152->132 MB, 135 MB goal, 0 MB stacks, 0 MB globals, 4 P
gc 6064 @106.745s 5%: 0.34+2.4+0.022 ms clock, 1.3+1.5/1.7/0.12+0.090 ms cpu, 142->152->122 MB, 155 MB goal, 0 MB stacks, 0 MB globals, 4 P
gc 6065 @107.340s 5%: 0.16+1.2+0.004 ms clock, 0.64+0.054/1.1/2.0+0.017 ms cpu, 152->152->102 MB, 155 MB goal, 0 MB stacks, 0 MB globals, 4 P
gc 6066 @107.364s 5%: 0.060+1.4+0.004 ms clock, 0.24+2.2/1.2/0.95+0.018 ms cpu, 102->102->102 MB, 105 MB goal, 0 MB stacks, 0 MB globals, 4 P
gc 6067 @107.366s 5%: 0.13+2.8+0.34 ms clock, 0.52+1.5/1.5/0+1.3 ms cpu, 122->122->122 MB, 102 MB goal, 0 MB stacks, 0 MB globals, 4 P
gc 6068 @107.370s 5%: 0.67+1.6+0.004 ms clock, 2.6+0.18/1.4/1.7+0.017 ms cpu, 122->122->112 MB, 130 MB goal, 0 MB stacks, 0 MB globals, 4 P
gc 6069 @107.376s 5%: 0.10+2.9+0.036 ms clock, 0.43+1.7/1.8/0.32+0.14 ms cpu, 132->142->122 MB, 119 MB goal, 0 MB stacks, 0 MB globals, 4 P
gc 6070 @107.380s 5%: 0.68+3.5+0.031 ms clock, 2.7+1.3/1.9/0.59+0.12 ms cpu, 122->132->122 MB, 129 MB goal, 0 MB stacks, 0 MB globals, 4 P
gc 6071 @107.385s 5%: 0.58+2.7+0.040 ms clock, 2.3+1.6/2.0/0+0.16 ms cpu, 142->142->122 MB, 122 MB goal, 0 MB stacks, 0 MB globals, 4 P
gc 6072 @107.389s 5%: 0.065+2.8+0.10 ms clock, 0.26+2.5/1.4/0.040+0.41 ms cpu, 122->142->132 MB, 143 MB goal, 0 MB stacks, 0 MB globals, 4 P
gc 6073 @107.400s 5%: 0.051+1.1+0.004 ms clock, 0.20+1.9/0.98/0+0.016 ms cpu, 142->142->102 MB, 143 MB goal, 0 MB stacks, 0 MB globals, 4 P
gc 6074 @107.401s 5%: 0.075+2.4+0.003 ms clock, 0.30+0.048/2.2/1.3+0.012 ms cpu, 132->132->132 MB, 143 MB goal, 0 MB stacks, 0 MB globals, 4 P
gc 6075 @107.416s 5%: 0.11+1.1+0.005 ms clock, 0.44+0.17/1.0/2.6+0.021 ms cpu, 142->142->102 MB, 143 MB goal, 0 MB stacks, 0 MB globals, 4 P
gc 6076 @107.448s 5%: 0.11+2.0+0.028 ms clock, 0.47+0.82/0.86/2.6+0.11 ms cpu, 102->102->102 MB, 105 MB goal, 0 MB stacks, 0 MB globals, 4 P
gc 6077 @107.451s 5%: 0.15+2.4+0.027 ms clock, 0.61+0.16/1.4/1.9+0.10 ms cpu, 112->112->112 MB, 118 MB goal, 0 MB stacks, 0 MB globals, 4 P
gc 6078 @107.464s 5%: 0.073+1.1+0.003 ms clock, 0.29+0.059/0.93/2.3+0.012 ms cpu, 122->122->102 MB, 114 MB goal, 0 MB stacks, 0 MB globals, 4 P
gc 6079 @107.476s 5%: 0.12+1.7+0.024 ms clock, 0.50+1.0/1.0/1.0+0.096 ms cpu, 122->122->112 MB, 114 MB goal, 0 MB stacks, 0 MB globals, 4 P
gc 6080 @107.479s 5%: 0.14+1.6+0.068 ms clock, 0.59+0.12/1.2/2.3+0.27 ms cpu, 122->122->112 MB, 130 MB goal, 0 MB stacks, 0 MB globals, 4 P
gc 6081 @107.482s 5%: 0.37+2.7+0.026 ms clock, 1.5+0.17/2.1/1.4+0.10 ms cpu, 132->132->122 MB, 129 MB goal, 0 MB stacks, 0 MB globals, 4 P
gc 6082 @107.488s 5%: 0.047+1.0+0.63 ms clock, 0.18+0.24/0.84/1.6+2.5 ms cpu, 132->142->112 MB, 122 MB goal, 0 MB stacks, 0 MB globals, 4 P
gc 6083 @107.493s 5%: 0.060+1.1+0.004 ms clock, 0.24+0.67/0.99/1.9+0.017 ms cpu, 112->112->102 MB, 118 MB goal, 0 MB stacks, 0 MB globals, 4 P
gc 6084 @107.509s 5%: 0.054+1.3+0.004 ms clock, 0.21+0.75/1.2/2.1+0.019 ms cpu, 122->122->102 MB, 114 MB goal, 0 MB stacks, 0 MB globals, 4 P
gc 6085 @107.515s 5%: 0.067+1.0+0.003 ms clock, 0.27+0.16/0.91/2.4+0.013 ms cpu, 122->122->102 MB, 114 MB goal, 0 MB stacks, 0 MB globals, 4 P
gc 6086 @107.527s 5%: 0.049+1.8+0.027 ms clock, 0.19+1.1/1.1/2.0+0.10 ms cpu, 102->112->112 MB, 102 MB goal, 0 MB stacks, 0 MB globals, 4 P
gc 6087 @107.529s 5%: 0.87+4.3+0.030 ms clock, 3.4+2.9/3.2/0.30+0.12 ms cpu, 112->122->122 MB, 130 MB goal, 0 MB stacks, 0 MB globals, 4 P
gc 6088 @107.535s 5%: 0.69+1.6+0.039 ms clock, 2.7+0/1.2/2.1+0.15 ms cpu, 132->132->112 MB, 129 MB goal, 0 MB stacks, 0 MB globals, 4 P
gc 6089 @107.539s 5%: 0.033+1.0+0.003 ms clock, 0.13+0.22/1.0/2.4+0.012 ms cpu, 112->112->102 MB, 118 MB goal, 0 MB stacks, 0 MB globals, 4 P
gc 6090 @107.544s 5%: 0.57+2.2+0.030 ms clock, 2.2+1.9/1.6/0+0.12 ms cpu, 122->122->112 MB, 114 MB goal, 0 MB stacks, 0 MB globals, 4 P
gc 6091 @107.548s 5%: 0.15+1.9+0.36 ms clock, 0.62+2.3/1.2/0+1.4 ms cpu, 132->142->132 MB, 112 MB goal, 0 MB stacks, 0 MB globals, 4 P
gc 6092 @107.551s 5%: 0.63+3.5+0.055 ms clock, 2.5+0.46/2.7/0+0.22 ms cpu, 132->142->142 MB, 132 MB goal, 0 MB stacks, 0 MB globals, 4 P
gc 6093 @107.555s 5%: 0.21+5.1+0.030 ms clock, 0.84+1.4/1.4/0+0.12 ms cpu, 142->162->122 MB, 168 MB goal, 0 MB stacks, 0 MB globals, 4 P
gc 6094 @107.581s 5%: 0.13+1.7+0.033 ms clock, 0.55+2.2/1.5/0.78+0.13 ms cpu, 162->162->112 MB, 168 MB goal, 0 MB stacks, 0 MB globals, 4 P
gc 6095 @107.585s 5%: 0.14+2.4+0.027 ms clock, 0.59+1.5/1.8/1.6+0.11 ms cpu, 132->142->112 MB, 143 MB goal, 0 MB stacks, 0 MB globals, 4 P
gc 6096 @107.591s 5%: 0.055+1.2+0.002 ms clock, 0.22+0.33/1.1/2.5+0.011 ms cpu, 112->112->102 MB, 118 MB goal, 0 MB stacks, 0 MB globals, 4 P
gc 6097 @107.594s 5%: 0.033+1.0+0.003 ms clock, 0.13+0.82/0.93/0.99+0.012 ms cpu, 102->102->102 MB, 105 MB goal, 0 MB stacks, 0 MB globals, 4 P
gc 6098 @107.596s 5%: 0.10+3.8+0.029 ms clock, 0.40+0.070/0.90/1.7+0.11 ms cpu, 112->112->112 MB, 118 MB goal, 0 MB stacks, 0 MB globals, 4 P
gc 6099 @107.609s 5%: 0.31+1.3+0.043 ms clock, 1.2+2.2/1.1/0.10+0.17 ms cpu, 142->142->112 MB, 112 MB goal, 0 MB stacks, 0 MB globals, 4 P
gc 6100 @107.611s 5%: 0.050+1.6+0.005 ms clock, 0.20+1.7/1.3/0.44+0.022 ms cpu, 112->112->102 MB, 118 MB goal, 0 MB stacks, 0 MB globals, 4 P
gc 6101 @107.621s 5%: 0.047+1.1+0.003 ms clock, 0.19+1.7/1.0/0.38+0.013 ms cpu, 122->122->102 MB, 114 MB goal, 0 MB stacks, 0 MB globals, 4 P
gc 6102 @107.623s 5%: 0.089+3.2+0.006 ms clock, 0.35+2.0/2.9/0+0.026 ms cpu, 122->122->112 MB, 114 MB goal, 0 MB stacks, 0 MB globals, 4 P
gc 6103 @107.628s 5%: 0.44+1.6+0.18 ms clock, 1.7+0.81/1.2/1.2+0.72 ms cpu, 132->132->112 MB, 112 MB goal, 0 MB stacks, 0 MB globals, 4 P
gc 6104 @107.631s 5%: 0.019+1.2+0.003 ms clock, 0.079+1.4/0.99/0.76+0.012 ms cpu, 112->112->102 MB, 118 MB goal, 0 MB stacks, 0 MB globals, 4 P
gc 6105 @107.635s 5%: 0.51+1.1+0.002 ms clock, 2.0+0.097/1.0/1.8+0.011 ms cpu, 122->122->112 MB, 114 MB goal, 0 MB stacks, 0 MB globals, 4 P
gc 6106 @107.647s 5%: 0.077+0.81+0.003 ms clock, 0.31+0.12/0.75/1.8+0.014 ms cpu, 122->122->102 MB, 114 MB goal, 0 MB stacks, 0 MB globals, 4 P
gc 6107 @107.655s 5%: 0.049+0.96+0.026 ms clock, 0.19+2.1/0.77/0+0.10 ms cpu, 102->102->102 MB, 105 MB goal, 0 MB stacks, 0 MB globals, 4 P
gc 6108 @107.656s 5%: 0.19+6.1+0.046 ms clock, 0.77+1.3/1.3/0+0.18 ms cpu, 112->132->132 MB, 102 MB goal, 0 MB stacks, 0 MB globals, 4 P
gc 6109 @107.663s 5%: 0.098+1.4+0.024 ms clock, 0.39+1.7/1.2/0+0.097 ms cpu, 142->142->112 MB, 132 MB goal, 0 MB stacks, 0 MB globals, 4 P
gc 6110 @107.665s 5%: 0.37+1.4+0.53 ms clock, 1.5+1.2/1.2/0+2.1 ms cpu, 132->132->132 MB, 112 MB goal, 0 MB stacks, 0 MB globals, 4 P
gc 6111 @107.668s 5%: 0.10+1.2+0.002 ms clock, 0.43+0.89/0.95/0.69+0.010 ms cpu, 132->132->102 MB, 143 MB goal, 0 MB stacks, 0 MB globals, 4 P
gc 6112 @107.681s 5%: 0.71+2.4+0.40 ms clock, 2.8+1.6/1.6/0+1.6 ms cpu, 152->152->122 MB, 134 MB goal, 0 MB stacks, 0 MB globals, 4 P
gc 6113 @107.687s 5%: 0.13+1.1+0.003 ms clock, 0.53+0.63/1.0/1.7+0.015 ms cpu, 142->142->102 MB, 143 MB goal, 0 MB stacks, 0 MB globals, 4 P
gc 6114 @107.689s 5%: 0.081+2.0+0.033 ms clock, 0.32+2.5/1.3/0+0.13 ms cpu, 112->122->112 MB, 114 MB goal, 0 MB stacks, 0 MB globals, 4 P
gc 6115 @107.692s 5%: 0.17+3.4+0.47 ms clock, 0.69+1.6/2.7/0+1.8 ms cpu, 122->132->132 MB, 112 MB goal, 0 MB stacks, 0 MB globals, 4 P
gc 6116 @107.697s 5%: 0.047+1.8+0.031 ms clock, 0.19+1.4/1.1/0.32+0.12 ms cpu, 132->142->112 MB, 143 MB goal, 0 MB stacks, 0 MB globals, 4 P
gc 6117 @107.707s 5%: 0.065+1.0+0.003 ms clock, 0.26+0.15/0.81/2.1+0.015 ms cpu, 142->142->102 MB, 143 MB goal, 0 MB stacks, 0 MB globals, 4 P
gc 6118 @107.730s 5%: 0.059+1.0+0.004 ms clock, 0.23+0/0.96/2.4+0.018 ms cpu, 142->142->102 MB, 143 MB goal, 0 MB stacks, 0 MB globals, 4 P
gc 6119 @107.733s 5%: 0.051+1.2+0.003 ms clock, 0.20+0.31/0.98/2.5+0.015 ms cpu, 112->112->102 MB, 118 MB goal, 0 MB stacks, 0 MB globals, 4 P
gc 6120 @107.735s 5%: 0.036+1.0+0.003 ms clock, 0.14+2.4/0.92/0+0.012 ms cpu, 102->102->102 MB, 105 MB goal, 0 MB stacks, 0 MB globals, 4 P
gc 6121 @107.737s 5%: 0.18+3.1+0.36 ms clock, 0.72+1.8/1.7/0+1.4 ms cpu, 112->132->132 MB, 102 MB goal, 0 MB stacks, 0 MB globals, 4 P
gc 6122 @107.742s 5%: 0.39+1.2+0.044 ms clock, 1.5+2.0/1.1/0+0.17 ms cpu, 132->132->102 MB, 132 MB goal, 0 MB stacks, 0 MB globals, 4 P
gc 6123 @107.744s 5%: 0.23+2.0+0.34 ms clock, 0.94+1.5/1.6/0+1.3 ms cpu, 102->132->132 MB, 102 MB goal, 0 MB stacks, 0 MB globals, 4 P
gc 6124 @107.747s 5%: 0.12+2.9+0.64 ms clock, 0.50+1.3/2.2/0.032+2.5 ms cpu, 142->152->132 MB, 155 MB goal, 0 MB stacks, 0 MB globals, 4 P
gc 6125 @107.752s 5%: 0.15+1.8+0.046 ms clock, 0.62+1.3/1.6/0.61+0.18 ms cpu, 152->162->122 MB, 149 MB goal, 0 MB stacks, 0 MB globals, 4 P
